num     #instances         #bytes  class name (module)
-------------------------------------------------------
   1:        261490       31162008  [B (java.base@15.0.1)
   2:        467619       14963808  java.util.HashMap$Node (java.base@15.0.1)
   3:         17995        9298128  [I (java.base@15.0.1)
   4:         13270        8096024  [C (java.base@15.0.1)
   5:        242861        5828664  java.lang.String (java.base@15.0.1)
   6:         40922        5218608  [Ljava.util.HashMap$Node; (java.base@15.0.1)
   7:        109116        3491712  java.util.concurrent.ConcurrentHashMap$Node (java.base@15.0.1)
   8:         28928        3395784  java.lang.Class (java.base@15.0.1)
   9:         44092        2905688  [Ljava.lang.Object; (java.base@15.0.1)
  10:         58311        2798928  java.util.HashMap (java.base@15.0.1)
  11:         58531        1872992  java.util.concurrent.atomic.LongAdder (java.base@15.0.1)
  12:         34681        1109792  java.util.Collections$UnmodifiableMap (java.base@15.0.1)
  13:         12500        1100000  java.lang.reflect.Method (java.base@15.0.1)
  14:         61634         986144  java.lang.Object (java.base@15.0.1)
  15:          1720         959968  [Ljava.util.concurrent.ConcurrentHashMap$Node; (java.base@15.0.1)
  16:         38062         913488  org.elasticsearch.common.util.concurrent.ReleasableLock
  17:         18999         911952  java.util.concurrent.locks.ReentrantReadWriteLock$NonfairSync (java.base@15.0.1)
  18:         17799         854352  java.lang.invoke.MemberName (java.base@15.0.1)
  19:         17366         694640  java.util.LinkedHashMap$Entry (java.base@15.0.1)
  20:         29512         690112  [Ljava.lang.Class; (java.base@15.0.1)
  21:         18944         606208  org.elasticsearch.common.cache.Cache$CacheSegment
  22:          8075         581400  java.lang.reflect.Constructor (java.base@15.0.1)
  23:          8850         566400  java.lang.Class$ReflectionData (java.base@15.0.1)
  24:         10527         505296  org.apache.lucene.document.FieldType
  25:          1833         486528  [Z (java.base@15.0.1)
  26:         11759         470360  java.lang.invoke.MethodType (java.base@15.0.1)
  27:         19533         468792  java.util.ArrayList (java.base@15.0.1)
  28:         18994         455856  java.util.concurrent.locks.ReentrantReadWriteLock (java.base@15.0.1)
  29:          7106         454784  org.elasticsearch.index.mapper.ParametrizedFieldMapper$Parameter
  30:          9474         454752  org.elasticsearch.painless.lookup.PainlessClass
  31:         18944         454656  org.elasticsearch.common.cache.Cache$CacheSegment$SegmentStats
  32:          9921         396840  java.lang.ref.SoftReference (java.base@15.0.1)
  33:         11760         376320  java.lang.invoke.MethodType$ConcurrentWeakInternSet$WeakEntry (java.base@15.0.1)
  34:          6638         371728  com.carrotsearch.hppc.ObjectObjectHashMap
  35:         12800         307200  java.lang.invoke.ResolvedMethodName (java.base@15.0.1)
  36:         19012         304192  java.util.concurrent.locks.ReentrantReadWriteLock$ReadLock (java.base@15.0.1)
  37:         19012         304192  java.util.concurrent.locks.ReentrantReadWriteLock$Sync$ThreadLocalHoldCounter (java.base@15.0.1)
  38:         19012         304192  java.util.concurrent.locks.ReentrantReadWriteLock$WriteLock (java.base@15.0.1)
  39:          9054         289728  org.antlr.v4.runtime.atn.ATNConfig
  40:          6663         266520  java.util.TreeMap$Entry (java.base@15.0.1)
  41:          4042         258688  org.elasticsearch.index.mapper.KeywordFieldMapper
  42:         10658         255792  java.util.LinkedList$Node (java.base@15.0.1)
  43:          3427         246744  java.lang.reflect.Field (java.base@15.0.1)
  44:            37         234072  [S (java.base@15.0.1)
  45:          3517         225088  java.util.concurrent.ConcurrentHashMap (java.base@15.0.1)
  46:          6483         216680  [Ljava.lang.String; (java.base@15.0.1)
  47:          6266         200512  java.lang.invoke.DirectMethodHandle (java.base@15.0.1)
  48:          4042         194016  org.elasticsearch.index.mapper.KeywordFieldMapper$KeywordFieldType
  49:          3358         188048  java.util.LinkedHashMap (java.base@15.0.1)
  50:          6982         168304  [Ljava.lang.reflect.Constructor; (java.base@15.0.1)
  51:          6730         161520  java.util.Collections$UnmodifiableRandomAccessList (java.base@15.0.1)
  52:          6705         160920  jdk.internal.reflect.NativeConstructorAccessorImpl (java.base@15.0.1)
  53:          4958         158656  java.lang.invoke.BoundMethodHandle$Species_L (java.base@15.0.1)
  54:          3840         153600  java.lang.invoke.DirectMethodHandle$Constructor (java.base@15.0.1)
  55:          1716         151008  java.util.regex.Pattern (java.base@15.0.1)
  56:          5965         143160  java.util.Arrays$ArrayList (java.base@15.0.1)
  57:          4463         142816  org.elasticsearch.index.mapper.TextSearchInfo
  58:           690         122840  [Ljava.nio.ByteBuffer; (java.base@15.0.1)
  59:           343         119808  [[C (java.base@15.0.1)
  60:          1463         119408  [Ljava.util.WeakHashMap$Entry; (java.base@15.0.1)
  61:          2224         119096  [Ljava.lang.reflect.Method; (java.base@15.0.1)
  62:          2930         117200  org.elasticsearch.painless.spi.WhitelistMethod
  63:          4859         116616  java.util.regex.Pattern$Slice (java.base@15.0.1)
  64:          2915         116600  org.elasticsearch.painless.lookup.PainlessMethod
  65:          4568         109632  java.util.regex.Pattern$GroupTail (java.base@15.0.1)
  66:          4562         109488  java.util.regex.Pattern$GroupHead (java.base@15.0.1)
  67:           271         109352  [Lorg.antlr.v4.runtime.dfa.DFAState;
  68:          6778         108448  jdk.internal.reflect.DelegatingConstructorAccessorImpl (java.base@15.0.1)
  69:          6688         107008  org.elasticsearch.index.mapper.ParametrizedFieldMapper$Parameter$$Lambda$5367/0x0000000801b251a0
  70:          3181         101792  org.elasticsearch.common.collect.CopyOnWriteHashMap$InnerNode
  71:          6194          99104  org.elasticsearch.common.collect.ImmutableOpenMap
  72:          1454          98176  [Ljava.lang.ref.SoftReference; (java.base@15.0.1)
  73:          6049          96784  org.elasticsearch.index.mapper.FieldMapper$MultiFields
  74:          2915          93280  org.tartarus.snowball.Among
  75:          3864          92736  org.apache.lucene.util.BytesRef
  76:           601          91352  sun.security.ssl.SSLSessionImpl (java.base@15.0.1)
  77:          3609          86616  org.elasticsearch.common.inject.Key
  78:          2698          86336  com.amazonaws.partitions.model.Endpoint
  79:          1423          86000  [J (java.base@15.0.1)
  80:          3425          82200  java.util.regex.Pattern$BmpCharProperty (java.base@15.0.1)
  81:          2502          80064  java.lang.invoke.LambdaForm$Name (java.base@15.0.1)
  82:          1235          79040  java.net.URL (java.base@15.0.1)
  83:          2415          77280  org.elasticsearch.common.inject.spi.Dependency
  84:            74          76960  [Lorg.elasticsearch.common.cache.Cache$CacheSegment;
  85:          3196          76704  org.elasticsearch.common.Explicit
  86:          1561          74928  org.elasticsearch.index.mapper.ObjectMapper
  87:          2977          71448  org.elasticsearch.common.inject.TypeLiteral
  88:          1453          69744  java.util.WeakHashMap (java.base@15.0.1)
  89:          1871          59872  java.util.LinkedList (java.base@15.0.1)
  90:          1216          58368  org.elasticsearch.common.inject.internal.InstanceBindingImpl
  91:          1458          58320  org.apache.logging.log4j.core.Logger$PrivateConfig
  92:          1794          57408  sun.security.util.ObjectIdentifier (java.base@15.0.1)
  93:          1707          54624  java.util.regex.Pattern$Branch (java.base@15.0.1)
  94:          2269          54456  java.util.regex.Pattern$BmpCharPropertyGreedy (java.base@15.0.1)
  95:          1629          52128  sun.nio.fs.UnixPath (java.base@15.0.1)
  96:          1621          51872  org.elasticsearch.common.collect.CopyOnWriteHashMap
  97:          1620          51840  java.util.RegularEnumSet (java.base@15.0.1)
  98:          1707          51232  [Ljava.util.regex.Pattern$Node; (java.base@15.0.1)
  99:          1247          49880  java.io.FilePermission (java.base@15.0.1)
 100:          2043          49032  org.elasticsearch.common.inject.SingleParameterInjector
 101:          1510          48320  java.lang.ref.ReferenceQueue (java.base@15.0.1)
 102:          2994          47904  java.util.regex.Pattern$$Lambda$16/0x0000000800b50be8 (java.base@15.0.1)
 103:            41          46992  [D (java.base@15.0.1)
 104:          1955          46920  org.apache.logging.log4j.message.DefaultFlowMessageFactory
 105:          1458          46656  org.apache.logging.log4j.core.Logger
 106:          1152          46080  java.lang.Package$VersionInfo (java.base@15.0.1)
 107:          1126          45040  java.security.CodeSource (java.base@15.0.1)
 108:          1405          44960  org.elasticsearch.common.ParseField
 109:          1103          44120  org.elasticsearch.ingest.useragent.UserAgentParser$UserAgentSubpattern
 110:          1371          43872  java.util.concurrent.locks.ReentrantLock$NonfairSync (java.base@15.0.1)
 111:          1368          43776  java.lang.Package (java.base@15.0.1)
 112:          1367          43744  org.antlr.v4.runtime.atn.SingletonPredictionContext
 113:          1646          43016  [Ljava.lang.reflect.Field; (java.base@15.0.1)
 114:            78          41184  io.netty.util.internal.shaded.org.jctools.queues.atomic.MpscAtomicArrayQueue
 115:          1713          41112  java.util.jar.Attributes$Name (java.base@15.0.1)
 116:          1713          41112  sun.reflect.generics.tree.SimpleClassTypeSignature (java.base@15.0.1)
 117:          2508          40128  org.elasticsearch.index.mapper.ParametrizedFieldMapper$Parameter$$Lambda$5362/0x0000000801b242e0
 118:           418          40128  org.elasticsearch.index.mapper.TextFieldMapper$Builder
 119:           826          39648  jdk.internal.ref.CleanerImpl$PhantomCleanableRef (java.base@15.0.1)
 120:          1222          39104  org.elasticsearch.common.xcontent.ObjectParser$FieldParser
 121:           808          39008  [Ljava.lang.invoke.LambdaForm$Name; (java.base@15.0.1)
 122:           803          38544  java.lang.invoke.LambdaForm (java.base@15.0.1)
 123:           961          38440  java.math.BigInteger (java.base@15.0.1)
 124:           957          38280  org.elasticsearch.common.settings.Setting
 125:          1591          38184  org.apache.lucene.index.Term
 126:          1591          38184  org.apache.lucene.search.TermQuery
 127:           795          38160  java.util.TreeMap (java.base@15.0.1)
 128:          1190          38080  org.elasticsearch.common.settings.Setting$Updater
 129:           786          37728  java.lang.invoke.DirectMethodHandle$StaticAccessor (java.base@15.0.1)
 130:           785          37680  org.elasticsearch.index.analysis.NamedAnalyzer
 131:           588          37632  java.nio.DirectByteBufferR (java.base@15.0.1)
 132:           585          37440  org.apache.lucene.store.ByteBufferIndexInput$SingleBufferImpl
 133:           666          37296  org.elasticsearch.index.mapper.NumberFieldMapper
 134:          1148          36736  sun.security.util.DerInputBuffer (java.base@15.0.1)
 135:          1148          36736  sun.security.util.DerValue (java.base@15.0.1)
 136:           902          36080  org.elasticsearch.xpack.security.rest.SecurityRestFilter
 137:           721          34608  sun.security.util.MemoryCache$SoftCacheEntry (java.base@15.0.1)
 138:          1355          32520  java.util.regex.Pattern$Start (java.base@15.0.1)
 139:          1713          32440  [Lsun.reflect.generics.tree.TypeArgument; (java.base@15.0.1)
 140:           666          31968  org.elasticsearch.index.mapper.NumberFieldMapper$NumberFieldType
 141:          1981          31696  java.util.HashSet (java.base@15.0.1)
 142:           237          30336  sun.nio.fs.UnixFileAttributes (java.base@15.0.1)
 143:           936          29952  java.lang.ref.WeakReference (java.base@15.0.1)
 144:          1858          29728  org.apache.logging.log4j.message.ReusableMessageFactory
 145:           733          29320  java.util.WeakHashMap$Entry (java.base@15.0.1)
 146:           905          28960  java.lang.invoke.MethodTypeForm (java.base@15.0.1)
 147:           516          28896  io.netty.channel.DefaultChannelHandlerContext
 148:          1192          28608  org.elasticsearch.common.xcontent.ObjectParser$$Lambda$497/0x0000000800e559d0
 149:           879          28128  java.lang.ThreadLocal$ThreadLocalMap$Entry (java.base@15.0.1)
 150:           431          27584  java.util.zip.Inflater (java.base@15.0.1)
 151:          1148          27552  sun.security.util.DerInputStream (java.base@15.0.1)
 152:          1711          27376  sun.reflect.generics.tree.ClassTypeSignature (java.base@15.0.1)
 153:           854          27328  java.lang.invoke.LambdaForm$NamedFunction (java.base@15.0.1)
 154:          1707          27312  java.util.regex.Pattern$BranchConn (java.base@15.0.1)
 155:          1127          27048  [Lsun.security.x509.AVA; (java.base@15.0.1)
 156:          1127          27048  java.lang.RuntimePermission (java.base@15.0.1)
 157:          1127          27048  sun.security.x509.AVA (java.base@15.0.1)
 158:          1127          27048  sun.security.x509.RDN (java.base@15.0.1)
 159:           676          27040  org.elasticsearch.common.path.PathTrie$TrieNode
 160:           843          26976  java.time.format.DateTimeFormatterBuilder$PrefixTree (java.base@15.0.1)
 161:           674          26960  org.antlr.v4.runtime.atn.BasicState
 162:           269          25824  java.util.jar.JarFile$JarFileEntry (java.base@15.0.1)
 163:           645          25800  java.lang.invoke.DirectMethodHandle$Special (java.base@15.0.1)
 164:          1604          25664  java.util.concurrent.atomic.AtomicInteger (java.base@15.0.1)
 165:          1599          25584  java.util.AbstractMap$2 (java.base@15.0.1)
 166:           634          25360  java.lang.invoke.DirectMethodHandle$Interface (java.base@15.0.1)
 167:           789          25248  org.elasticsearch.painless.lookup.PainlessField
 168:           789          25248  org.elasticsearch.painless.spi.WhitelistField
 169:           440          24640  org.apache.lucene.index.FieldInfo
 170:          1512          24192  java.lang.ref.ReferenceQueue$Lock (java.base@15.0.1)
 171:           502          24096  org.elasticsearch.xpack.security.transport.SecurityServerTransportInterceptor$ProfileSecuredRequestHandler
 172:          1499          23984  java.util.regex.Pattern$BitClass (java.base@15.0.1)
 173:           358          22912  io.netty.buffer.PoolSubpage
 174:           941          22584  org.apache.lucene.util.CloseableThreadLocal
 175:           938          22512  java.util.regex.Pattern$CharPropertyGreedy (java.base@15.0.1)
 176:           921          22104  java.util.regex.Pattern$SliceI (java.base@15.0.1)
 177:          1371          21936  java.util.concurrent.locks.ReentrantLock (java.base@15.0.1)
 178:          1314          21024  java.util.Collections$UnmodifiableSet (java.base@15.0.1)
 179:           864          20736  org.antlr.v4.runtime.atn.EpsilonTransition
 180:           860          20640  org.apache.lucene.analysis.DelegatingAnalyzerWrapper$DelegatingReuseStrategy
 181:           427          20496  org.elasticsearch.common.settings.Setting$AffixSetting
 182:           502          20080  org.elasticsearch.transport.RequestHandlerRegistry
 183:           836          20064  org.elasticsearch.index.mapper.ParametrizedFieldMapper$Parameter$$Lambda$5378/0x0000000801b269f8
 184:           418          20064  org.elasticsearch.index.mapper.TextFieldMapper
 185:           418          20064  org.elasticsearch.index.mapper.TextFieldMapper$TextFieldType
 186:           836          20064  org.jcodings.unicode.UnicodeEncoding$CodeRangeEntry
 187:            99          19800  com.sun.org.apache.xerces.internal.impl.dv.xs.XSSimpleTypeDecl (java.xml@15.0.1)
 188:          1216          19456  org.elasticsearch.common.inject.internal.InternalFactory$Instance
 189:          1216          19456  org.elasticsearch.common.inject.util.Providers$1
 190:           237          18960  java.util.zip.ZipFile$Source (java.base@15.0.1)
 191:           338          18928  sun.security.ssl.CipherSuite (java.base@15.0.1)
 192:           765          18360  java.util.ImmutableCollections$List12 (java.base@15.0.1)
 193:           754          18096  java.util.regex.Pattern$BmpCharPredicate$$Lambda$18/0x0000000800b512f0 (java.base@15.0.1)
 194:           748          17952  java.time.format.DateTimeFormatterBuilder$DefaultValueParser (java.base@15.0.1)
 195:           555          17760  java.util.PropertyPermission (java.base@15.0.1)
 196:           736          17664  sun.security.provider.PolicyFile$PolicyEntry (java.base@15.0.1)
 197:           362          17376  org.elasticsearch.common.cache.Cache$Entry
 198:           433          17320  java.io.FileDescriptor (java.base@15.0.1)
 199:           710          17040  sun.reflect.annotation.AnnotationInvocationHandler (java.base@15.0.1)
 200:            46          16928  java.lang.Thread (java.base@15.0.1)
 201:           696          16704  java.security.Provider$ServiceKey (java.base@15.0.1)
 202:           416          16640  java.security.ProtectionDomain (java.base@15.0.1)
 203:           693          16632  org.elasticsearch.common.inject.InternalFactoryToProviderAdapter
 204:           692          16608  org.elasticsearch.common.inject.ProviderToInternalFactoryAdapter
 205:           692          16608  org.elasticsearch.common.inject.Scopes$1$1
 206:           293          16408  java.lang.Module (java.base@15.0.1)
 207:          1025          16400  java.lang.ThreadLocal (java.base@15.0.1)
 208:           681          16344  java.lang.Class$AnnotationData (java.base@15.0.1)
 209:           509          16288  sun.reflect.generics.repository.ClassRepository (java.base@15.0.1)
 210:           675          16200  org.elasticsearch.common.inject.multibindings.RealElement
 211:           993          15888  org.elasticsearch.common.settings.Setting$SimpleKey
 212:           657          15768  java.util.concurrent.ConcurrentLinkedQueue$Node (java.base@15.0.1)
 213:           649          15576  org.elasticsearch.common.unit.TimeValue
 214:           973          15568  java.util.LinkedHashMap$LinkedValues (java.base@15.0.1)
 215:            91          15288  org.apache.lucene.codecs.lucene80.Lucene80DocValuesProducer$SortedSetEntry
 216:           630          15104  [Ljava.security.cert.X509Certificate; (java.base@15.0.1)
 217:           377          15080  org.antlr.v4.runtime.dfa.DFAState
 218:           313          15024  sun.security.x509.X500Name (java.base@15.0.1)
 219:           416          15000  [Ljava.time.format.DateTimeFormatterBuilder$DateTimePrinterParser; (java.base@15.0.1)
 220:           625          15000  java.util.concurrent.ConcurrentLinkedQueue (java.base@15.0.1)
 221:           372          14904  [Lorg.elasticsearch.common.inject.SingleParameterInjector;
 222:           929          14864  java.util.LinkedHashSet (java.base@15.0.1)
 223:           264          14784  java.security.Provider$Service (java.base@15.0.1)
 224:           369          14760  org.elasticsearch.painless.spi.WhitelistClass
 225:           307          14736  org.apache.lucene.util.automaton.Automaton
 226:           609          14616  java.util.concurrent.CompletableFuture (java.base@15.0.1)
 227:           576          14448  [Ljava.lang.reflect.Type; (java.base@15.0.1)
 228:           358          14320  java.time.format.DateTimeFormatter (java.base@15.0.1)
 229:           446          14272  sun.security.x509.AlgorithmId (java.base@15.0.1)
 230:           222          14208  org.elasticsearch.index.mapper.DateFieldMapper
 231:           886          14176  org.elasticsearch.common.xcontent.AbstractObjectParser$$Lambda$496/0x0000000800e555a8
 232:            67          14064  [Ljava.lang.ThreadLocal$ThreadLocalMap$Entry; (java.base@15.0.1)
 233:           572          13728  org.elasticsearch.rest.MethodHandlers
 234:           118          13712  [Lorg.tartarus.snowball.Among;
 235:           243          13608  java.io.FileCleanable (java.base@15.0.1)
 236:           567          13608  java.util.ArrayDeque (java.base@15.0.1)
 237:           836          13376  org.elasticsearch.index.mapper.ParametrizedFieldMapper$Parameter$$Lambda$5371/0x0000000801b25ab0
 238:           418          13376  org.elasticsearch.index.mapper.TextParams$Analyzers
 239:           556          13344  java.util.concurrent.atomic.AtomicLong (java.base@15.0.1)
 240:           237          13272  java.util.jar.JarFile (java.base@15.0.1)
 241:           547          13128  java.util.regex.Pattern$$Lambda$17/0x0000000800b51068 (java.base@15.0.1)
 242:           532          12936  [Lorg.elasticsearch.common.settings.Setting$Property;
 243:           404          12928  com.amazonaws.partitions.model.Service
 244:            89          12816  org.apache.lucene.codecs.lucene80.Lucene80DocValuesProducer$SortedEntry
 245:           800          12800  org.elasticsearch.common.inject.Initializables$1
 246:           399          12768  org.elasticsearch.common.logging.PrefixLogger
 247:           530          12720  sun.reflect.generics.factory.CoreReflectionFactory (java.base@15.0.1)
 248:           315          12600  org.antlr.v4.runtime.atn.ATNConfigSet
 249:           523          12552  com.sun.crypto.provider.TlsMasterSecretGenerator$TlsMasterSecretKey (java.base@15.0.1)
 250:           222          12432  org.elasticsearch.index.mapper.DateFieldMapper$DateFieldType
 251:           221          12376  java.nio.HeapByteBuffer (java.base@15.0.1)
 252:           513          12312  sun.reflect.generics.scope.ClassScope (java.base@15.0.1)
 253:           384          12288  java.util.regex.Pattern$Curly (java.base@15.0.1)
 254:           509          12216  sun.reflect.generics.tree.ClassSignature (java.base@15.0.1)
 255:           372          11904  org.elasticsearch.common.inject.MembersInjectorImpl
 256:           371          11872  org.elasticsearch.common.inject.ConstructorInjector
 257:           494          11856  sun.reflect.generics.reflectiveObjects.ParameterizedTypeImpl (java.base@15.0.1)
 258:           148          11840  sun.security.x509.X509CertImpl (java.base@15.0.1)
 259:           145          11600  com.sun.crypto.provider.GaloisCounterMode (java.base@15.0.1)
 260:           723          11568  org.elasticsearch.common.metrics.CounterMetric
 261:           475          11400  javax.xml.namespace.QName (java.xml@15.0.1)
 262:           474          11376  java.util.Collections$SetFromMap (java.base@15.0.1)
 263:           237          11376  jdk.internal.loader.URLClassPath$JarLoader (java.base@15.0.1)
 264:           129          11352  org.apache.lucene.codecs.compressing.FieldsIndexReader
 265:           349          11168  org.elasticsearch.common.inject.FactoryProxy
 266:           695          11120  java.util.Collections$UnmodifiableCollection (java.base@15.0.1)
 267:           105          10920  org.apache.lucene.index.SegmentCommitInfo
 268:           341          10912  jdk.internal.math.FDBigInteger (java.base@15.0.1)
 269:           272          10880  org.antlr.v4.runtime.atn.LexerATNConfig
 270:           451          10824  co.elastic.cloud.quotaawarefs.QuotaAwarePath
 271:           675          10800  org.elasticsearch.common.inject.Key$AnnotationInstanceStrategy
 272:           444          10656  org.elasticsearch.common.xcontent.ConstructingObjectParser$ConstructorArgInfo
 273:           442          10608  java.security.SecurityPermission (java.base@15.0.1)
 274:           661          10576  java.lang.Integer (java.base@15.0.1)
 275:           313          10368  [Lsun.security.x509.RDN; (java.base@15.0.1)
 276:           144          10368  org.apache.lucene.codecs.blocktree.FieldReader
 277:           431          10344  java.util.zip.Inflater$InflaterZStreamRef (java.base@15.0.1)
 278:           129          10320  org.apache.lucene.codecs.compressing.CompressingStoredFieldsReader
 279:           258          10320  org.apache.lucene.util.packed.DirectMonotonicReader
 280:           427          10248  org.elasticsearch.common.settings.Setting$AffixKey
 281:           320          10240  org.elasticsearch.common.time.JavaDateFormatter
 282:           320          10240  org.elasticsearch.common.time.JavaDateFormatter$RoundUpFormatter
 283:           253          10120  org.elasticsearch.common.xcontent.ObjectParser
 284:           316          10112  org.antlr.v4.runtime.atn.ArrayPredictionContext
 285:           418          10032  org.elasticsearch.index.mapper.TextParams$Analyzers$$Lambda$5458/0x0000000801b38280
 286:           418          10032  org.elasticsearch.index.mapper.TextParams$Analyzers$$Lambda$5462/0x0000000801b38b40
 287:           125          10000  java.net.URI (java.base@15.0.1)
 288:           416           9984  java.time.format.DateTimeFormatterBuilder$CompositePrinterParser (java.base@15.0.1)
 289:           156           9984  javax.crypto.Cipher (java.base@15.0.1)
 290:           607           9712  java.util.HashMap$EntrySet (java.base@15.0.1)
 291:           402           9648  java.util.Collections$SingletonList (java.base@15.0.1)
 292:           601           9616  sun.security.ssl.SessionId (java.base@15.0.1)
 293:           145           9280  com.sun.crypto.provider.CipherCore (java.base@15.0.1)
 294:           531           9088  [Lsun.reflect.generics.tree.FormalTypeParameter; (java.base@15.0.1)
 295:           316           9040  [Lorg.antlr.v4.runtime.atn.PredictionContext;
 296:           373           8952  java.security.BasicPermissionCollection (java.base@15.0.1)
 297:           372           8928  org.elasticsearch.common.inject.spi.InjectionPoint
 298:           371           8904  org.elasticsearch.common.inject.DefaultConstructionProxyFactory$1
 299:           222           8880  org.apache.lucene.util.packed.DirectMonotonicReader$Meta
 300:           367           8808  org.antlr.v4.runtime.atn.AtomTransition
 301:           509           8736  [Lsun.reflect.generics.tree.ClassTypeSignature; (java.base@15.0.1)
 302:            78           8736  io.netty.handler.ssl.SslHandler
 303:           273           8736  java.util.Hashtable$Entry (java.base@15.0.1)
 304:            78           8736  org.elasticsearch.transport.CopyBytesSocketChannel
 305:            78           8736  sun.nio.ch.SocketChannelImpl (java.base@15.0.1)
 306:           545           8720  java.util.HashMap$KeySet (java.base@15.0.1)
 307:           272           8704  java.time.format.DateTimeFormatterBuilder$NumberPrinterParser (java.base@15.0.1)
 308:           270           8640  java.util.regex.Pattern$BnM (java.base@15.0.1)
 309:           269           8608  java.util.zip.ZipFile$CleanableResource (java.base@15.0.1)
 310:           356           8544  java.lang.module.ModuleDescriptor$Exports (java.base@15.0.1)
 311:           349           8376  org.elasticsearch.common.inject.InjectorImpl$4
 312:           522           8352  java.util.concurrent.atomic.AtomicReference (java.base@15.0.1)
 313:           148           8288  sun.security.x509.X509CertInfo (java.base@15.0.1)
 314:           344           8256  java.util.BitSet (java.base@15.0.1)
 315:           344           8256  java.util.concurrent.CopyOnWriteArrayList (java.base@15.0.1)
 316:           336           8064  javax.crypto.spec.SecretKeySpec (java.base@15.0.1)
 317:           335           8040  java.util.regex.Pattern$Ques (java.base@15.0.1)
 318:           250           8000  java.io.File (java.base@15.0.1)
 319:           100           8000  jdk.internal.reflect.DelegatingClassLoader (java.base@15.0.1)
 320:           247           7904  sun.security.util.KnownOIDs (java.base@15.0.1)
 321:           326           7824  org.elasticsearch.common.inject.multibindings.MapBinder$RealMapBinder$MapEntry
 322:           326           7824  org.elasticsearch.common.inject.spi.ProviderLookup
 323:           326           7824  org.elasticsearch.plugins.ActionPlugin$ActionHandler
 324:           317           7608  java.util.regex.Pattern$CharProperty (java.base@15.0.1)
 325:           237           7584  java.io.RandomAccessFile (java.base@15.0.1)
 326:           474           7584  java.util.regex.Pattern$CharPredicate$$Lambda$125/0x0000000800b615f8 (java.base@15.0.1)
 327:           307           7368  org.apache.lucene.util.automaton.Automaton$1
 328:           307           7368  org.apache.lucene.util.automaton.Automaton$2
 329:           230           7360  jdk.internal.loader.NativeLibraries (java.base@15.0.1)
 330:           460           7360  org.elasticsearch.common.collect.ImmutableOpenMap$Builder
 331:           460           7360  org.elasticsearch.index.mapper.FieldMapper$MultiFields$Builder
 332:           303           7272  com.amazonaws.partitions.model.CredentialScope
 333:           303           7272  java.lang.Long (java.base@15.0.1)
 334:           301           7224  java.util.Date (java.base@15.0.1)
 335:           129           7224  org.apache.lucene.codecs.compressing.CompressingStoredFieldsReader$BlockState
 336:           100           7200  java.util.concurrent.ScheduledThreadPoolExecutor$ScheduledFutureTask (java.base@15.0.1)
 337:           180           7200  org.elasticsearch.index.mapper.BooleanFieldMapper
 338:           180           7200  org.elasticsearch.index.mapper.BooleanFieldMapper$BooleanFieldType
 339:            64           7168  org.apache.lucene.codecs.lucene80.Lucene80DocValuesProducer$SortedNumericEntry
 340:           223           7136  java.util.Collections$SynchronizedMap (java.base@15.0.1)
 341:           297           7128  java.io.ByteArrayOutputStream (java.base@15.0.1)
 342:           297           7128  java.security.Permissions (java.base@15.0.1)
 343:           221           7072  org.apache.lucene.codecs.lucene50.Lucene50CompoundReader$FileEntry
 344:             2           7016  [Ljava.lang.Character$UnicodeScript; (java.base@15.0.1)
 345:           145           6960  com.sun.crypto.provider.GCTR (java.base@15.0.1)
 346:           431           6896  org.elasticsearch.common.xcontent.ConstructingObjectParser$$Lambda$542/0x0000000800e6c0d8
 347:           287           6888  java.util.ImmutableCollections$Set12 (java.base@15.0.1)
 348:            78           6864  sun.security.ssl.TransportContext (java.base@15.0.1)
 349:           213           6816  org.apache.logging.log4j.core.config.plugins.processor.PluginEntry
 350:           211           6752  jdk.internal.reflect.UnsafeQualifiedStaticObjectFieldAccessorImpl (java.base@15.0.1)
 351:           418           6688  org.elasticsearch.index.mapper.FieldMapper$CopyTo$Builder
 352:           418           6688  org.elasticsearch.index.mapper.ParametrizedFieldMapper$Parameter$$Lambda$5375/0x0000000801b26378
 353:           418           6688  org.elasticsearch.index.mapper.ParametrizedFieldMapper$Parameter$$Lambda$5392/0x0000000801b28b40
 354:           418           6688  org.elasticsearch.index.mapper.TextParams$Analyzers$$Lambda$5451/0x0000000801b37118
 355:           418           6688  org.elasticsearch.index.mapper.TextParams$Analyzers$$Lambda$5455/0x0000000801b379c0
 356:           418           6688  org.elasticsearch.index.mapper.TextParams$Analyzers$$Lambda$5459/0x0000000801b384a8
 357:           416           6656  [Ljava.security.Principal; (java.base@15.0.1)
 358:           208           6656  io.netty.util.AsciiString
 359:           416           6656  java.security.ProtectionDomain$Key (java.base@15.0.1)
 360:           416           6656  java.util.concurrent.atomic.AtomicBoolean (java.base@15.0.1)
 361:           125           6624  [Ljava.lang.invoke.MethodHandle; (java.base@15.0.1)
 362:           227           6528  [F (java.base@15.0.1)
 363:           408           6528  org.elasticsearch.common.settings.Setting$$Lambda$136/0x0000000800bf3c40
 364:           162           6480  io.netty.util.DefaultAttributeMap$DefaultAttribute
 365:           135           6480  java.net.URLPermission (java.base@15.0.1)
 366:           266           6384  org.elasticsearch.common.io.stream.NamedWriteableRegistry$Entry
 367:           390           6240  com.sun.proxy.$Proxy21
 368:            78           6240  sun.security.ssl.SSLConfiguration (java.base@15.0.1)
 369:           259           6216  com.amazonaws.partitions.PartitionRegionImpl
 370:           258           6192  [Lorg.apache.lucene.util.LongValues;
 371:           256           6144  org.elasticsearch.common.xcontent.NamedXContentRegistry$Entry
 372:           127           6096  sun.security.rsa.RSAPublicKeyImpl (java.base@15.0.1)
 373:           251           6024  java.security.Provider$UString (java.base@15.0.1)
 374:           250           6000  sun.security.util.DisabledAlgorithmConstraints$DisabledConstraint (java.base@15.0.1)
 375:           371           5936  org.elasticsearch.common.inject.ConstructorBindingImpl$Factory
 376:           371           5936  org.elasticsearch.common.inject.DefaultConstructionProxyFactory
 377:            74           5920  org.elasticsearch.common.cache.Cache
 378:           185           5920  org.elasticsearch.painless.lookup.PainlessConstructor
 379:           145           5800  com.sun.crypto.provider.GHASH (java.base@15.0.1)
 380:           145           5800  org.apache.lucene.util.fst.FST
 381:           362           5792  java.util.WeakHashMap$KeySet (java.base@15.0.1)
 382:           241           5784  java.io.FilePermissionCollection (java.base@15.0.1)
 383:           237           5688  java.util.zip.ZipFile$Source$Key (java.base@15.0.1)
 384:           176           5632  io.netty.buffer.PoolThreadCache$MemoryRegionCache$Entry
 385:            78           5616  sun.security.ssl.SSLEngineOutputRecord (java.base@15.0.1)
 386:           140           5600  org.apache.lucene.util.automaton.CharacterRunAutomaton
 387:            63           5544  org.apache.lucene.codecs.lucene80.Lucene80DocValuesProducer$NumericEntry
 388:           231           5544  org.elasticsearch.common.metrics.MeanMetric
 389:           138           5520  java.security.cert.TrustAnchor (java.base@15.0.1)
 390:           136           5440  org.elasticsearch.ElasticsearchException$ElasticsearchExceptionHandle
 391:           135           5400  java.security.AccessControlContext (java.base@15.0.1)
 392:           224           5376  org.elasticsearch.common.time.JavaDateMathParser
 393:           111           5328  org.apache.lucene.analysis.CharArrayMap
 394:           326           5216  org.elasticsearch.common.inject.spi.ProviderLookup$ProviderImpl
 395:            81           5184  io.netty.channel.ChannelOutboundBuffer
 396:            81           5184  io.netty.channel.DefaultChannelPipeline$HeadContext
 397:           322           5152  org.elasticsearch.action.support.HandledTransportAction$TransportHandler
 398:           213           5112  org.apache.logging.log4j.core.config.plugins.util.PluginType
 399:           210           5040  org.apache.lucene.analysis.pt.RSLPStemmerBase$Rule
 400:            78           4992  io.netty.channel.socket.nio.NioSocketChannel$NioSocketChannelConfig
 401:           156           4992  io.netty.handler.ssl.SslHandler$LazyChannelPromise
 402:            52           4992  java.net.FactoryURLClassLoader (java.base@15.0.1)
 403:           124           4960  org.antlr.v4.runtime.atn.RuleStartState
 404:           124           4960  org.antlr.v4.runtime.atn.RuleStopState
 405:           310           4960  org.apache.lucene.util.SetOnce
 406:           309           4944  java.lang.Character$UnicodeBlock (java.base@15.0.1)
 407:           154           4928  java.net.InetAddress$InetAddressHolder (java.base@15.0.1)
 408:           122           4880  java.lang.invoke.BoundMethodHandle$Species_LL (java.base@15.0.1)
 409:           101           4848  java.lang.invoke.LambdaFormEditor$Transform (java.base@15.0.1)
 410:           201           4824  org.elasticsearch.common.unit.ByteSizeValue
 411:           199           4776  org.elasticsearch.common.settings.Setting$$Lambda$128/0x0000000800bf1248
 412:            74           4736  org.apache.lucene.util.bkd.BKDReader
 413:           147           4704  sun.security.x509.BasicConstraintsExtension (java.base@15.0.1)
 414:           292           4672  java.util.TreeMap$EntrySet (java.base@15.0.1)
 415:           291           4656  java.util.HashMap$Values (java.base@15.0.1)
 416:           145           4640  com.sun.crypto.provider.AESCrypt (java.base@15.0.1)
 417:           145           4640  sun.security.x509.SubjectKeyIdentifierExtension (java.base@15.0.1)
 418:           192           4608  com.sun.org.apache.xerces.internal.util.SymbolHash$Entry (java.xml@15.0.1)
 419:           144           4608  org.apache.lucene.util.fst.OffHeapFSTStore
 420:            56           4592  [Lorg.apache.lucene.index.FieldInfo;
 421:            52           4576  org.elasticsearch.plugins.ExtendedPluginsClassLoader
 422:           114           4560  com.fasterxml.jackson.databind.introspect.AnnotatedMethod
 423:            81           4536  io.netty.channel.DefaultChannelPipeline$TailContext
 424:           283           4528  java.util.Collections$UnmodifiableMap$UnmodifiableEntrySet (java.base@15.0.1)
 425:           188           4512  org.apache.lucene.index.IndexFileDeleter$RefCount
 426:           141           4512  sun.security.x509.KeyUsageExtension (java.base@15.0.1)
 427:            80           4480  io.netty.channel.FixedRecvByteBufAllocator$HandleImpl
 428:           112           4480  java.util.concurrent.CompletableFuture$UniWhenComplete (java.base@15.0.1)
 429:           185           4440  org.elasticsearch.painless.spi.WhitelistConstructor
 430:            61           4392  org.apache.lucene.index.SegmentInfos
 431:           274           4384  org.elasticsearch.common.settings.Setting$$Lambda$31/0x0000000800bb2370
 432:            78           4368  org.elasticsearch.index.mapper.IpFieldMapper
 433:           182           4368  org.elasticsearch.rest.DeprecationRestHandler
 434:           135           4320  java.net.HostPortrange (java.base@15.0.1)
 435:            67           4288  sun.security.ssl.SSLExtension (java.base@15.0.1)
 436:           106           4240  sun.util.locale.LocaleObjectCache$CacheEntry (java.base@15.0.1)
 437:           122           4232  [Ljava.security.ProtectionDomain; (java.base@15.0.1)
 438:           131           4192  java.util.AbstractList$RandomAccessSubList (java.base@15.0.1)
 439:           131           4192  org.elasticsearch.xpack.ql.expression.function.FunctionDefinition
 440:           261           4176  java.util.jar.Attributes (java.base@15.0.1)
 441:            58           4176  org.apache.lucene.analysis.standard.StandardTokenizerImpl
 442:            58           4176  sun.nio.ch.FileChannelImpl (java.base@15.0.1)
 443:           259           4144  com.amazonaws.regions.Region
 444:           129           4128  java.lang.module.ModuleDescriptor$Requires (java.base@15.0.1)
 445:           172           4128  java.util.ImmutableCollections$SetN (java.base@15.0.1)
 446:            86           4128  org.apache.lucene.analysis.tokenattributes.PackedTokenAttributeImpl
 447:           129           4128  org.elasticsearch.common.xcontent.ConstructingObjectParser
 448:             1           4112  [Lorg.joda.time.chrono.BasicChronology$YearInfo;
 449:           152           4112  [[I (java.base@15.0.1)
 450:           256           4096  java.lang.Byte (java.base@15.0.1)
 451:           256           4096  java.lang.Short (java.base@15.0.1)
 452:           128           4096  org.apache.lucene.util.Version
 453:            17           4080  org.elasticsearch.index.IndexSettings
 454:             1           4024  [Lorg.antlr.v4.runtime.misc.Interval;
 455:           164           3936  jdk.internal.module.ServicesCatalog$ServiceProvider (java.base@15.0.1)
 456:           164           3936  org.elasticsearch.common.settings.Setting$$Lambda$147/0x0000000800bf5ee0
 457:            61           3904  java.lang.module.ModuleDescriptor (java.base@15.0.1)
 458:           122           3904  org.antlr.v4.runtime.atn.RuleTransition
 459:            81           3888  io.netty.channel.DefaultChannelPipeline
 460:           162           3888  io.netty.channel.VoidChannelPromise
 461:            81           3888  org.elasticsearch.watcher.FileWatcher$FileObserver
 462:            81           3888  sun.nio.ch.SelectionKeyImpl (java.base@15.0.1)
 463:           237           3792  sun.nio.fs.UnixFileAttributes$UnixAsBasicFileAttributes (java.base@15.0.1)
 464:           157           3768  java.lang.Character$UnicodeScript (java.base@15.0.1)
 465:            78           3744  sun.nio.ch.SocketAdaptor (java.base@15.0.1)
 466:            78           3744  sun.security.ssl.SSLEngineInputRecord (java.base@15.0.1)
 467:            15           3720  org.elasticsearch.index.shard.IndexShard
 468:            58           3712  org.apache.lucene.analysis.standard.StandardTokenizer
 469:           151           3624  java.net.Inet4Address (java.base@15.0.1)
 470:            90           3600  [Lorg.elasticsearch.index.mapper.MetadataFieldMapper;
 471:            24           3584  [Lio.netty.buffer.PoolSubpage;
 472:           149           3576  java.util.jar.Manifest (java.base@15.0.1)
 473:           148           3552  sun.security.util.BitArray (java.base@15.0.1)
 474:           148           3552  sun.security.x509.CertificateValidity (java.base@15.0.1)
 475:           147           3528  java.net.InetSocketAddress$InetSocketAddressHolder (java.base@15.0.1)
 476:           147           3528  sun.security.x509.CertificateExtensions (java.base@15.0.1)
 477:            88           3520  org.antlr.v4.runtime.atn.BlockEndState
 478:            73           3504  org.elasticsearch.index.mapper.DynamicTemplate
 479:           109           3488  sun.security.pkcs11.SunPKCS11$Descriptor (jdk.crypto.cryptoki@15.0.1)
 480:           145           3480  com.sun.crypto.provider.AESCipher$General (java.base@15.0.1)
 481:            87           3480  java.util.IdentityHashMap (java.base@15.0.1)
 482:           216           3456  java.util.concurrent.atomic.AtomicReferenceArray (java.base@15.0.1)
 483:           144           3456  sun.security.util.Cache$EqualByteArray (java.base@15.0.1)
 484:           214           3424  java.time.format.DateTimeFormatterBuilder$CharLiteralPrinterParser (java.base@15.0.1)
 485:            85           3400  java.io.ObjectStreamField (java.base@15.0.1)
 486:             1           3360  [Lorg.jcodings.unicode.UnicodeEncoding$CodeRangeEntry;
 487:            60           3360  jdk.internal.module.ModuleReferenceImpl (java.base@15.0.1)
 488:            70           3360  org.joda.time.format.DateTimeFormatter
 489:            91           3344  [Lorg.joda.time.format.InternalParser;
 490:            16           3328  org.apache.lucene.index.IndexWriter
 491:            52           3328  org.apache.lucene.store.NIOFSDirectory$NIOFSIndexInput
 492:           103           3296  java.util.Collections$UnmodifiableSortedMap (java.base@15.0.1)
 493:           103           3296  sun.reflect.generics.reflectiveObjects.TypeVariableImpl (java.base@15.0.1)
 494:           205           3280  org.elasticsearch.common.logging.DeprecationLogger
 495:            12           3264  [Lcom.fasterxml.jackson.dataformat.smile.SmileGenerator$SharedStringNode;
 496:           136           3264  com.google.common.collect.ImmutableMapEntry
 497:            81           3240  io.netty.channel.AbstractChannel$CloseFuture
 498:            15           3240  org.elasticsearch.index.engine.InternalEngine
 499:            80           3200  java.util.Collections$SingletonMap (java.base@15.0.1)
 500:           200           3200  java.util.LinkedHashMap$LinkedEntrySet (java.base@15.0.1)
 501:           199           3184  org.elasticsearch.common.settings.Setting$$Lambda$127/0x0000000800bf1008
 502:            99           3168  org.elasticsearch.common.settings.Settings
 503:           131           3144  org.elasticsearch.xpack.ql.expression.function.FunctionRegistry$$Lambda$3179/0x00000008015cd898
 504:            78           3120  io.netty.channel.socket.nio.NioSocketChannel$NioSocketChannelUnsafe
 505:            78           3120  jdk.internal.ref.Cleaner (java.base@15.0.1)
 506:            78           3120  org.elasticsearch.index.mapper.IpFieldMapper$IpFieldType
 507:           137           3104  [Lsun.reflect.generics.tree.FieldTypeSignature; (java.base@15.0.1)
 508:           194           3104  sun.security.x509.KeyIdentifier (java.base@15.0.1)
 509:           129           3096  org.elasticsearch.common.settings.Setting$$Lambda$131/0x0000000800bf28e8
 510:            42           3024  org.elasticsearch.index.mapper.GeoPointFieldMapper$Builder
 511:            94           3008  jdk.internal.reflect.UnsafeStaticObjectFieldAccessorImpl (java.base@15.0.1)
 512:            94           3008  org.antlr.v4.runtime.dfa.DFA
 513:            94           3008  org.elasticsearch.common.bytes.BytesArray
 514:            62           2976  org.apache.lucene.analysis.StopFilter
 515:            74           2960  org.apache.lucene.util.bkd.BKDConfig
 516:            92           2944  io.netty.util.internal.logging.Log4J2Logger
 517:            46           2944  org.apache.lucene.index.SegmentInfo
 518:           122           2928  java.util.concurrent.locks.AbstractQueuedSynchronizer$ConditionObject (java.base@15.0.1)
 519:           122           2928  org.apache.lucene.codecs.lucene87.LZ4WithPresetDictCompressionMode$LZ4WithPresetDictDecompressor
 520:            61           2928  org.apache.lucene.index.LeafReaderContext
 521:            28           2912  io.netty.handler.timeout.ReadTimeoutHandler
 522:           181           2896  java.security.SecureClassLoader$CodeSourceKey (java.base@15.0.1)
 523:            16           2880  [Ljava.util.Hashtable$Entry; (java.base@15.0.1)
 524:            90           2880  org.elasticsearch.common.util.concurrent.ThreadContext$$Lambda$583/0x0000000800e898f8
 525:            90           2880  sun.nio.fs.UnixFileKey (java.base@15.0.1)
 526:           179           2864  java.util.concurrent.ConcurrentHashMap$ValuesView (java.base@15.0.1)
 527:           119           2856  jdk.internal.reflect.NativeMethodAccessorImpl (java.base@15.0.1)
 528:           119           2856  org.apache.lucene.util.AttributeSource$State
 529:            35           2800  org.apache.lucene.index.TieredMergePolicy
 530:            70           2800  org.elasticsearch.common.settings.Setting$ListSetting
 531:            50           2800  sun.security.ssl.SSLCipher$T13GcmReadCipherGenerator$GcmReadCipher (java.base@15.0.1)
 532:            50           2800  sun.security.ssl.SSLCipher$T13GcmWriteCipherGenerator$GcmWriteCipher (java.base@15.0.1)
 533:            47           2752  [Lcom.sun.org.apache.xerces.internal.util.SymbolHash$Entry; (java.xml@15.0.1)
 534:           172           2752  org.elasticsearch.common.xcontent.ObjectParser$$Lambda$540/0x0000000800e6b850
 535:           114           2736  org.elasticsearch.common.collect.Tuple
 536:           113           2712  java.util.AbstractMap$SimpleImmutableEntry (java.base@15.0.1)
 537:           169           2704  com.fasterxml.jackson.databind.introspect.AnnotationMap
 538:            48           2688  java.net.SocketPermission (java.base@15.0.1)
 539:            42           2688  org.elasticsearch.index.mapper.ScaledFloatFieldMapper
 540:            66           2640  org.apache.xml.security.algorithms.JCEMapper$Algorithm
 541:            15           2640  org.elasticsearch.index.IndexService
 542:            41           2624  java.nio.DirectByteBuffer (java.base@15.0.1)
 543:            82           2624  org.apache.logging.slf4j.Log4jLogger
 544:           164           2624  org.elasticsearch.common.settings.Setting$$Lambda$146/0x0000000800bf5ca0
 545:            82           2624  org.elasticsearch.common.settings.Setting$AffixSetting$2
 546:            81           2592  io.netty.channel.DefaultChannelId
 547:            81           2592  org.elasticsearch.Version
 548:            81           2592  org.elasticsearch.common.time.FormatNames
 549:           108           2592  org.elasticsearch.xpack.core.security.support.Automatons$1
 550:            81           2592  sun.nio.ch.DummySocketImpl (java.base@15.0.1)
 551:           108           2592  sun.reflect.generics.tree.FormalTypeParameter (java.base@15.0.1)
 552:           162           2592  sun.security.x509.SerialNumber (java.base@15.0.1)
 553:            63           2520  org.elasticsearch.xpack.core.security.authz.RoleDescriptor$IndicesPrivileges
 554:            39           2496  com.fasterxml.jackson.databind.introspect.AnnotatedClass
 555:            78           2496  io.netty.handler.ssl.SslHandler$SslHandlerCoalescingBufferQueue
 556:           156           2496  org.apache.lucene.analysis.CharArraySet
 557:            52           2496  org.elasticsearch.plugins.PluginInfo
 558:            78           2496  sun.security.ssl.SSLEngineImpl (java.base@15.0.1)
 559:            31           2480  com.fasterxml.jackson.databind.deser.impl.MethodProperty
 560:            62           2480  org.antlr.v4.runtime.atn.OrderedATNConfigSet
 561:            28           2464  io.netty.handler.codec.http.HttpRequestDecoder
 562:            28           2464  org.elasticsearch.common.util.concurrent.EsThreadPoolExecutor
 563:           102           2448  java.net.SocketPermissionCollection (java.base@15.0.1)
 564:            61           2440  org.apache.lucene.analysis.LowerCaseFilter
 565:            76           2432  org.apache.lucene.analysis.pt.RSLPStemmerBase$RuleWithSuffixExceptions
 566:           100           2400  java.util.Collections$SynchronizedSet (java.base@15.0.1)
 567:            50           2400  org.antlr.v4.runtime.atn.BasicBlockStartState
 568:           100           2400  org.antlr.v4.runtime.misc.Interval
 569:            50           2400  org.elasticsearch.transport.InboundPipeline
 570:            74           2368  java.util.Locale (java.base@15.0.1)
 571:           148           2368  javax.security.auth.x500.X500Principal (java.base@15.0.1)
 572:           148           2368  sun.security.x509.CertificateAlgorithmId (java.base@15.0.1)
 573:           148           2368  sun.security.x509.CertificateSerialNumber (java.base@15.0.1)
 574:           148           2368  sun.security.x509.CertificateVersion (java.base@15.0.1)
 575:           148           2368  sun.security.x509.CertificateX509Key (java.base@15.0.1)
 576:           147           2352  java.net.InetSocketAddress (java.base@15.0.1)
 577:            42           2352  org.elasticsearch.index.mapper.GeoPointFieldMapper$GeoPointFieldType
 578:           146           2336  jdk.internal.reflect.DelegatingMethodAccessorImpl (java.base@15.0.1)
 579:            97           2328  java.util.concurrent.Executors$RunnableAdapter (java.base@15.0.1)
 580:            97           2328  org.elasticsearch.action.ActionListener$1
 581:            17           2312  org.elasticsearch.cluster.metadata.IndexMetadata
 582:            96           2304  com.sun.org.apache.xml.internal.serializer.EncodingInfo (java.xml@15.0.1)
 583:            48           2304  io.netty.buffer.PoolChunkList
 584:            72           2304  io.netty.buffer.PoolThreadCache$SubPageMemoryRegionCache
 585:            32           2304  sun.net.www.protocol.jar.URLJarFile (java.base@15.0.1)
 586:            51           2280  [Lorg.joda.time.format.InternalPrinter;
 587:            71           2272  org.apache.lucene.analysis.ReusableStringReader
 588:            71           2272  sun.util.locale.BaseLocale (java.base@15.0.1)
 589:            94           2256  java.util.PropertyPermissionCollection (java.base@15.0.1)
 590:            94           2256  java.util.concurrent.ConcurrentHashMap$KeySetView (java.base@15.0.1)
 591:           101           2240  [Ljava.util.Map$Entry; (java.base@15.0.1)
 592:             4           2240  io.netty.util.internal.shaded.org.jctools.queues.atomic.MpscUnboundedAtomicArrayQueue
 593:            70           2240  org.joda.time.format.DateTimeFormatterBuilder$Composite
 594:            46           2208  java.lang.invoke.MethodHandleImpl$CountingWrapper (java.base@15.0.1)
 595:           138           2208  org.apache.lucene.util.SetOnce$Wrapper
 596:            55           2200  java.lang.invoke.DirectMethodHandle$Accessor (java.base@15.0.1)
 597:            16           2176  org.apache.lucene.index.DocumentsWriterFlushControl
 598:           135           2160  java.net.URLPermission$Authority (java.base@15.0.1)
 599:            54           2160  jdk.internal.loader.URLClassPath (java.base@15.0.1)
 600:            45           2160  org.apache.lucene.analysis.CharArrayMap$UnmodifiableCharArrayMap
 601:            30           2160  org.elasticsearch.index.codec.PerFieldMappingPostingFormatCodec
 602:            45           2160  sun.nio.ch.FileChannelImpl$DefaultUnmapper (java.base@15.0.1)
 603:           133           2128  org.elasticsearch.common.concurrent.CompletableContext
 604:            53           2120  sun.security.util.NamedCurve (java.base@15.0.1)
 605:            88           2112  java.lang.invoke.Invokers (java.base@15.0.1)
 606:            66           2112  java.lang.invoke.LambdaForm$Kind (java.base@15.0.1)
 607:            44           2112  org.elasticsearch.xpack.core.security.authz.RoleDescriptor
 608:            64           2048  com.sun.org.apache.xerces.internal.xni.QName (java.xml@15.0.1)
 609:           128           2048  java.lang.Character (java.base@15.0.1)
 610:           128           2048  java.lang.Float (java.base@15.0.1)
 611:            15           2040  org.elasticsearch.index.translog.TranslogWriter
 612:            14           2016  [Ljava.lang.invoke.MemberName; (java.base@15.0.1)
 613:            42           2016  org.elasticsearch.index.mapper.GeoPointFieldMapper
 614:            42           2016  org.elasticsearch.index.mapper.ScaledFloatFieldMapper$ScaledFloatFieldType
 615:            50           2000  org.elasticsearch.transport.InboundAggregator
 616:            50           2000  org.elasticsearch.transport.InboundDecoder
 617:            50           2000  org.elasticsearch.transport.netty4.Netty4TcpChannel
 618:            82           1968  com.fasterxml.jackson.databind.introspect.MemberKey
 619:            82           1968  org.elasticsearch.threadpool.ThreadPool$ThreadedRunnable
 620:            49           1960  sun.security.x509.AuthorityKeyIdentifierExtension (java.base@15.0.1)
 621:             9           1952  [[B (java.base@15.0.1)
 622:            81           1944  [Ljava.nio.channels.SelectionKey; (java.base@15.0.1)
 623:            81           1944  io.netty.channel.SucceededChannelFuture
 624:            81           1944  javax.net.ssl.SNIHostName (java.base@15.0.1)
 625:            12           1920  [Lcom.google.common.collect.ImmutableMapEntry;
 626:            48           1920  java.lang.invoke.MethodHandleImpl$AsVarargsCollector (java.base@15.0.1)
 627:            40           1920  java.time.temporal.ValueRange (java.base@15.0.1)
 628:            40           1920  org.apache.lucene.util.packed.BulkOperationPacked
 629:            30           1920  org.elasticsearch.cluster.routing.ShardRouting
 630:            30           1920  org.elasticsearch.index.mapper.RootObjectMapper
 631:            15           1920  org.elasticsearch.index.seqno.ReplicationTracker
 632:            34           1904  com.carrotsearch.hppc.IntObjectHashMap
 633:           119           1904  java.util.TreeMap$KeySet (java.base@15.0.1)
 634:            34           1904  sun.security.ssl.NamedGroup (java.base@15.0.1)
 635:            79           1896  com.google.common.collect.ImmutableMapEntry$NonTerminalImmutableMapEntry
 636:            79           1896  org.objectweb.asm.commons.Method
 637:            59           1888  jdk.internal.loader.BuiltinClassLoader$LoadedModule (java.base@15.0.1)
 638:           118           1888  org.elasticsearch.common.xcontent.AbstractObjectParser$$Lambda$553/0x0000000800e6eb78
 639:            39           1872  com.fasterxml.jackson.databind.type.SimpleType
 640:            78           1872  io.netty.channel.PendingBytesTracker$DefaultChannelPipelinePendingBytesTracker
 641:            78           1872  org.elasticsearch.common.xcontent.ConstructingObjectParser$$Lambda$1866/0x00000008011a5c28
 642:            78           1872  org.elasticsearch.transport.CopyBytesSocketChannel$WriteConfig
 643:            78           1872  sun.security.ssl.HandshakeHash (java.base@15.0.1)
 644:            78           1872  sun.security.ssl.SSLEngineOutputRecord$HandshakeFragment (java.base@15.0.1)
 645:            59           1856  [Ljava.security.cert.Certificate; (java.base@15.0.1)
 646:            58           1856  java.lang.invoke.VarHandle$AccessDescriptor (java.base@15.0.1)
 647:            58           1856  org.apache.logging.log4j.core.config.builder.api.Component
 648:            23           1840  org.apache.lucene.index.SegmentReader
 649:            76           1824  java.util.Currency$OtherCurrencyEntry (java.base@15.0.1)
 650:            74           1816  [Ljava.lang.reflect.TypeVariable; (java.base@15.0.1)
 651:            75           1800  java.security.spec.ECPoint (java.base@15.0.1)
 652:            15           1800  org.elasticsearch.index.engine.InternalEngine$EngineMergeScheduler
 653:            45           1800  org.elasticsearch.index.mapper.MapperService$MapperAnalyzerWrapper
 654:            28           1792  io.netty.handler.codec.http.HttpContentCompressor
 655:            56           1792  io.netty.handler.codec.http.HttpResponseStatus
 656:            56           1792  java.util.concurrent.LinkedTransferQueue$Node (java.base@15.0.1)
 657:            56           1792  joptsimple.internal.AbbreviationMap
 658:            16           1792  org.apache.lucene.index.IndexWriterConfig
 659:           112           1792  org.elasticsearch.action.ActionListener$$Lambda$4664/0x00000008018ed730
 660:           112           1792  org.elasticsearch.common.concurrent.CompletableContext$$Lambda$4665/0x00000008018eddd8
 661:            28           1792  sun.security.ssl.SSLCipher$T12GcmReadCipherGenerator$GcmReadCipher (java.base@15.0.1)
 662:            28           1792  sun.security.ssl.SSLCipher$T12GcmWriteCipherGenerator$GcmWriteCipher (java.base@15.0.1)
 663:           111           1776  java.util.regex.Pattern$Begin (java.base@15.0.1)
 664:           111           1776  org.elasticsearch.common.settings.Setting$$Lambda$28/0x0000000800bb1cb0
 665:           111           1776  org.elasticsearch.common.settings.Setting$ListSetting$$Lambda$30/0x0000000800bb2128
 666:           111           1776  org.elasticsearch.common.xcontent.NamedXContentRegistry$Entry$$Lambda$488/0x0000000800e52490
 667:             6           1760  [Lcom.fasterxml.jackson.core.sym.CharsToNameCanonicalizer$Bucket;
 668:            55           1760  java.util.concurrent.Semaphore$NonfairSync (java.base@15.0.1)
 669:            55           1760  org.elasticsearch.xpack.core.security.authz.privilege.ApplicationPrivilegeDescriptor
 670:            27           1728  io.netty.util.concurrent.ScheduledFutureTask
 671:            54           1728  java.security.AlgorithmParameters (java.base@15.0.1)
 672:            72           1728  org.elasticsearch.common.compress.CompressedXContent
 673:           108           1728  org.elasticsearch.common.inject.ConstantFactory
 674:           107           1712  sun.reflect.generics.tree.TypeVariableSignature (java.base@15.0.1)
 675:            71           1704  [Lorg.apache.lucene.util.AttributeSource$State;
 676:            71           1704  org.apache.lucene.analysis.Analyzer$TokenStreamComponents
 677:            53           1696  java.security.spec.EllipticCurve (java.base@15.0.1)
 678:            53           1696  org.elasticsearch.indices.fielddata.cache.IndicesFieldDataCache$IndexFieldCache
 679:            30           1680  com.carrotsearch.hppc.LongObjectHashMap
 680:           105           1680  java.util.Collections$SingletonSet (java.base@15.0.1)
 681:             6           1680  java.util.concurrent.atomic.Striped64$Cell (java.base@15.0.1)
 682:            70           1680  org.elasticsearch.common.settings.Setting$ListKey
 683:            15           1680  org.elasticsearch.index.engine.EngineConfig
 684:            42           1680  org.elasticsearch.index.mapper.AbstractPointGeometryFieldMapper$PointParser
 685:            52           1664  sun.util.locale.BaseLocale$Key (java.base@15.0.1)
 686:            68           1632  jdk.internal.loader.AbstractClassLoaderValue$Sub (java.base@15.0.1)
 687:           101           1616  org.apache.lucene.util.BytesRefBuilder
 688:           101           1616  org.elasticsearch.common.xcontent.AbstractObjectParser$$Lambda$544/0x0000000800e6c528
 689:           101           1616  org.elasticsearch.common.xcontent.ConstructingObjectParser$$Lambda$539/0x0000000800e6b618
 690:            67           1608  java.lang.ThreadLocal$ThreadLocalMap (java.base@15.0.1)
 691:            67           1608  java.security.UnresolvedPermissionCollection (java.base@15.0.1)
 692:            50           1600  org.apache.lucene.store.ByteArrayDataInput
 693:            50           1600  org.elasticsearch.transport.netty4.ESLoggingHandler
 694:            50           1600  org.elasticsearch.transport.netty4.Netty4MessageChannelHandler
 695:           100           1600  sun.security.ssl.Authenticator$TLS13Authenticator (java.base@15.0.1)
 696:            99           1584  org.elasticsearch.common.settings.Setting$$Lambda$130/0x0000000800bf26a0
 697:            49           1568  org.elasticsearch.index.analysis.PreConfiguredTokenFilter
 698:            65           1560  org.apache.commons.logging.impl.Log4JLogger
 699:            65           1560  org.apache.log4j.Logger
 700:            32           1536  com.sun.org.apache.xerces.internal.impl.dv.xs.DecimalDV$XDecimal (java.xml@15.0.1)
 701:            48           1536  com.sun.org.apache.xerces.internal.impl.xs.traversers.OneAttr (java.xml@15.0.1)
 702:            64           1536  java.util.regex.Pattern$Dollar (java.base@15.0.1)
 703:            24           1536  org.apache.logging.log4j.core.config.LoggerConfig
 704:            48           1536  org.elasticsearch.plugins.SearchPlugin$AggregationSpec
 705:            38           1520  org.antlr.v4.runtime.atn.LoopEndState
 706:             9           1512  org.apache.lucene.codecs.blocktree.SegmentTermsEnumFrame
 707:            47           1504  com.sun.org.apache.xerces.internal.util.SymbolHash (java.xml@15.0.1)
 708:            94           1504  org.elasticsearch.common.settings.Setting$$Lambda$129/0x0000000800bf2458
 709:            62           1496  [Ljava.time.format.DateTimeFormatter; (java.base@15.0.1)
 710:            31           1488  java.lang.invoke.BoundMethodHandle$Species_LLLL (java.base@15.0.1)
 711:            31           1488  java.util.concurrent.ThreadPoolExecutor$Worker (java.base@15.0.1)
 712:            62           1488  org.elasticsearch.common.util.concurrent.ThreadContext$ContextPreservingRunnable
 713:            62           1488  org.elasticsearch.index.Index
 714:            62           1488  org.elasticsearch.xpack.core.security.authz.privilege.ActionClusterPrivilege
 715:            37           1480  java.math.BigDecimal (java.base@15.0.1)
 716:            46           1472  org.elasticsearch.geometry.utils.WellKnownText
 717:            46           1472  org.elasticsearch.index.analysis.PreBuiltAnalyzerProviderFactory
 718:             1           1464  [Ljava.lang.Character$UnicodeBlock; (java.base@15.0.1)
 719:            11           1464  [Ljava.lang.ClassValue$Entry; (java.base@15.0.1)
 720:            61           1464  org.apache.logging.log4j.MarkerManager$Log4jMarker
 721:            91           1456  org.elasticsearch.common.settings.Setting$$Lambda$32/0x0000000800bb25b8
 722:             7           1448  [Lorg.apache.lucene.analysis.pt.RSLPStemmerBase$Rule;
 723:            30           1440  com.fasterxml.jackson.databind.introspect.BasicBeanDescription
 724:            60           1440  java.lang.module.ResolvedModule (java.base@15.0.1)
 725:            36           1440  java.time.format.DateTimeFormatterBuilder$FractionPrinterParser (java.base@15.0.1)
 726:            60           1440  jdk.internal.module.SystemModuleFinders$2 (java.base@15.0.1)
 727:            60           1440  jdk.internal.module.SystemModuleFinders$SystemModuleReader (java.base@15.0.1)
 728:            45           1440  org.apache.lucene.store.ByteBufferGuard
 729:            30           1440  org.elasticsearch.index.mapper.DocumentMapper
 730:            30           1440  org.elasticsearch.index.mapper.SourceFieldMapper
 731:            15           1440  org.elasticsearch.painless.Compiler$Loader
 732:            45           1440  org.owasp.html.ElementAndAttributePolicies
 733:            59           1432  [Lcom.fasterxml.jackson.databind.JavaType;
 734:            44           1408  javax.crypto.Cipher$Transform (java.base@15.0.1)
 735:            44           1408  org.apache.lucene.analysis.pt.RSLPStemmerBase$RuleWithSetExceptions
 736:            88           1408  org.elasticsearch.common.settings.Setting$$Lambda$149/0x0000000800bf6368
 737:            88           1408  org.elasticsearch.common.settings.Setting$$Lambda$150/0x0000000800bf65b0
 738:            88           1408  org.elasticsearch.common.settings.Setting$$Lambda$26/0x0000000800bb1818
 739:            22           1408  sun.security.ssl.SignatureScheme (java.base@15.0.1)
 740:            36           1400  [Lorg.elasticsearch.common.settings.Setting;
 741:            25           1400  sun.util.calendar.ZoneInfo (java.base@15.0.1)
 742:            15           1392  [Ljava.lang.Byte; (java.base@15.0.1)
 743:            29           1392  java.util.logging.LogManager$LoggerWeakRef (java.logging@15.0.1)
 744:            58           1392  sun.nio.ch.NativeThreadSet (java.base@15.0.1)
 745:            41           1376  [Ljava.math.BigInteger; (java.base@15.0.1)
 746:             1           1376  [Ljdk.internal.math.FDBigInteger; (java.base@15.0.1)
 747:            86           1376  org.elasticsearch.action.ActionListener$$Lambda$641/0x0000000800ea8f28
 748:            86           1376  org.elasticsearch.action.ActionListener$$Lambda$642/0x0000000800ea9150
 749:             1           1368  [Lsun.security.ssl.CipherSuite; (java.base@15.0.1)
 750:            57           1368  com.fasterxml.jackson.core.sym.CharsToNameCanonicalizer$Bucket
 751:            42           1344  io.netty.util.internal.LongAdderCounter
 752:            28           1344  org.antlr.v4.runtime.atn.StarBlockStartState
 753:            28           1344  org.antlr.v4.runtime.atn.StarLoopEntryState
 754:            56           1344  org.apache.logging.log4j.core.pattern.PatternFormatter
 755:            55           1320  java.util.regex.Pattern$Bound (java.base@15.0.1)
 756:            33           1320  org.elasticsearch.common.settings.SecureSetting$SecureStringSetting
 757:            15           1320  org.elasticsearch.index.SearchSlowLog
 758:            81           1296  io.netty.channel.VoidChannelPromise$1
 759:            81           1296  io.netty.channel.nio.AbstractNioChannel$1
 760:            54           1296  java.lang.module.ModuleDescriptor$Provides (java.base@15.0.1)
 761:            54           1296  org.elasticsearch.plugins.SearchPlugin$QuerySpec
 762:            27           1296  org.elasticsearch.script.ScriptCache
 763:            81           1296  org.elasticsearch.transport.netty4.Netty4TcpChannel$$Lambda$4538/0x00000008018a6960
 764:            23           1288  org.apache.lucene.codecs.lucene80.Lucene80DocValuesProducer
 765:            40           1280  com.fasterxml.jackson.databind.introspect.POJOPropertyBuilder$Linked
 766:            80           1280  io.netty.channel.DefaultMaxMessagesRecvByteBufAllocator$MaxMessageHandle$1
 767:            40           1280  java.lang.invoke.MethodHandles$Lookup (java.base@15.0.1)
 768:            32           1280  java.lang.invoke.VarHandleReferences$FieldInstanceReadWrite (java.base@15.0.1)
 769:            32           1280  java.util.regex.Pattern$Loop (java.base@15.0.1)
 770:            53           1272  [Lorg.elasticsearch.index.fielddata.IndexFieldDataCache$Listener;
 771:            41           1264  [Lcom.sun.org.apache.xerces.internal.impl.xs.traversers.OneAttr; (java.xml@15.0.1)
 772:             8           1264  [Ljava.lang.Integer; (java.base@15.0.1)
 773:            79           1264  java.util.TreeMap$Values (java.base@15.0.1)
 774:            52           1248  [Lio.netty.util.concurrent.GenericFutureListener;
 775:            78           1248  io.netty.channel.nio.AbstractNioByteChannel$1
 776:            52           1248  io.netty.util.concurrent.DefaultFutureListeners
 777:            78           1248  sun.security.ssl.HandshakeHash$CacheOnlyHash (java.base@15.0.1)
 778:            10           1224  [Ljava.util.concurrent.RunnableScheduledFuture; (java.base@15.0.1)
 779:            51           1224  java.lang.NamedPackage (java.base@15.0.1)
 780:            38           1216  com.fasterxml.jackson.databind.introspect.AnnotatedField
 781:            19           1216  org.apache.lucene.index.SegmentCoreReaders
 782:            38           1216  sun.security.x509.URIName (java.base@15.0.1)
 783:            30           1200  java.time.temporal.ChronoField (java.base@15.0.1)
 784:            50           1200  org.elasticsearch.action.support.ThreadedActionListener$Wrapper
 785:            50           1200  org.elasticsearch.client.support.AbstractClient$Admin
 786:            30           1200  org.elasticsearch.index.mapper.FieldNamesFieldMapper
 787:            30           1200  org.elasticsearch.index.mapper.FieldNamesFieldMapper$FieldNamesFieldType
 788:            30           1200  org.elasticsearch.index.mapper.IdFieldMapper$IdFieldType
 789:            30           1200  org.elasticsearch.index.mapper.Mapper$TypeParser$ParserContext
 790:            30           1200  org.elasticsearch.index.mapper.Mapping
 791:            30           1200  org.elasticsearch.index.mapper.MappingLookup
 792:            30           1200  org.elasticsearch.index.mapper.RoutingFieldMapper
 793:            30           1200  org.elasticsearch.index.mapper.SourceFieldMapper$SourceFieldType
 794:            30           1200  org.elasticsearch.index.mapper.TypeFieldMapper$TypeFieldType
 795:            30           1200  org.elasticsearch.index.seqno.RetentionLease
 796:            15           1200  org.elasticsearch.index.translog.Translog
 797:            50           1200  org.elasticsearch.transport.TcpChannel$ChannelStats
 798:            30           1200  org.elasticsearch.xpack.datastreams.mapper.DataStreamTimestampFieldMapper
 799:            30           1200  org.elasticsearch.xpack.datastreams.mapper.DataStreamTimestampFieldMapper$TimestampFieldType
 800:            37           1184  java.util.logging.LogManager$LogNode (java.logging@15.0.1)
 801:            74           1184  org.elasticsearch.common.cache.Cache$$Lambda$434/0x0000000800da68b8
 802:            37           1184  org.elasticsearch.license.XPackLicenseState$Feature
 803:            37           1184  sun.nio.fs.NativeBuffer (java.base@15.0.1)
 804:            74           1184  sun.security.x509.GeneralName (java.base@15.0.1)
 805:            49           1176  sun.security.jca.ServiceId (java.base@15.0.1)
 806:            73           1168  jdk.internal.reflect.BootstrapConstructorAccessorImpl (java.base@15.0.1)
 807:            29           1160  org.elasticsearch.client.OriginSettingClient
 808:            12           1152  com.fasterxml.jackson.databind.deser.BeanDeserializer
 809:             8           1152  io.netty.buffer.PoolArena$HeapArena
 810:            36           1152  jdk.internal.reflect.UnsafeObjectFieldAccessorImpl (java.base@15.0.1)
 811:            16           1152  org.apache.lucene.index.DocumentsWriterDeleteQueue
 812:            24           1152  sun.nio.cs.US_ASCII$Encoder (java.base@15.0.1)
 813:            70           1120  com.sun.proxy.$Proxy1
 814:            28           1120  io.netty.handler.codec.http.HttpObjectAggregator
 815:            35           1120  java.security.UnresolvedPermission (java.base@15.0.1)
 816:             4           1120  java.util.concurrent.ConcurrentHashMap$CounterCell (java.base@15.0.1)
 817:            70           1120  java.util.concurrent.Semaphore (java.base@15.0.1)
 818:            28           1120  org.antlr.v4.runtime.atn.StarLoopbackState
 819:            35           1120  org.apache.lucene.codecs.lucene50.Lucene50TermVectorsFormat
 820:            28           1120  org.apache.lucene.index.FieldInfos
 821:            20           1120  org.apache.lucene.index.ReadersAndUpdates
 822:            28           1120  org.elasticsearch.threadpool.ThreadPool$Info
 823:            23           1104  org.apache.lucene.codecs.lucene80.Lucene80NormsProducer$NormsEntry
 824:            46           1104  org.elasticsearch.rest.RestStatus
 825:            34           1088  sun.security.ssl.Alert (java.base@15.0.1)
 826:             2           1080  [Lsun.security.util.KnownOIDs; (java.base@15.0.1)
 827:            15           1080  org.apache.lucene.analysis.miscellaneous.FingerprintFilter
 828:            15           1080  org.apache.lucene.index.StandardDirectoryReader
 829:            15           1080  org.elasticsearch.index.mapper.MapperService
 830:            15           1080  org.elasticsearch.index.translog.Checkpoint
 831:            27           1080  org.elasticsearch.painless.lookup.PainlessLookup
 832:            27           1080  org.elasticsearch.script.ScriptContext
 833:            15           1080  sun.security.ssl.SSLCipher (java.base@15.0.1)
 834:            44           1072  [Lorg.antlr.v4.runtime.atn.ATNConfig;
 835:             2           1056  [Ljava.util.TimerTask; (java.base@15.0.1)
 836:            44           1056  com.fasterxml.jackson.databind.PropertyName
 837:            33           1056  java.nio.DirectByteBuffer$Deallocator (java.base@15.0.1)
 838:            33           1056  org.objectweb.asm.Type
 839:             1           1040  [Ljava.lang.Long; (java.base@15.0.1)
 840:             1           1040  [Ljava.lang.Short; (java.base@15.0.1)
 841:            13           1040  com.fasterxml.jackson.databind.deser.std.StdValueInstantiator
 842:            13           1040  com.sun.jna.Structure$FFIType
 843:            43           1032  com.sun.activation.registries.MimeTypeEntry
 844:            43           1032  org.elasticsearch.common.geo.GeoJson
 845:            43           1032  org.elasticsearch.common.geo.GeometryParser
 846:            43           1032  org.elasticsearch.common.util.concurrent.EsExecutors$EsThreadFactory
 847:            32           1024  com.fasterxml.jackson.databind.type.TypeBindings
 848:            32           1024  io.netty.handler.codec.CodecOutputList
 849:            32           1024  org.joda.time.format.DateTimeFormatterBuilder$PaddedNumber
 850:             6           1016  [[Ljava.lang.String; (java.base@15.0.1)
 851:            42           1008  org.elasticsearch.indices.IndicesRequestCache$Key
 852:            18           1008  sun.security.ec.SunEC$ProviderServiceA (jdk.crypto.ec@15.0.1)
 853:            25           1000  org.elasticsearch.common.util.concurrent.BaseFuture$Sync
 854:            31            992  java.lang.invoke.VarHandle$AccessMode (java.base@15.0.1)
 855:            62            992  java.util.TreeSet (java.base@15.0.1)
 856:            31            992  org.apache.logging.log4j.core.pattern.LiteralPatternConverter
 857:            31            992  org.elasticsearch.index.engine.LiveVersionMap$VersionLookup
 858:            31            992  sun.reflect.annotation.AnnotationType (java.base@15.0.1)
 859:            41            984  java.time.format.DateTimeFormatterBuilder$OffsetIdPrinterParser (java.base@15.0.1)
 860:            41            984  org.antlr.v4.runtime.atn.SetTransition
 861:            42            968  [Lsun.security.ssl.ProtocolVersion; (java.base@15.0.1)
 862:            24            960  java.lang.invoke.BoundMethodHandle$Species_LLL (java.base@15.0.1)
 863:            30            960  java.security.Provider$EngineDescription (java.base@15.0.1)
 864:            15            960  java.security.SecureRandom (java.base@15.0.1)
 865:            24            960  org.elasticsearch.cluster.metadata.IndexTemplateMetadata
 866:            15            960  org.elasticsearch.cluster.routing.IndexShardRoutingTable
 867:            15            960  org.elasticsearch.common.lucene.index.ElasticsearchDirectoryReader
 868:            15            960  org.elasticsearch.index.IndexingSlowLog
 869:            30            960  org.elasticsearch.index.analysis.FieldNameAnalyzer
 870:            30            960  org.elasticsearch.index.mapper.FieldTypeLookup
 871:            30            960  org.elasticsearch.index.mapper.IdFieldMapper
 872:            30            960  org.elasticsearch.index.mapper.IgnoredFieldMapper
 873:            30            960  org.elasticsearch.index.mapper.IndexFieldMapper
 874:            30            960  org.elasticsearch.index.mapper.RankFeatureMetaFieldMapper
 875:            30            960  org.elasticsearch.index.mapper.SeqNoFieldMapper
 876:            30            960  org.elasticsearch.index.mapper.TypeFieldMapper
 877:            30            960  org.elasticsearch.index.mapper.VersionFieldMapper
 878:            15            960  org.elasticsearch.index.shard.RefreshListeners
 879:            30            960  org.elasticsearch.index.translog.Translog$Location
 880:            15            960  org.elasticsearch.indices.recovery.RecoveryState$Index
 881:            15            960  org.elasticsearch.indices.recovery.RecoveryState$Translog
 882:            20            960  org.elasticsearch.rest.action.RestCancellableNodeClient
 883:            60            960  org.elasticsearch.threadpool.ScheduledCancellableAdapter
 884:            40            960  sun.security.util.LazyCodeSourcePermissionCollection (java.base@15.0.1)
 885:            17            952  org.elasticsearch.painless.DefBootstrap$PIC
 886:            59            944  org.elasticsearch.indices.analysis.PreBuiltCacheFactory$PreBuiltCacheStrategyOne
 887:            59            944  sun.nio.ch.FileDispatcherImpl (java.base@15.0.1)
 888:            39            936  java.net.NetPermission (java.base@15.0.1)
 889:            35            928  [Lorg.elasticsearch.xpack.core.security.authz.RoleDescriptor$IndicesPrivileges;
 890:            29            928  java.util.PriorityQueue (java.base@15.0.1)
 891:            58            928  jdk.internal.module.SystemModuleFinders$3 (java.base@15.0.1)
 892:            58            928  sun.nio.ch.FileChannelImpl$Closer (java.base@15.0.1)
 893:            23            920  org.elasticsearch.common.settings.Setting$1
 894:            23            920  org.elasticsearch.xpack.core.security.authz.permission.IndicesPermission$Group
 895:            23            920  org.joda.time.chrono.ZonedChronology$ZonedDateTimeField
 896:            38            912  java.time.format.DateTimeFormatterBuilder$ZoneIdPrinterParser (java.base@15.0.1)
 897:            38            912  org.apache.lucene.analysis.lv.LatvianStemmer$Affix
 898:            57            912  org.apache.lucene.index.IndexReader$CacheKey
 899:            19            912  org.apache.lucene.index.PendingSoftDeletes
 900:            19            912  org.elasticsearch.common.settings.IndexScopedSettings
 901:            19            912  sun.nio.cs.UTF_8$Encoder (java.base@15.0.1)
 902:            28            896  com.fasterxml.jackson.databind.DeserializationFeature
 903:            28            896  io.netty.channel.ChannelOption
 904:            28            896  io.netty.handler.codec.http.HttpContentDecompressor
 905:            28            896  io.netty.handler.codec.http.HttpObjectDecoder$LineParser
 906:            28            896  io.netty.handler.codec.http.HttpResponseEncoder
 907:            56            896  org.apache.lucene.analysis.Analyzer$TokenStreamComponents$$Lambda$5333/0x0000000801b0e080
 908:            16            896  org.apache.lucene.index.BufferedUpdates
 909:            16            896  org.apache.lucene.index.DocumentsWriter
 910:            16            896  org.apache.lucene.index.IndexFileDeleter
 911:            16            896  org.apache.lucene.index.ReaderPool
 912:            28            896  org.elasticsearch.common.util.concurrent.ThreadContext$ContextPreservingAbstractRunnable
 913:            28            896  org.elasticsearch.http.HttpPipeliningAggregator
 914:            28            896  org.elasticsearch.xpack.core.template.IndexTemplateConfig
 915:            16            896  sun.security.ec.SunEC$ProviderService (jdk.crypto.ec@15.0.1)
 916:            56            896  sun.security.ssl.Authenticator$TLS10Authenticator (java.base@15.0.1)
 917:            37            888  sun.nio.fs.NativeBuffer$Deallocator (java.base@15.0.1)
 918:            22            880  java.lang.ref.Finalizer (java.base@15.0.1)
 919:            55            880  java.util.IdentityHashMap$KeySet (java.base@15.0.1)
 920:            10            880  org.apache.lucene.codecs.lucene84.Lucene84PostingsFormat$IntBlockTermState
 921:            11            880  org.apache.lucene.util.fst.FST$Arc
 922:            27            864  com.fasterxml.jackson.databind.MapperFeature
 923:            36            864  com.sun.org.apache.xerces.internal.impl.xs.traversers.SmallContainer (java.xml@15.0.1)
 924:            36            864  java.lang.ProcessEnvironment$Value (java.base@15.0.1)
 925:            36            864  java.lang.ProcessEnvironment$Variable (java.base@15.0.1)
 926:            36            864  java.util.regex.Pattern$$Lambda$247/0x0000000800c9dc10 (java.base@15.0.1)
 927:            27            864  org.elasticsearch.script.ScriptCache$TokenBucketState
 928:            54            864  org.elasticsearch.search.SearchModule$$Lambda$1644/0x0000000801143168
 929:            36            864  org.elasticsearch.search.aggregations.support.ValuesSourceRegistry$RegistryKey
 930:            54            864  org.elasticsearch.xpack.ql.expression.function.FunctionRegistry$$Lambda$3178/0x00000008015ccc58
 931:            27            864  sun.security.provider.PolicyFile (java.base@15.0.1)
 932:            27            864  sun.security.provider.PolicyFile$PolicyInfo (java.base@15.0.1)
 933:             9            864  sun.util.calendar.Gregorian$Date (java.base@15.0.1)
 934:            28            856  [Ljava.io.ObjectStreamField; (java.base@15.0.1)
 935:            15            840  com.carrotsearch.hppc.ObjectIntHashMap
 936:            15            840  com.carrotsearch.hppc.ObjectLongHashMap
 937:            35            840  org.antlr.v4.runtime.misc.IntervalSet
 938:            15            840  org.apache.lucene.analysis.miscellaneous.ASCIIFoldingFilter
 939:            15            840  org.elasticsearch.index.engine.CombinedDeletionPolicy
 940:            15            840  org.elasticsearch.indices.recovery.RecoveryState
 941:            15            840  org.elasticsearch.indices.recovery.RecoveryState$VerifyIndex
 942:            21            840  sun.security.ec.ECPublicKeyImpl (jdk.crypto.ec@15.0.1)
 943:            21            840  sun.security.ssl.SSLHandshake (java.base@15.0.1)
 944:            26            832  java.security.Policy$PolicyDelegate (java.base@15.0.1)
 945:             6            816  io.netty.util.internal.InternalThreadLocalMap
 946:            34            816  org.apache.lucene.codecs.lucene84.Lucene84PostingsFormat
 947:            51            816  sun.security.x509.GeneralNames (java.base@15.0.1)
 948:            50            800  com.sun.proxy.$Proxy2
 949:            25            800  java.nio.file.attribute.FileTime (java.base@15.0.1)
 950:            25            800  java.security.cert.PolicyQualifierInfo (java.base@15.0.1)
 951:            25            800  java.util.concurrent.CountDownLatch$Sync (java.base@15.0.1)
 952:            50            800  org.elasticsearch.client.support.AbstractClient$ClusterAdmin
 953:            50            800  org.elasticsearch.client.support.AbstractClient$IndicesAdmin
 954:            25            800  org.elasticsearch.common.settings.Setting$$Lambda$152/0x0000000800bf6c48
 955:            20            800  org.elasticsearch.index.shard.InternalIndexingStats$StatsHolder
 956:            25            800  org.elasticsearch.painless.Operation
 957:            50            800  org.elasticsearch.transport.InboundAggregator$$Lambda$4679/0x00000008018ef488
 958:            50            800  org.elasticsearch.transport.TcpTransport$$Lambda$4672/0x00000008018ee8f0
 959:            50            800  org.elasticsearch.transport.netty4.Netty4MessageChannelHandler$$Lambda$4670/0x00000008018b7470
 960:            50            800  org.elasticsearch.transport.netty4.Netty4MessageChannelHandler$$Lambda$4674/0x00000008018b78c0
 961:            50            800  org.elasticsearch.transport.netty4.Netty4MessageChannelHandler$$Lambda$4676/0x00000008018b7d50
 962:            50            800  org.elasticsearch.transport.netty4.Netty4Transport$$Lambda$4660/0x00000008018b5100
 963:            25            800  sun.security.x509.DistributionPoint (java.base@15.0.1)
 964:            33            792  org.elasticsearch.common.settings.Setting$$Lambda$166/0x0000000800bfab90
 965:            33            792  org.elasticsearch.common.settings.Setting$2
 966:            14            784  com.fasterxml.jackson.databind.introspect.POJOPropertyBuilder
 967:            49            784  java.nio.channels.spi.AbstractInterruptibleChannel$1 (java.base@15.0.1)
 968:            30            776  [Lorg.elasticsearch.index.mapper.DynamicTemplate;
 969:            24            768  com.fasterxml.jackson.databind.SerializationFeature
 970:            16            768  java.util.concurrent.ArrayBlockingQueue (java.base@15.0.1)
 971:            32            768  java.util.regex.Pattern$Prolog (java.base@15.0.1)
 972:            16            768  org.apache.lucene.analysis.snowball.SnowballFilter
 973:            16            768  org.apache.lucene.index.DocumentsWriter$$Lambda$4583/0x00000008018be130
 974:            16            768  org.apache.lucene.index.IndexFileDeleter$CommitPoint
 975:            48            768  org.apache.lucene.util.Counter$AtomicCounter
 976:            32            768  org.elasticsearch.index.analysis.PreConfiguredTokenFilter$2
 977:            24            768  org.elasticsearch.ingest.IngestMetric
 978:            48            768  org.elasticsearch.search.SearchModule$$Lambda$1812/0x000000080118f418
 979:            24            768  sun.security.x509.OIDMap$OIDInfo (java.base@15.0.1)
 980:            19            760  org.apache.lucene.codecs.blocktree.BlockTreeTermsReader
 981:            19            760  org.elasticsearch.common.lucene.index.ElasticsearchLeafReader
 982:            19            760  org.elasticsearch.painless.spi.WhitelistClassBinding
 983:             2            752  java.util.TimerThread (java.base@15.0.1)
 984:            47            752  java.util.concurrent.CopyOnWriteArraySet (java.base@15.0.1)
 985:            31            744  com.fasterxml.jackson.databind.type.TypeBindings$AsKey
 986:            31            744  org.apache.lucene.codecs.lucene87.Lucene87Codec$1
 987:            31            744  org.apache.lucene.codecs.lucene87.Lucene87Codec$2
 988:            31            744  org.elasticsearch.xpack.core.security.authz.permission.IndicesPermission$Group$$Lambda$5123/0x0000000801a240a0
 989:            23            736  [Lsun.nio.fs.NativeBuffer; (java.base@15.0.1)
 990:            23            736  com.fasterxml.jackson.databind.introspect.AnnotatedConstructor
 991:            23            736  java.lang.invoke.MethodHandleNatives$CallSiteContext (java.base@15.0.1)
 992:            23            736  org.apache.lucene.index.SegmentDocValues$1
 993:            46            736  org.elasticsearch.geometry.utils.StandardValidator
 994:            46            736  org.elasticsearch.index.analysis.PreBuiltAnalyzerProvider
 995:            23            736  org.joda.time.DateTimeFieldType$StandardDateTimeFieldType
 996:            46            736  sun.security.util.ECParameters (java.base@15.0.1)
 997:            13            728  com.fasterxml.jackson.databind.type.CollectionType
 998:            13            728  com.fasterxml.jackson.databind.type.MapType
 999:            13            728  java.util.logging.Logger (java.logging@15.0.1)
1000:            13            728  org.jcp.xml.dsig.internal.dom.XMLDSigRI$ProviderService (java.xml.crypto@15.0.1)
1001:            15            720  java.util.Currency$SpecialCaseEntry (java.base@15.0.1)
1002:            18            720  java.util.concurrent.atomic.LongAccumulator (java.base@15.0.1)
1003:            18            720  jdk.internal.math.FloatingDecimal$BinaryToASCIIBuffer (java.base@15.0.1)
1004:            10            720  org.apache.logging.log4j.core.util.datetime.FixedDateFormat
1005:            15            720  org.apache.logging.log4j.core.util.datetime.FixedDateFormat$FixedFormat
1006:            15            720  org.apache.lucene.index.CompositeReaderContext
1007:            15            720  org.apache.lucene.index.SoftDeletesRetentionMergePolicy
1008:            30            720  org.elasticsearch.cluster.routing.AllocationId
1009:            30            720  org.elasticsearch.common.text.Text
1010:            30            720  org.elasticsearch.common.util.concurrent.KeyedLock
1011:            30            720  org.elasticsearch.common.xcontent.ObjectParser$ValueType
1012:            15            720  org.elasticsearch.index.IndexService$AsyncGlobalCheckpointTask
1013:            15            720  org.elasticsearch.index.IndexService$AsyncRefreshTask
1014:            15            720  org.elasticsearch.index.IndexService$AsyncRetentionLeaseSyncTask
1015:            15            720  org.elasticsearch.index.IndexService$AsyncTrimTranslogTask
1016:            30            720  org.elasticsearch.index.engine.LiveVersionMap$Maps
1017:            15            720  org.elasticsearch.index.engine.SoftDeletesPolicy
1018:            15            720  org.elasticsearch.index.fielddata.IndexFieldDataService
1019:            15            720  org.elasticsearch.index.get.ShardGetService
1020:            15            720  org.elasticsearch.index.mapper.DocumentMapperParser
1021:            30            720  org.elasticsearch.index.mapper.DocumentParser
1022:            30            720  org.elasticsearch.index.mapper.DynamicKeyFieldTypeLookup
1023:            15            720  org.elasticsearch.index.search.stats.ShardSearchStats$StatsHolder
1024:            30            720  org.elasticsearch.index.shard.ShardId
1025:            15            720  org.elasticsearch.index.store.Store
1026:            15            720  org.elasticsearch.index.translog.TranslogDeletionPolicy
1027:            15            720  org.elasticsearch.indices.recovery.RecoveryState$Timer
1028:            30            720  org.elasticsearch.script.ScriptCache$CompilationRate
1029:            18            720  org.elasticsearch.xpack.flattened.mapper.FlatObjectFieldMapper$RootFlatObjectFieldType
1030:            15            720  org.elasticsearch.xpack.security.authz.accesscontrol.OptOutQueryCache
1031:            15            720  org.jcodings.util.CaseInsensitiveBytesHash$CaseInsensitiveBytesHashEntry
1032:             8            704  io.netty.buffer.PoolChunk
1033:            22            704  org.elasticsearch.xpack.core.security.SecurityContext
1034:            22            704  sun.reflect.generics.tree.MethodTypeSignature (java.base@15.0.1)
1035:            22            704  sun.security.util.MemoryCache (java.base@15.0.1)
1036:            44            704  sun.security.x509.DNSName (java.base@15.0.1)
1037:            29            696  com.sun.org.apache.xerces.internal.util.SymbolTable$Entry (java.xml@15.0.1)
1038:            17            680  java.lang.invoke.BoundMethodHandle$Species_LJ (java.base@15.0.1)
1039:            17            680  org.elasticsearch.common.util.concurrent.ThreadContext$ThreadContextStruct
1040:            17            680  org.elasticsearch.index.EsTieredMergePolicy
1041:            17            680  org.elasticsearch.indices.recovery.RecoveriesCollection$RecoveryMonitor
1042:            17            680  sun.nio.ch.FileLockImpl (java.base@15.0.1)
1043:            16            672  [Ljava.lang.invoke.MethodType; (java.base@15.0.1)
1044:            28            672  com.amazonaws.util.AWSRequestMetrics$Field
1045:            28            672  io.netty.handler.codec.MessageToMessageCodec$1
1046:            28            672  io.netty.handler.codec.MessageToMessageCodec$2
1047:            28            672  io.netty.handler.codec.http.HttpObjectDecoder$HeaderParser
1048:            28            672  io.netty.util.internal.AppendableCharSequence
1049:            14            672  java.util.Hashtable (java.base@15.0.1)
1050:            42            672  java.util.ImmutableCollections$ListN (java.base@15.0.1)
1051:            12            672  java.util.Properties (java.base@15.0.1)
1052:            28            672  java.util.regex.Pattern$$Lambda$245/0x0000000800c9d728 (java.base@15.0.1)
1053:            28            672  org.elasticsearch.http.AbstractHttpServerTransport$$Lambda$4932/0x0000000801995518
1054:            28            672  org.elasticsearch.http.netty4.Netty4HttpChannel
1055:            28            672  org.elasticsearch.http.netty4.Netty4HttpPipeliningHandler
1056:            42            672  org.elasticsearch.index.mapper.GeoPointFieldMapper$Builder$$Lambda$5473/0x0000000801b3e748
1057:            42            672  org.elasticsearch.index.mapper.GeoPointFieldMapper$GeoPointIndexer
1058:            42            672  org.elasticsearch.index.query.VectorGeoPointShapeQueryProcessor
1059:            42            672  org.elasticsearch.indices.IndicesService$IndexShardCacheEntity
1060:            28            672  org.elasticsearch.threadpool.ThreadPool$ExecutorHolder
1061:            28            672  org.elasticsearch.xpack.core.security.authc.RealmSettings$$Lambda$673/0x0000000800e9c938
1062:            42            672  org.elasticsearch.xpack.core.security.authc.RealmSettings$$Lambda$685/0x0000000800e9ee68
1063:            28            672  org.elasticsearch.xpack.core.security.authz.privilege.IndexPrivilege
1064:            20            656  [Lorg.elasticsearch.xpack.ql.rule.Rule;
1065:            27            648  [Ljdk.internal.access.JavaSecurityAccess$ProtectionDomainCache; (java.base@15.0.1)
1066:            27            648  java.security.ProtectionDomain$JavaSecurityAccessImpl$1 (java.base@15.0.1)
1067:            27            648  java.time.Duration (java.base@15.0.1)
1068:             9            648  java.util.ResourceBundle$CacheKey (java.base@15.0.1)
1069:            27            648  org.apache.lucene.index.FieldInfos$FieldDimensions
1070:            27            648  org.elasticsearch.painless.Compiler
1071:            27            648  org.elasticsearch.script.ScriptMetrics
1072:            27            648  org.elasticsearch.script.ScriptService$$Lambda$1309/0x0000000801089fc0
1073:            27            648  org.joni.constants.internal.TokenType
1074:             8            640  [Lio.netty.handler.codec.DefaultHeaders$HeaderEntry;
1075:            10            640  java.lang.ClassValue$ClassValueMap (java.base@15.0.1)
1076:            16            640  org.apache.lucene.index.BufferedUpdatesStream
1077:            16            640  org.apache.lucene.index.FieldInfos$FieldNumbers
1078:            20            640  org.apache.lucene.index.PendingDeletes
1079:            40            640  org.elasticsearch.indices.analysis.PreBuiltCacheFactory$PreBuiltCacheStrategyLucene
1080:            20            640  org.elasticsearch.xpack.ql.rule.RuleExecutor$Batch
1081:             3            624  [Ljava.lang.invoke.LambdaForm; (java.base@15.0.1)
1082:            13            624  com.fasterxml.jackson.core.JsonToken
1083:            26            624  com.fasterxml.jackson.core.util.BufferRecycler
1084:            39            624  com.sun.proxy.$Proxy16
1085:            26            624  java.security.spec.ECFieldF2m (java.base@15.0.1)
1086:            13            624  java.util.concurrent.locks.ReentrantReadWriteLock$FairSync (java.base@15.0.1)
1087:             6            624  org.apache.logging.log4j.core.impl.MutableLogEvent
1088:            26            624  org.elasticsearch.cluster.routing.IndexShardRoutingTable$AttributesRoutings
1089:            39            624  org.elasticsearch.index.analysis.PreBuiltAnalyzerProviderFactory$$Lambda$1190/0x000000080100f948
1090:             7            616  com.fasterxml.jackson.databind.deser.CreatorProperty
1091:            11            616  java.lang.invoke.BoundMethodHandle$Species_LLLLLLL (java.base@15.0.1)
1092:             7            616  org.elasticsearch.painless.lookup.PainlessLookupBuilder$BridgeLoader
1093:            11            616  sun.security.jca.ProviderList$ServiceList (java.base@15.0.1)
1094:             2            608  [[Lorg.antlr.v4.runtime.atn.ATNConfig;
1095:            19            608  org.apache.lucene.codecs.lucene84.Lucene84PostingsReader
1096:            19            608  org.apache.lucene.codecs.lucene86.Lucene86PointsReader
1097:            19            608  org.apache.lucene.index.SegmentCoreReaders$1
1098:            19            608  org.apache.lucene.index.SegmentCoreReaders$2
1099:            19            608  org.apache.lucene.index.SegmentReadState
1100:            38            608  org.elasticsearch.index.analysis.PreConfiguredTokenFilter$$Lambda$1123/0x000000080100ddf8
1101:            19            608  org.elasticsearch.painless.lookup.PainlessClassBinding
1102:            19            608  org.elasticsearch.plugins.SearchPlugin$PipelineAggregationSpec
1103:            19            608  sun.security.x509.CertificatePoliciesExtension (java.base@15.0.1)
1104:             1            600  [Lorg.owasp.html.HtmlElementTables$FreeWrapper;
1105:             1            600  [[[I (java.base@15.0.1)
1106:            25            600  java.lang.StringCoding$Result (java.base@15.0.1)
1107:            25            600  java.time.LocalTime (java.base@15.0.1)
1108:            25            600  org.apache.commons.logging.impl.Log4JLogger
1109:            25            600  org.apache.log4j.Logger
1110:            15            600  org.apache.lucene.store.MMapDirectory
1111:            25            600  org.apache.lucene.util.FixedBitSet
1112:            15            600  org.elasticsearch.analysis.common.FingerprintAnalyzer
1113:            15            600  org.elasticsearch.index.cache.bitset.BitsetFilterCache
1114:            15            600  org.elasticsearch.index.engine.InternalEngine$ExternalReaderManager
1115:            15            600  org.elasticsearch.index.engine.PrunePostingsMergePolicy
1116:            15            600  org.elasticsearch.index.engine.RecoverySourcePruneMergePolicy
1117:            15            600  org.elasticsearch.index.shard.ElasticsearchMergePolicy
1118:            15            600  org.elasticsearch.index.shard.GlobalCheckpointListeners
1119:            15            600  org.elasticsearch.index.shard.IndexShard$5
1120:            15            600  org.elasticsearch.index.shard.IndexShardOperationPermits
1121:            15            600  org.elasticsearch.index.store.ByteSizeCachingDirectory
1122:            15            600  org.elasticsearch.index.store.ByteSizeCachingDirectory$1
1123:            15            600  org.elasticsearch.index.store.FsDirectoryFactory$HybridDirectory
1124:            15            600  org.elasticsearch.painless.symbol.FunctionTable$LocalFunction
1125:            37            592  org.elasticsearch.common.xcontent.ObjectParser$$Lambda$548/0x0000000800e6d980
1126:             2            576  [Ljava.lang.Character; (java.base@15.0.1)
1127:            22            576  [Lsun.reflect.generics.tree.TypeSignature; (java.base@15.0.1)
1128:            24            576  com.amazonaws.event.ProgressEventType
1129:            12            576  com.fasterxml.jackson.databind.deser.impl.BeanPropertyMap
1130:            24            576  com.sun.org.apache.xerces.internal.util.XMLStringBuffer (java.xml@15.0.1)
1131:            18            576  java.lang.ClassValue$Entry (java.base@15.0.1)
1132:            12            576  java.lang.invoke.BoundMethodHandle$SpeciesData (java.base@15.0.1)
1133:            18            576  java.util.ImmutableCollections$MapN (java.base@15.0.1)
1134:            18            576  java.util.ResourceBundle$KeyElementReference (java.base@15.0.1)
1135:            24            576  java.util.function.Predicate$$Lambda$5269/0x0000000801ace800 (java.base@15.0.1)
1136:            18            576  org.apache.logging.log4j.core.config.AwaitCompletionReliabilityStrategy
1137:            24            576  org.elasticsearch.common.settings.Setting$$Lambda$134/0x0000000800bf2fc8
1138:            24            576  org.elasticsearch.transport.TcpTransport$$Lambda$4693/0x0000000801902438
1139:            24            576  sun.nio.ch.Util$BufferCache (java.base@15.0.1)
1140:            24            576  sun.nio.cs.Surrogate$Parser (java.base@15.0.1)
1141:             9            576  sun.security.provider.SHA2$SHA256 (java.base@15.0.1)
1142:            18            576  sun.security.x509.CRLDistributionPointsExtension (java.base@15.0.1)
1143:            20            568  [Lcom.fasterxml.jackson.databind.deser.SettableBeanProperty;
1144:            17            560  [Ljava.lang.invoke.LambdaFormEditor$Transform; (java.base@15.0.1)
1145:             1            560  [Lorg.elasticsearch.ElasticsearchException$ElasticsearchExceptionHandle;
1146:            35            560  java.util.concurrent.ConcurrentHashMap$EntrySetView (java.base@15.0.1)
1147:             7            560  java.util.concurrent.TimeUnit (java.base@15.0.1)
1148:            14            560  java.util.logging.Logger$ConfigurationData (java.logging@15.0.1)
1149:            35            560  org.apache.lucene.codecs.lucene50.Lucene50CompoundFormat
1150:            35            560  org.apache.lucene.codecs.lucene50.Lucene50LiveDocsFormat
1151:            35            560  org.apache.lucene.codecs.lucene60.Lucene60FieldInfosFormat
1152:            14            560  org.elasticsearch.common.settings.Setting$$Lambda$904/0x0000000800fc2288
1153:            14            560  org.elasticsearch.index.mapper.BinaryFieldMapper
1154:            14            560  org.elasticsearch.index.mapper.BinaryFieldMapper$BinaryFieldType
1155:            10            560  sun.invoke.util.Wrapper (java.base@15.0.1)
1156:            14            560  sun.util.locale.provider.LocaleResources$ResourceReference (java.base@15.0.1)
1157:            23            552  org.apache.lucene.codecs.perfield.PerFieldDocValuesFormat$FieldsReader
1158:            23            552  org.apache.lucene.index.SegmentReader$1
1159:            23            552  org.elasticsearch.xpack.ql.expression.function.FunctionRegistry$$Lambda$3183/0x00000008015ce6a0
1160:            23            552  org.yaml.snakeyaml.tokens.Token$ID
1161:            34            544  org.apache.lucene.codecs.lucene80.Lucene80NormsFormat
1162:            17            544  org.apache.lucene.store.NativeFSLockFactory$NativeFSLock
1163:            34            544  org.elasticsearch.common.collect.ImmutableOpenIntMap
1164:            17            544  sun.nio.ch.FileKey (java.base@15.0.1)
1165:            17            544  sun.nio.ch.FileLockTable$FileLockReference (java.base@15.0.1)
1166:            17            544  sun.security.ssl.CipherSuite$KeyExchange (java.base@15.0.1)
1167:             2            536  [Lorg.antlr.v4.runtime.atn.RuleStartState;
1168:             2            536  [Lorg.antlr.v4.runtime.atn.RuleStopState;
1169:            22            528  java.lang.ThreadLocal$SuppliedThreadLocal (java.base@15.0.1)
1170:            33            528  java.util.Comparator$$Lambda$483/0x0000000800e235e8 (java.base@15.0.1)
1171:            33            528  org.apache.lucene.analysis.tokenattributes.KeywordAttributeImpl
1172:            13            520  org.elasticsearch.cluster.metadata.AliasMetadata
1173:             5            520  sun.util.calendar.ImmutableGregorianDate (java.base@15.0.1)
1174:            16            512  java.time.temporal.ChronoUnit (java.base@15.0.1)
1175:            16            512  java.util.concurrent.Semaphore$FairSync (java.base@15.0.1)
1176:            32            512  net.shibboleth.utilities.java.support.collection.LazyMap
1177:            32            512  org.apache.lucene.codecs.lucene86.Lucene86PointsFormat
1178:            32            512  org.apache.lucene.codecs.lucene86.Lucene86SegmentInfoFormat
1179:            16            512  org.apache.lucene.index.BufferedUpdatesStream$FinishedSegments
1180:            16            512  org.apache.lucene.index.DocumentsWriterPerThreadPool
1181:            16            512  org.apache.lucene.index.IndexWriter$EventQueue
1182:            16            512  org.apache.lucene.util.FrequencyTrackingRingBuffer
1183:            16            512  org.elasticsearch.action.admin.indices.stats.CommonStatsFlags$Flag
1184:            32            512  org.elasticsearch.index.mapper.ParametrizedFieldMapper$TypeParser
1185:            16            512  org.elasticsearch.index.seqno.RetentionLeases
1186:            16            512  org.elasticsearch.script.ScriptCache$CacheKey
1187:             7            504  com.fasterxml.jackson.databind.introspect.POJOPropertiesCollector
1188:            21            504  com.sun.org.apache.xerces.internal.xni.XMLString (java.xml@15.0.1)
1189:            21            504  org.apache.lucene.util.CharsRef
1190:            21            504  org.elasticsearch.indices.SystemIndexDescriptor
1191:            21            504  org.elasticsearch.xpack.eql.stats.FeatureMetric
1192:            21            504  org.joda.time.format.DateTimeFormatterBuilder$MatchingParser
1193:            21            504  sun.security.x509.AVAKeyword (java.base@15.0.1)
1194:            21            504  sun.security.x509.PolicyInformation (java.base@15.0.1)
1195:             7            496  [Lsun.invoke.util.Wrapper; (java.base@15.0.1)
1196:            31            496  org.apache.lucene.codecs.lucene87.Lucene87StoredFieldsFormat
1197:            31            496  org.elasticsearch.common.component.Lifecycle
1198:            31            496  org.joda.time.format.DateTimeFormatterBuilder$CharacterLiteral
1199:            19            488  [Lsun.security.ssl.NamedGroup$NamedGroupSpec; (java.base@15.0.1)
1200:            12            480  [Ljava.lang.invoke.BoundMethodHandle$SpeciesData; (java.base@15.0.1)
1201:             3            480  com.sun.org.apache.xerces.internal.impl.xs.SchemaGrammar$BuiltinSchemaGrammar (java.xml@15.0.1)
1202:            12            480  io.netty.handler.codec.DefaultHeaders$HeaderEntry
1203:            20            480  java.lang.StringBuilder (java.base@15.0.1)
1204:            15            480  java.time.temporal.WeekFields$ComputedDayOfField (java.base@15.0.1)
1205:            20            480  java.util.function.Predicate$$Lambda$5587/0x0000000801b496a0 (java.base@15.0.1)
1206:            10            480  org.antlr.v4.runtime.atn.PlusBlockStartState
1207:            12            480  org.apache.logging.log4j.core.config.Node
1208:            15            480  org.apache.lucene.codecs.lucene50.Lucene50CompoundReader
1209:            15            480  org.apache.lucene.document.NumericDocValuesField
1210:            15            480  org.apache.lucene.index.ShuffleForcedMergePolicy
1211:            15            480  org.elasticsearch.action.support.replication.PendingReplicationActions
1212:            12            480  org.elasticsearch.cluster.block.ClusterBlock
1213:            15            480  org.elasticsearch.cluster.routing.IndexRoutingTable
1214:            30            480  org.elasticsearch.cluster.routing.RotationShardShuffler
1215:            15            480  org.elasticsearch.common.compress.DeflateCompressor$ReleasableReference
1216:            30            480  org.elasticsearch.common.settings.Setting$$Lambda$132/0x0000000800bf2b30
1217:            15            480  org.elasticsearch.common.util.concurrent.EsExecutors$ExecutorScalingQueue
1218:            15            480  org.elasticsearch.common.xcontent.ObjectParser$$Lambda$2411/0x0000000801274b68
1219:            15            480  org.elasticsearch.env.NodeEnvironment$1
1220:            15            480  org.elasticsearch.env.NodeEnvironment$InternalShardLock
1221:            15            480  org.elasticsearch.index.cache.IndexCache
1222:            15            480  org.elasticsearch.index.cache.bitset.ShardBitsetFilterCache
1223:            15            480  org.elasticsearch.index.cache.request.ShardRequestCache
1224:            15            480  org.elasticsearch.index.engine.ElasticsearchReaderManager
1225:            15            480  org.elasticsearch.index.engine.Engine$IndexThrottle
1226:            15            480  org.elasticsearch.index.engine.InternalEngine$LastRefreshedCheckpointListener
1227:            15            480  org.elasticsearch.index.engine.LiveVersionMap
1228:            30            480  org.elasticsearch.index.mapper.DocumentMapperParser$$Lambda$5359/0x0000000801b20040
1229:            30            480  org.elasticsearch.index.mapper.DocumentMapperParser$$Lambda$5360/0x0000000801b20288
1230:            30            480  org.elasticsearch.index.mapper.IdFieldMapper$$Lambda$5474/0x0000000801b3ebd0
1231:            15            480  org.elasticsearch.index.seqno.LocalCheckpointTracker
1232:            15            480  org.elasticsearch.index.shard.IndexShard$RefreshMetricUpdater
1233:            15            480  org.elasticsearch.index.shard.ShardPath
1234:            15            480  org.elasticsearch.index.similarity.SimilarityService
1235:            15            480  org.elasticsearch.index.store.ByteSizeCachingDirectory$SizeAndModCount
1236:            15            480  org.elasticsearch.index.translog.TranslogConfig
1237:            15            480  org.elasticsearch.index.translog.TranslogHeader
1238:            15            480  org.elasticsearch.index.warmer.ShardIndexWarmerService
1239:            20            480  org.elasticsearch.rest.action.RestCancellableNodeClient$CloseListener
1240:            15            480  org.elasticsearch.xpack.core.security.authz.accesscontrol.SecurityIndexReaderWrapper
1241:            12            480  org.joni.Syntax
1242:            12            480  sun.reflect.generics.repository.MethodRepository (java.base@15.0.1)
1243:             9            464  [Lorg.elasticsearch.watcher.FileWatcher$FileObserver;
1244:            29            464  org.elasticsearch.common.xcontent.AbstractObjectParser$$Lambda$546/0x0000000800e6cc20
1245:            19            456  org.apache.lucene.codecs.perfield.PerFieldPostingsFormat$FieldsReader
1246:            19            456  org.apache.lucene.index.LeafMetaData
1247:            19            456  org.apache.lucene.index.SegmentCoreReaders$3
1248:            19            456  org.elasticsearch.action.support.IndicesOptions
1249:            19            456  org.elasticsearch.index.engine.RamAccountingRefreshListener$$Lambda$6064/0x0000000801c19588
1250:            14            448  com.fasterxml.jackson.core.JsonParser$Feature
1251:            14            448  com.sun.jna.Structure$FFIType$size_t
1252:             8            448  com.sun.security.sasl.Provider$ProviderService (java.security.sasl@15.0.1)
1253:            28            448  io.netty.handler.timeout.IdleStateHandler$1
1254:             4            448  java.util.GregorianCalendar (java.base@15.0.1)
1255:             7            448  java.util.zip.Deflater (java.base@15.0.1)
1256:            14            448  jdk.internal.reflect.UnsafeBooleanFieldAccessorImpl (java.base@15.0.1)
1257:            14            448  org.apache.lucene.util.packed.BulkOperationPackedSingleBlock
1258:            28            448  org.joda.time.format.InternalParserDateTimeParser
1259:             8            448  sun.management.MemoryPoolImpl (java.management@15.0.1)
1260:            13            440  [Ljava.lang.annotation.ElementType; (java.base@15.0.1)
1261:            11            440  java.lang.OutOfMemoryError (java.base@15.0.1)
1262:            11            440  java.util.EnumMap (java.base@15.0.1)
1263:            11            440  org.elasticsearch.threadpool.Scheduler$ReschedulingRunnable
1264:            11            440  org.joni.Syntax$MetaCharTable
1265:            11            440  sun.util.resources.Bundles$BundleReference (java.base@15.0.1)
1266:             1            432  [[[C (java.base@15.0.1)
1267:            27            432  java.security.spec.ECFieldFp (java.base@15.0.1)
1268:            18            432  java.text.DateFormat$Field (java.base@15.0.1)
1269:             3            432  java.text.DecimalFormat (java.base@15.0.1)
1270:            27            432  net.shibboleth.utilities.java.support.collection.LazySet
1271:            18            432  org.elasticsearch.kibana.KibanaPlugin$KibanaWrappedRestHandler
1272:            27            432  org.elasticsearch.script.ScriptCache$ScriptCacheRemovalListener
1273:             9            432  org.elasticsearch.xpack.flattened.mapper.FlatObjectFieldMapper
1274:             1            424  [Lcom.sun.org.apache.xerces.internal.util.SymbolTable$Entry; (java.xml@15.0.1)
1275:             6            416  [Lio.netty.buffer.PoolThreadCache$MemoryRegionCache;
1276:             2            416  [Lorg.apache.lucene.util.packed.BulkOperation;
1277:             4            416  com.sun.org.apache.xerces.internal.impl.dv.xs.AbstractDateTimeDV$DateTimeData (java.xml@15.0.1)
1278:            26            416  java.security.URIParameter (java.base@15.0.1)
1279:            26            416  org.antlr.v4.runtime.atn.SemanticContext$PrecedencePredicate
1280:            13            416  org.elasticsearch.threadpool.ScalingExecutorBuilder
1281:            26            416  org.elasticsearch.transport.TcpTransport$ChannelsConnectedListener$$Lambda$4720/0x00000008019052a0
1282:            26            416  sun.security.provider.PolicySpiFile (java.base@15.0.1)
1283:             2            408  [Lorg.antlr.v4.runtime.dfa.DFA;
1284:            24            408  [Lorg.apache.logging.log4j.core.config.AppenderControl;
1285:            17            408  com.fasterxml.jackson.dataformat.smile.SmileBufferRecycler
1286:            17            408  org.apache.lucene.search.similarities.BM25Similarity
1287:            17            408  org.elasticsearch.index.MergePolicyConfig
1288:            17            408  org.elasticsearch.index.MergeSchedulerConfig
1289:            17            408  org.elasticsearch.index.analysis.PreConfiguredTokenFilter$1
1290:            17            408  org.opensaml.xmlsec.signature.impl.CryptoBinaryMarshaller
1291:            17            408  org.opensaml.xmlsec.signature.impl.CryptoBinaryUnmarshaller
1292:            17            408  sun.nio.ch.FileLockTable (java.base@15.0.1)
1293:            17            408  sun.nio.ch.OptionKey (java.base@15.0.1)
1294:            17            408  sun.nio.ch.SocketOptionRegistry$RegistryKey (java.base@15.0.1)
1295:             2            400  [Lorg.elasticsearch.rest.RestStatus;
1296:            10            400  com.sun.org.apache.xerces.internal.impl.xpath.regex.RangeToken (java.xml@15.0.1)
1297:            25            400  io.netty.channel.$Proxy28
1298:            25            400  java.util.concurrent.CountDownLatch (java.base@15.0.1)
1299:            10            400  org.antlr.v4.runtime.atn.PlusLoopbackState
1300:            10            400  org.apache.logging.log4j.core.pattern.DatePatternConverter$FixedFormatter
1301:            10            400  org.apache.lucene.codecs.lucene80.Lucene80NormsProducer
1302:            25            400  org.elasticsearch.action.support.nodes.TransportNodesAction$NodeTransportHandler
1303:            25            400  org.elasticsearch.action.support.tasks.TransportTasksAction$$Lambda$3942/0x00000008017c1ad8
1304:            25            400  org.elasticsearch.action.support.tasks.TransportTasksAction$NodeTransportHandler
1305:            10            400  org.elasticsearch.common.io.stream.BytesStreamOutput
1306:            25            400  org.elasticsearch.common.settings.Setting$$Lambda$151/0x0000000800bf6a08
1307:            10            400  org.elasticsearch.indices.recovery.RecoveryState$FileDetail
1308:            10            400  org.elasticsearch.search.aggregations.support.ValueType
1309:             1            400  org.elasticsearch.threadpool.ThreadPool$CachedTimeThread
1310:            10            400  org.elasticsearch.xpack.core.common.validation.SourceDestValidator
1311:            16            392  [Lcom.fasterxml.jackson.databind.introspect.AnnotationMap;
1312:             4            384  [Lcom.sun.org.apache.xerces.internal.xni.QName; (java.xml@15.0.1)
1313:            24            384  com.amazonaws.partitions.model.Region
1314:             6            384  com.fasterxml.jackson.core.sym.ByteQuadsCanonicalizer
1315:             6            384  com.fasterxml.jackson.core.sym.CharsToNameCanonicalizer
1316:             6            384  com.fasterxml.jackson.databind.deser.std.MapDeserializer
1317:             8            384  com.fasterxml.jackson.databind.deser.std.ObjectArrayDeserializer
1318:             8            384  com.sun.jna.Structure$StructField
1319:             8            384  com.sun.org.apache.xerces.internal.util.XMLAttributesImpl$Attribute (java.xml@15.0.1)
1320:             8            384  java.lang.invoke.BoundMethodHandle$Species_LLLLL (java.base@15.0.1)
1321:            24            384  org.apache.logging.log4j.core.config.AppenderControlArraySet
1322:            16            384  org.apache.lucene.index.DocumentsWriterDeleteQueue$DeleteSlice
1323:            16            384  org.apache.lucene.index.DocumentsWriterDeleteQueue$Node
1324:            16            384  org.apache.lucene.index.DocumentsWriterFlushQueue
1325:            16            384  org.apache.lucene.index.DocumentsWriterStallControl
1326:            16            384  org.apache.lucene.index.FlushByRamOrCountsPolicy
1327:            16            384  org.apache.lucene.index.IndexWriter$Merges
1328:            16            384  org.apache.lucene.store.LockValidatingDirectoryWrapper
1329:            16            384  org.apache.lucene.util.FrequencyTrackingRingBuffer$IntBag
1330:            16            384  org.apache.lucene.util.automaton.RegExp$Kind
1331:            16            384  org.elasticsearch.SpecialPermission
1332:            16            384  org.elasticsearch.cluster.routing.UnassignedInfo$Reason
1333:            16            384  org.elasticsearch.common.settings.Setting$$Lambda$306/0x0000000800cdfc38
1334:            12            384  org.elasticsearch.common.settings.Setting$$Lambda$322/0x0000000800d38d88
1335:             8            384  org.elasticsearch.common.settings.Setting$GroupSetting
1336:            16            384  org.elasticsearch.index.engine.SafeCommitInfo
1337:            16            384  org.elasticsearch.index.recovery.RecoveryStats
1338:            12            384  org.elasticsearch.painless.spi.Whitelist
1339:            12            384  org.elasticsearch.threadpool.FixedExecutorBuilder$$Lambda$569/0x0000000800e7e690
1340:             1            384  org.elasticsearch.xpack.watcher.trigger.schedule.engine.TickerScheduleTriggerEngine$Ticker
1341:            12            384  sun.security.jca.ProviderConfig (java.base@15.0.1)
1342:            12            384  sun.security.util.DisabledAlgorithmConstraints$KeySizeConstraint (java.base@15.0.1)
1343:            16            384  sun.security.x509.Extension (java.base@15.0.1)
1344:            12            384  sun.security.x509.SubjectAlternativeNameExtension (java.base@15.0.1)
1345:             1            376  com.amazonaws.http.IdleConnectionReaper
1346:             1            376  java.lang.ref.Finalizer$FinalizerThread (java.base@15.0.1)
1347:             1            376  java.util.logging.LogManager$Cleaner (java.logging@15.0.1)
1348:             1            376  jdk.internal.misc.InnocuousThread (java.base@15.0.1)
1349:             1            376  org.elasticsearch.bootstrap.Bootstrap$2
1350:             1            376  org.elasticsearch.bootstrap.Bootstrap$4
1351:             1            376  org.elasticsearch.common.PidFile$1
1352:             1            368  java.lang.ref.Reference$ReferenceHandler (java.base@15.0.1)
1353:            23            368  org.apache.lucene.index.SegmentReader$2
1354:            23            368  org.elasticsearch.xpack.core.security.authc.support.AuthenticationContextSerializer
1355:            15            360  [Ljava.io.Closeable; (java.base@15.0.1)
1356:            15            360  [Lorg.apache.lucene.search.ReferenceManager$RefreshListener;
1357:            15            360  com.carrotsearch.hppc.BoundedProportionalArraySizingStrategy
1358:            15            360  com.carrotsearch.hppc.LongArrayList
1359:             1            360  com.sun.org.apache.xerces.internal.impl.XMLNSDocumentScannerImpl (java.xml@15.0.1)
1360:             9            360  com.sun.org.apache.xerces.internal.utils.XMLSecurityManager$Limit (java.xml@15.0.1)
1361:             9            360  java.util.ResourceBundle$BundleReference (java.base@15.0.1)
1362:            15            360  java.util.concurrent.LinkedTransferQueue (java.base@15.0.1)
1363:             5            360  java.util.concurrent.ScheduledThreadPoolExecutor (java.base@15.0.1)
1364:             5            360  java.util.regex.Matcher (java.base@15.0.1)
1365:            15            360  jdk.internal.util.jar.JarIndex (java.base@15.0.1)
1366:            15            360  org.apache.lucene.index.SoftDeletesRetentionMergePolicy$$Lambda$5549/0x0000000801b693f0
1367:            15            360  org.apache.lucene.index.StandardDirectoryReader$3
1368:            15            360  org.elasticsearch.cluster.metadata.IndexAbstraction$Index
1369:            15            360  org.elasticsearch.cluster.metadata.MappingMetadata
1370:            15            360  org.elasticsearch.cluster.node.DiscoveryNodeFilters
1371:            15            360  org.elasticsearch.common.lucene.LoggerInfoStream
1372:            15            360  org.elasticsearch.common.xcontent.ObjectParser$$Lambda$2410/0x0000000801274930
1373:            15            360  org.elasticsearch.index.CompositeIndexEventListener
1374:            15            360  org.elasticsearch.index.IndexService$$Lambda$5494/0x0000000801b464f0
1375:            15            360  org.elasticsearch.index.IndexService$$Lambda$5495/0x0000000801b46ed8
1376:            15            360  org.elasticsearch.index.IndexService$$Lambda$5496/0x0000000801b50470
1377:            15            360  org.elasticsearch.index.IndexService$FieldDataCacheListener
1378:            15            360  org.elasticsearch.index.IndexService$StoreCloseListener
1379:            15            360  org.elasticsearch.index.IndexWarmer$FieldDataWarmer
1380:            15            360  org.elasticsearch.index.analysis.IndexAnalyzers
1381:            15            360  org.elasticsearch.index.analysis.LowercaseNormalizer
1382:            15            360  org.elasticsearch.index.analysis.PreConfiguredTokenizer
1383:            15            360  org.elasticsearch.index.analysis.PreConfiguredTokenizer$$Lambda$5330/0x0000000801b0c0b8
1384:            15            360  org.elasticsearch.index.analysis.TokenizerFactory$1
1385:            15            360  org.elasticsearch.index.cache.bitset.BitsetFilterCache$BitSetProducerWarmer
1386:            15            360  org.elasticsearch.index.cache.bitset.BitsetFilterCache$Value
1387:            15            360  org.elasticsearch.index.engine.CompletionStatsCache
1388:            15            360  org.elasticsearch.index.engine.InternalEngine$RefreshWarmerListener
1389:            15            360  org.elasticsearch.index.engine.RecoverySourcePruneMergePolicy$$Lambda$5550/0x0000000801b69650
1390:            15            360  org.elasticsearch.index.fielddata.ShardFieldData
1391:            15            360  org.elasticsearch.index.search.stats.ShardSearchStats
1392:            15            360  org.elasticsearch.index.shard.IndexShard$$Lambda$5500/0x0000000801b537c8
1393:            15            360  org.elasticsearch.index.shard.IndexShard$8
1394:            15            360  org.elasticsearch.index.shard.IndexShard$RefreshPendingLocationListener
1395:            15            360  org.elasticsearch.index.shard.IndexShard$ShardEventListener
1396:            15            360  org.elasticsearch.index.shard.IndexingOperationListener$CompositeListener
1397:            15            360  org.elasticsearch.index.shard.InternalIndexingStats
1398:            15            360  org.elasticsearch.index.shard.SearchOperationListener$CompositeListener
1399:            15            360  org.elasticsearch.index.similarity.SimilarityService$PerFieldSimilarity
1400:            15            360  org.elasticsearch.index.store.Store$1
1401:            15            360  org.elasticsearch.index.store.Store$StoreDirectory
1402:            15            360  org.elasticsearch.indices.IndicesService$$Lambda$5358/0x0000000801b1f200
1403:            15            360  org.elasticsearch.indices.recovery.RecoveryState$RecoveryFilesDetails
1404:            15            360  org.elasticsearch.search.suggest.completion.CompletionStats
1405:             5            360  org.elasticsearch.threadpool.Scheduler$SafeScheduledThreadPoolExecutor
1406:             9            360  org.elasticsearch.xpack.core.ilm.LifecyclePolicyMetadata
1407:             9            360  org.elasticsearch.xpack.flattened.mapper.FlatObjectFieldParser
1408:            15            360  org.elasticsearch.xpack.security.authz.SecuritySearchOperationListener
1409:             9            360  org.opensaml.core.xml.NamespaceManager
1410:             3            352  [Ljava.lang.Thread; (java.base@15.0.1)
1411:            22            352  net.shibboleth.utilities.java.support.collection.LazyList
1412:            11            352  org.elasticsearch.cluster.metadata.IndexAbstraction$Alias
1413:            22            352  org.elasticsearch.common.util.concurrent.EsAbortPolicy
1414:            11            352  org.elasticsearch.ingest.CompoundProcessor
1415:            11            352  org.joda.time.chrono.ZonedChronology$ZonedDurationField
1416:            11            352  org.joda.time.format.DateTimeFormatterBuilder$FixedNumber
1417:            11            352  sun.util.resources.Bundles$CacheKey (java.base@15.0.1)
1418:             1            344  [Lorg.elasticsearch.common.time.FormatNames;
1419:            15            336  [Lorg.apache.lucene.index.IndexReaderContext;
1420:            15            336  [Lorg.apache.lucene.index.LeafReader;
1421:            15            336  [Lorg.apache.lucene.index.SegmentReader;
1422:             2            336  [Lorg.elasticsearch.license.XPackLicenseState$Feature;
1423:            14            336  com.amazonaws.internal.config.HttpClientConfig
1424:            14            336  com.fasterxml.jackson.databind.introspect.AnnotatedClass$Creators
1425:             6            336  com.fasterxml.jackson.databind.type.ArrayType
1426:            14            336  java.lang.invoke.VarForm (java.base@15.0.1)
1427:             6            336  java.nio.DirectLongBufferU (java.base@15.0.1)
1428:             6            336  java.nio.HeapCharBuffer (java.base@15.0.1)
1429:             3            336  org.apache.logging.log4j.core.appender.rolling.RollingFileManager
1430:             6            336  org.apache.lucene.analysis.core.KeywordTokenizer
1431:            14            336  org.elasticsearch.action.admin.cluster.node.stats.NodesStatsRequest$Metric
1432:             7            336  org.elasticsearch.cluster.node.DiscoveryNode
1433:            14            336  org.elasticsearch.common.settings.Setting$$Lambda$903/0x0000000800fc2048
1434:            14            336  org.elasticsearch.index.seqno.CountedBitSet
1435:             2            336  org.joda.time.chrono.ISOChronology
1436:            14            336  org.opensaml.core.xml.util.XMLObjectChildrenList
1437:            14            336  org.opensaml.xmlsec.algorithm.AlgorithmRegistry$SignatureAlgorithmIndex
1438:            14            336  org.yaml.snakeyaml.nodes.Tag
1439:            21            336  sun.security.x509.CertificatePolicyId (java.base@15.0.1)
1440:             1            328  java.util.concurrent.ForkJoinPool (java.base@15.0.1)
1441:             8            320  [Ljava.lang.Boolean; (java.base@15.0.1)
1442:            10            320  com.fasterxml.jackson.core.JsonGenerator$Feature
1443:            10            320  com.fasterxml.jackson.dataformat.yaml.YAMLGenerator$Feature
1444:            10            320  com.sun.org.apache.xerces.internal.impl.XMLEntityManager$EncodingInfo (java.xml@15.0.1)
1445:            20            320  com.sun.proxy.$Proxy10
1446:             8            320  io.netty.handler.codec.DefaultHeadersImpl
1447:            10            320  java.security.MessageDigest$Delegate$CloneableDelegate (java.base@15.0.1)
1448:            10            320  java.util.concurrent.ScheduledThreadPoolExecutor$DelayedWorkQueue (java.base@15.0.1)
1449:             8            320  jdk.internal.loader.NativeLibraries$NativeLibraryImpl (java.base@15.0.1)
1450:             2            320  org.apache.logging.log4j.core.config.properties.PropertiesConfiguration
1451:             5            320  org.apache.lucene.codecs.blocktree.SegmentTermsEnum
1452:             8            320  org.elasticsearch.cluster.metadata.ComposableIndexTemplate
1453:            10            320  org.elasticsearch.index.fielddata.IndexNumericFieldData$NumericType
1454:            10            320  org.elasticsearch.index.seqno.ReplicationTracker$CheckpointState
1455:            20            320  org.elasticsearch.xpack.core.security.authz.permission.IndicesPermission$$Lambda$5586/0x0000000801b01070
1456:             8            320  org.elasticsearch.xpack.core.ssl.SSLConfiguration
1457:             5            320  org.elasticsearch.xpack.core.ssl.SSLConfigurationSettings
1458:             5            320  org.elasticsearch.xpack.core.ssl.X509KeyPairSettings
1459:             8            320  org.joda.time.field.PreciseDateTimeField
1460:             8            320  sun.management.MemoryPoolImpl$CollectionSensor (java.management@15.0.1)
1461:             8            320  sun.management.MemoryPoolImpl$PoolSensor (java.management@15.0.1)
1462:            10            320  sun.reflect.generics.repository.ConstructorRepository (java.base@15.0.1)
1463:            10            320  sun.security.ssl.EphemeralKeyManager$EphemeralKeyPair (java.base@15.0.1)
1464:            10            320  sun.security.ssl.SSLSessionContextImpl (java.base@15.0.1)
1465:             5            320  sun.text.RuleBasedBreakIterator (java.base@15.0.1)
1466:             6            312  [Lcom.sun.org.apache.xerces.internal.impl.xs.util.SimpleLocator; (java.xml@15.0.1)
1467:            18            312  [Lorg.apache.logging.log4j.core.config.AppenderRef;
1468:            13            312  com.sun.jna.Pointer
1469:            13            312  org.antlr.v4.runtime.atn.PrecedencePredicateTransition
1470:            13            312  org.apache.log4j.Level
1471:            13            312  org.apache.log4j.Level
1472:            13            312  org.elasticsearch.common.inject.internal.MoreTypes$ParameterizedTypeImpl
1473:            13            312  org.elasticsearch.index.query.SimpleQueryStringFlag
1474:             3            312  org.elasticsearch.transport.CopyBytesServerSocketChannel
1475:            13            312  org.elasticsearch.xpack.core.ilm.Phase
1476:            13            312  org.opensaml.core.xml.Namespace
1477:            13            312  sun.security.x509.AccessDescription (java.base@15.0.1)
1478:            13            304  [Lorg.elasticsearch.xpack.core.security.authz.RoleDescriptor$ApplicationResourcePrivileges;
1479:             2            304  io.netty.channel.nio.NioEventLoop
1480:            19            304  org.apache.lucene.index.SegmentDocValues
1481:            19            304  org.elasticsearch.search.SearchModule$$Lambda$2243/0x000000080123d440
1482:            17            296  [Lorg.elasticsearch.xpack.core.security.authz.privilege.ConfigurableClusterPrivilege;
1483:             4            288  [Lorg.apache.logging.log4j.core.pattern.PatternFormatter;
1484:             7            288  [Lorg.joni.ast.QuantifierNode$ReduceType;
1485:             1            288  [Lsun.security.ssl.SSLExtension; (java.base@15.0.1)
1486:             6            288  com.codahale.metrics.EWMA
1487:             4            288  com.fasterxml.jackson.databind.deser.impl.SetterlessProperty
1488:             9            288  com.fasterxml.jackson.databind.introspect.AnnotatedParameter
1489:            12            288  com.sun.org.apache.xerces.internal.impl.xpath.regex.Token$CharToken (java.xml@15.0.1)
1490:             9            288  com.sun.org.apache.xerces.internal.util.AugmentationsImpl$SmallContainer (java.xml@15.0.1)
1491:             9            288  java.lang.Thread$WeakClassKey (java.base@15.0.1)
1492:            12            288  java.lang.annotation.ElementType (java.base@15.0.1)
1493:             9            288  java.lang.invoke.VarHandleInts$FieldInstanceReadWrite (java.base@15.0.1)
1494:            12            288  java.net.StandardSocketOptions$StdSocketOption (java.base@15.0.1)
1495:            12            288  java.time.LocalDate (java.base@15.0.1)
1496:            12            288  java.time.Month (java.base@15.0.1)
1497:             4            288  java.util.concurrent.ThreadPoolExecutor (java.base@15.0.1)
1498:             9            288  java.util.concurrent.atomic.AtomicReferenceFieldUpdater$AtomicReferenceFieldUpdaterImpl (java.base@15.0.1)
1499:             9            288  java.util.concurrent.locks.AbstractQueuedSynchronizer$ExclusiveNode (java.base@15.0.1)
1500:             9            288  java.util.logging.Level (java.logging@15.0.1)
1501:             9            288  java.util.logging.Level$KnownLevel (java.logging@15.0.1)
1502:             6            288  java.util.regex.Pattern$GroupCurly (java.base@15.0.1)
1503:             9            288  jdk.internal.org.objectweb.asm.Type (java.base@15.0.1)
1504:             9            288  net.shibboleth.utilities.java.support.collection.LockableClassToInstanceMultiMap
1505:             4            288  org.apache.logging.log4j.core.layout.PatternLayout
1506:            12            288  org.apache.logging.log4j.core.pattern.FormattingInfo
1507:            12            288  org.elasticsearch.common.lucene.ShardCoreKeyMap$$Lambda$6167/0x0000000801c522b0
1508:            12            288  org.elasticsearch.common.settings.Setting$$Lambda$321/0x0000000800d38b48
1509:            12            288  org.elasticsearch.common.unit.SizeValue
1510:            12            288  org.elasticsearch.ingest.geoip.GeoIpProcessor$Property
1511:            12            288  org.elasticsearch.ingest.useragent.UserAgentProcessor$Property
1512:             6            288  org.elasticsearch.monitor.jvm.JvmStats$MemoryPool
1513:            18            288  org.elasticsearch.plugins.AnalysisPlugin$1
1514:            12            288  org.elasticsearch.threadpool.FixedExecutorBuilder
1515:            12            288  org.elasticsearch.transport.TransportActionProxy$ProxyRequestHandler
1516:            12            288  org.elasticsearch.xpack.core.security.authz.RoleDescriptor$ApplicationResourcePrivileges
1517:             9            288  org.elasticsearch.xpack.core.security.authz.permission.Role
1518:            12            288  org.elasticsearch.xpack.security.audit.AuditLevel
1519:            12            288  org.joda.time.DurationFieldType$StandardDurationFieldType
1520:            12            288  org.owasp.html.HtmlElementTables$FreeWrapper
1521:             6            288  sun.nio.cs.StreamEncoder (java.base@15.0.1)
1522:            12            288  sun.reflect.generics.scope.MethodScope (java.base@15.0.1)
1523:             9            288  sun.security.ssl.ProtocolVersion (java.base@15.0.1)
1524:             1            280  [Ljava.lang.invoke.LambdaForm$Kind; (java.base@15.0.1)
1525:             7            280  com.amazonaws.util.JavaVersionParser$JavaVersion
1526:             7            280  com.google.common.collect.RegularImmutableMap
1527:             7            280  com.sun.jna.Function
1528:             7            280  java.lang.invoke.MethodHandleImpl$IntrinsicMethodHandle (java.base@15.0.1)
1529:             5            280  org.elasticsearch.common.util.BigByteArray
1530:             7            280  org.elasticsearch.ingest.Pipeline
1531:             7            280  org.elasticsearch.xpack.core.security.authz.permission.FieldPermissions
1532:            17            272  [Lorg.elasticsearch.index.IndexSortConfig$FieldSortSpec;
1533:            17            272  org.elasticsearch.common.settings.Setting$$Lambda$154/0x0000000800bf8e58
1534:             2            272  org.elasticsearch.common.util.concurrent.QueueResizingEsThreadPoolExecutor
1535:            17            272  org.elasticsearch.common.xcontent.AbstractObjectParser$$Lambda$2398/0x00000008012740a0
1536:            17            272  org.elasticsearch.index.IndexSettings$$Lambda$930/0x0000000800fd0fc0
1537:            17            272  org.elasticsearch.index.IndexSettings$$Lambda$932/0x0000000800fd1680
1538:            17            272  org.elasticsearch.index.IndexSettings$$Lambda$933/0x0000000800fd18b8
1539:            17            272  org.elasticsearch.index.IndexSettings$$Lambda$934/0x0000000800fd1af0
1540:            17            272  org.elasticsearch.index.IndexSettings$$Lambda$935/0x0000000800fd1d28
1541:            17            272  org.elasticsearch.index.IndexSettings$$Lambda$936/0x0000000800fd1f60
1542:            17            272  org.elasticsearch.index.IndexSettings$$Lambda$937/0x0000000800fd2198
1543:            17            272  org.elasticsearch.index.IndexSettings$$Lambda$938/0x0000000800fd23d0
1544:            17            272  org.elasticsearch.index.IndexSettings$$Lambda$939/0x0000000800fd2608
1545:            17            272  org.elasticsearch.index.IndexSettings$$Lambda$942/0x0000000800fd2f20
1546:            17            272  org.elasticsearch.index.IndexSettings$$Lambda$943/0x0000000800fd3158
1547:            17            272  org.elasticsearch.index.IndexSettings$$Lambda$944/0x0000000800fd3390
1548:            17            272  org.elasticsearch.index.IndexSettings$$Lambda$945/0x0000000800fd35c8
1549:            17            272  org.elasticsearch.index.IndexSettings$$Lambda$946/0x0000000800fd3800
1550:            17            272  org.elasticsearch.index.IndexSettings$$Lambda$947/0x0000000800fd3a38
1551:            17            272  org.elasticsearch.index.IndexSettings$$Lambda$948/0x0000000800fd3c70
1552:            17            272  org.elasticsearch.index.IndexSettings$$Lambda$949/0x0000000800fd3ea8
1553:            17            272  org.elasticsearch.index.IndexSettings$$Lambda$950/0x0000000800fd40e0
1554:            17            272  org.elasticsearch.index.IndexSettings$$Lambda$951/0x0000000800fd4318
1555:            17            272  org.elasticsearch.index.IndexSettings$$Lambda$952/0x0000000800fd4550
1556:            17            272  org.elasticsearch.index.IndexSettings$$Lambda$953/0x0000000800fd4788
1557:            17            272  org.elasticsearch.index.IndexSettings$$Lambda$954/0x0000000800fd49c0
1558:            17            272  org.elasticsearch.index.IndexSettings$$Lambda$955/0x0000000800fd4bf8
1559:            17            272  org.elasticsearch.index.IndexSettings$$Lambda$956/0x0000000800fd4e30
1560:            17            272  org.elasticsearch.index.IndexSettings$$Lambda$957/0x0000000800fd5068
1561:            17            272  org.elasticsearch.index.IndexSettings$$Lambda$958/0x0000000800fd52a0
1562:            17            272  org.elasticsearch.index.IndexSettings$$Lambda$959/0x0000000800fd54d8
1563:            17            272  org.elasticsearch.index.IndexSettings$$Lambda$960/0x0000000800fd5710
1564:            17            272  org.elasticsearch.index.IndexSettings$$Lambda$961/0x0000000800fd5948
1565:            17            272  org.elasticsearch.index.IndexSettings$$Lambda$962/0x0000000800fd5b80
1566:            17            272  org.elasticsearch.index.IndexSettings$$Lambda$963/0x0000000800fd5db8
1567:            17            272  org.elasticsearch.index.IndexSettings$$Lambda$964/0x0000000800fd5ff0
1568:            17            272  org.elasticsearch.index.IndexSettings$$Lambda$965/0x0000000800fd6228
1569:            17            272  org.elasticsearch.index.IndexSettings$$Lambda$966/0x0000000800fd6460
1570:            17            272  org.elasticsearch.index.IndexSettings$$Lambda$967/0x0000000800fd6698
1571:            17            272  org.elasticsearch.index.IndexSettings$$Lambda$968/0x0000000800fd68d0
1572:            17            272  org.elasticsearch.index.IndexSettings$$Lambda$969/0x0000000800fd6b08
1573:            17            272  org.elasticsearch.index.IndexSettings$$Lambda$970/0x0000000800fd6d40
1574:            17            272  org.elasticsearch.index.IndexSettings$$Lambda$971/0x0000000800fd6f78
1575:            17            272  org.elasticsearch.index.IndexSettings$$Lambda$972/0x0000000800fd71b0
1576:            17            272  org.elasticsearch.index.IndexSettings$$Lambda$973/0x0000000800fd73e8
1577:            17            272  org.elasticsearch.index.IndexSettings$$Lambda$974/0x0000000800fd7620
1578:            17            272  org.elasticsearch.index.IndexSettings$$Lambda$975/0x0000000800fd7858
1579:            17            272  org.elasticsearch.index.IndexSettings$$Lambda$976/0x0000000800fd7a90
1580:            17            272  org.elasticsearch.index.IndexSettings$$Lambda$977/0x0000000800fd7cc8
1581:            17            272  org.elasticsearch.index.IndexSettings$$Lambda$978/0x0000000800fd8040
1582:            17            272  org.elasticsearch.index.IndexSortConfig
1583:            17            272  org.elasticsearch.ingest.ConfigurationUtils$$Lambda$6126/0x0000000801c37d80
1584:            17            272  sun.invoke.util.ValueConversions$WrapperCache (java.base@15.0.1)
1585:            11            264  com.codahale.metrics.LongAdderProxy$JdkProvider$1
1586:            11            264  com.fasterxml.jackson.annotation.JsonFormat$Shape
1587:            11            264  com.fasterxml.jackson.databind.util.LRUMap
1588:            11            264  io.netty.handler.codec.http.HttpObjectDecoder$State
1589:            11            264  java.lang.invoke.MethodHandleImpl$Intrinsic (java.base@15.0.1)
1590:             3            264  java.text.DecimalFormatSymbols (java.base@15.0.1)
1591:            11            264  org.apache.logging.log4j.core.util.datetime.FastDateParser$StrategyAndWidth
1592:            11            264  org.elasticsearch.action.admin.cluster.node.info.NodesInfoRequest$Metric
1593:            11            264  org.elasticsearch.cluster.metadata.DiffableStringMap
1594:            11            264  org.elasticsearch.cluster.metadata.Template
1595:            11            264  org.elasticsearch.common.util.concurrent.SizeBlockingQueue
1596:             3            264  sun.nio.ch.ServerSocketChannelImpl (java.base@15.0.1)
1597:            11            264  sun.security.jca.ProviderList$ServiceList$1 (java.base@15.0.1)
1598:            11            264  sun.security.ssl.SSLSecretDerivation$SecretSchedule (java.base@15.0.1)
1599:             2            256  [Lcom.fasterxml.jackson.databind.DeserializationFeature;
1600:             2            256  [Lcom.fasterxml.jackson.databind.MapperFeature;
1601:             4            256  [Lcom.sun.org.apache.xerces.internal.impl.xs.XSElementDecl; (java.xml@15.0.1)
1602:             9            256  [Lorg.elasticsearch.xpack.core.security.authz.permission.IndicesPermission$Group;
1603:             8            256  com.google.common.collect.RegularImmutableSet
1604:             4            256  java.lang.invoke.BoundMethodHandle$Species_LLLLLLLLL (java.base@15.0.1)
1605:             8            256  java.lang.reflect.ProxyGenerator$PrimitiveTypeInfo (java.base@15.0.1)
1606:            16            256  java.util.LinkedHashMap$LinkedKeySet (java.base@15.0.1)
1607:             8            256  java.util.Random (java.base@15.0.1)
1608:             8            256  java.util.Vector (java.base@15.0.1)
1609:             8            256  joptsimple.OptionSpecBuilder
1610:            16            256  org.apache.lucene.index.DocumentsWriterDeleteQueue$$Lambda$4599/0x00000008018d24c0
1611:            16            256  org.apache.lucene.index.IndexWriter$$Lambda$4581/0x00000008018bc6a0
1612:            16            256  org.apache.lucene.index.IndexWriter$$Lambda$4584/0x00000008018bef08
1613:            16            256  org.apache.lucene.index.IndexWriter$1
1614:            16            256  org.apache.lucene.index.IndexWriter$IndexWriterMergeSource
1615:            16            256  org.apache.lucene.search.UsageTrackingQueryCachingPolicy
1616:            16            256  org.elasticsearch.cluster.metadata.MappingMetadata$Routing
1617:            16            256  org.elasticsearch.common.settings.Setting$$Lambda$153/0x0000000800bf8c10
1618:            16            256  org.elasticsearch.common.settings.Setting$$Lambda$305/0x0000000800cdf9f0
1619:            16            256  org.elasticsearch.common.transport.TransportAddress
1620:            16            256  org.elasticsearch.rest.action.admin.cluster.RestNodesStatsAction$$Lambda$4361/0x000000080180cc40
1621:            16            256  org.elasticsearch.rest.action.admin.indices.RestIndicesStatsAction$$Lambda$4364/0x0000000801811b20
1622:             8            256  sun.security.x509.AuthorityInfoAccessExtension (java.base@15.0.1)
1623:             8            256  sun.security.x509.GeneralSubtree (java.base@15.0.1)
1624:             3            240  [Lcom.sun.org.apache.xerces.internal.impl.xs.XSComplexTypeDecl; (java.xml@15.0.1)
1625:             6            240  com.fasterxml.jackson.core.sym.ByteQuadsCanonicalizer$TableInfo
1626:             3            240  com.fasterxml.jackson.databind.DeserializationConfig
1627:             3            240  com.fasterxml.jackson.databind.SerializationConfig
1628:            10            240  com.sun.org.apache.xerces.internal.impl.XMLScanner$NameType (java.xml@15.0.1)
1629:            10            240  com.unboundid.ldap.sdk.OperationType
1630:             6            240  io.netty.util.internal.ObjectPool$RecyclerObjectPool$1
1631:             6            240  java.io.BufferedWriter (java.base@15.0.1)
1632:            10            240  java.nio.charset.CoderResult (java.base@15.0.1)
1633:            10            240  java.nio.file.StandardOpenOption (java.base@15.0.1)
1634:            10            240  java.security.CryptoPrimitive (java.base@15.0.1)
1635:            10            240  java.util.Collections$SynchronizedCollection (java.base@15.0.1)
1636:             5            240  org.apache.logging.log4j.message.ReusableParameterizedMessage
1637:             6            240  org.apache.lucene.analysis.core.DecimalDigitFilter
1638:            10            240  org.apache.lucene.search.SortField$Type
1639:            15            240  org.apache.lucene.search.similarities.BooleanSimilarity
1640:            15            240  org.apache.lucene.search.similarity.LegacyBM25Similarity
1641:            15            240  org.elasticsearch.action.support.PlainActionFuture
1642:            15            240  org.elasticsearch.common.FieldMemoryStats
1643:            10            240  org.elasticsearch.common.inject.internal.MatcherAndConverter
1644:            15            240  org.elasticsearch.common.lucene.index.ElasticsearchDirectoryReader$SubReaderWrapper
1645:            10            240  org.elasticsearch.common.settings.Setting$Property
1646:             6            240  org.elasticsearch.common.util.BigArrays$ByteArrayWrapper
1647:            15            240  org.elasticsearch.common.util.concurrent.EsExecutors$ForceQueuePolicy
1648:            15            240  org.elasticsearch.index.IndexService$$Lambda$5352/0x0000000801b1bf30
1649:            15            240  org.elasticsearch.index.IndexService$BitsetCacheListener
1650:            15            240  org.elasticsearch.index.IndexWarmer
1651:            15            240  org.elasticsearch.index.IndexingSlowLog$$Lambda$5320/0x0000000801b09660
1652:            15            240  org.elasticsearch.index.IndexingSlowLog$$Lambda$5321/0x0000000801b09898
1653:            15            240  org.elasticsearch.index.IndexingSlowLog$$Lambda$5322/0x0000000801b09ad0
1654:            15            240  org.elasticsearch.index.IndexingSlowLog$$Lambda$5323/0x0000000801b09d08
1655:            15            240  org.elasticsearch.index.IndexingSlowLog$$Lambda$5324/0x0000000801b09f40
1656:            15            240  org.elasticsearch.index.IndexingSlowLog$$Lambda$5325/0x0000000801b0a178
1657:            15            240  org.elasticsearch.index.IndexingSlowLog$$Lambda$5326/0x0000000801b0a3b0
1658:            15            240  org.elasticsearch.index.SearchSlowLog$$Lambda$5311/0x0000000801b08268
1659:            15            240  org.elasticsearch.index.SearchSlowLog$$Lambda$5312/0x0000000801b084a0
1660:            15            240  org.elasticsearch.index.SearchSlowLog$$Lambda$5313/0x0000000801b086d8
1661:            15            240  org.elasticsearch.index.SearchSlowLog$$Lambda$5314/0x0000000801b08910
1662:            15            240  org.elasticsearch.index.SearchSlowLog$$Lambda$5315/0x0000000801b08b48
1663:            15            240  org.elasticsearch.index.SearchSlowLog$$Lambda$5316/0x0000000801b08d80
1664:            15            240  org.elasticsearch.index.SearchSlowLog$$Lambda$5317/0x0000000801b08fb8
1665:            15            240  org.elasticsearch.index.SearchSlowLog$$Lambda$5318/0x0000000801b091f0
1666:            15            240  org.elasticsearch.index.SearchSlowLog$$Lambda$5319/0x0000000801b09428
1667:            15            240  org.elasticsearch.index.codec.CodecService
1668:            15            240  org.elasticsearch.index.engine.InternalEngine$$Lambda$5541/0x0000000801b66100
1669:            15            240  org.elasticsearch.index.engine.InternalEngine$$Lambda$5544/0x0000000801b66c78
1670:            15            240  org.elasticsearch.index.engine.InternalEngine$$Lambda$5545/0x0000000801b66ea0
1671:            15            240  org.elasticsearch.index.engine.InternalEngine$$Lambda$5546/0x0000000801b67dd8
1672:            15            240  org.elasticsearch.index.engine.InternalEngine$$Lambda$5547/0x0000000801b68930
1673:            15            240  org.elasticsearch.index.engine.InternalEngine$$Lambda$5556/0x0000000801b6ca30
1674:            15            240  org.elasticsearch.index.engine.InternalEngineFactory
1675:            15            240  org.elasticsearch.index.engine.PrunePostingsMergePolicy$$Lambda$5548/0x0000000801b69190
1676:            15            240  org.elasticsearch.index.engine.RamAccountingRefreshListener
1677:            15            240  org.elasticsearch.index.mapper.RootObjectMapper$TypeParser
1678:            15            240  org.elasticsearch.index.shard.IndexShard$$Lambda$5497/0x0000000801b51200
1679:            15            240  org.elasticsearch.index.shard.IndexShard$$Lambda$5498/0x0000000801b53368
1680:            15            240  org.elasticsearch.index.shard.IndexShard$$Lambda$5499/0x0000000801b535a0
1681:            15            240  org.elasticsearch.index.shard.IndexShard$$Lambda$5501/0x0000000801b53c08
1682:            15            240  org.elasticsearch.index.shard.IndexShard$$Lambda$5507/0x0000000801b554b8
1683:            15            240  org.elasticsearch.index.shard.IndexShard$$Lambda$5508/0x0000000801b556e0
1684:            15            240  org.elasticsearch.index.shard.IndexShard$$Lambda$5537/0x0000000801b60040
1685:            15            240  org.elasticsearch.index.shard.IndexShard$$Lambda$5538/0x0000000801b604b0
1686:            15            240  org.elasticsearch.index.shard.IndexShard$$Lambda$5539/0x0000000801b606d8
1687:            15            240  org.elasticsearch.index.shard.IndexShard$$Lambda$5557/0x0000000801b6cc58
1688:             5            240  org.elasticsearch.index.shard.ReplicationGroup
1689:            15            240  org.elasticsearch.index.similarity.SimilarityService$$Lambda$5349/0x0000000801b1b6a8
1690:            15            240  org.elasticsearch.index.similarity.SimilarityService$$Lambda$5351/0x0000000801b1bd08
1691:            15            240  org.elasticsearch.index.translog.TragicExceptionHolder
1692:            15            240  org.elasticsearch.index.translog.Translog$$Lambda$5543/0x0000000801b66840
1693:            15            240  org.elasticsearch.indices.IndicesService$$Lambda$5310/0x0000000801b08040
1694:            15            240  org.elasticsearch.indices.IndicesService$$Lambda$5329/0x0000000801b0a5e8
1695:            15            240  org.elasticsearch.indices.IndicesService$3
1696:             6            240  org.elasticsearch.monitor.jvm.JvmStats$BufferPool
1697:             6            240  org.elasticsearch.painless.DefBootstrap$MIC
1698:            15            240  org.elasticsearch.painless.symbol.FunctionTable
1699:             6            240  org.elasticsearch.xpack.analytics.mapper.HistogramFieldMapper
1700:             6            240  org.elasticsearch.xpack.analytics.mapper.HistogramFieldMapper$HistogramFieldType
1701:             6            240  org.elasticsearch.xpack.core.async.AsyncTaskIndexService
1702:            15            240  org.elasticsearch.xpack.ql.expression.function.FunctionRegistry$$Lambda$3215/0x00000008015da520
1703:            15            240  org.elasticsearch.xpack.security.Security$$Lambda$5357/0x0000000801a3d098
1704:             5            240  org.jcodings.util.BytesHash$BytesHashEntry
1705:            10            240  org.opensaml.core.xml.schema.impl.XSBase64BinaryMarshaller
1706:            10            240  org.opensaml.core.xml.schema.impl.XSBase64BinaryUnmarshaller
1707:            10            240  org.opensaml.core.xml.schema.impl.XSStringMarshaller
1708:            10            240  org.opensaml.core.xml.schema.impl.XSStringUnmarshaller
1709:            10            240  org.yaml.snakeyaml.events.Event$ID
1710:             6            240  sun.nio.cs.UTF_8$Decoder (java.base@15.0.1)
1711:            10            240  sun.reflect.generics.scope.ConstructorScope (java.base@15.0.1)
1712:            15            240  sun.security.provider.NativePRNG (java.base@15.0.1)
1713:             3            240  sun.text.DictionaryBasedBreakIterator (java.base@15.0.1)
1714:             5            232  [Ljava.lang.invoke.LambdaForm$NamedFunction; (java.base@15.0.1)
1715:             2            232  [Lorg.jcodings.util.Hash$HashEntry;
1716:             2            224  [Lcom.fasterxml.jackson.databind.SerializationFeature;
1717:             4            224  com.fasterxml.jackson.databind.cfg.BaseSettings
1718:            14            224  com.sun.proxy.$Proxy31
1719:             7            224  java.util.concurrent.atomic.AtomicLongFieldUpdater$CASUpdater (java.base@15.0.1)
1720:             7            224  org.antlr.v4.runtime.atn.ActionTransition
1721:             7            224  org.apache.lucene.analysis.pt.RSLPStemmerBase$Step
1722:            14            224  org.elasticsearch.common.settings.Setting$$Lambda$170/0x0000000800bfb498
1723:            14            224  org.elasticsearch.common.settings.Setting$$Lambda$335/0x0000000800d3ac58
1724:             7            224  org.elasticsearch.index.engine.InternalEngine$$Lambda$6083/0x0000000801c22d40
1725:            14            224  org.elasticsearch.rest.action.admin.cluster.RestNodesStatsAction$$Lambda$4359/0x000000080180c7d8
1726:             4            224  sun.security.ssl.SSLContextImpl$TLS13Context (java.base@15.0.1)
1727:             3            216  com.fasterxml.jackson.databind.deser.DefaultDeserializationContext$Impl
1728:             3            216  com.fasterxml.jackson.databind.ser.DefaultSerializerProvider$Impl
1729:             9            216  io.netty.handler.codec.http.HttpMethod$EnumNameMap$Node
1730:             9            216  java.nio.file.attribute.PosixFilePermission (java.base@15.0.1)
1731:             9            216  java.util.Collections$UnmodifiableSortedSet (java.base@15.0.1)
1732:             9            216  javax.crypto.spec.DHParameterSpec (java.base@15.0.1)
1733:             9            216  org.apache.logging.log4j.Level
1734:             9            216  org.apache.lucene.analysis.in.IndicNormalizer$ScriptData
1735:             9            216  org.apache.lucene.search.DocValuesFieldExistsQuery
1736:             9            216  org.elasticsearch.common.inject.TypeConverterBindingProcessor$6
1737:             9            216  org.elasticsearch.index.mapper.ObjectMapper$Nested
1738:             9            216  org.elasticsearch.rest.RestRequest$Method
1739:             9            216  org.elasticsearch.threadpool.ThreadPool$$Lambda$581/0x0000000800e88dc0
1740:             9            216  org.elasticsearch.threadpool.ThreadPool$$Lambda$582/0x0000000800e88ff8
1741:             9            216  org.elasticsearch.xpack.core.ilm.LifecyclePolicy
1742:             9            216  org.elasticsearch.xpack.core.security.authz.permission.IndicesPermission
1743:             9            216  org.elasticsearch.xpack.sql.stats.FeatureMetric
1744:             9            216  org.opensaml.core.xml.util.IDIndex
1745:             3            216  sun.security.provider.NativePRNG$RandomIO (java.base@15.0.1)
1746:             9            216  sun.util.logging.PlatformLogger$Level (java.base@15.0.1)
1747:             4            208  [Lio.netty.util.internal.PriorityQueueNode;
1748:             2            208  [Lsun.security.ssl.NamedGroup; (java.base@15.0.1)
1749:             3            208  [[J (java.base@15.0.1)
1750:            13            208  java.text.NumberFormat$Field (java.base@15.0.1)
1751:            13            208  org.elasticsearch.cluster.routing.IndexShardRoutingTable$AttributesKey
1752:             2            208  org.elasticsearch.common.util.concurrent.PrioritizedEsThreadPoolExecutor
1753:            13            208  org.elasticsearch.indices.analysis.PreBuiltCacheFactory$PreBuiltCacheStrategyElasticsearch
1754:            13            208  org.elasticsearch.plugins.SearchPlugin$AggregationSpec$$Lambda$1859/0x00000008011a1e68
1755:             2            208  sun.security.provider.Sun (java.base@15.0.1)
1756:             2            200  [Ljava.text.DateFormat$Field; (java.base@15.0.1)
1757:             5            200  com.amazonaws.partitions.model.Partition
1758:             1            200  com.sun.org.apache.xerces.internal.impl.XMLDTDScannerImpl (java.xml@15.0.1)
1759:             5            200  java.util.stream.StreamOpFlag (java.base@15.0.1)
1760:             1            200  org.apache.http.impl.client.HttpClientBuilder
1761:             1            200  org.apache.http.impl.client.HttpClientBuilder
1762:             5            200  org.apache.logging.log4j.core.lookup.StrSubstitutor
1763:             5            200  org.apache.logging.log4j.core.pattern.DatePatternConverter
1764:             5            200  org.elasticsearch.cluster.metadata.IndexMetadata$APIBlock
1765:             5            200  org.elasticsearch.common.breaker.ChildMemoryCircuitBreaker
1766:             5            200  org.elasticsearch.xpack.core.security.user.User
1767:             5            200  sun.security.ssl.CipherSuite$MacAlg (java.base@15.0.1)
1768:             5            200  sun.security.ssl.X509TrustManagerImpl (java.base@15.0.1)
1769:             5            200  sun.util.calendar.Era (java.base@15.0.1)
1770:             3            192  [Lorg.elasticsearch.common.settings.Setting$AffixSetting;
1771:             6            192  [Lorg.elasticsearch.xpack.ql.rule.RuleExecutor$Batch;
1772:            12            192  com.amazonaws.internal.config.SignerConfig
1773:             8            192  com.amazonaws.services.s3.model.CannedAccessControlList
1774:             8            192  com.fasterxml.jackson.annotation.JsonFormat$Feature
1775:             6            192  com.fasterxml.jackson.core.sym.CharsToNameCanonicalizer$TableInfo
1776:             3            192  com.fasterxml.jackson.databind.MappingJsonFactory
1777:             3            192  com.fasterxml.jackson.databind.ObjectMapper
1778:            12            192  com.fasterxml.jackson.databind.introspect.AnnotatedMethodMap
1779:             8            192  com.sun.management.VMOption$Origin (jdk.management@15.0.1)
1780:             6            192  com.sun.org.apache.xerces.internal.impl.xpath.regex.Token$ClosureToken (java.xml@15.0.1)
1781:             4            192  com.sun.org.apache.xerces.internal.impl.xs.SchemaGrammar$BuiltinAttrDecl (java.xml@15.0.1)
1782:             1            192  com.sun.org.apache.xerces.internal.parsers.XIncludeAwareParserConfiguration (java.xml@15.0.1)
1783:            12            192  com.sun.proxy.$Proxy0
1784:             8            192  com.unboundid.util.DebugType
1785:             6            192  io.netty.buffer.PoolThreadCache$NormalMemoryRegionCache
1786:             3            192  io.netty.channel.socket.nio.NioServerSocketChannel$NioServerSocketChannelConfig
1787:             8            192  io.netty.handler.codec.compression.JdkZlibDecoder$GzipState
1788:            12            192  io.netty.util.internal.TypeParameterMatcher$ReflectiveMatcher
1789:             6            192  java.io.FileInputStream (java.base@15.0.1)
1790:             6            192  java.io.FileOutputStream (java.base@15.0.1)
1791:             8            192  java.lang.Double (java.base@15.0.1)
1792:             6            192  java.lang.invoke.LambdaForm$BasicType (java.base@15.0.1)
1793:             8            192  java.math.RoundingMode (java.base@15.0.1)
1794:             8            192  java.security.PermissionsHash (java.base@15.0.1)
1795:             3            192  java.text.DateFormatSymbols (java.base@15.0.1)
1796:             6            192  java.time.format.DateTimeFormatterBuilder$TextPrinterParser (java.base@15.0.1)
1797:             6            192  java.time.format.TextStyle (java.base@15.0.1)
1798:             6            192  java.util.Stack (java.base@15.0.1)
1799:             6            192  java.util.concurrent.atomic.AtomicIntegerFieldUpdater$AtomicIntegerFieldUpdaterImpl (java.base@15.0.1)
1800:             6            192  java.util.concurrent.locks.AbstractQueuedSynchronizer$ConditionNode (java.base@15.0.1)
1801:             3            192  net.shibboleth.utilities.java.support.xml.BasicParserPool
1802:             8            192  org.antlr.v4.runtime.atn.LexerActionType
1803:             8            192  org.apache.logging.log4j.core.appender.rolling.RolloverFrequency
1804:            12            192  org.apache.logging.log4j.core.lookup.SystemPropertiesLookup
1805:             8            192  org.apache.logging.log4j.spi.StandardLevel
1806:             8            192  org.apache.lucene.index.SegmentDocValuesProducer
1807:            12            192  org.elasticsearch.action.support.single.shard.TransportSingleShardAction$ShardTransportHandler
1808:             8            192  org.elasticsearch.cluster.ClusterState$Metric
1809:             2            192  org.elasticsearch.cluster.metadata.Metadata
1810:             8            192  org.elasticsearch.common.recycler.DequeRecycler
1811:             8            192  org.elasticsearch.common.recycler.Recyclers$1
1812:            12            192  org.elasticsearch.common.settings.Setting$$Lambda$142/0x0000000800bf5398
1813:             6            192  org.elasticsearch.common.settings.Setting$$Lambda$163/0x0000000800bfa4c8
1814:            12            192  org.elasticsearch.common.settings.Setting$$Lambda$638/0x0000000800e963d8
1815:            12            192  org.elasticsearch.common.settings.Setting$$Lambda$639/0x0000000800e96620
1816:             6            192  org.elasticsearch.common.settings.Setting$$Lambda$784/0x0000000800efde80
1817:             6            192  org.elasticsearch.common.util.BigArrays
1818:            12            192  org.elasticsearch.index.analysis.PreConfiguredTokenizer$$Lambda$1174/0x000000080100f1e0
1819:             6            192  org.elasticsearch.index.query.MultiMatchQueryBuilder$Type
1820:             8            192  org.elasticsearch.license.RemoteClusterLicenseChecker
1821:             4            192  org.elasticsearch.monitor.fs.FsInfo$Path
1822:            12            192  org.elasticsearch.threadpool.FixedExecutorBuilder$$Lambda$568/0x0000000800e7e450
1823:             8            192  org.elasticsearch.xpack.analytics.AnalyticsUsage$$Lambda$2156/0x0000000801218d40
1824:             8            192  org.elasticsearch.xpack.core.analytics.action.AnalyticsStatsAction$Item
1825:             8            192  org.elasticsearch.xpack.core.ilm.RolloverAction
1826:             4            192  org.elasticsearch.xpack.core.scheduler.SchedulerEngine$ActiveSchedule
1827:             6            192  org.elasticsearch.xpack.core.security.authc.AuthenticationResult
1828:             8            192  org.elasticsearch.xpack.core.security.authz.permission.ClusterPermission
1829:             8            192  org.elasticsearch.xpack.core.security.authz.permission.RunAsPermission
1830:             6            192  org.elasticsearch.xpack.security.transport.filter.PatternRule
1831:             8            192  org.yaml.snakeyaml.scanner.Constant
1832:             6            192  sun.security.ssl.SSLKeyExchange$T12KeyAgreement (java.base@15.0.1)
1833:             6            192  sun.security.x509.ExtendedKeyUsageExtension (java.base@15.0.1)
1834:             1            184  org.elasticsearch.cluster.coordination.Coordinator
1835:             1            176  com.amazonaws.ClientConfiguration
1836:             1            176  com.sun.org.apache.xerces.internal.impl.dtd.XMLNSDTDValidator (java.xml@15.0.1)
1837:            11            176  com.sun.org.apache.xerces.internal.impl.xs.util.XInt (java.xml@15.0.1)
1838:            11            176  com.sun.proxy.$Proxy7
1839:            11            176  org.apache.logging.log4j.core.util.datetime.FastDateParser$NumberStrategy
1840:            11            176  org.apache.xml.security.keys.keyresolver.KeyResolver
1841:            11            176  org.elasticsearch.action.support.broadcast.node.TransportBroadcastByNodeAction$$Lambda$4004/0x00000008017c5778
1842:            11            176  org.elasticsearch.action.support.broadcast.node.TransportBroadcastByNodeAction$BroadcastByNodeTransportRequestHandler
1843:             1            176  org.elasticsearch.indices.IndicesService
1844:             2            176  org.elasticsearch.license.License
1845:            11            176  org.elasticsearch.plugins.SearchPlugin$PipelineAggregationSpec$$Lambda$2241/0x000000080123c368
1846:            11            176  org.elasticsearch.transport.TransportActionProxy$$Lambda$3896/0x00000008017bba78
1847:            11            176  org.elasticsearch.transport.TransportActionProxy$$Lambda$3897/0x00000008017bbed8
1848:             1            176  org.joda.time.chrono.GregorianChronology
1849:             2            176  sun.nio.ch.EPollSelectorImpl (java.base@15.0.1)
1850:             1            168  [Lorg.apache.lucene.analysis.lv.LatvianStemmer$Affix;
1851:             1            168  [[Ljava.math.BigInteger; (java.base@15.0.1)
1852:             7            168  com.amazonaws.http.HttpMethodName
1853:             7            168  com.amazonaws.services.s3.model.StorageClass
1854:             7            168  com.fasterxml.jackson.annotation.JsonInclude$Include
1855:             7            168  com.fasterxml.jackson.annotation.PropertyAccessor
1856:             3            168  com.sun.org.apache.xerces.internal.impl.xs.XSDDescription (java.xml@15.0.1)
1857:             7            168  com.sun.org.apache.xerces.internal.util.FeatureState (java.xml@15.0.1)
1858:             3            168  io.netty.bootstrap.ServerBootstrap
1859:             7            168  java.lang.ClassValue$Version (java.base@15.0.1)
1860:             7            168  java.lang.System$Logger$Level (java.base@15.0.1)
1861:             3            168  java.security.cert.PKIXBuilderParameters (java.base@15.0.1)
1862:             7            168  java.time.DayOfWeek (java.base@15.0.1)
1863:             7            168  java.util.concurrent.locks.ReentrantReadWriteLock$Sync$HoldCounter (java.base@15.0.1)
1864:             7            168  java.util.regex.Pattern$CharPredicate$$Lambda$1322/0x000000080107dce8 (java.base@15.0.1)
1865:             7            168  java.util.zip.Deflater$DeflaterZStreamRef (java.base@15.0.1)
1866:             3            168  org.apache.logging.log4j.core.appender.RollingFileAppender
1867:             3            168  org.apache.logging.log4j.core.appender.rolling.PatternProcessor
1868:             7            168  org.apache.lucene.analysis.standard.StandardAnalyzer$$Lambda$5331/0x0000000801b0d5b0
1869:             7            168  org.apache.lucene.index.MergeTrigger
1870:             7            168  org.elasticsearch.action.ActionType
1871:             7            168  org.elasticsearch.cluster.DiffableUtils$DiffableValueReader
1872:             7            168  org.elasticsearch.cluster.SnapshotsInProgress$ShardState
1873:             3            168  org.elasticsearch.cluster.node.DiscoveryNodes
1874:             7            168  org.elasticsearch.common.inject.TypeConverterBindingProcessor$5
1875:             7            168  org.elasticsearch.common.util.concurrent.ListenableFuture
1876:             7            168  org.elasticsearch.index.analysis.PreBuiltAnalyzerProviderFactory$PreBuiltAnalyzersDelegateCache
1877:             7            168  org.elasticsearch.indices.IndicesRequestCache$CleanupKey
1878:             7            168  org.elasticsearch.ingest.IngestService$PipelineHolder
1879:             7            168  org.elasticsearch.ingest.PipelineConfiguration
1880:             7            168  org.elasticsearch.license.License$OperationMode
1881:             7            168  org.elasticsearch.xpack.core.security.authz.permission.ClusterPermission$AutomatonPermissionCheck
1882:             7            168  org.elasticsearch.xpack.core.security.authz.permission.FieldPermissionsDefinition$FieldGrantExcludeGroup
1883:             7            168  org.elasticsearch.xpack.core.template.LifecyclePolicyConfig
1884:             7            168  org.elasticsearch.xpack.sql.stats.QueryMetric
1885:             1            168  org.joda.time.chrono.ZonedChronology
1886:             1            168  org.joni.Regex
1887:             7            168  org.joni.ast.QuantifierNode$ReduceType
1888:             7            168  org.opensaml.xmlsec.algorithm.AlgorithmDescriptor$AlgorithmType
1889:             3            168  org.opensaml.xmlsec.keyinfo.impl.X509KeyInfoGeneratorFactory$X509Options
1890:             3            168  sun.security.validator.PKIXValidator (java.base@15.0.1)
1891:             7            168  sun.security.x509.NetscapeCertTypeExtension$MapEntry (java.base@15.0.1)
1892:             2            160  [Lio.netty.handler.codec.CodecOutputList;
1893:             3            160  [Ljava.util.logging.Level; (java.logging@15.0.1)
1894:             7            160  [Ljavax.management.ObjectName$Property; (java.management@15.0.1)
1895:             2            160  [Lorg.elasticsearch.action.admin.indices.stats.CommonStatsFlags$Flag;
1896:             2            160  [[D (java.base@15.0.1)
1897:             5            160  com.amazonaws.util.JavaVersionParser$KnownJavaVersions
1898:             4            160  com.fasterxml.jackson.core.Base64Variant
1899:             5            160  com.fasterxml.jackson.core.JsonEncoding
1900:             5            160  com.fasterxml.jackson.dataformat.smile.SmileGenerator$Feature
1901:            10            160  com.sun.proxy.$Proxy4
1902:             4            160  io.netty.handler.codec.http.DefaultFullHttpResponse
1903:             5            160  io.netty.handler.codec.http.HttpStatusClass
1904:             4            160  java.io.PrintStream (java.base@15.0.1)
1905:             4            160  java.lang.invoke.BoundMethodHandle$Species_LI (java.base@15.0.1)
1906:             5            160  java.lang.invoke.VarHandle$AccessType (java.base@15.0.1)
1907:            10            160  java.security.spec.MGF1ParameterSpec (java.base@15.0.1)
1908:            10            160  java.util.Formatter$Flags (java.base@15.0.1)
1909:             4            160  javax.xml.catalog.CatalogFeatures$Feature (java.xml@15.0.1)
1910:             4            160  jdk.xml.internal.JdkXmlFeatures$XmlFeature (java.xml@15.0.1)
1911:             5            160  org.apache.logging.log4j.core.pattern.DatePatternConverter$CachedTime
1912:             4            160  org.apache.logging.log4j.core.pattern.MessagePatternConverter
1913:             4            160  org.apache.lucene.analysis.util.ElisionFilter
1914:             4            160  org.apache.lucene.search.SortField
1915:             5            160  org.apache.lucene.util.fst.ReverseRandomAccessReader
1916:             5            160  org.elasticsearch.action.DocWriteResponse$Result
1917:             4            160  org.elasticsearch.action.admin.indices.stats.CommonStatsFlags
1918:            10            160  org.elasticsearch.action.support.single.shard.TransportSingleShardAction$TransportHandler
1919:             5            160  org.elasticsearch.common.breaker.ChildMemoryCircuitBreaker$LimitAndOverhead
1920:             5            160  org.elasticsearch.common.lucene.uid.PerThreadIDVersionAndSeqNoLookup
1921:            10            160  org.elasticsearch.common.settings.Setting$$Lambda$179/0x0000000800bfc8e0
1922:            10            160  org.elasticsearch.common.xcontent.ToXContent$MapParams
1923:             5            160  org.elasticsearch.transport.ConnectionProfile$ConnectionTypeHandle
1924:             5            160  org.elasticsearch.watcher.FileWatcher
1925:             5            160  org.elasticsearch.xpack.core.scheduler.SchedulerEngine
1926:             4            160  org.elasticsearch.xpack.core.security.authc.RealmConfig
1927:             4            160  org.joni.NameEntry
1928:             4            160  org.opensaml.saml.metadata.resolver.impl.AbstractReloadingMetadataResolver$RefreshMetadataTask
1929:             5            160  sun.security.ssl.ContentType (java.base@15.0.1)
1930:             5            160  sun.security.ssl.NamedGroup$NamedGroupSpec (java.base@15.0.1)
1931:            10            160  sun.security.ssl.SSLKeyExchange$T13KeyAgreement (java.base@15.0.1)
1932:             5            160  sun.security.ssl.X509Authentication (java.base@15.0.1)
1933:             5            160  sun.security.x509.OtherName (java.base@15.0.1)
1934:             5            160  sun.text.CompactByteArray (java.base@15.0.1)
1935:             5            160  sun.util.locale.provider.LocaleProviderAdapter$Type (java.base@15.0.1)
1936:             1            152  [Lsun.security.ssl.Alert; (java.base@15.0.1)
1937:             1            152  com.sun.org.apache.xerces.internal.impl.XMLEntityManager (java.xml@15.0.1)
1938:             1            152  org.elasticsearch.xpack.security.transport.netty4.SecurityNetty4ServerTransport
1939:             1            144  [Ljava.lang.invoke.VarHandle$AccessMode; (java.base@15.0.1)
1940:             2            144  [Ljava.math.BigDecimal; (java.base@15.0.1)
1941:             1            144  [Ljava.util.concurrent.ForkJoinTask$ExceptionNode; (java.base@15.0.1)
1942:             6            144  [Lorg.antlr.v4.runtime.dfa.DFAState$PredPrediction;
1943:             3            144  [Lorg.elasticsearch.xpack.core.analytics.action.AnalyticsStatsAction$Item;
1944:             9            144  com.amazonaws.handlers.HandlerContextKey
1945:             6            144  com.fasterxml.jackson.annotation.JsonAutoDetect$Visibility
1946:             6            144  com.fasterxml.jackson.core.JsonParser$NumberType
1947:             3            144  com.fasterxml.jackson.databind.deser.std.StringCollectionDeserializer
1948:             1            144  com.sun.org.apache.xerces.internal.parsers.DOMParser (java.xml@15.0.1)
1949:             9            144  com.sun.org.apache.xerces.internal.util.AugmentationsImpl (java.xml@15.0.1)
1950:             6            144  com.sun.org.apache.xerces.internal.util.Status (java.xml@15.0.1)
1951:             9            144  com.sun.proxy.$Proxy23
1952:             9            144  com.sun.proxy.$Proxy27
1953:             9            144  com.sun.proxy.$Proxy6
1954:             9            144  io.netty.handler.codec.http.HttpMethod
1955:             6            144  io.netty.util.Recycler$2
1956:             6            144  java.io.OutputStreamWriter (java.base@15.0.1)
1957:             6            144  java.lang.Thread$State (java.base@15.0.1)
1958:             3            144  java.lang.ThreadGroup (java.base@15.0.1)
1959:             6            144  java.lang.module.ModuleDescriptor$Requires$Modifier (java.base@15.0.1)
1960:             3            144  java.time.temporal.JulianFields$Field (java.base@15.0.1)
1961:             6            144  javax.management.ObjectName$Property (java.management@15.0.1)
1962:             6            144  javax.net.ssl.SSLEngineResult$HandshakeStatus (java.base@15.0.1)
1963:             6            144  jdk.internal.perf.PerfCounter (java.base@15.0.1)
1964:             6            144  jdk.net.NetworkPermission (jdk.net@15.0.1)
1965:             6            144  org.antlr.v4.runtime.dfa.DFAState$PredPrediction
1966:             6            144  org.apache.logging.log4j.core.LifeCycle$State
1967:             3            144  org.apache.logging.log4j.core.appender.rolling.RollingFileManager$EmptyQueue
1968:             6            144  org.apache.logging.log4j.core.lookup.Interpolator
1969:             6            144  org.apache.logging.log4j.core.time.MutableInstant
1970:             2            144  org.apache.lucene.analysis.core.LetterTokenizer
1971:             6            144  org.apache.lucene.index.DocValuesType
1972:             6            144  org.elasticsearch.Build$Type
1973:             6            144  org.elasticsearch.action.bulk.BulkPrimaryExecutionContext$ItemProcessingState
1974:             2            144  org.elasticsearch.action.bulk.BulkProcessor$Builder
1975:             2            144  org.elasticsearch.action.bulk.BulkRequest
1976:             6            144  org.elasticsearch.action.support.IndicesOptions$Option
1977:             9            144  org.elasticsearch.action.support.replication.TransportReplicationAction$$Lambda$3852/0x00000008017b3378
1978:             9            144  org.elasticsearch.action.support.replication.TransportReplicationAction$$Lambda$3853/0x00000008017b35a0
1979:             9            144  org.elasticsearch.action.support.replication.TransportReplicationAction$$Lambda$3854/0x00000008017b37c8
1980:             9            144  org.elasticsearch.action.support.replication.TransportReplicationAction$$Lambda$3855/0x00000008017b39f0
1981:             9            144  org.elasticsearch.action.support.replication.TransportReplicationAction$$Lambda$3856/0x00000008017b3c18
1982:             9            144  org.elasticsearch.action.support.replication.TransportReplicationAction$$Lambda$3857/0x00000008017b3e40
1983:             9            144  org.elasticsearch.action.support.replication.TransportReplicationAction$$Lambda$3858/0x00000008017b4078
1984:             6            144  org.elasticsearch.cluster.metadata.ComponentTemplate
1985:             6            144  org.elasticsearch.cluster.routing.UnassignedInfo$AllocationStatus
1986:             6            144  org.elasticsearch.common.ExponentiallyWeightedMovingAverage
1987:             6            144  org.elasticsearch.common.Priority
1988:             9            144  org.elasticsearch.common.settings.Setting$$Lambda$601/0x0000000800e914a8
1989:             6            144  org.elasticsearch.common.xcontent.ObjectParser$$Lambda$5622/0x0000000801b84f28
1990:             6            144  org.elasticsearch.index.snapshots.IndexShardSnapshotStatus$Stage
1991:             6            144  org.elasticsearch.indices.recovery.RecoveryState$Stage
1992:             6            144  org.elasticsearch.license.License$LicenseType
1993:             6            144  org.elasticsearch.plugins.SearchPlugin$ScoreFunctionSpec
1994:             6            144  org.elasticsearch.plugins.SearchPlugin$SignificanceHeuristicSpec
1995:             6            144  org.elasticsearch.tasks.TaskManager$$Lambda$5945/0x0000000801bdafb0
1996:             6            144  org.elasticsearch.tasks.TaskManager$ChannelPendingTaskTracker
1997:             6            144  org.elasticsearch.xpack.core.ml.job.results.ForecastRequestStats$ForecastRequestStatus
1998:             1            144  org.elasticsearch.xpack.security.transport.netty4.SecurityNetty4HttpServerTransport
1999:             6            144  org.joda.time.field.PreciseDurationField
2000:             6            144  org.joda.time.format.DateTimeFormatterBuilder$Fraction
2001:             1            144  org.opensaml.saml.saml2.metadata.impl.IDPSSODescriptorImpl
2002:             1            144  org.owasp.html.HtmlElementTables
2003:             6            144  org.owasp.html.HtmlElementTables$TextContentModelBit
2004:             1            144  sun.security.pkcs11.SunPKCS11 (jdk.crypto.cryptoki@15.0.1)
2005:             6            144  sun.security.util.DisabledAlgorithmConstraints$Constraint$Operator (java.base@15.0.1)
2006:             1            136  [Lcom.sun.org.apache.xerces.internal.impl.dv.xs.TypeValidator; (java.xml@15.0.1)
2007:             1            136  [Ljava.time.temporal.ChronoField; (java.base@15.0.1)
2008:             5            136  [Lorg.apache.lucene.util.fst.FST$Arc;
2009:             1            136  [Lorg.elasticsearch.common.xcontent.ObjectParser$ValueType;
2010:             4            136  [Lsun.invoke.util.ValueConversions$WrapperCache; (java.base@15.0.1)
2011:             1            136  org.apache.logging.log4j.core.config.composite.CompositeConfiguration
2012:             1            136  org.elasticsearch.repositories.s3.S3Repository
2013:             1            136  org.opensaml.saml.metadata.resolver.impl.FilesystemMetadataResolver
2014:             1            128  [Lcom.amazonaws.util.AWSRequestMetrics$Field;
2015:             2            128  [Ljava.time.Month; (java.base@15.0.1)
2016:             5            128  [Lorg.antlr.v4.runtime.atn.LexerAction;
2017:             2            128  [Lorg.elasticsearch.ingest.geoip.GeoIpProcessor$Property;
2018:             2            128  [Lorg.elasticsearch.ingest.useragent.UserAgentProcessor$Property;
2019:             1            128  [Lorg.joni.constants.internal.TokenType;
2020:             2            128  [Lsun.security.ssl.SSLSecretDerivation$SecretSchedule; (java.base@15.0.1)
2021:             4            128  com.fasterxml.jackson.databind.deser.impl.PropertyBasedCreator
2022:             2            128  com.sun.org.apache.xerces.internal.impl.xpath.regex.RegularExpression (java.xml@15.0.1)
2023:             2            128  io.netty.buffer.PoolThreadCache
2024:             2            128  io.netty.buffer.PooledByteBufAllocator
2025:             8            128  io.netty.handler.codec.http.DefaultHttpHeaders
2026:             4            128  io.netty.util.AttributeKey
2027:             4            128  io.netty.util.AttributeKey
2028:             4            128  io.netty.util.internal.logging.Log4J2Logger
2029:             4            128  java.lang.invoke.VarHandleLongs$FieldInstanceReadWrite (java.base@15.0.1)
2030:             4            128  java.security.spec.PSSParameterSpec (java.base@15.0.1)
2031:             2            128  java.text.SimpleDateFormat (java.base@15.0.1)
2032:             8            128  java.time.format.DateTimeFormatterBuilder$StringLiteralPrinterParser (java.base@15.0.1)
2033:             4            128  java.util.stream.FindOps$FindOp (java.base@15.0.1)
2034:             4            128  javax.management.ObjectName (java.management@15.0.1)
2035:             2            128  jdk.internal.icu.impl.Trie2_16 (java.base@15.0.1)
2036:             4            128  org.apache.logging.log4j.core.appender.DefaultErrorHandler
2037:             4            128  org.apache.logging.log4j.core.config.ConfigurationScheduler
2038:             1            128  org.apache.logging.log4j.core.config.NullConfiguration
2039:             8            128  org.apache.logging.log4j.core.impl.ThreadContextDataInjector$ForCopyOnWriteThreadContextMap
2040:             4            128  org.apache.logging.log4j.core.layout.StringBuilderEncoder
2041:             8            128  org.apache.logging.log4j.core.lookup.MapLookup
2042:             4            128  org.apache.logging.log4j.core.pattern.ExtendedThrowablePatternConverter
2043:             4            128  org.apache.logging.log4j.core.util.WatchManager
2044:             4            128  org.apache.lucene.store.IOContext
2045:             4            128  org.elasticsearch.action.DocWriteRequest$OpType
2046:             2            128  org.elasticsearch.cluster.ClusterState
2047:             8            128  org.elasticsearch.common.compress.DeflateCompressor$$Lambda$4787/0x0000000801979f40
2048:             8            128  org.elasticsearch.common.inject.matcher.Matchers$IdenticalTo
2049:             8            128  org.elasticsearch.common.settings.Setting$$Lambda$653/0x0000000800eabe40
2050:             8            128  org.elasticsearch.common.settings.Setting$GroupKey
2051:             8            128  org.elasticsearch.common.xcontent.ConstructingObjectParser$$Lambda$2408/0x00000008012744c8
2052:             8            128  org.elasticsearch.common.xcontent.ConstructingObjectParser$$Lambda$2409/0x00000008012746f8
2053:             4            128  org.elasticsearch.ingest.PipelineProcessor
2054:             1            128  org.elasticsearch.monitor.jvm.JvmInfo
2055:             4            128  org.elasticsearch.monitor.jvm.JvmStats$GarbageCollector
2056:             2            128  org.elasticsearch.repositories.s3.S3ClientSettings
2057:             4            128  org.elasticsearch.search.aggregations.InternalOrder$SimpleOrder
2058:             8            128  org.elasticsearch.search.aggregations.bucket.histogram.DateHistogramInterval
2059:             8            128  org.elasticsearch.xpack.analytics.AnalyticsPlugin$$Lambda$2155/0x0000000801218b18
2060:             8            128  org.elasticsearch.xpack.ml.MlConfigMigrationEligibilityCheck
2061:             8            128  org.elasticsearch.xpack.ml.MlConfigMigrationEligibilityCheck$$Lambda$2857/0x00000008013586f0
2062:             8            128  org.elasticsearch.xpack.ql.expression.function.FunctionRegistry$$Lambda$3199/0x00000008015cf568
2063:             4            128  org.joda.time.field.RemainderDateTimeField
2064:             4            128  org.objectweb.asm.Handle
2065:             4            128  org.opensaml.core.xml.util.IndexedXMLObjectChildrenList
2066:             2            128  org.opensaml.saml.saml2.metadata.impl.NameIDFormatImpl
2067:             2            128  sun.security.rsa.RSAPrivateCrtKeyImpl (java.base@15.0.1)
2068:             4            128  sun.security.ssl.Finished$VerifyDataScheme (java.base@15.0.1)
2069:             4            128  sun.security.ssl.SSLTrafficKeyDerivation (java.base@15.0.1)
2070:             8            128  sun.security.x509.RFC822Name (java.base@15.0.1)
2071:             3            120  [Ljava.lang.invoke.LambdaForm$BasicType; (java.base@15.0.1)
2072:             3            120  [Lorg.elasticsearch.index.shard.IndexShardState;
2073:             1            120  [Lorg.elasticsearch.painless.Operation;
2074:             3            120  [Lorg.elasticsearch.search.aggregations.support.ValueType;
2075:             5            120  [Lsun.security.ssl.EphemeralKeyManager$EphemeralKeyPair; (java.base@15.0.1)
2076:             5            120  com.amazonaws.ProxyAuthenticationMethod
2077:             5            120  com.fasterxml.jackson.annotation.Nulls
2078:             3            120  com.fasterxml.jackson.databind.PropertyMetadata
2079:             3            120  com.fasterxml.jackson.databind.cfg.ConfigOverrides
2080:             3            120  com.google.common.collect.SingletonImmutableBiMap
2081:             5            120  com.sun.crypto.provider.DHParameters (java.base@15.0.1)
2082:             3            120  com.sun.jna.Structure$LayoutInfo
2083:             5            120  com.sun.org.apache.xerces.internal.impl.xs.traversers.LargeContainer (java.xml@15.0.1)
2084:             5            120  com.sun.org.apache.xerces.internal.util.PropertyState (java.xml@15.0.1)
2085:             5            120  com.sun.org.apache.xerces.internal.utils.XMLSecurityManager$State (java.xml@15.0.1)
2086:             5            120  com.sun.org.apache.xerces.internal.utils.XMLSecurityPropertyManager$State (java.xml@15.0.1)
2087:             3            120  io.netty.bootstrap.ServerBootstrap$ServerBootstrapAcceptor
2088:             3            120  io.netty.channel.nio.AbstractNioMessageChannel$NioMessageUnsafe
2089:             5            120  io.netty.handler.logging.LogLevel
2090:             5            120  io.netty.util.internal.logging.InternalLogLevel
2091:             5            120  java.lang.ProcessBuilder$Redirect$Type (java.base@15.0.1)
2092:             3            120  java.lang.UnsupportedOperationException (java.base@15.0.1)
2093:             3            120  java.lang.WeakPairMap$Pair$Weak (java.base@15.0.1)
2094:             3            120  java.lang.invoke.MethodHandleImpl$WrappedMember (java.base@15.0.1)
2095:             3            120  java.lang.reflect.ProxyGenerator$ProxyMethod (java.base@15.0.1)
2096:             5            120  java.lang.reflect.ReflectPermission (java.base@15.0.1)
2097:             3            120  java.text.DigitList (java.base@15.0.1)
2098:             5            120  java.time.Instant (java.base@15.0.1)
2099:             5            120  java.time.chrono.JapaneseEra (java.base@15.0.1)
2100:             5            120  java.time.format.SignStyle (java.base@15.0.1)
2101:             3            120  java.time.temporal.WeekFields (java.base@15.0.1)
2102:             5            120  java.util.Locale$FilteringMode (java.base@15.0.1)
2103:             3            120  java.util.PropertyResourceBundle (java.base@15.0.1)
2104:             5            120  java.util.stream.StreamOpFlag$Type (java.base@15.0.1)
2105:             5            120  javax.net.ssl.SSLContext (java.base@15.0.1)
2106:             5            120  jdk.internal.math.FloatingDecimal$PreparedASCIIToBinaryBuffer (java.base@15.0.1)
2107:             5            120  jdk.net.ExtendedSocketOptions$ExtSocketOption (jdk.net@15.0.1)
2108:             5            120  jdk.xml.internal.JdkXmlFeatures$State (java.xml@15.0.1)
2109:             5            120  org.apache.http.auth.AuthProtocolState
2110:             3            120  org.apache.logging.log4j.core.appender.rolling.DefaultRolloverStrategy
2111:             3            120  org.apache.logging.log4j.core.config.AppenderControl
2112:             5            120  org.apache.logging.log4j.core.pattern.PatternParser$ParserState
2113:             5            120  org.apache.lucene.index.FilteredTermsEnum$AcceptStatus
2114:             5            120  org.apache.lucene.index.IndexOptions
2115:             5            120  org.apache.lucene.search.ScoreMode
2116:             5            120  org.apache.lucene.search.join.ScoreMode
2117:             5            120  org.elasticsearch.action.support.ActiveShardsObserver
2118:             3            120  org.elasticsearch.cluster.NodeConnectionsService$ConnectionTarget
2119:             5            120  org.elasticsearch.cluster.SnapshotsInProgress$State
2120:             5            120  org.elasticsearch.cluster.routing.RecoverySource$Type
2121:             5            120  org.elasticsearch.index.IndexModule$Type
2122:             5            120  org.elasticsearch.index.engine.Engine$Operation$Origin
2123:             5            120  org.elasticsearch.index.mapper.MetadataFieldMapper$ConfigurableTypeParser
2124:             5            120  org.elasticsearch.index.shard.IndexShardState
2125:             3            120  org.elasticsearch.monitor.jvm.JvmGcMonitorService$GcThreshold
2126:             5            120  org.elasticsearch.repositories.blobstore.ChecksumBlobStoreFormat
2127:             5            120  org.elasticsearch.search.aggregations.bucket.histogram.DateIntervalWrapper$IntervalTypeEnum
2128:             5            120  org.elasticsearch.search.sort.SortMode
2129:             5            120  org.elasticsearch.transport.TransportRequestOptions$Type
2130:             5            120  org.elasticsearch.xpack.core.monitoring.MonitoredSystem
2131:             5            120  org.elasticsearch.xpack.core.security.authc.Authentication$AuthenticationType
2132:             5            120  org.elasticsearch.xpack.core.security.authc.oidc.OpenIdConnectRealmSettings$ClaimSetting
2133:             5            120  org.elasticsearch.xpack.core.security.authc.saml.SamlRealmSettings$AttributeSetting
2134:             3            120  org.elasticsearch.xpack.core.ssl.SSLService$SSLContextHolder
2135:             5            120  org.elasticsearch.xpack.ml.datafeed.persistence.DatafeedConfigProvider
2136:             5            120  org.elasticsearch.xpack.ql.expression.function.FunctionRegistry$$Lambda$3204/0x00000008015d87e0
2137:             5            120  org.elasticsearch.xpack.security.authc.esnative.NativeUsersStore$ReservedUserInfo
2138:             5            120  org.elasticsearch.xpack.security.authc.saml.SamlRealm$AttributeParser
2139:             5            120  org.elasticsearch.xpack.security.authc.support.CachingUsernamePasswordRealm$CachedResult
2140:             5            120  org.elasticsearch.xpack.security.authz.store.CompositeRolesStore$RoleKey
2141:             3            120  org.elasticsearch.xpack.security.support.SecurityIndexManager$State
2142:             3            120  org.opensaml.core.xml.util.AttributeMap
2143:             5            120  org.yaml.snakeyaml.DumperOptions$ScalarStyle
2144:             3            120  sun.nio.ch.ServerSocketAdaptor (java.base@15.0.1)
2145:             5            120  sun.security.ssl.EphemeralKeyManager (java.base@15.0.1)
2146:             5            120  sun.security.util.DisabledAlgorithmConstraints (java.base@15.0.1)
2147:             1            112  [Lcom.amazonaws.event.ProgressEventType;
2148:             2            112  [Lcom.unboundid.ldap.sdk.OperationType;
2149:             2            112  [Ljava.nio.file.attribute.PosixFilePermission; (java.base@15.0.1)
2150:             2            112  [Ljava.security.CryptoPrimitive; (java.base@15.0.1)
2151:             1            112  [Ljava.time.LocalTime; (java.base@15.0.1)
2152:             2            112  [Lorg.apache.lucene.search.SortField$Type;
2153:             2            112  [Lorg.elasticsearch.common.xcontent.XContentParser$Token;
2154:             1            112  [Lorg.elasticsearch.xpack.core.security.authc.support.Hasher;
2155:             1            112  [Lorg.yaml.snakeyaml.tokens.Token$ID;
2156:             2            112  [Lsun.security.util.ObjectIdentifier; (java.base@15.0.1)
2157:             2            112  com.fasterxml.jackson.databind.deser.std.CollectionDeserializer
2158:             7            112  com.sun.proxy.$Proxy5
2159:             2            112  com.sun.security.sasl.gsskerb.JdkSASL$ProviderService (jdk.security.jgss@15.0.1)
2160:             2            112  io.netty.buffer.UnpooledByteBufAllocator$InstrumentedUnpooledDirectByteBuf
2161:             7            112  java.lang.ClassValue$Identity (java.base@15.0.1)
2162:             2            112  java.nio.DirectIntBufferRU (java.base@15.0.1)
2163:             2            112  java.util.ServiceLoader (java.base@15.0.1)
2164:             1            112  jdk.internal.loader.ClassLoaders$AppClassLoader (java.base@15.0.1)
2165:             2            112  org.antlr.v4.runtime.atn.ATN
2166:             7            112  org.apache.logging.log4j.core.lookup.JmxRuntimeInputArgumentsLookup
2167:             7            112  org.apache.lucene.analysis.Analyzer$TokenStreamComponents$$Lambda$5334/0x0000000801b10040
2168:             1            112  org.apache.lucene.codecs.lucene84.Lucene84PostingsReader$BlockDocsEnum
2169:             7            112  org.apache.lucene.codecs.lucene87.DeflateWithPresetDictCompressionMode$DeflateWithPresetDictDecompressor
2170:             2            112  org.elasticsearch.action.bulk.BulkProcessor
2171:             2            112  org.elasticsearch.cluster.routing.allocation.DiskThresholdSettings
2172:             7            112  org.elasticsearch.common.compress.DeflateCompressor$$Lambda$5476/0x0000000801b41df0
2173:             7            112  org.elasticsearch.index.analysis.PreBuiltAnalyzerProviderFactory$$Lambda$1229/0x0000000801047148
2174:             7            112  org.elasticsearch.index.mapper.MetadataFieldMapper$FixedTypeParser
2175:             7            112  org.elasticsearch.index.mapper.NumberFieldMapper$NumberType$$Lambda$1582/0x0000000801107680
2176:             1            112  org.elasticsearch.index.search.stats.SearchStats$Stats
2177:             2            112  org.elasticsearch.monitor.fs.FsInfo$IoStats
2178:             2            112  org.elasticsearch.monitor.jvm.JvmStats$Mem
2179:             1            112  org.elasticsearch.search.SearchService
2180:             2            112  org.elasticsearch.transport.TcpTransport$ProfileSettings
2181:             7            112  org.elasticsearch.xpack.core.security.authz.permission.FieldPermissionsDefinition
2182:             7            112  org.elasticsearch.xpack.core.ssl.DefaultJDKTrustConfig
2183:             2            112  org.elasticsearch.xpack.ml.notifications.InferenceAuditor
2184:             2            112  sun.security.jgss.SunProvider$ProviderService (java.security.jgss@15.0.1)
2185:             3            104  [Lorg.apache.logging.log4j.core.pattern.ArrayPatternConverter;
2186:             3            104  [Lorg.apache.logging.log4j.core.pattern.FormattingInfo;
2187:             1            104  [Lorg.elasticsearch.xpack.eql.stats.FeatureMetric;
2188:             1            104  [Lsun.security.ssl.SSLHandshake; (java.base@15.0.1)
2189:             1            104  [Lsun.security.ssl.SignatureScheme; (java.base@15.0.1)
2190:             2            104  [Lsun.util.logging.PlatformLogger$Level; (java.base@15.0.1)
2191:             1            104  com.amazonaws.services.s3.AmazonS3Client
2192:             1            104  com.sun.crypto.provider.SunJCE (java.base@15.0.1)
2193:             1            104  com.sun.security.sasl.Provider (java.security.sasl@15.0.1)
2194:             1            104  com.sun.security.sasl.gsskerb.JdkSASL (jdk.security.jgss@15.0.1)
2195:             1            104  jdk.internal.loader.ClassLoaders$BootClassLoader (java.base@15.0.1)
2196:             1            104  jdk.internal.loader.ClassLoaders$PlatformClassLoader (java.base@15.0.1)
2197:             1            104  org.apache.lucene.analysis.cjk.CJKBigramFilter
2198:             1            104  org.jcp.xml.dsig.internal.dom.XMLDSigRI (java.xml.crypto@15.0.1)
2199:             1            104  org.opensaml.saml.saml2.metadata.impl.EntityDescriptorImpl
2200:             1            104  sun.security.ec.SunEC (jdk.crypto.ec@15.0.1)
2201:             1            104  sun.security.jca.ProviderList$1 (java.base@15.0.1)
2202:             1            104  sun.security.jgss.SunProvider (java.security.jgss@15.0.1)
2203:             1            104  sun.security.provider.certpath.ldap.JdkLDAP (java.naming@15.0.1)
2204:             1            104  sun.security.rsa.SunRsaSign (java.base@15.0.1)
2205:             1            104  sun.security.smartcardio.SunPCSC (java.smartcardio@15.0.1)
2206:             1            104  sun.security.ssl.SunJSSE (java.base@15.0.1)
2207:             1             96  [Lcom.sun.org.apache.xerces.internal.impl.xpath.regex.RegularExpression; (java.xml@15.0.1)
2208:             2             96  [Lcom.sun.org.apache.xerces.internal.utils.XMLSecurityManager$State; (java.xml@15.0.1)
2209:             2             96  [Lcom.unboundid.util.DebugType;
2210:             5             96  [Ljava.lang.StackTraceElement; (java.base@15.0.1)
2211:             2             96  [Ljava.lang.System$Logger$Level; (java.base@15.0.1)
2212:             2             96  [Ljava.time.DayOfWeek; (java.base@15.0.1)
2213:             4             96  [Ljava.util.Enumeration; (java.base@15.0.1)
2214:             2             96  [Ljava.util.concurrent.TimeUnit; (java.base@15.0.1)
2215:             4             96  [Lorg.apache.logging.log4j.Marker;
2216:             2             96  [Lorg.apache.logging.log4j.spi.StandardLevel;
2217:             5             96  [Lorg.apache.lucene.codecs.blocktree.SegmentTermsEnumFrame;
2218:             3             96  [Lorg.elasticsearch.action.admin.indices.get.GetIndexRequest$Feature;
2219:             2             96  [Lorg.elasticsearch.cluster.ClusterState$Metric;
2220:             4             96  [Lorg.elasticsearch.common.recycler.Recycler;
2221:             2             96  [Lorg.elasticsearch.search.aggregations.support.CoreValuesSourceType;
2222:             1             96  [Lsun.util.locale.BaseLocale; (java.base@15.0.1)
2223:             4             96  com.amazonaws.http.conn.ssl.TLSProtocol
2224:             4             96  com.amazonaws.internal.config.HostRegexToRegionMapping
2225:             3             96  com.amazonaws.retry.RetryPolicy
2226:             4             96  com.fasterxml.jackson.annotation.JsonCreator$Mode
2227:             4             96  com.fasterxml.jackson.annotation.JsonProperty$Access
2228:             4             96  com.fasterxml.jackson.core.JsonFactory$Feature
2229:             3             96  com.fasterxml.jackson.core.io.SerializedString
2230:             6             96  com.fasterxml.jackson.databind.ser.std.ToStringSerializer
2231:             4             96  com.google.common.collect.AbstractIterator$State
2232:             2             96  com.sun.jna.NativeLibrary
2233:             3             96  com.sun.jna.NativeLong
2234:             2             96  com.sun.management.internal.GarbageCollectorExtImpl (jdk.management@15.0.1)
2235:             1             96  com.sun.org.apache.xerces.internal.impl.dtd.XMLDTDProcessor (java.xml@15.0.1)
2236:             4             96  com.sun.org.apache.xerces.internal.impl.xpath.regex.Token$ParenToken (java.xml@15.0.1)
2237:             4             96  com.sun.org.apache.xerces.internal.impl.xpath.regex.Token$UnionToken (java.xml@15.0.1)
2238:             3             96  com.sun.org.apache.xerces.internal.jaxp.DocumentBuilderFactoryImpl (java.xml@15.0.1)
2239:             3             96  com.sun.org.apache.xerces.internal.util.XMLResourceIdentifierImpl (java.xml@15.0.1)
2240:             3             96  com.sun.org.apache.xerces.internal.utils.XMLSecurityManager$NameMap (java.xml@15.0.1)
2241:             6             96  com.sun.proxy.$Proxy15
2242:             3             96  io.netty.buffer.EmptyByteBuf
2243:             4             96  io.netty.channel.ChannelMetadata
2244:             4             96  io.netty.handler.codec.compression.ZlibWrapper
2245:             4             96  io.netty.util.ResourceLeakDetector$Level
2246:             3             96  io.netty.util.concurrent.DefaultPromise
2247:             6             96  io.netty.util.internal.ObjectPool$RecyclerObjectPool
2248:             3             96  java.io.BufferedOutputStream (java.base@15.0.1)
2249:             4             96  java.lang.CompoundEnumeration (java.base@15.0.1)
2250:             2             96  java.lang.ProcessHandleImpl (java.base@15.0.1)
2251:             3             96  java.lang.ProcessImpl$Platform (java.base@15.0.1)
2252:             3             96  java.lang.Runtime$Version (java.base@15.0.1)
2253:             2             96  java.lang.StackTraceElement (java.base@15.0.1)
2254:             3             96  java.lang.WeakPairMap$Pair$Weak$1 (java.base@15.0.1)
2255:             3             96  java.lang.invoke.SimpleMethodHandle (java.base@15.0.1)
2256:             4             96  java.lang.module.ModuleDescriptor$Modifier (java.base@15.0.1)
2257:             4             96  java.lang.module.ModuleDescriptor$Opens (java.base@15.0.1)
2258:             4             96  java.math.MathContext (java.base@15.0.1)
2259:             3             96  java.net.Inet6Address$Inet6AddressHolder (java.base@15.0.1)
2260:             4             96  java.nio.file.FileVisitResult (java.base@15.0.1)
2261:             4             96  java.text.Normalizer$Form (java.base@15.0.1)
2262:             4             96  java.time.format.DateTimeFormatterBuilder$SettingsParser (java.base@15.0.1)
2263:             4             96  java.time.format.FormatStyle (java.base@15.0.1)
2264:             3             96  java.util.ArrayList$Itr (java.base@15.0.1)
2265:             3             96  java.util.ImmutableCollections$Map1 (java.base@15.0.1)
2266:             6             96  java.util.Optional (java.base@15.0.1)
2267:             3             96  java.util.UUID (java.base@15.0.1)
2268:             2             96  java.util.concurrent.LinkedBlockingQueue (java.base@15.0.1)
2269:             4             96  java.util.regex.Pattern$Qtype (java.base@15.0.1)
2270:             4             96  java.util.stream.StreamShape (java.base@15.0.1)
2271:             4             96  javax.net.ssl.SSLEngineResult$Status (java.base@15.0.1)
2272:             3             96  javax.security.auth.PrivateCredentialPermission (java.base@15.0.1)
2273:             1             96  jdk.internal.jimage.ImageReader$SharedImageReader (java.base@15.0.1)
2274:             3             96  jdk.internal.loader.BuiltinClassLoader$1 (java.base@15.0.1)
2275:             6             96  jdk.internal.loader.ClassLoaderValue (java.base@15.0.1)
2276:             3             96  jdk.internal.loader.URLClassPath$1 (java.base@15.0.1)
2277:             4             96  jdk.internal.logger.BootstrapLogger$LoggingBackend (java.base@15.0.1)
2278:             4             96  jdk.internal.math.FormattedFloatingDecimal$Form (java.base@15.0.1)
2279:             4             96  jdk.internal.platform.cgroupv1.CgroupV1SubsystemController (java.base@15.0.1)
2280:             3             96  jdk.internal.reflect.UnsafeIntegerFieldAccessorImpl (java.base@15.0.1)
2281:             3             96  jdk.internal.reflect.UnsafeShortFieldAccessorImpl (java.base@15.0.1)
2282:             3             96  org.antlr.v4.runtime.VocabularyImpl
2283:             4             96  org.antlr.v4.runtime.atn.LexerActionExecutor
2284:             4             96  org.antlr.v4.runtime.atn.NotSetTransition
2285:             3             96  org.antlr.v4.runtime.atn.PredicateTransition
2286:             2             96  org.apache.commons.logging.impl.LogFactoryImpl
2287:             3             96  org.apache.logging.log4j.core.appender.rolling.SizeBasedTriggeringPolicy
2288:             3             96  org.apache.logging.log4j.core.config.ConfigurationSource
2289:             6             96  org.apache.logging.log4j.core.config.DefaultReliabilityStrategy
2290:             4             96  org.apache.logging.log4j.core.layout.PatternLayout$PatternSerializer
2291:             6             96  org.apache.logging.log4j.core.lookup.ContextMapLookup
2292:             6             96  org.apache.logging.log4j.core.lookup.DateLookup
2293:             6             96  org.apache.logging.log4j.core.lookup.EnvironmentLookup
2294:             6             96  org.apache.logging.log4j.core.lookup.JavaLookup
2295:             6             96  org.apache.logging.log4j.core.lookup.JndiLookup
2296:             6             96  org.apache.logging.log4j.core.lookup.Log4jLookup
2297:             6             96  org.apache.logging.log4j.core.lookup.MarkerLookup
2298:             4             96  org.apache.logging.log4j.core.pattern.MarkerPatternConverter
2299:             4             96  org.apache.logging.log4j.core.util.DummyNanoClock
2300:             3             96  org.apache.logging.log4j.core.util.Log4jThreadFactory
2301:             3             96  org.apache.lucene.analysis.CharacterUtils$CharacterBuffer
2302:             3             96  org.apache.lucene.analysis.standard.StandardAnalyzer
2303:             3             96  org.apache.lucene.analysis.util.AnalysisSPILoader
2304:             4             96  org.apache.lucene.search.SortedSetSelector$Type
2305:             4             96  org.apache.lucene.store.IOContext$Context
2306:             4             96  org.apache.lucene.util.FixedBits
2307:             4             96  org.apache.lucene.util.automaton.CompiledAutomaton$AUTOMATON_TYPE
2308:             3             96  org.elasticsearch.action.admin.indices.alias.IndicesAliasesRequest$AliasActions$Type
2309:             4             96  org.elasticsearch.action.bulk.BackoffPolicy$ExponentialBackoff
2310:             1             96  org.elasticsearch.action.bulk.TransportShardBulkAction
2311:             6             96  org.elasticsearch.cluster.ClusterName
2312:             4             96  org.elasticsearch.cluster.block.ClusterBlockLevel
2313:             4             96  org.elasticsearch.cluster.block.ClusterBlocks$ImmutableLevelHolder
2314:             4             96  org.elasticsearch.cluster.routing.ShardRoutingState
2315:             4             96  org.elasticsearch.cluster.routing.allocation.decider.EnableAllocationDecider$Allocation
2316:             4             96  org.elasticsearch.cluster.routing.allocation.decider.EnableAllocationDecider$Rebalance
2317:             4             96  org.elasticsearch.common.component.Lifecycle$State
2318:             4             96  org.elasticsearch.common.geo.ShapeRelation
2319:             4             96  org.elasticsearch.common.logging.NodeNamePatternConverter
2320:             4             96  org.elasticsearch.common.path.PathTrie$TrieMatchingMode
2321:             4             96  org.elasticsearch.common.recycler.Recyclers$$Lambda$2356/0x000000080126cc30
2322:             4             96  org.elasticsearch.common.recycler.Recyclers$2
2323:             3             96  org.elasticsearch.common.settings.AbstractScopedSettings$2
2324:             6             96  org.elasticsearch.common.settings.Setting$$Lambda$783/0x0000000800efdc38
2325:             3             96  org.elasticsearch.common.settings.Setting$AffixSetting$3
2326:             3             96  org.elasticsearch.common.ssl.DiagnosticTrustManager
2327:             3             96  org.elasticsearch.common.util.LazyInitializable
2328:             4             96  org.elasticsearch.common.xcontent.ObjectParser$$Lambda$2455/0x0000000801274fb0
2329:             4             96  org.elasticsearch.common.xcontent.ObjectParser$$Lambda$2456/0x00000008012751e8
2330:             4             96  org.elasticsearch.index.SlowLogLevel
2331:             6             96  org.elasticsearch.index.analysis.PreConfiguredTokenFilter$$Lambda$1135/0x000000080100e260
2332:             4             96  org.elasticsearch.index.mapper.MapperService$MergeReason
2333:             6             96  org.elasticsearch.index.mapper.RangeType$$Lambda$1583/0x000000080110b4f8
2334:             1             96  org.elasticsearch.index.merge.MergeStats
2335:             4             96  org.elasticsearch.index.search.MatchQuery$Type
2336:             4             96  org.elasticsearch.index.translog.Translog$Operation$Type
2337:             1             96  org.elasticsearch.indices.IndicesQueryCache$ElasticsearchLRUQueryCache
2338:             2             96  org.elasticsearch.ingest.ConditionalProcessor
2339:             3             96  org.elasticsearch.ingest.geoip.DatabaseReaderLazyLoader
2340:             2             96  org.elasticsearch.monitor.jvm.JvmStats
2341:             4             96  org.elasticsearch.persistent.PersistentTasksCustomMetadata$Assignment
2342:             4             96  org.elasticsearch.rest.RestHeaderDefinition
2343:             3             96  org.elasticsearch.script.Script
2344:             6             96  org.elasticsearch.search.SearchModule$$Lambda$1628/0x0000000801139750
2345:             6             96  org.elasticsearch.search.SearchModule$$Lambda$1775/0x0000000801184ea0
2346:             4             96  org.elasticsearch.threadpool.ThreadPool$ThreadPoolType
2347:             2             96  org.elasticsearch.transport.TcpTransport$NodeChannels
2348:             1             96  org.elasticsearch.transport.TransportService
2349:             4             96  org.elasticsearch.xpack.core.ml.inference.preprocessing.customwordembedding.NGramFeatureExtractor
2350:             4             96  org.elasticsearch.xpack.core.security.authc.RealmConfig$RealmIdentifier
2351:             4             96  org.elasticsearch.xpack.core.security.authz.privilege.ConfigurableClusterPrivileges$ManageApplicationPrivileges
2352:             4             96  org.elasticsearch.xpack.core.security.authz.privilege.Privilege
2353:             4             96  org.elasticsearch.xpack.core.watcher.WatcherState
2354:             4             96  org.elasticsearch.xpack.ml.job.persistence.JobConfigProvider
2355:             2             96  org.elasticsearch.xpack.security.transport.netty4.SecurityNetty4ServerTransport$SecurityServerChannelInitializer
2356:             4             96  org.joda.time.chrono.BasicChronology$YearInfo
2357:             3             96  org.joda.time.field.OffsetDateTimeField
2358:             3             96  org.joda.time.format.DateTimeFormatterBuilder$TimeZoneOffset
2359:             4             96  org.joni.ast.CClassNode$CCSTATE
2360:             4             96  org.locationtech.spatial4j.context.jts.ValidationRule
2361:             2             96  org.locationtech.spatial4j.shape.impl.RectangleImpl
2362:             3             96  org.opensaml.xmlsec.keyinfo.NamedKeyInfoGeneratorManager
2363:             4             96  org.yaml.snakeyaml.nodes.NodeId
2364:             3             96  sun.net.spi.DefaultProxySelector$NonProxyInfo (java.base@15.0.1)
2365:             2             96  sun.nio.fs.UnixMountEntry (java.base@15.0.1)
2366:             6             96  sun.reflect.generics.tree.ArrayTypeSignature (java.base@15.0.1)
2367:             3             96  sun.security.ssl.CipherSuite$HashAlg (java.base@15.0.1)
2368:             4             96  sun.security.ssl.CipherType (java.base@15.0.1)
2369:             3             96  sun.security.ssl.ECPointFormatsExtension$ECPointFormat (java.base@15.0.1)
2370:             3             96  sun.security.ssl.SSLTrafficKeyDerivation$KeySchedule (java.base@15.0.1)
2371:             3             96  sun.security.ssl.SignatureScheme$SigAlgParamSpec (java.base@15.0.1)
2372:             3             96  sun.util.locale.UnicodeLocaleExtension (java.base@15.0.1)
2373:             3             96  sun.util.locale.provider.LocaleResources (java.base@15.0.1)
2374:             1             88  [Ljava.util.concurrent.ConcurrentMap; (java.base@15.0.1)
2375:             4             88  [Ljavax.security.auth.PrivateCredentialPermission$CredOwner; (java.base@15.0.1)
2376:             1             88  [Lsun.security.ssl.CipherSuite$KeyExchange; (java.base@15.0.1)
2377:             1             88  [[Ljava.lang.Byte; (java.base@15.0.1)
2378:             1             88  java.util.jar.JarVerifier (java.base@15.0.1)
2379:             1             88  org.apache.lucene.analysis.th.ThaiTokenizer
2380:             1             88  org.apache.lucene.search.LRUQueryCache
2381:             1             88  org.elasticsearch.action.resync.TransportResyncReplicationAction
2382:             1             88  org.elasticsearch.index.seqno.RetentionLeaseSyncAction
2383:             1             88  org.elasticsearch.index.shard.IndexingStats$Stats
2384:             1             88  org.elasticsearch.xpack.ml.action.TransportDeleteJobAction
2385:             1             88  org.elasticsearch.xpack.ml.action.TransportStartDatafeedAction
2386:             1             88  org.elasticsearch.xpack.security.authc.TokenService
2387:             1             88  org.elasticsearch.xpack.security.authc.saml.SamlRealm
2388:             1             88  org.elasticsearch.xpack.security.authz.store.CompositeRolesStore
2389:             1             88  org.elasticsearch.xpack.transform.action.TransportUpdateTransformAction
2390:             1             88  org.elasticsearch.xpack.transform.action.compat.TransportUpdateTransformActionDeprecated
2391:             5             80  [Lcom.amazonaws.internal.config.JsonIndex;
2392:             1             80  [Lio.netty.handler.codec.http.HttpMethod$EnumNameMap$Node;
2393:             5             80  [Ljava.lang.annotation.Annotation; (java.base@15.0.1)
2394:             2             80  [Ljava.nio.charset.Charset; (java.base@15.0.1)
2395:             1             80  [Ljava.time.temporal.ChronoUnit; (java.base@15.0.1)
2396:             5             80  [Ljava.util.regex.IntHashSet; (java.base@15.0.1)
2397:             3             80  [Ljava.util.regex.Pattern; (java.base@15.0.1)
2398:             2             80  [Ljava.util.stream.StreamOpFlag$Type; (java.base@15.0.1)
2399:             2             80  [Lorg.apache.http.HttpRequestInterceptor;
2400:             2             80  [Lorg.apache.logging.log4j.core.util.datetime.FastDatePrinter$Rule;
2401:             1             80  [Lorg.apache.logging.log4j.core.util.datetime.FixedDateFormat$FixedFormat;
2402:             1             80  [Lorg.apache.lucene.util.automaton.RegExp$Kind;
2403:             2             80  [Lorg.elasticsearch.action.support.IndicesOptions$Option;
2404:             1             80  [Lorg.elasticsearch.cluster.routing.UnassignedInfo$Reason;
2405:             2             80  [Lorg.elasticsearch.common.Priority;
2406:             2             80  [Lorg.elasticsearch.indices.recovery.RecoveryState$Stage;
2407:             2             80  [Lorg.elasticsearch.license.License$LicenseType;
2408:             2             80  [Lorg.elasticsearch.transport.TransportRequestOptions$Type;
2409:             2             80  [Lorg.elasticsearch.xpack.core.ml.job.results.ForecastRequestStats$ForecastRequestStatus;
2410:             2             80  [Lsun.security.jca.ProviderConfig; (java.base@15.0.1)
2411:             1             80  [Lsun.security.ssl.SSLCipher; (java.base@15.0.1)
2412:             2             80  [Lsun.util.calendar.Era; (java.base@15.0.1)
2413:             2             80  [Lsun.util.locale.provider.LocaleProviderAdapter$Type; (java.base@15.0.1)
2414:             2             80  com.fasterxml.jackson.databind.ObjectWriter
2415:             2             80  com.github.mustachejava.reflect.GuardedBinding
2416:             2             80  com.sun.jna.Library$Handler$FunctionInfo
2417:             1             80  com.sun.org.apache.xerces.internal.dom.CoreDOMImplementationImpl (java.xml@15.0.1)
2418:             1             80  com.sun.org.apache.xerces.internal.dom.DOMImplementationImpl (java.xml@15.0.1)
2419:             1             80  com.sun.org.apache.xerces.internal.dom.DeferredDOMImplementationImpl (java.xml@15.0.1)
2420:             2             80  com.sun.org.apache.xerces.internal.impl.dtd.XMLEntityDecl (java.xml@15.0.1)
2421:             2             80  com.sun.org.apache.xerces.internal.impl.dtd.XMLSimpleType (java.xml@15.0.1)
2422:             2             80  com.sun.org.apache.xerces.internal.impl.xs.XSParticleDecl (java.xml@15.0.1)
2423:             2             80  io.netty.handler.codec.http.HttpVersion
2424:             2             80  io.netty.util.Signal
2425:             2             80  java.io.PrintWriter (java.base@15.0.1)
2426:             2             80  java.lang.ModuleLayer (java.base@15.0.1)
2427:             2             80  java.lang.VirtualMachineError (java.base@15.0.1)
2428:             2             80  java.lang.invoke.VarHandleReferences$Array (java.base@15.0.1)
2429:             2             80  java.lang.invoke.VarHandleReferences$FieldStaticReadWrite (java.base@15.0.1)
2430:             2             80  java.lang.module.Configuration (java.base@15.0.1)
2431:             5             80  java.nio.channels.FileChannel$MapMode (java.base@15.0.1)
2432:             2             80  java.time.zone.ZoneRules (java.base@15.0.1)
2433:             5             80  java.util.Collections$ReverseComparator2 (java.base@15.0.1)
2434:             2             80  java.util.Locale$Category (java.base@15.0.1)
2435:             2             80  java.util.ServiceLoader$LazyClassPathLookupIterator (java.base@15.0.1)
2436:             2             80  java.util.concurrent.PriorityBlockingQueue (java.base@15.0.1)
2437:             1             80  jdk.internal.icu.impl.NormalizerImpl (java.base@15.0.1)
2438:             2             80  jdk.internal.icu.impl.Trie2$UTrie2Header (java.base@15.0.1)
2439:             2             80  joptsimple.RequiredArgumentOptionSpec
2440:             2             80  org.antlr.v4.runtime.atn.ATNConfigSet$ConfigHashSet
2441:             2             80  org.antlr.v4.runtime.atn.TokensStartState
2442:             2             80  org.apache.http.config.SocketConfig
2443:             1             80  org.apache.http.impl.conn.CPool
2444:             1             80  org.apache.http.impl.conn.CPool
2445:             2             80  org.apache.logging.log4j.core.config.status.StatusConfiguration
2446:             5             80  org.apache.logging.log4j.core.lookup.StrMatcher$CharMatcher
2447:             2             80  org.apache.logging.log4j.core.util.datetime.FastDateParser
2448:             5             80  org.apache.logging.log4j.core.util.datetime.FastDateParser$CopyQuotedStrategy
2449:             5             80  org.apache.logging.log4j.core.util.datetime.FastDatePrinter$CharacterLiteral
2450:             2             80  org.apache.lucene.analysis.ar.ArabicNormalizationFilter
2451:             2             80  org.apache.lucene.analysis.en.EnglishPossessiveFilter
2452:             2             80  org.apache.lucene.analysis.in.IndicNormalizationFilter
2453:             2             80  org.apache.lucene.store.RateLimiter$SimpleRateLimiter
2454:             1             80  org.elasticsearch.action.ActionModule
2455:             1             80  org.elasticsearch.action.admin.indices.close.TransportVerifyShardBeforeCloseAction
2456:             1             80  org.elasticsearch.action.admin.indices.flush.TransportShardFlushAction
2457:             1             80  org.elasticsearch.action.admin.indices.readonly.TransportVerifyShardIndexBlockAction
2458:             1             80  org.elasticsearch.action.admin.indices.refresh.TransportShardRefreshAction
2459:             2             80  org.elasticsearch.action.bulk.BulkRequestHandler
2460:             2             80  org.elasticsearch.bootstrap.SystemCallFilter$Arch
2461:             5             80  org.elasticsearch.cluster.coordination.CoordinationMetadata$VotingConfiguration
2462:             5             80  org.elasticsearch.cluster.metadata.ClusterNameExpressionResolver
2463:             5             80  org.elasticsearch.cluster.metadata.ClusterNameExpressionResolver$WildcardExpressionResolver
2464:             2             80  org.elasticsearch.cluster.metadata.RepositoryMetadata
2465:             2             80  org.elasticsearch.cluster.routing.RoutingNode
2466:             2             80  org.elasticsearch.common.settings.SecureSetting$InsecureStringSetting
2467:             5             80  org.elasticsearch.common.xcontent.ConstructingObjectParser$$Lambda$2546/0x0000000801275a60
2468:             5             80  org.elasticsearch.common.xcontent.ObjectParser$$Lambda$2547/0x0000000801275c90
2469:             1             80  org.elasticsearch.index.seqno.GlobalCheckpointSyncAction
2470:             1             80  org.elasticsearch.index.seqno.RetentionLeaseBackgroundSyncAction
2471:             1             80  org.elasticsearch.indices.cluster.IndicesClusterStateService
2472:             2             80  org.elasticsearch.monitor.jvm.JvmStats$Classes
2473:             1             80  org.elasticsearch.node.NodeService
2474:             2             80  org.elasticsearch.search.aggregations.bucket.terms.TermsAggregator$BucketCountThresholds
2475:             1             80  org.elasticsearch.snapshots.SnapshotsService
2476:             2             80  org.elasticsearch.threadpool.AutoQueueAdjustingExecutorBuilder
2477:             2             80  org.elasticsearch.transport.ClusterConnectionManager$$Lambda$4736/0x0000000801951058
2478:             2             80  org.elasticsearch.transport.TcpTransport$ChannelCloseLogger
2479:             2             80  org.elasticsearch.transport.TcpTransport$ChannelsConnectedListener
2480:             2             80  org.elasticsearch.transport.TransportHandshaker$HandshakeResponseHandler
2481:             2             80  org.elasticsearch.xpack.core.async.AsyncResultsService
2482:             2             80  org.elasticsearch.xpack.core.security.user.AnonymousUser
2483:             1             80  org.elasticsearch.xpack.ml.action.TransportCloseJobAction
2484:             1             80  org.elasticsearch.xpack.ml.action.TransportPutDataFrameAnalyticsAction
2485:             1             80  org.elasticsearch.xpack.ml.action.TransportStartDataFrameAnalyticsAction
2486:             1             80  org.elasticsearch.xpack.ml.job.process.autodetect.AutodetectProcessManager
2487:             5             80  org.elasticsearch.xpack.ql.expression.function.FunctionRegistry$$Lambda$3201/0x00000008015d83b8
2488:             1             80  org.elasticsearch.xpack.security.Security
2489:             1             80  org.elasticsearch.xpack.security.authc.ApiKeyService
2490:             2             80  org.elasticsearch.xpack.security.support.SecurityIndexManager
2491:             1             80  org.elasticsearch.xpack.transform.action.TransportStartTransformAction
2492:             1             80  org.elasticsearch.xpack.transform.action.compat.TransportStartTransformActionDeprecated
2493:             2             80  org.joda.time.field.DividedDateTimeField
2494:             2             80  org.locationtech.spatial4j.io.SupportedFormats
2495:             1             80  org.opensaml.saml.saml2.metadata.impl.SingleSignOnServiceImpl
2496:             5             80  org.opensaml.security.x509.InternalX500DNHandler
2497:             2             80  sun.management.MemoryManagerImpl (java.management@15.0.1)
2498:             2             80  sun.security.ec.XECParameters (jdk.crypto.ec@15.0.1)
2499:             2             80  sun.security.ssl.CertStatusExtension$OCSPStatusRequest (java.base@15.0.1)
2500:             5             80  sun.security.ssl.SSLCipher$T10BlockReadCipherGenerator (java.base@15.0.1)
2501:             5             80  sun.security.ssl.SSLCipher$T10BlockWriteCipherGenerator (java.base@15.0.1)
2502:             5             80  sun.security.ssl.X509Authentication$X509PossessionGenerator (java.base@15.0.1)
2503:             5             80  sun.security.util.DisabledAlgorithmConstraints$Constraints (java.base@15.0.1)
2504:             5             80  sun.text.SupplementaryCharacterData (java.base@15.0.1)
2505:             1             80  sun.util.locale.provider.JRELocaleProviderAdapter (java.base@15.0.1)
2506:             1             72  [Lcom.fasterxml.jackson.core.JsonParser$Feature;
2507:             1             72  [Lcom.fasterxml.jackson.core.JsonToken;
2508:             3             72  [Lcom.sun.org.apache.xerces.internal.impl.xs.XSGroupDecl; (java.xml@15.0.1)
2509:             3             72  [Ljava.util.concurrent.atomic.Striped64$Cell; (java.base@15.0.1)
2510:             2             72  [Lorg.apache.http.HttpRequestInterceptor;
2511:             3             72  [Lorg.apache.logging.log4j.core.appender.rolling.TriggeringPolicy;
2512:             1             72  [Lorg.elasticsearch.action.admin.cluster.node.stats.NodesStatsRequest$Metric;
2513:             3             72  [Lorg.elasticsearch.common.transport.TransportAddress;
2514:             1             72  [Lorg.elasticsearch.index.query.SimpleQueryStringFlag;
2515:             1             72  [Lorg.elasticsearch.search.fetch.FetchSubPhase;
2516:             3             72  [Lorg.elasticsearch.xpack.security.transport.filter.SecurityIpFilterRule;
2517:             1             72  com.amazonaws.http.AmazonHttpClient
2518:             3             72  com.amazonaws.retry.PredefinedBackoffStrategies$EqualJitterBackoffStrategy
2519:             3             72  com.amazonaws.retry.PredefinedBackoffStrategies$FullJitterBackoffStrategy
2520:             3             72  com.amazonaws.retry.PredefinedBackoffStrategies$SDKDefaultBackoffStrategy
2521:             1             72  com.fasterxml.jackson.core.util.InternCache
2522:             3             72  com.fasterxml.jackson.databind.deser.DeserializerCache
2523:             3             72  com.fasterxml.jackson.databind.introspect.SimpleMixInResolver
2524:             3             72  com.fasterxml.jackson.databind.ser.SerializerCache
2525:             3             72  com.fasterxml.jackson.databind.ser.std.NumberSerializer
2526:             3             72  com.fasterxml.jackson.databind.util.AccessPattern
2527:             1             72  com.fasterxml.jackson.dataformat.smile.SmileFactory
2528:             1             72  com.fasterxml.jackson.dataformat.yaml.YAMLFactory
2529:             3             72  com.sun.activation.registries.MailcapFile
2530:             3             72  com.sun.jna.StructureReadContext
2531:             3             72  io.netty.bootstrap.ServerBootstrap$ServerBootstrapAcceptor$1
2532:             3             72  io.netty.buffer.PoolArena$SizeClass
2533:             3             72  io.netty.channel.ChannelOutboundBuffer$2
2534:             3             72  io.netty.channel.embedded.EmbeddedChannel$State
2535:             3             72  io.netty.handler.codec.http.HttpContentEncoder$State
2536:             3             72  io.netty.util.internal.DefaultPriorityQueue
2537:             3             72  java.lang.ProcessImpl$LaunchMechanism (java.base@15.0.1)
2538:             3             72  java.lang.StackStreamFactory$WalkerState (java.base@15.0.1)
2539:             3             72  java.lang.StackWalker$Option (java.base@15.0.1)
2540:             3             72  java.lang.WeakPairMap (java.base@15.0.1)
2541:             3             72  java.lang.annotation.RetentionPolicy (java.base@15.0.1)
2542:             3             72  java.lang.invoke.MethodHandleImpl$ArrayAccess (java.base@15.0.1)
2543:             3             72  java.lang.management.ManagementPermission (java.management@15.0.1)
2544:             3             72  java.net.Inet6Address (java.base@15.0.1)
2545:             3             72  java.net.Proxy$Type (java.base@15.0.1)
2546:             3             72  java.nio.file.AccessMode (java.base@15.0.1)
2547:             3             72  java.nio.file.FileTreeWalker$EventType (java.base@15.0.1)
2548:             3             72  java.nio.file.StandardCopyOption (java.base@15.0.1)
2549:             3             72  java.security.cert.CertificateFactory (java.base@15.0.1)
2550:             3             72  java.time.ZoneOffset (java.base@15.0.1)
2551:             3             72  java.time.format.ResolverStyle (java.base@15.0.1)
2552:             3             72  java.time.zone.ZoneOffsetTransitionRule$TimeDefinition (java.base@15.0.1)
2553:             3             72  java.util.Base64$Encoder (java.base@15.0.1)
2554:             3             72  java.util.concurrent.ConcurrentLinkedDeque$Node (java.base@15.0.1)
2555:             3             72  java.util.concurrent.atomic.AtomicMarkableReference$Pair (java.base@15.0.1)
2556:             3             72  java.util.logging.LoggingPermission (java.logging@15.0.1)
2557:             3             72  java.util.stream.Collector$Characteristics (java.base@15.0.1)
2558:             3             72  java.util.stream.MatchOps$MatchKind (java.base@15.0.1)
2559:             3             72  javax.security.auth.AuthPermission (java.base@15.0.1)
2560:             3             72  javax.security.auth.PrivateCredentialPermission$CredOwner (java.base@15.0.1)
2561:             3             72  jdk.internal.icu.util.CodePointTrie$ValueWidth (java.base@15.0.1)
2562:             3             72  jdk.internal.math.FloatingDecimal$ExceptionalBinaryToASCIIBuffer (java.base@15.0.1)
2563:             3             72  jdk.internal.misc.Signal (java.base@15.0.1)
2564:             3             72  jdk.internal.module.IllegalAccessLogger$Mode (java.base@15.0.1)
2565:             3             72  net.shibboleth.utilities.java.support.xml.LoggingErrorHandler
2566:             3             72  org.antlr.v4.runtime.atn.PredictionMode
2567:             3             72  org.apache.http.HttpVersion
2568:             3             72  org.apache.http.HttpVersion
2569:             3             72  org.apache.http.conn.util.DomainType
2570:             3             72  org.apache.http.conn.util.DomainType
2571:             3             72  org.apache.http.impl.cookie.PublicSuffixDomainFilter
2572:             3             72  org.apache.http.impl.cookie.RFC6265CookieSpecProvider$CompatibilityLevel
2573:             3             72  org.apache.http.impl.cookie.RFC6265CookieSpecProvider$CompatibilityLevel
2574:             3             72  org.apache.logging.log4j.core.Filter$Result
2575:             3             72  org.apache.logging.log4j.core.appender.rolling.CompositeTriggeringPolicy
2576:             3             72  org.apache.logging.log4j.core.config.AppenderRef
2577:             3             72  org.apache.lucene.analysis.core.KeywordAnalyzer
2578:             1             72  org.apache.lucene.analysis.core.WhitespaceTokenizer
2579:             1             72  org.apache.lucene.analysis.pattern.PatternCaptureGroupTokenFilter
2580:             1             72  org.apache.lucene.analysis.standard.UAX29URLEmailTokenizerImpl
2581:             3             72  org.apache.lucene.index.IndexWriterConfig$OpenMode
2582:             3             72  org.apache.lucene.index.MergePolicy$OneMergeProgress$PauseReason
2583:             3             72  org.apache.lucene.index.PointValues$Relation
2584:             3             72  org.apache.lucene.index.StoredFieldVisitor$Status
2585:             3             72  org.apache.lucene.index.TermsEnum$SeekStatus
2586:             3             72  org.apache.lucene.index.TieredMergePolicy$MERGE_TYPE
2587:             3             72  org.apache.lucene.search.suggest.document.CompletionPostingsFormat$FSTLoadMode
2588:             3             72  org.apache.lucene.util.NamedSPILoader
2589:             3             72  org.apache.lucene.util.fst.FST$INPUT_TYPE
2590:             3             72  org.elasticsearch.Build$Flavor
2591:             1             72  org.elasticsearch.action.admin.cluster.allocation.TransportClusterAllocationExplainAction
2592:             3             72  org.elasticsearch.action.admin.cluster.health.ClusterHealthRequest$Level
2593:             1             72  org.elasticsearch.action.admin.cluster.node.usage.TransportNodesUsageAction
2594:             3             72  org.elasticsearch.action.admin.indices.get.GetIndexRequest$Feature
2595:             1             72  org.elasticsearch.action.bulk.TransportBulkAction
2596:             1             72  org.elasticsearch.action.search.TransportSearchAction
2597:             3             72  org.elasticsearch.action.support.IndicesOptions$WildcardStates
2598:             3             72  org.elasticsearch.action.support.PlainListenableActionFuture
2599:             3             72  org.elasticsearch.action.support.WriteRequest$RefreshPolicy
2600:             1             72  org.elasticsearch.action.update.TransportUpdateAction
2601:             1             72  org.elasticsearch.bootstrap.JNACLibrary$Rlimit
2602:             3             72  org.elasticsearch.cli.Terminal$Verbosity
2603:             3             72  org.elasticsearch.cluster.NodeConnectionsService$ActivityType
2604:             3             72  org.elasticsearch.cluster.NodeConnectionsService$ConnectionTarget$1
2605:             1             72  org.elasticsearch.cluster.coordination.Coordinator$CoordinatorPeerFinder
2606:             3             72  org.elasticsearch.cluster.coordination.Coordinator$Mode
2607:             3             72  org.elasticsearch.cluster.health.ClusterHealthStatus
2608:             3             72  org.elasticsearch.cluster.metadata.IndexAbstraction$Type
2609:             3             72  org.elasticsearch.cluster.metadata.Metadata$XContentContext
2610:             3             72  org.elasticsearch.cluster.routing.allocation.decider.ClusterRebalanceAllocationDecider$ClusterRebalanceType
2611:             1             72  org.elasticsearch.cluster.service.ClusterApplierService
2612:             3             72  org.elasticsearch.common.breaker.CircuitBreaker$Type
2613:             3             72  org.elasticsearch.common.cache.Cache$State
2614:             3             72  org.elasticsearch.common.cache.RemovalNotification$RemovalReason
2615:             3             72  org.elasticsearch.common.inject.Stage
2616:             3             72  org.elasticsearch.common.settings.KeyStoreWrapper$Entry
2617:             3             72  org.elasticsearch.common.settings.Setting$$Lambda$1233/0x0000000801048f68
2618:             3             72  org.elasticsearch.common.transport.BoundTransportAddress
2619:             1             72  org.elasticsearch.gateway.GatewayService
2620:             1             72  org.elasticsearch.gateway.TransportNodesListGatewayStartedShards
2621:             1             72  org.elasticsearch.index.IndexingPressure
2622:             3             72  org.elasticsearch.index.analysis.AnalyzerScope
2623:             3             72  org.elasticsearch.index.engine.Engine$Operation$TYPE
2624:             3             72  org.elasticsearch.index.engine.Engine$Result$Type
2625:             3             72  org.elasticsearch.index.engine.InternalEngine$OpVsLuceneDocStatus
2626:             3             72  org.elasticsearch.index.mapper.MappedFieldType$Relation
2627:             3             72  org.elasticsearch.index.mapper.ObjectMapper$Dynamic
2628:             3             72  org.elasticsearch.index.reindex.AbstractAsyncBulkByScrollAction$OpType
2629:             3             72  org.elasticsearch.index.search.MatchQuery$ZeroTermsQuery
2630:             3             72  org.elasticsearch.indices.analysis.PreBuiltCacheFactory$CachingStrategy
2631:             1             72  org.elasticsearch.indices.breaker.HierarchyCircuitBreakerService$G1OverLimitStrategy
2632:             3             72  org.elasticsearch.indices.recovery.MultiChunkTransfer$Status
2633:             3             72  org.elasticsearch.ingest.geoip.IngestGeoIpPlugin$$Lambda$1357/0x00000008010b8040
2634:             3             72  org.elasticsearch.license.LicenseService$$Lambda$4900/0x000000080198d3a8
2635:             3             72  org.elasticsearch.monitor.jvm.JvmGcMonitorService$JvmMonitor$Threshold
2636:             3             72  org.elasticsearch.painless.CompilerSettings$RegexEnabled
2637:             3             72  org.elasticsearch.protocol.xpack.XPackInfoRequest$Category
2638:             3             72  org.elasticsearch.protocol.xpack.license.LicenseStatus
2639:             3             72  org.elasticsearch.protocol.xpack.license.LicensesStatus
2640:             3             72  org.elasticsearch.transport.NettyByteBufSizer
2641:             3             72  org.elasticsearch.transport.TransportRequestOptions
2642:             3             72  org.elasticsearch.watcher.ResourceWatcherService$Frequency
2643:             3             72  org.elasticsearch.watcher.ResourceWatcherService$ResourceMonitor
2644:             3             72  org.elasticsearch.xpack.core.ml.dataframe.analyses.Regression$LossFunction
2645:             3             72  org.elasticsearch.xpack.core.ml.inference.trainedmodel.PredictionFieldType
2646:             3             72  org.elasticsearch.xpack.core.security.authc.AuthenticationResult$Status
2647:             3             72  org.elasticsearch.xpack.core.security.authz.accesscontrol.IndicesAccessControl
2648:             3             72  org.elasticsearch.xpack.core.security.authz.permission.ApplicationPermission
2649:             3             72  org.elasticsearch.xpack.core.ssl.PEMKeyConfig
2650:             3             72  org.elasticsearch.xpack.core.ssl.SSLService$$Lambda$2827/0x0000000801311b38
2651:             1             72  org.elasticsearch.xpack.deprecation.TransportDeprecationInfoAction
2652:             1             72  org.elasticsearch.xpack.ml.action.TransportDeleteDatafeedAction
2653:             1             72  org.elasticsearch.xpack.ml.action.TransportForecastJobAction
2654:             1             72  org.elasticsearch.xpack.ml.action.TransportGetJobsStatsAction
2655:             1             72  org.elasticsearch.xpack.ml.action.TransportOpenJobAction
2656:             1             72  org.elasticsearch.xpack.ml.action.TransportPutDatafeedAction
2657:             1             72  org.elasticsearch.xpack.ml.action.TransportRevertModelSnapshotAction
2658:             1             72  org.elasticsearch.xpack.ml.action.TransportSetUpgradeModeAction
2659:             1             72  org.elasticsearch.xpack.ml.action.TransportStopDataFrameAnalyticsAction
2660:             1             72  org.elasticsearch.xpack.ml.action.TransportStopDatafeedAction
2661:             1             72  org.elasticsearch.xpack.ml.action.TransportUpdateDatafeedAction
2662:             1             72  org.elasticsearch.xpack.ml.process.MlMemoryTracker
2663:             1             72  org.elasticsearch.xpack.monitoring.exporter.local.LocalExporter
2664:             3             72  org.elasticsearch.xpack.monitoring.exporter.local.LocalExporter$State
2665:             3             72  org.elasticsearch.xpack.security.authc.BytesKey
2666:             1             72  org.elasticsearch.xpack.security.authc.esnative.ReservedRealm
2667:             1             72  org.elasticsearch.xpack.security.transport.filter.IPFilter
2668:             3             72  org.elasticsearch.xpack.security.transport.filter.SecurityIpFilterRule
2669:             3             72  org.elasticsearch.xpack.sql.stats.Metrics$OperationType
2670:             1             72  org.elasticsearch.xpack.transform.action.TransportPutTransformAction
2671:             1             72  org.elasticsearch.xpack.transform.action.compat.TransportPutTransformActionDeprecated
2672:             1             72  org.elasticsearch.xpack.watcher.execution.ExecutionService
2673:             3             72  org.elasticsearch.xpack.watcher.support.search.WatcherSearchTemplateService
2674:             3             72  org.joda.time.DateTime
2675:             1             72  org.joda.time.chrono.GJLocaleSymbols
2676:             3             72  org.joda.time.field.ImpreciseDateTimeField$LinkedDurationField
2677:             3             72  org.joni.ast.CClassNode$CCVALTYPE
2678:             3             72  org.locationtech.spatial4j.context.jts.DatelineRule
2679:             3             72  org.opensaml.core.xml.schema.impl.XSQNameMarshaller
2680:             3             72  org.opensaml.core.xml.schema.impl.XSQNameUnmarshaller
2681:             3             72  org.opensaml.saml.saml2.core.impl.SubjectConfirmationDataMarshaller
2682:             3             72  org.opensaml.saml.saml2.core.impl.SubjectConfirmationDataUnmarshaller
2683:             1             72  org.opensaml.saml.saml2.metadata.impl.KeyDescriptorImpl
2684:             3             72  org.opensaml.security.credential.UsageType
2685:             3             72  org.opensaml.xmlsec.keyinfo.impl.BasicKeyInfoGeneratorFactory$BasicOptions
2686:             3             72  org.opensaml.xmlsec.keyinfo.impl.X509KeyInfoGeneratorFactory
2687:             3             72  org.owasp.html.HtmlElementTables$DenseElementBinaryMatrix
2688:             3             72  org.yaml.snakeyaml.DumperOptions$FlowStyle
2689:             3             72  sun.management.ManagementFactoryHelper$1 (java.management@15.0.1)
2690:             3             72  sun.reflect.generics.tree.Wildcard (java.base@15.0.1)
2691:             3             72  sun.security.provider.NativePRNG$Variant (java.base@15.0.1)
2692:             3             72  sun.security.ssl.ClientAuthType (java.base@15.0.1)
2693:             3             72  sun.security.ssl.SSLMasterKeyDerivation (java.base@15.0.1)
2694:             3             72  sun.security.ssl.SunX509KeyManagerImpl (java.base@15.0.1)
2695:             3             72  sun.security.validator.EndEntityChecker (java.base@15.0.1)
2696:             3             72  sun.util.locale.LocaleExtensions (java.base@15.0.1)
2697:             3             72  sun.util.resources.ParallelListResourceBundle$KeySet (java.base@15.0.1)
2698:             1             64  [Lcom.fasterxml.jackson.annotation.JsonFormat$Shape;
2699:             2             64  [Lcom.fasterxml.jackson.annotation.JsonProperty$Access;
2700:             2             64  [Lcom.sun.org.apache.xerces.internal.util.XMLAttributesImpl$Attribute; (java.xml@15.0.1)
2701:             2             64  [Lcom.sun.org.apache.xerces.internal.utils.XMLSecurityPropertyManager$State; (java.xml@15.0.1)
2702:             2             64  [Lio.netty.buffer.PoolArena;
2703:             1             64  [Lio.netty.handler.codec.http.HttpObjectDecoder$State;
2704:             2             64  [Ljava.lang.ProcessImpl$LaunchMechanism; (java.base@15.0.1)
2705:             2             64  [Ljava.lang.StackWalker$Option; (java.base@15.0.1)
2706:             2             64  [Ljava.lang.annotation.RetentionPolicy; (java.base@15.0.1)
2707:             1             64  [Ljava.lang.invoke.MethodHandleImpl$Intrinsic; (java.base@15.0.1)
2708:             2             64  [Ljava.nio.charset.CoderResult; (java.base@15.0.1)
2709:             3             64  [Ljava.nio.file.Path; (java.base@15.0.1)
2710:             3             64  [Ljava.security.CodeSigner; (java.base@15.0.1)
2711:             2             64  [Ljava.util.stream.Collector$Characteristics; (java.base@15.0.1)
2712:             2             64  [Lorg.apache.lucene.codecs.blocktree.CompressionAlgorithm;
2713:             2             64  [Lorg.apache.lucene.index.MergePolicy$OneMergeProgress$PauseReason;
2714:             2             64  [Lorg.apache.lucene.search.BooleanClause$Occur;
2715:             4             64  [Lorg.apache.lucene.search.ScoreDoc;
2716:             1             64  [Lorg.elasticsearch.action.admin.cluster.node.info.NodesInfoRequest$Metric;
2717:             2             64  [Lorg.elasticsearch.action.support.IndicesOptions$WildcardStates;
2718:             2             64  [Lorg.elasticsearch.cluster.block.ClusterBlockLevel;
2719:             2             64  [Lorg.elasticsearch.cluster.metadata.Metadata$XContentContext;
2720:             2             64  [Lorg.elasticsearch.cluster.routing.allocation.decider.EnableAllocationDecider$Allocation;
2721:             2             64  [Lorg.elasticsearch.cluster.routing.allocation.decider.EnableAllocationDecider$Rebalance;
2722:             2             64  [Lorg.elasticsearch.common.path.PathTrie$TrieMatchingMode;
2723:             2             64  [Lorg.elasticsearch.common.util.PageCacheRecycler$Type;
2724:             2             64  [Lorg.elasticsearch.common.xcontent.XContentType;
2725:             2             64  [Lorg.elasticsearch.index.SlowLogLevel;
2726:             2             64  [Lorg.elasticsearch.protocol.xpack.XPackInfoRequest$Category;
2727:             2             64  [Lorg.elasticsearch.xpack.core.ilm.OperationMode;
2728:             2             64  [Lorg.elasticsearch.xpack.core.watcher.WatcherState;
2729:             1             64  [Lorg.elasticsearch.xpack.security.audit.AuditLevel;
2730:             2             64  [Lsun.security.ssl.SSLTrafficKeyDerivation$KeySchedule; (java.base@15.0.1)
2731:             1             64  co.elastic.cloud.quotaawarefs.QuotaAwareFileSystemProvider
2732:             1             64  com.amazonaws.internal.BoundedLinkedHashMap
2733:             1             64  com.amazonaws.util.ResponseMetadataCache$InternalCache
2734:             1             64  com.fasterxml.jackson.core.JsonFactory
2735:             2             64  com.fasterxml.jackson.databind.ObjectWriter$GeneratorSettings
2736:             2             64  com.fasterxml.jackson.databind.deser.std.NumberDeserializers$BooleanDeserializer
2737:             2             64  com.fasterxml.jackson.databind.ser.std.NumberSerializers$DoubleSerializer
2738:             2             64  com.fasterxml.jackson.databind.ser.std.NumberSerializers$IntegerSerializer
2739:             2             64  com.fasterxml.jackson.databind.ser.std.NumberSerializers$LongSerializer
2740:             2             64  com.github.mustachejava.TemplateContext
2741:             1             64  com.github.mustachejava.codes.ValueCode
2742:             2             64  com.google.common.collect.RegularImmutableList
2743:             1             64  com.sun.org.apache.xerces.internal.impl.XMLEntityScanner (java.xml@15.0.1)
2744:             1             64  com.sun.org.apache.xerces.internal.impl.xs.SchemaGrammar$XSAnyType (java.xml@15.0.1)
2745:             2             64  com.sun.org.apache.xerces.internal.impl.xs.XSWildcardDecl (java.xml@15.0.1)
2746:             2             64  com.sun.org.apache.xerces.internal.utils.XMLSecurityPropertyManager$Property (java.xml@15.0.1)
2747:             4             64  com.sun.org.apache.xml.internal.serializer.CharInfo$CharKey (java.xml@15.0.1)
2748:             4             64  com.sun.proxy.$Proxy12
2749:             4             64  com.sun.proxy.$Proxy8
2750:             4             64  com.sun.proxy.jdk.proxy1.$Proxy20 (jdk.proxy1)
2751:             4             64  io.netty.channel.ReflectiveChannelFactory
2752:             2             64  io.netty.handler.codec.CodecOutputList$CodecOutputLists
2753:             2             64  io.netty.util.Signal$SignalConstant
2754:             1             64  io.netty.util.concurrent.GlobalEventExecutor
2755:             2             64  java.lang.StackWalker (java.base@15.0.1)
2756:             2             64  java.lang.invoke.VarHandleBooleans$FieldInstanceReadWrite (java.base@15.0.1)
2757:             2             64  java.lang.ref.ReferenceQueue$Null (java.base@15.0.1)
2758:             4             64  java.security.spec.NamedParameterSpec (java.base@15.0.1)
2759:             2             64  java.text.StringCharacterIterator (java.base@15.0.1)
2760:             2             64  java.time.temporal.IsoFields$Unit (java.base@15.0.1)
2761:             2             64  java.util.ServiceLoader$ModuleServicesLookupIterator (java.base@15.0.1)
2762:             1             64  java.util.logging.LogManager$RootLogger (java.logging@15.0.1)
2763:             2             64  jdk.internal.jimage.ImageBufferCache$BufferReference (java.base@15.0.1)
2764:             2             64  joptsimple.internal.Rows
2765:             2             64  org.apache.commons.logging.impl.WeakHashtable$WeakKey
2766:             4             64  org.apache.http.config.Registry
2767:             4             64  org.apache.logging.log4j.core.config.DefaultAdvertiser
2768:             2             64  org.apache.logging.log4j.core.util.datetime.FastDatePrinter
2769:             2             64  org.apache.logging.log4j.util.PropertiesUtil$Environment
2770:             2             64  org.apache.logging.log4j.util.SortedArrayStringMap
2771:             2             64  org.apache.lucene.analysis.core.WhitespaceAnalyzer
2772:             1             64  org.apache.lucene.analysis.pattern.PatternTokenizer
2773:             1             64  org.apache.lucene.analysis.standard.ClassicTokenizer
2774:             1             64  org.apache.lucene.analysis.standard.ClassicTokenizerImpl
2775:             1             64  org.apache.lucene.analysis.standard.UAX29URLEmailTokenizer
2776:             4             64  org.apache.lucene.codecs.lucene50.Lucene50StoredFieldsFormat
2777:             1             64  org.apache.lucene.codecs.lucene84.Lucene84Codec
2778:             1             64  org.apache.lucene.codecs.lucene86.Lucene86Codec
2779:             1             64  org.apache.lucene.codecs.lucene87.Lucene87Codec
2780:             4             64  org.apache.xml.security.utils.resolver.ResourceResolver
2781:             1             64  org.elasticsearch.action.admin.cluster.node.reload.TransportNodesReloadSecureSettingsAction
2782:             1             64  org.elasticsearch.action.admin.cluster.stats.TransportClusterStatsAction
2783:             1             64  org.elasticsearch.action.admin.indices.analyze.TransportAnalyzeAction
2784:             1             64  org.elasticsearch.action.admin.indices.close.TransportCloseIndexAction
2785:             1             64  org.elasticsearch.action.admin.indices.create.AutoCreateAction$TransportAction
2786:             1             64  org.elasticsearch.action.admin.indices.dangling.find.TransportFindDanglingIndexAction
2787:             1             64  org.elasticsearch.action.admin.indices.dangling.list.TransportListDanglingIndicesAction
2788:             1             64  org.elasticsearch.action.admin.indices.get.TransportGetIndexAction
2789:             1             64  org.elasticsearch.action.admin.indices.mapping.get.TransportGetFieldMappingsIndexAction
2790:             1             64  org.elasticsearch.action.admin.indices.rollover.TransportRolloverAction
2791:             1             64  org.elasticsearch.action.admin.indices.template.post.TransportSimulateIndexTemplateAction
2792:             1             64  org.elasticsearch.action.admin.indices.template.post.TransportSimulateTemplateAction
2793:             4             64  org.elasticsearch.action.bulk.BulkProcessor$$Lambda$3162/0x0000000801546db8
2794:             4             64  org.elasticsearch.action.support.ActiveShardCount
2795:             2             64  org.elasticsearch.action.support.ThreadedActionListener
2796:             1             64  org.elasticsearch.bootstrap.Bootstrap$5
2797:             1             64  org.elasticsearch.bootstrap.Elasticsearch
2798:             2             64  org.elasticsearch.cluster.SnapshotsInProgress$ShardSnapshotStatus
2799:             2             64  org.elasticsearch.cluster.coordination.CoordinationMetadata
2800:             1             64  org.elasticsearch.cluster.coordination.FollowersChecker
2801:             1             64  org.elasticsearch.cluster.metadata.MetadataCreateIndexService
2802:             4             64  org.elasticsearch.common.recycler.NoneRecycler
2803:             4             64  org.elasticsearch.common.settings.SecureString
2804:             4             64  org.elasticsearch.common.settings.Setting$$Lambda$155/0x0000000800bf90a0
2805:             2             64  org.elasticsearch.common.util.PageCacheRecycler
2806:             4             64  org.elasticsearch.common.util.concurrent.ConcurrentHashMapLong
2807:             2             64  org.elasticsearch.common.util.concurrent.ResizableBlockingQueue
2808:             4             64  org.elasticsearch.common.xcontent.AbstractObjectParser$$Lambda$5677/0x0000000801b8e198
2809:             4             64  org.elasticsearch.common.xcontent.AbstractObjectParser$$Lambda$5678/0x0000000801b8e3d0
2810:             1             64  org.elasticsearch.env.Environment
2811:             2             64  org.elasticsearch.index.analysis.PreConfiguredCharFilter
2812:             1             64  org.elasticsearch.indices.store.TransportNodesListShardStoreMetadata
2813:             2             64  org.elasticsearch.ingest.common.RemoveProcessor
2814:             2             64  org.elasticsearch.monitor.fs.FsInfo
2815:             1             64  org.elasticsearch.monitor.os.OsStats$Cgroup
2816:             4             64  org.elasticsearch.node.Node$$Lambda$2771/0x00000008012d9e20
2817:             2             64  org.elasticsearch.node.ResponseCollectorService$NodeStatistics
2818:             1             64  org.elasticsearch.painless.action.PainlessExecuteAction$TransportAction
2819:             4             64  org.elasticsearch.painless.spi.annotation.InjectConstantAnnotation
2820:             1             64  org.elasticsearch.repositories.s3.S3BlobStore
2821:             2             64  org.elasticsearch.script.ScriptType
2822:             2             64  org.elasticsearch.search.aggregations.pipeline.HoltWintersModel$SeasonalityType
2823:             4             64  org.elasticsearch.search.aggregations.support.MultiValuesSourceParseHelper$$Lambda$1821/0x00000008011933e0
2824:             4             64  org.elasticsearch.search.aggregations.support.MultiValuesSourceParseHelper$$Lambda$1822/0x0000000801193618
2825:             2             64  org.elasticsearch.search.fetch.subphase.FetchSourceContext
2826:             2             64  org.elasticsearch.threadpool.AutoQueueAdjustingExecutorBuilder$$Lambda$573/0x0000000800e81b00
2827:             2             64  org.elasticsearch.transport.ClusterConnectionManager$$Lambda$4737/0x0000000801951280
2828:             2             64  org.elasticsearch.transport.ClusterConnectionManager$$Lambda$4744/0x0000000801951d90
2829:             1             64  org.elasticsearch.transport.TransportService$1
2830:             4             64  org.elasticsearch.xpack.core.common.notifications.AbstractAuditor$$Lambda$1352/0x00000008010982b0
2831:             4             64  org.elasticsearch.xpack.core.ilm.DeleteAction
2832:             2             64  org.elasticsearch.xpack.core.security.authz.permission.ApplicationPermission$PermissionEntry
2833:             2             64  org.elasticsearch.xpack.core.security.authz.permission.ClusterPermission$ActionRequestBasedPermissionCheck
2834:             4             64  org.elasticsearch.xpack.core.security.authz.permission.IndicesPermission$$Lambda$5018/0x00000008019ffaf0
2835:             2             64  org.elasticsearch.xpack.core.security.authz.privilege.ApplicationPrivilege
2836:             4             64  org.elasticsearch.xpack.core.security.authz.privilege.ConfigurableClusterPrivileges$ManageApplicationPrivileges$$Lambda$3060/0x0000000801558b30
2837:             2             64  org.elasticsearch.xpack.core.slm.SnapshotLifecycleStats
2838:             2             64  org.elasticsearch.xpack.core.slm.SnapshotRetentionConfiguration
2839:             1             64  org.elasticsearch.xpack.deprecation.TransportNodeDeprecationCheckAction
2840:             1             64  org.elasticsearch.xpack.enrich.action.TransportDeleteEnrichPolicyAction
2841:             1             64  org.elasticsearch.xpack.enrich.action.TransportPutEnrichPolicyAction
2842:             1             64  org.elasticsearch.xpack.ml.action.TransportDeleteDataFrameAnalyticsAction
2843:             1             64  org.elasticsearch.xpack.ml.action.TransportDeleteExpiredDataAction
2844:             1             64  org.elasticsearch.xpack.ml.action.TransportDeleteTrainedModelAction
2845:             1             64  org.elasticsearch.xpack.ml.action.TransportKillProcessAction
2846:             1             64  org.elasticsearch.xpack.ml.action.TransportOpenJobAction$OpenJobPersistentTasksExecutor
2847:             1             64  org.elasticsearch.xpack.ml.action.TransportPostDataAction
2848:             1             64  org.elasticsearch.xpack.ml.action.TransportPutJobAction
2849:             1             64  org.elasticsearch.xpack.ml.action.TransportPutTrainedModelAction
2850:             1             64  org.elasticsearch.xpack.ml.action.TransportStartDataFrameAnalyticsAction$TaskExecutor
2851:             1             64  org.elasticsearch.xpack.ml.action.TransportUpdateDataFrameAnalyticsAction
2852:             1             64  org.elasticsearch.xpack.ml.process.logging.CppLogMessage
2853:             1             64  org.elasticsearch.xpack.ml.process.logging.CppLogMessageHandler
2854:             4             64  org.elasticsearch.xpack.ml.utils.NamedPipeHelper
2855:             4             64  org.elasticsearch.xpack.ql.expression.function.FunctionRegistry$$Lambda$3290/0x00000008015dd730
2856:             2             64  org.elasticsearch.xpack.ql.optimizer.OptimizerRules$BooleanLiteralsOnTheRight
2857:             2             64  org.elasticsearch.xpack.ql.optimizer.OptimizerRules$BooleanSimplification
2858:             2             64  org.elasticsearch.xpack.ql.optimizer.OptimizerRules$CombineBinaryComparisons
2859:             2             64  org.elasticsearch.xpack.ql.optimizer.OptimizerRules$ConstantFolding
2860:             2             64  org.elasticsearch.xpack.ql.optimizer.OptimizerRules$PropagateEquals
2861:             2             64  org.elasticsearch.xpack.ql.optimizer.OptimizerRules$PruneLiteralsInOrderBy
2862:             2             64  org.elasticsearch.xpack.ql.optimizer.OptimizerRules$ReplaceRegexMatch
2863:             1             64  org.elasticsearch.xpack.rollup.action.TransportPutRollupJobAction
2864:             1             64  org.elasticsearch.xpack.searchablesnapshots.action.TransportMountSearchableSnapshotAction
2865:             1             64  org.elasticsearch.xpack.searchablesnapshots.action.TransportRepositoryStatsAction
2866:             1             64  org.elasticsearch.xpack.security.action.privilege.TransportClearPrivilegesCacheAction
2867:             1             64  org.elasticsearch.xpack.security.action.realm.TransportClearRealmCacheAction
2868:             1             64  org.elasticsearch.xpack.security.authc.AuthenticationService
2869:             1             64  org.elasticsearch.xpack.security.authz.AuthorizationService
2870:             1             64  org.elasticsearch.xpack.security.authz.store.DeprecationRoleDescriptorConsumer$1
2871:             1             64  org.elasticsearch.xpack.transform.action.TransportDeleteTransformAction
2872:             1             64  org.elasticsearch.xpack.transform.action.TransportGetTransformStatsAction
2873:             1             64  org.elasticsearch.xpack.transform.action.TransportStopTransformAction
2874:             1             64  org.elasticsearch.xpack.transform.action.compat.TransportDeleteTransformActionDeprecated
2875:             1             64  org.elasticsearch.xpack.transform.action.compat.TransportGetTransformStatsActionDeprecated
2876:             1             64  org.elasticsearch.xpack.transform.action.compat.TransportStopTransformActionDeprecated
2877:             2             64  org.elasticsearch.xpack.watcher.common.http.Scheme
2878:             4             64  org.elasticsearch.xpack.watcher.notification.NotificationService$$Lambda$3104/0x0000000800f173e8
2879:             4             64  org.elasticsearch.xpack.watcher.notification.NotificationService$1
2880:             1             64  org.elasticsearch.xpack.watcher.transport.actions.stats.TransportWatcherStatsAction
2881:             1             64  org.jcodings.specific.UTF8Encoding
2882:             2             64  org.opensaml.saml.saml1.core.impl.AuthorizationDecisionStatementUnmarshaller
2883:             2             64  org.opensaml.saml.saml2.core.impl.ExtensionsUnmarshaller
2884:             2             64  org.opensaml.saml.saml2.metadata.impl.ExtensionsUnmarshaller
2885:             1             64  org.opensaml.xmlsec.impl.BasicEncryptionConfiguration
2886:             1             64  org.opensaml.xmlsec.impl.BasicSignatureSigningConfiguration
2887:             1             64  org.opensaml.xmlsec.signature.impl.KeyInfoImpl
2888:             1             64  org.opensaml.xmlsec.signature.impl.X509CertificateImpl
2889:             1             64  org.opensaml.xmlsec.signature.impl.X509DataImpl
2890:             2             64  sun.nio.cs.ext.ExtendedCharsets (jdk.charsets@15.0.1)
2891:             2             64  sun.nio.fs.LinuxFileStore (java.base@15.0.1)
2892:             4             64  sun.reflect.generics.reflectiveObjects.GenericArrayTypeImpl (java.base@15.0.1)
2893:             2             64  sun.security.provider.FileInputStreamPool$StreamRef (java.base@15.0.1)
2894:             2             64  sun.security.rsa.RSAUtil$KeyType (java.base@15.0.1)
2895:             2             64  sun.security.ssl.Alert$Level (java.base@15.0.1)
2896:             2             64  sun.security.ssl.CertStatusExtension$CertStatusRequestType (java.base@15.0.1)
2897:             2             64  sun.security.ssl.PskKeyExchangeModesExtension$PskKeyExchangeMode (java.base@15.0.1)
2898:             4             64  sun.security.ssl.SSLCipher$T11BlockReadCipherGenerator (java.base@15.0.1)
2899:             4             64  sun.security.ssl.SSLCipher$T11BlockWriteCipherGenerator (java.base@15.0.1)
2900:             1             56  [Lcom.fasterxml.jackson.core.JsonGenerator$Feature;
2901:             1             56  [Lcom.fasterxml.jackson.dataformat.yaml.YAMLGenerator$Feature;
2902:             1             56  [Lcom.sun.org.apache.xerces.internal.impl.XMLScanner$NameType; (java.xml@15.0.1)
2903:             1             56  [Lcom.sun.org.apache.xerces.internal.impl.dv.XSSimpleType; (java.xml@15.0.1)
2904:             1             56  [Lcom.sun.org.apache.xerces.internal.impl.xs.util.XInt; (java.xml@15.0.1)
2905:             1             56  [Lcom.sun.org.apache.xerces.internal.utils.XMLSecurityManager$Limit; (java.xml@15.0.1)
2906:             1             56  [Ljava.lang.Runnable; (java.base@15.0.1)
2907:             1             56  [Ljava.nio.file.StandardOpenOption; (java.base@15.0.1)
2908:             1             56  [Ljava.util.Map; (java.base@15.0.1)
2909:             3             56  [Lorg.apache.logging.log4j.core.appender.rolling.action.Action;
2910:             3             56  [Lorg.apache.logging.log4j.core.appender.rolling.action.PathCondition;
2911:             1             56  [Lorg.elasticsearch.common.geo.GeoShapeType;
2912:             1             56  [Lorg.elasticsearch.index.fielddata.IndexNumericFieldData$NumericType;
2913:             1             56  [Lorg.elasticsearch.rest.RestRequest$Method;
2914:             1             56  [Lorg.elasticsearch.xpack.sql.stats.FeatureMetric;
2915:             1             56  [Lorg.yaml.snakeyaml.events.Event$ID;
2916:             1             56  com.amazonaws.AmazonWebServiceRequest$1
2917:             1             56  com.amazonaws.internal.config.InternalConfig
2918:             1             56  com.amazonaws.services.s3.AmazonS3Client$1
2919:             1             56  com.github.mustachejava.DefaultMustacheVisitor$1
2920:             1             56  com.github.mustachejava.codes.DefaultMustache
2921:             1             56  com.sun.org.apache.xerces.internal.jaxp.DocumentBuilderImpl (java.xml@15.0.1)
2922:             1             56  com.sun.org.apache.xerces.internal.util.XMLAttributesIteratorImpl (java.xml@15.0.1)
2923:             1             56  java.lang.invoke.BoundMethodHandle$Specializer (java.base@15.0.1)
2924:             1             56  java.nio.HeapLongBuffer (java.base@15.0.1)
2925:             1             56  java.time.chrono.HijrahChronology (java.base@15.0.1)
2926:             1             56  java.util.concurrent.ConcurrentHashMap$EntryIterator (java.base@15.0.1)
2927:             1             56  java.util.logging.LogManager (java.logging@15.0.1)
2928:             1             56  jdk.internal.org.objectweb.asm.Label (java.base@15.0.1)
2929:             1             56  jdk.internal.ref.CleanerImpl$SoftCleanableRef (java.base@15.0.1)
2930:             1             56  org.apache.commons.logging.impl.WeakHashtable
2931:             1             56  org.apache.commons.logging.impl.WeakHashtable
2932:             1             56  org.apache.http.client.config.RequestConfig
2933:             1             56  org.apache.http.client.config.RequestConfig
2934:             1             56  org.apache.http.impl.client.InternalHttpClient
2935:             1             56  org.apache.http.impl.client.InternalHttpClient
2936:             1             56  org.apache.http.impl.execchain.MainClientExec
2937:             1             56  org.apache.http.impl.execchain.MainClientExec
2938:             1             56  org.apache.lucene.analysis.miscellaneous.StemmerOverrideFilter
2939:             1             56  org.apache.lucene.codecs.lucene70.Lucene70Codec
2940:             1             56  org.apache.lucene.codecs.lucene80.Lucene80Codec
2941:             1             56  org.elasticsearch.action.admin.cluster.configuration.TransportAddVotingConfigExclusionsAction
2942:             1             56  org.elasticsearch.action.admin.cluster.health.TransportClusterHealthAction
2943:             1             56  org.elasticsearch.action.admin.cluster.node.hotthreads.TransportNodesHotThreadsAction
2944:             1             56  org.elasticsearch.action.admin.cluster.node.info.TransportNodesInfoAction
2945:             1             56  org.elasticsearch.action.admin.cluster.node.stats.TransportNodesStatsAction
2946:             1             56  org.elasticsearch.action.admin.cluster.node.tasks.cancel.TransportCancelTasksAction
2947:             1             56  org.elasticsearch.action.admin.cluster.node.tasks.list.TransportListTasksAction
2948:             1             56  org.elasticsearch.action.admin.cluster.repositories.cleanup.TransportCleanupRepositoryAction
2949:             1             56  org.elasticsearch.action.admin.cluster.repositories.delete.TransportDeleteRepositoryAction
2950:             1             56  org.elasticsearch.action.admin.cluster.repositories.put.TransportPutRepositoryAction
2951:             1             56  org.elasticsearch.action.admin.cluster.repositories.verify.TransportVerifyRepositoryAction
2952:             1             56  org.elasticsearch.action.admin.cluster.reroute.TransportClusterRerouteAction
2953:             1             56  org.elasticsearch.action.admin.cluster.settings.TransportClusterUpdateSettingsAction
2954:             1             56  org.elasticsearch.action.admin.cluster.shards.TransportClusterSearchShardsAction
2955:             1             56  org.elasticsearch.action.admin.cluster.snapshots.clone.TransportCloneSnapshotAction
2956:             1             56  org.elasticsearch.action.admin.cluster.snapshots.create.TransportCreateSnapshotAction
2957:             1             56  org.elasticsearch.action.admin.cluster.snapshots.delete.TransportDeleteSnapshotAction
2958:             1             56  org.elasticsearch.action.admin.cluster.snapshots.get.TransportGetSnapshotsAction
2959:             1             56  org.elasticsearch.action.admin.cluster.snapshots.restore.TransportRestoreSnapshotAction
2960:             1             56  org.elasticsearch.action.admin.cluster.snapshots.status.TransportNodesSnapshotsStatus
2961:             1             56  org.elasticsearch.action.admin.cluster.snapshots.status.TransportSnapshotsStatusAction
2962:             1             56  org.elasticsearch.action.admin.cluster.state.TransportClusterStateAction
2963:             1             56  org.elasticsearch.action.admin.cluster.storedscripts.TransportDeleteStoredScriptAction
2964:             1             56  org.elasticsearch.action.admin.cluster.storedscripts.TransportGetStoredScriptAction
2965:             1             56  org.elasticsearch.action.admin.cluster.storedscripts.TransportPutStoredScriptAction
2966:             1             56  org.elasticsearch.action.admin.cluster.tasks.TransportPendingClusterTasksAction
2967:             1             56  org.elasticsearch.action.admin.indices.alias.TransportIndicesAliasesAction
2968:             1             56  org.elasticsearch.action.admin.indices.alias.get.TransportGetAliasesAction
2969:             1             56  org.elasticsearch.action.admin.indices.create.TransportCreateIndexAction
2970:             1             56  org.elasticsearch.action.admin.indices.dangling.delete.TransportDeleteDanglingIndexAction
2971:             1             56  org.elasticsearch.action.admin.indices.delete.TransportDeleteIndexAction
2972:             1             56  org.elasticsearch.action.admin.indices.mapping.get.TransportGetMappingsAction
2973:             1             56  org.elasticsearch.action.admin.indices.mapping.put.TransportAutoPutMappingAction
2974:             1             56  org.elasticsearch.action.admin.indices.mapping.put.TransportPutMappingAction
2975:             1             56  org.elasticsearch.action.admin.indices.open.TransportOpenIndexAction
2976:             1             56  org.elasticsearch.action.admin.indices.readonly.TransportAddIndexBlockAction
2977:             1             56  org.elasticsearch.action.admin.indices.settings.get.TransportGetSettingsAction
2978:             1             56  org.elasticsearch.action.admin.indices.settings.put.TransportUpdateSettingsAction
2979:             1             56  org.elasticsearch.action.admin.indices.shards.TransportIndicesShardStoresAction
2980:             1             56  org.elasticsearch.action.admin.indices.shrink.TransportResizeAction
2981:             1             56  org.elasticsearch.action.admin.indices.template.delete.TransportDeleteComponentTemplateAction
2982:             1             56  org.elasticsearch.action.admin.indices.template.delete.TransportDeleteComposableIndexTemplateAction
2983:             1             56  org.elasticsearch.action.admin.indices.template.delete.TransportDeleteIndexTemplateAction
2984:             1             56  org.elasticsearch.action.admin.indices.template.put.TransportPutComponentTemplateAction
2985:             1             56  org.elasticsearch.action.admin.indices.template.put.TransportPutComposableIndexTemplateAction
2986:             1             56  org.elasticsearch.action.admin.indices.template.put.TransportPutIndexTemplateAction
2987:             1             56  org.elasticsearch.action.admin.indices.upgrade.post.TransportUpgradeAction
2988:             1             56  org.elasticsearch.action.admin.indices.upgrade.post.TransportUpgradeSettingsAction
2989:             1             56  org.elasticsearch.action.admin.indices.validate.query.TransportValidateQueryAction
2990:             1             56  org.elasticsearch.action.explain.TransportExplainAction
2991:             1             56  org.elasticsearch.action.get.TransportGetAction
2992:             1             56  org.elasticsearch.action.get.TransportShardMultiGetAction
2993:             1             56  org.elasticsearch.action.ingest.DeletePipelineTransportAction
2994:             1             56  org.elasticsearch.action.ingest.PutPipelineTransportAction
2995:             1             56  org.elasticsearch.action.termvectors.TransportShardMultiTermsVectorAction
2996:             1             56  org.elasticsearch.action.termvectors.TransportTermVectorsAction
2997:             1             56  org.elasticsearch.cluster.InternalClusterInfoService
2998:             1             56  org.elasticsearch.cluster.routing.allocation.DiskThresholdMonitor
2999:             1             56  org.elasticsearch.cluster.service.ClusterService
3000:             1             56  org.elasticsearch.discovery.SeedHostsResolver
3001:             1             56  org.elasticsearch.gateway.TransportNodesListGatewayMetaState
3002:             1             56  org.elasticsearch.index.get.GetStats
3003:             1             56  org.elasticsearch.index.reindex.TransportRethrottleAction
3004:             1             56  org.elasticsearch.index.seqno.RetentionLeaseActions$Add$TransportAction
3005:             1             56  org.elasticsearch.index.seqno.RetentionLeaseActions$Remove$TransportAction
3006:             1             56  org.elasticsearch.index.seqno.RetentionLeaseActions$Renew$TransportAction
3007:             1             56  org.elasticsearch.indices.recovery.RecoverySettings
3008:             1             56  org.elasticsearch.license.LicenseService
3009:             1             56  org.elasticsearch.license.TransportDeleteLicenseAction
3010:             1             56  org.elasticsearch.license.TransportGetLicenseAction
3011:             1             56  org.elasticsearch.license.TransportPostStartBasicAction
3012:             1             56  org.elasticsearch.license.TransportPostStartTrialAction
3013:             1             56  org.elasticsearch.license.TransportPutLicenseAction
3014:             1             56  org.elasticsearch.monitor.fs.FsHealthService
3015:             1             56  org.elasticsearch.monitor.jvm.JvmInfo$Mem
3016:             1             56  org.elasticsearch.persistent.CompletionPersistentTaskAction$TransportAction
3017:             1             56  org.elasticsearch.persistent.RemovePersistentTaskAction$TransportAction
3018:             1             56  org.elasticsearch.persistent.StartPersistentTaskAction$TransportAction
3019:             1             56  org.elasticsearch.persistent.UpdatePersistentTaskStatusAction$TransportAction
3020:             1             56  org.elasticsearch.repositories.RepositoriesService
3021:             1             56  org.elasticsearch.snapshots.InternalSnapshotsInfoService
3022:             1             56  org.elasticsearch.snapshots.SnapshotsService$UpdateSnapshotStatusAction
3023:             1             56  org.elasticsearch.tasks.TaskManager
3024:             1             56  org.elasticsearch.transport.InboundHandler
3025:             1             56  org.elasticsearch.xpack.analytics.action.TransportAnalyticsStatsAction
3026:             1             56  org.elasticsearch.xpack.core.action.TransportXPackUsageAction
3027:             1             56  org.elasticsearch.xpack.core.async.AsyncTaskMaintenanceService
3028:             1             56  org.elasticsearch.xpack.datastreams.action.CreateDataStreamTransportAction
3029:             1             56  org.elasticsearch.xpack.datastreams.action.DataStreamsStatsTransportAction
3030:             1             56  org.elasticsearch.xpack.datastreams.action.DeleteDataStreamTransportAction
3031:             1             56  org.elasticsearch.xpack.enrich.EnrichPolicyExecutor
3032:             1             56  org.elasticsearch.xpack.enrich.action.EnrichCoordinatorStatsAction$TransportAction
3033:             1             56  org.elasticsearch.xpack.enrich.action.EnrichShardMultiSearchAction$TransportAction
3034:             1             56  org.elasticsearch.xpack.enrich.action.TransportEnrichStatsAction
3035:             1             56  org.elasticsearch.xpack.enrich.action.TransportExecuteEnrichPolicyAction
3036:             1             56  org.elasticsearch.xpack.eql.execution.PlanExecutor
3037:             1             56  org.elasticsearch.xpack.eql.plugin.TransportEqlStatsAction
3038:             1             56  org.elasticsearch.xpack.frozen.action.TransportFreezeIndexAction
3039:             1             56  org.elasticsearch.xpack.ilm.IndexLifecycleService
3040:             1             56  org.elasticsearch.xpack.ilm.action.TransportExplainLifecycleAction
3041:             1             56  org.elasticsearch.xpack.ilm.action.TransportMoveToStepAction
3042:             1             56  org.elasticsearch.xpack.ilm.action.TransportPutLifecycleAction
3043:             1             56  org.elasticsearch.xpack.ilm.action.TransportRetryAction
3044:             1             56  org.elasticsearch.xpack.ml.MachineLearning
3045:             1             56  org.elasticsearch.xpack.ml.action.TransportExplainDataFrameAnalyticsAction
3046:             1             56  org.elasticsearch.xpack.ml.action.TransportFinalizeJobExecutionAction
3047:             1             56  org.elasticsearch.xpack.ml.action.TransportFlushJobAction
3048:             1             56  org.elasticsearch.xpack.ml.action.TransportGetDataFrameAnalyticsStatsAction
3049:             1             56  org.elasticsearch.xpack.ml.action.TransportGetDatafeedsAction
3050:             1             56  org.elasticsearch.xpack.ml.action.TransportGetDatafeedsStatsAction
3051:             1             56  org.elasticsearch.xpack.ml.action.TransportGetJobsAction
3052:             1             56  org.elasticsearch.xpack.ml.action.TransportIsolateDatafeedAction
3053:             1             56  org.elasticsearch.xpack.ml.action.TransportPersistJobAction
3054:             1             56  org.elasticsearch.xpack.ml.action.TransportPreviewDatafeedAction
3055:             1             56  org.elasticsearch.xpack.ml.action.TransportUpdateJobAction
3056:             1             56  org.elasticsearch.xpack.ml.action.TransportUpdateProcessAction
3057:             1             56  org.elasticsearch.xpack.ml.datafeed.DatafeedJobBuilder
3058:             1             56  org.elasticsearch.xpack.ml.dataframe.process.AnalyticsProcessManager
3059:             1             56  org.elasticsearch.xpack.ml.inference.loadingservice.ModelLoadingService
3060:             1             56  org.elasticsearch.xpack.ml.job.JobManager
3061:             1             56  org.elasticsearch.xpack.ml.notifications.AnomalyDetectionAuditor
3062:             1             56  org.elasticsearch.xpack.ml.notifications.DataFrameAnalyticsAuditor
3063:             1             56  org.elasticsearch.xpack.monitoring.MonitoringService
3064:             1             56  org.elasticsearch.xpack.repositories.metering.action.TransportClearRepositoriesStatsArchiveAction
3065:             1             56  org.elasticsearch.xpack.repositories.metering.action.TransportRepositoriesStatsAction
3066:             1             56  org.elasticsearch.xpack.rollup.action.TransportDeleteRollupJobAction
3067:             1             56  org.elasticsearch.xpack.rollup.action.TransportGetRollupJobAction
3068:             1             56  org.elasticsearch.xpack.rollup.action.TransportRollupSearchAction
3069:             1             56  org.elasticsearch.xpack.rollup.action.TransportStartRollupAction
3070:             1             56  org.elasticsearch.xpack.rollup.action.TransportStopRollupAction
3071:             1             56  org.elasticsearch.xpack.searchablesnapshots.action.TransportClearSearchableSnapshotsCacheAction
3072:             1             56  org.elasticsearch.xpack.searchablesnapshots.action.TransportSearchableSnapshotsStatsAction
3073:             1             56  org.elasticsearch.xpack.security.action.TransportClearSecurityCacheAction
3074:             1             56  org.elasticsearch.xpack.security.action.role.TransportClearRolesCacheAction
3075:             1             56  org.elasticsearch.xpack.slm.action.TransportExecuteSnapshotLifecycleAction
3076:             1             56  org.elasticsearch.xpack.slm.action.TransportExecuteSnapshotRetentionAction
3077:             1             56  org.elasticsearch.xpack.sql.plugin.TransportSqlStatsAction
3078:             1             56  org.elasticsearch.xpack.transform.notifications.TransformAuditor
3079:             1             56  org.elasticsearch.xpack.watcher.WatcherService
3080:             1             56  org.elasticsearch.xpack.watcher.notification.email.EmailService
3081:             1             56  org.elasticsearch.xpack.watcher.transport.actions.execute.TransportExecuteWatchAction
3082:             1             56  org.elasticsearch.xpack.watcher.transport.actions.service.TransportWatcherServiceAction
3083:             1             56  org.objectweb.asm.Label
3084:             1             56  org.tartarus.snowball.ext.FinnishStemmer
3085:             1             56  org.tartarus.snowball.ext.LithuanianStemmer
3086:             1             56  org.tartarus.snowball.ext.RomanianStemmer
3087:             1             56  sun.security.provider.SHA (java.base@15.0.1)
3088:             1             56  sun.security.provider.certpath.ldap.JdkLDAP$ProviderService (java.naming@15.0.1)
3089:             1             56  sun.security.smartcardio.SunPCSC$ProviderService (java.smartcardio@15.0.1)
3090:             1             56  sun.security.ssl.SSLContextImpl$TLSContext (java.base@15.0.1)
3091:             2             48  [Lcom.amazonaws.Protocol;
3092:             2             48  [Lcom.amazonaws.RequestClientOptions$Marker;
3093:             1             48  [Lcom.amazonaws.http.HttpMethodName;
3094:             1             48  [Lcom.amazonaws.services.s3.model.CannedAccessControlList;
3095:             1             48  [Lcom.amazonaws.services.s3.model.StorageClass;
3096:             1             48  [Lcom.fasterxml.jackson.annotation.JsonFormat$Feature;
3097:             1             48  [Lcom.fasterxml.jackson.annotation.JsonInclude$Include;
3098:             1             48  [Lcom.fasterxml.jackson.annotation.PropertyAccessor;
3099:             1             48  [Lcom.sun.management.VMOption$Origin; (jdk.management@15.0.1)
3100:             1             48  [Lio.netty.handler.codec.compression.JdkZlibDecoder$GzipState;
3101:             1             48  [Ljava.lang.management.MemoryPoolMXBean; (java.management@15.0.1)
3102:             1             48  [Ljava.math.RoundingMode; (java.base@15.0.1)
3103:             2             48  [Ljava.net.InetAddress; (java.base@15.0.1)
3104:             2             48  [Ljava.nio.file.FileVisitOption; (java.base@15.0.1)
3105:             2             48  [Ljava.time.ZoneOffset; (java.base@15.0.1)
3106:             2             48  [Ljava.util.concurrent.ConcurrentHashMap$CounterCell; (java.base@15.0.1)
3107:             1             48  [Lorg.antlr.v4.runtime.atn.LexerActionType;
3108:             2             48  [Lorg.apache.http.client.utils.URIUtils$UriFlag;
3109:             1             48  [Lorg.apache.logging.log4j.core.appender.rolling.RolloverFrequency;
3110:             2             48  [Lorg.apache.logging.log4j.core.async.ThreadNameCachingStrategy;
3111:             2             48  [Lorg.apache.lucene.codecs.lucene87.Lucene87StoredFieldsFormat$Mode;
3112:             1             48  [Lorg.apache.lucene.index.MergeTrigger;
3113:             2             48  [Lorg.apache.lucene.search.SortField;
3114:             2             48  [Lorg.apache.lucene.search.TotalHits$Relation;
3115:             2             48  [Lorg.elasticsearch.action.search.SearchType;
3116:             1             48  [Lorg.elasticsearch.cluster.SnapshotsInProgress$ShardState;
3117:             1             48  [Lorg.elasticsearch.common.Rounding$DateTimeUnit;
3118:             1             48  [Lorg.elasticsearch.index.mapper.DynamicTemplate$XContentFieldType;
3119:             1             48  [Lorg.elasticsearch.index.mapper.NumberFieldMapper$NumberType;
3120:             2             48  [Lorg.elasticsearch.index.query.Operator;
3121:             2             48  [Lorg.elasticsearch.index.translog.Translog$Durability;
3122:             1             48  [Lorg.elasticsearch.indices.analysis.PreBuiltAnalyzers;
3123:             1             48  [Lorg.elasticsearch.license.License$OperationMode;
3124:             2             48  [Lorg.elasticsearch.monitor.fs.FsInfo$Path;
3125:             2             48  [Lorg.elasticsearch.monitor.jvm.JvmStats$GarbageCollector;
3126:             2             48  [Lorg.elasticsearch.persistent.decider.EnableAssignmentDecider$Allocation;
3127:             2             48  [Lorg.elasticsearch.search.sort.ScriptSortBuilder$ScriptSortType;
3128:             2             48  [Lorg.elasticsearch.search.sort.SortOrder;
3129:             2             48  [Lorg.elasticsearch.xpack.core.ssl.TrustConfig;
3130:             1             48  [Lorg.elasticsearch.xpack.core.template.IndexTemplateConfig;
3131:             1             48  [Lorg.elasticsearch.xpack.sql.stats.QueryMetric;
3132:             2             48  [Lorg.elasticsearch.xpack.watcher.notification.email.HtmlSanitizer$Images;
3133:             1             48  [Lorg.joda.time.chrono.GregorianChronology;
3134:             1             48  [Lorg.opensaml.xmlsec.algorithm.AlgorithmDescriptor$AlgorithmType;
3135:             2             48  [Lsun.security.validator.CADistrustPolicy; (java.base@15.0.1)
3136:             1             48  [Lsun.security.x509.NetscapeCertTypeExtension$MapEntry; (java.base@15.0.1)
3137:             2             48  co.elastic.cloud.quotaawarefs.QuotaAwareFileStore
3138:             2             48  com.amazonaws.Protocol
3139:             2             48  com.amazonaws.auth.SigningAlgorithm
3140:             2             48  com.amazonaws.auth.SigningAlgorithm$1
3141:             1             48  com.amazonaws.auth.profile.ProfileCredentialsProvider
3142:             1             48  com.amazonaws.http.conn.ssl.SdkTLSSocketFactory
3143:             2             48  com.amazonaws.retry.RetryMode
3144:             2             48  com.amazonaws.services.s3.model.SSEAlgorithm
3145:             2             48  com.amazonaws.util.AwsClientSideMonitoringMetrics
3146:             1             48  com.carrotsearch.hppc.ObjectHashSet
3147:             1             48  com.codahale.metrics.Meter
3148:             2             48  com.fasterxml.jackson.core.util.DefaultIndenter
3149:             2             48  com.fasterxml.jackson.databind.AnnotationIntrospector$ReferenceProperty$Type
3150:             1             48  com.fasterxml.jackson.databind.cfg.ConfigOverride$Empty
3151:             2             48  com.fasterxml.jackson.databind.deser.impl.NullsConstantProvider
3152:             2             48  com.fasterxml.jackson.databind.deser.std.StdKeyDeserializer$StringKD
3153:             3             48  com.fasterxml.jackson.databind.introspect.BasicClassIntrospector
3154:             3             48  com.fasterxml.jackson.databind.jsontype.impl.StdSubtypeResolver
3155:             2             48  com.fasterxml.jackson.databind.ser.std.BooleanSerializer
3156:             3             48  com.fasterxml.jackson.databind.util.RootNameLookup
3157:             1             48  com.fasterxml.jackson.databind.util.StdDateFormat
3158:             2             48  com.google.common.collect.ImmutableMapEntry
3159:             2             48  com.google.common.collect.ImmutableMapEntrySet$RegularEntrySet
3160:             3             48  com.google.common.collect.RegularImmutableList
3161:             2             48  com.sun.jna.NativeMappedConverter
3162:             1             48  com.sun.org.apache.xerces.internal.impl.XMLDocumentFragmentScannerImpl$ElementStack (java.xml@15.0.1)
3163:             3             48  com.sun.org.apache.xerces.internal.impl.dv.dtd.ListDatatypeValidator (java.xml@15.0.1)
3164:             1             48  com.sun.org.apache.xerces.internal.impl.xs.XSAttributeGroupDecl (java.xml@15.0.1)
3165:             3             48  com.sun.org.apache.xerces.internal.jaxp.datatype.DatatypeFactoryImpl (java.xml@15.0.1)
3166:             1             48  com.sun.org.apache.xerces.internal.util.URI (java.xml@15.0.1)
3167:             1             48  com.sun.org.apache.xerces.internal.util.XMLAttributesImpl (java.xml@15.0.1)
3168:             3             48  com.sun.proxy.$Proxy13
3169:             3             48  com.sun.proxy.$Proxy25
3170:             3             48  com.sun.proxy.$Proxy33
3171:             1             48  io.netty.bootstrap.Bootstrap
3172:             3             48  io.netty.bootstrap.ServerBootstrapConfig
3173:             2             48  io.netty.buffer.PooledByteBufAllocator$PoolThreadLocalCache
3174:             2             48  io.netty.buffer.UnreleasableByteBuf
3175:             2             48  io.netty.channel.FixedRecvByteBufAllocator
3176:             2             48  io.netty.handler.ipfilter.IpFilterRuleType
3177:             2             48  io.netty.handler.logging.ByteBufFormat
3178:             2             48  io.netty.resolver.AddressResolverGroup$1
3179:             2             48  io.netty.resolver.DefaultNameResolver
3180:             2             48  io.netty.resolver.InetSocketAddressResolver
3181:             1             48  io.netty.util.ResourceLeakDetector$Record
3182:             3             48  io.netty.util.concurrent.PromiseTask$SentinelRunnable
3183:             2             48  io.netty.util.internal.ThreadExecutorMap$1
3184:             2             48  io.netty.util.internal.ThreadExecutorMap$2
3185:             2             48  java.io.File$PathStatus (java.base@15.0.1)
3186:             1             48  java.lang.NullPointerException (java.base@15.0.1)
3187:             1             48  java.lang.invoke.BoundMethodHandle$Specializer$Factory (java.base@15.0.1)
3188:             2             48  java.lang.invoke.MethodHandles$Lookup$ClassOption (java.base@15.0.1)
3189:             2             48  java.lang.invoke.VarHandleByteArrayAsLongs$ArrayHandle (java.base@15.0.1)
3190:             1             48  java.net.NetworkInterface (java.base@15.0.1)
3191:             2             48  java.net.StandardProtocolFamily (java.base@15.0.1)
3192:             3             48  java.nio.charset.CodingErrorAction (java.base@15.0.1)
3193:             3             48  java.text.AttributedCharacterIterator$Attribute (java.base@15.0.1)
3194:             2             48  java.text.BreakIterator$BreakIteratorCache (java.base@15.0.1)
3195:             2             48  java.time.LocalDateTime (java.base@15.0.1)
3196:             2             48  java.time.OffsetDateTime (java.base@15.0.1)
3197:             2             48  java.time.OffsetTime (java.base@15.0.1)
3198:             2             48  java.time.ZoneRegion (java.base@15.0.1)
3199:             2             48  java.time.chrono.IsoEra (java.base@15.0.1)
3200:             2             48  java.time.chrono.MinguoEra (java.base@15.0.1)
3201:             2             48  java.time.chrono.ThaiBuddhistEra (java.base@15.0.1)
3202:             2             48  java.time.format.DateTimeFormatterBuilder$1 (java.base@15.0.1)
3203:             2             48  java.time.format.DateTimeTextProvider$LocaleStore (java.base@15.0.1)
3204:             3             48  java.util.Base64$Decoder (java.base@15.0.1)
3205:             2             48  java.util.Formatter$BigDecimalLayoutForm (java.base@15.0.1)
3206:             3             48  java.util.IdentityHashMap$Values (java.base@15.0.1)
3207:             3             48  java.util.ResourceBundle$NoFallbackControl (java.base@15.0.1)
3208:             2             48  java.util.ServiceLoader$2 (java.base@15.0.1)
3209:             2             48  java.util.TaskQueue (java.base@15.0.1)
3210:             2             48  java.util.Timer (java.base@15.0.1)
3211:             1             48  java.util.concurrent.ConcurrentSkipListMap (java.base@15.0.1)
3212:             2             48  java.util.concurrent.ConcurrentSkipListMap$Index (java.base@15.0.1)
3213:             2             48  java.util.concurrent.ConcurrentSkipListMap$Node (java.base@15.0.1)
3214:             2             48  java.util.concurrent.LinkedBlockingQueue$Node (java.base@15.0.1)
3215:             3             48  java.util.concurrent.atomic.AtomicMarkableReference (java.base@15.0.1)
3216:             2             48  java.util.logging.Logger$LoggerBundle (java.logging@15.0.1)
3217:             2             48  javax.crypto.CryptoPermissions (java.base@15.0.1)
3218:             1             48  jdk.internal.icu.impl.UCharacterProperty (java.base@15.0.1)
3219:             1             48  jdk.internal.icu.util.CodePointTrie$Fast16 (java.base@15.0.1)
3220:             2             48  jdk.internal.icu.util.CodePointTrie$Type (java.base@15.0.1)
3221:             3             48  jdk.internal.icu.util.VersionInfo (java.base@15.0.1)
3222:             1             48  jdk.internal.jimage.ImageHeader (java.base@15.0.1)
3223:             2             48  jdk.internal.misc.Signal$NativeHandler (java.base@15.0.1)
3224:             3             48  jdk.internal.module.ServicesCatalog (java.base@15.0.1)
3225:             1             48  jdk.internal.ref.CleanerImpl$WeakCleanableRef (java.base@15.0.1)
3226:             1             48  joptsimple.OptionParser
3227:             2             48  org.antlr.v4.runtime.atn.ATNType
3228:             2             48  org.antlr.v4.runtime.atn.SemanticContext$Predicate
3229:             1             48  org.antlr.v4.runtime.atn.Transition$1
3230:             1             48  org.apache.commons.logging.impl.LogFactoryImpl
3231:             2             48  org.apache.commons.logging.impl.WeakHashtable$Referenced
3232:             2             48  org.apache.http.client.utils.URIUtils$UriFlag
3233:             3             48  org.apache.http.config.Registry
3234:             2             48  org.apache.http.conn.routing.RouteInfo$LayerType
3235:             2             48  org.apache.http.conn.routing.RouteInfo$TunnelType
3236:             1             48  org.apache.http.impl.client.IdleConnectionEvictor
3237:             3             48  org.apache.http.impl.cookie.BasicCommentHandler
3238:             3             48  org.apache.http.impl.cookie.BasicPathHandler
3239:             3             48  org.apache.http.impl.cookie.BasicSecureHandler
3240:             2             48  org.apache.http.impl.cookie.DefaultCookieSpecProvider$CompatibilityLevel
3241:             2             48  org.apache.http.impl.cookie.DefaultCookieSpecProvider$CompatibilityLevel
3242:             2             48  org.apache.http.impl.cookie.RFC6265CookieSpecProvider
3243:             2             48  org.apache.http.impl.cookie.RFC6265CookieSpecProvider
3244:             2             48  org.apache.http.protocol.ImmutableHttpProcessor
3245:             2             48  org.apache.http.protocol.ImmutableHttpProcessor
3246:             1             48  org.apache.logging.log4j.core.LoggerContext
3247:             1             48  org.apache.logging.log4j.core.appender.ConsoleAppender
3248:             1             48  org.apache.logging.log4j.core.appender.rolling.TimeBasedTriggeringPolicy
3249:             1             48  org.apache.logging.log4j.core.appender.rolling.action.DeleteAction
3250:             2             48  org.apache.logging.log4j.core.appender.rolling.action.Duration
3251:             2             48  org.apache.logging.log4j.core.config.plugins.util.PluginManager
3252:             2             48  org.apache.logging.log4j.core.config.status.StatusConfiguration$Verbosity
3253:             1             48  org.apache.logging.log4j.core.filter.BurstFilter
3254:             2             48  org.apache.logging.log4j.core.filter.BurstFilter$LogDelay
3255:             1             48  org.apache.logging.log4j.core.impl.Log4jProvider
3256:             3             48  org.apache.logging.log4j.core.lookup.StrMatcher$StringMatcher
3257:             3             48  org.apache.logging.log4j.core.util.SystemClock
3258:             2             48  org.apache.logging.log4j.core.util.datetime.FastDateFormat
3259:             2             48  org.apache.logging.log4j.core.util.datetime.FastDatePrinter$PaddedNumberField
3260:             2             48  org.apache.logging.log4j.core.util.datetime.FormatCache$MultipartKey
3261:             2             48  org.apache.logging.log4j.message.SimpleMessage
3262:             1             48  org.apache.logging.log4j.simple.SimpleLogger
3263:             1             48  org.apache.logging.log4j.status.StatusLogger
3264:             1             48  org.apache.lucene.analysis.CharArrayMap$EmptyCharArrayMap
3265:             1             48  org.apache.lucene.analysis.ar.ArabicStemFilter
3266:             1             48  org.apache.lucene.analysis.bg.BulgarianStemFilter
3267:             1             48  org.apache.lucene.analysis.bn.BengaliNormalizationFilter
3268:             1             48  org.apache.lucene.analysis.bn.BengaliStemFilter
3269:             1             48  org.apache.lucene.analysis.br.BrazilianStemFilter
3270:             1             48  org.apache.lucene.analysis.ckb.SoraniStemFilter
3271:             1             48  org.apache.lucene.analysis.cz.CzechStemFilter
3272:             1             48  org.apache.lucene.analysis.de.GermanLightStemFilter
3273:             1             48  org.apache.lucene.analysis.el.GreekStemFilter
3274:             1             48  org.apache.lucene.analysis.en.PorterStemFilter
3275:             1             48  org.apache.lucene.analysis.es.SpanishLightStemFilter
3276:             1             48  org.apache.lucene.analysis.fr.FrenchLightStemFilter
3277:             1             48  org.apache.lucene.analysis.gl.GalicianStemFilter
3278:             1             48  org.apache.lucene.analysis.hi.HindiNormalizationFilter
3279:             1             48  org.apache.lucene.analysis.hi.HindiStemFilter
3280:             1             48  org.apache.lucene.analysis.id.IndonesianStemFilter
3281:             1             48  org.apache.lucene.analysis.it.ItalianLightStemFilter
3282:             1             48  org.apache.lucene.analysis.lv.LatvianStemFilter
3283:             1             48  org.apache.lucene.analysis.miscellaneous.SetKeywordMarkerFilter
3284:             1             48  org.apache.lucene.analysis.pt.PortugueseLightStemFilter
3285:             2             48  org.apache.lucene.codecs.lucene50.Lucene50StoredFieldsFormat$Mode
3286:             3             48  org.apache.lucene.codecs.lucene70.Lucene70SegmentInfoFormat
3287:             2             48  org.apache.lucene.codecs.lucene87.Lucene87StoredFieldsFormat$Mode
3288:             2             48  org.apache.lucene.document.Field$Store
3289:             2             48  org.apache.lucene.search.LRUQueryCache$MinSegmentSizePredicate
3290:             2             48  org.apache.lucene.search.SortedNumericSelector$Type
3291:             2             48  org.apache.lucene.search.TopDocs
3292:             2             48  org.apache.lucene.search.TotalHits
3293:             2             48  org.apache.lucene.search.TotalHits$Relation
3294:             1             48  org.apache.lucene.util.packed.BulkOperationPacked1
3295:             1             48  org.apache.lucene.util.packed.BulkOperationPacked10
3296:             1             48  org.apache.lucene.util.packed.BulkOperationPacked11
3297:             1             48  org.apache.lucene.util.packed.BulkOperationPacked12
3298:             1             48  org.apache.lucene.util.packed.BulkOperationPacked13
3299:             1             48  org.apache.lucene.util.packed.BulkOperationPacked14
3300:             1             48  org.apache.lucene.util.packed.BulkOperationPacked15
3301:             1             48  org.apache.lucene.util.packed.BulkOperationPacked16
3302:             1             48  org.apache.lucene.util.packed.BulkOperationPacked17
3303:             1             48  org.apache.lucene.util.packed.BulkOperationPacked18
3304:             1             48  org.apache.lucene.util.packed.BulkOperationPacked19
3305:             1             48  org.apache.lucene.util.packed.BulkOperationPacked2
3306:             1             48  org.apache.lucene.util.packed.BulkOperationPacked20
3307:             1             48  org.apache.lucene.util.packed.BulkOperationPacked21
3308:             1             48  org.apache.lucene.util.packed.BulkOperationPacked22
3309:             1             48  org.apache.lucene.util.packed.BulkOperationPacked23
3310:             1             48  org.apache.lucene.util.packed.BulkOperationPacked24
3311:             1             48  org.apache.lucene.util.packed.BulkOperationPacked3
3312:             1             48  org.apache.lucene.util.packed.BulkOperationPacked4
3313:             1             48  org.apache.lucene.util.packed.BulkOperationPacked5
3314:             1             48  org.apache.lucene.util.packed.BulkOperationPacked6
3315:             1             48  org.apache.lucene.util.packed.BulkOperationPacked7
3316:             1             48  org.apache.lucene.util.packed.BulkOperationPacked8
3317:             1             48  org.apache.lucene.util.packed.BulkOperationPacked9
3318:             2             48  org.elasticsearch.action.ActionListener$4
3319:             1             48  org.elasticsearch.action.admin.cluster.configuration.TransportClearVotingConfigExclusionsAction
3320:             1             48  org.elasticsearch.action.admin.cluster.node.tasks.get.TransportGetTaskAction
3321:             1             48  org.elasticsearch.action.admin.cluster.repositories.get.TransportGetRepositoriesAction
3322:             1             48  org.elasticsearch.action.admin.indices.alias.exists.TransportAliasesExistAction
3323:             1             48  org.elasticsearch.action.admin.indices.cache.clear.TransportClearIndicesCacheAction
3324:             1             48  org.elasticsearch.action.admin.indices.exists.indices.TransportIndicesExistsAction
3325:             1             48  org.elasticsearch.action.admin.indices.exists.types.TransportTypesExistsAction
3326:             1             48  org.elasticsearch.action.admin.indices.forcemerge.TransportForceMergeAction
3327:             1             48  org.elasticsearch.action.admin.indices.recovery.TransportRecoveryAction
3328:             1             48  org.elasticsearch.action.admin.indices.resolve.ResolveIndexAction$TransportAction
3329:             1             48  org.elasticsearch.action.admin.indices.segments.TransportIndicesSegmentsAction
3330:             1             48  org.elasticsearch.action.admin.indices.stats.TransportIndicesStatsAction
3331:             1             48  org.elasticsearch.action.admin.indices.template.get.TransportGetComponentTemplateAction
3332:             1             48  org.elasticsearch.action.admin.indices.template.get.TransportGetComposableIndexTemplateAction
3333:             1             48  org.elasticsearch.action.admin.indices.template.get.TransportGetIndexTemplatesAction
3334:             1             48  org.elasticsearch.action.admin.indices.upgrade.get.TransportUpgradeStatusAction
3335:             2             48  org.elasticsearch.action.bulk.BulkProcessor$$Lambda$3163/0x0000000801546ff0
3336:             2             48  org.elasticsearch.action.bulk.Retry
3337:             1             48  org.elasticsearch.action.fieldcaps.TransportFieldCapabilitiesAction
3338:             1             48  org.elasticsearch.action.fieldcaps.TransportFieldCapabilitiesIndexAction
3339:             1             48  org.elasticsearch.action.ingest.GetPipelineTransportAction
3340:             2             48  org.elasticsearch.action.search.SearchType
3341:             1             48  org.elasticsearch.action.search.TransportMultiSearchAction
3342:             1             48  org.elasticsearch.analysis.common.UniqueTokenFilter
3343:             2             48  org.elasticsearch.bootstrap.ESPolicy$BadDefaultPermission
3344:             1             48  org.elasticsearch.client.node.NodeClient
3345:             1             48  org.elasticsearch.cluster.NodeConnectionsService
3346:             3             48  org.elasticsearch.cluster.NodeConnectionsService$ConnectionTarget$2
3347:             1             48  org.elasticsearch.cluster.coordination.CoordinationState
3348:             2             48  org.elasticsearch.cluster.coordination.CoordinationState$VoteCollection
3349:             1             48  org.elasticsearch.cluster.coordination.DiscoveryUpgradeService
3350:             1             48  org.elasticsearch.cluster.coordination.Join
3351:             1             48  org.elasticsearch.cluster.coordination.JoinHelper
3352:             1             48  org.elasticsearch.cluster.coordination.LeaderChecker
3353:             1             48  org.elasticsearch.cluster.coordination.PublicationTransportHandler
3354:             3             48  org.elasticsearch.cluster.metadata.AliasValidator
3355:             3             48  org.elasticsearch.cluster.metadata.ComposableIndexTemplate$DataStreamTemplate
3356:             2             48  org.elasticsearch.cluster.metadata.IndexMetadata$State
3357:             1             48  org.elasticsearch.cluster.metadata.MetadataIndexStateService
3358:             2             48  org.elasticsearch.cluster.node.DiscoveryNodeFilters$OpType
3359:             1             48  org.elasticsearch.cluster.routing.RoutingNodes
3360:             2             48  org.elasticsearch.cluster.routing.RoutingTable
3361:             1             48  org.elasticsearch.cluster.service.MasterService
3362:             1             48  org.elasticsearch.common.Rounding$DateTimeUnit$1
3363:             1             48  org.elasticsearch.common.Rounding$DateTimeUnit$2
3364:             1             48  org.elasticsearch.common.Rounding$DateTimeUnit$3
3365:             1             48  org.elasticsearch.common.Rounding$DateTimeUnit$4
3366:             2             48  org.elasticsearch.common.breaker.CircuitBreaker$Durability
3367:             3             48  org.elasticsearch.common.hash.MessageDigests$$Lambda$199/0x0000000800c0ae08
3368:             1             48  org.elasticsearch.common.inject.InheritingState
3369:             1             48  org.elasticsearch.common.inject.InjectorImpl
3370:             2             48  org.elasticsearch.common.logging.LoggingOutputStream
3371:             1             48  org.elasticsearch.common.settings.ClusterSettings
3372:             3             48  org.elasticsearch.common.settings.Setting$$Lambda$1232/0x0000000801048d28
3373:             2             48  org.elasticsearch.common.settings.Setting$$Lambda$140/0x0000000800bf4d18
3374:             2             48  org.elasticsearch.common.settings.Setting$$Lambda$428/0x0000000800da0a50
3375:             3             48  org.elasticsearch.common.settings.Setting$$Lambda$637/0x0000000800e95d20
3376:             2             48  org.elasticsearch.common.settings.Setting$$Lambda$883/0x0000000800faaa38
3377:             2             48  org.elasticsearch.common.util.concurrent.CountDown
3378:             2             48  org.elasticsearch.common.util.concurrent.RunOnce
3379:             2             48  org.elasticsearch.common.xcontent.ObjectParser$$Lambda$826/0x0000000800efe880
3380:             1             48  org.elasticsearch.env.NodeEnvironment
3381:             1             48  org.elasticsearch.gateway.PersistedClusterStateService$Writer
3382:             1             48  org.elasticsearch.grok.MatcherWatchdog$Default
3383:             1             48  org.elasticsearch.http.HttpHandlingSettings
3384:             2             48  org.elasticsearch.http.HttpRequest$HttpVersion
3385:             2             48  org.elasticsearch.index.IndexService$IndexCreationContext
3386:             1             48  org.elasticsearch.index.analysis.AnalysisRegistry
3387:             2             48  org.elasticsearch.index.analysis.PreConfiguredCharFilter$2
3388:             2             48  org.elasticsearch.index.engine.Engine$HistorySource
3389:             2             48  org.elasticsearch.index.engine.Engine$SearcherScope
3390:             2             48  org.elasticsearch.index.query.Operator
3391:             3             48  org.elasticsearch.index.query.functionscore.DecayFunctionParser
3392:             1             48  org.elasticsearch.index.refresh.RefreshStats
3393:             1             48  org.elasticsearch.index.reindex.TransportDeleteByQueryAction
3394:             1             48  org.elasticsearch.index.reindex.TransportUpdateByQueryAction
3395:             2             48  org.elasticsearch.index.seqno.RetentionLeaseSyncer
3396:             2             48  org.elasticsearch.index.translog.Translog$Durability
3397:             1             48  org.elasticsearch.indices.IndexingMemoryController
3398:             1             48  org.elasticsearch.indices.recovery.RecoverySourceHandler$SendFileResult
3399:             1             48  org.elasticsearch.ingest.IngestService
3400:             1             48  org.elasticsearch.ingest.geoip.GeoIpProcessor
3401:             2             48  org.elasticsearch.license.ExpirationCallback$Orientation
3402:             1             48  org.elasticsearch.license.LicenseService$1
3403:             1             48  org.elasticsearch.license.LicenseService$2
3404:             1             48  org.elasticsearch.license.LicenseService$3
3405:             1             48  org.elasticsearch.license.TransportGetBasicStatusAction
3406:             1             48  org.elasticsearch.license.TransportGetTrialStatusAction
3407:             2             48  org.elasticsearch.monitor.StatusInfo$Status
3408:             1             48  org.elasticsearch.monitor.jvm.JvmGcMonitorService
3409:             1             48  org.elasticsearch.monitor.jvm.JvmGcMonitorService$1
3410:             2             48  org.elasticsearch.monitor.jvm.JvmStats$Threads
3411:             1             48  org.elasticsearch.monitor.os.OsInfo
3412:             1             48  org.elasticsearch.monitor.process.ProcessStats
3413:             1             48  org.elasticsearch.painless.CompilerSettings
3414:             1             48  org.elasticsearch.persistent.PersistentTasksClusterService$PeriodicRechecker
3415:             2             48  org.elasticsearch.persistent.decider.EnableAssignmentDecider$Allocation
3416:             2             48  org.elasticsearch.rest.action.admin.indices.RestCreateIndexAction
3417:             2             48  org.elasticsearch.rest.action.admin.indices.RestGetAliasesAction
3418:             2             48  org.elasticsearch.rest.action.admin.indices.RestGetIndicesAction
3419:             2             48  org.elasticsearch.rest.action.admin.indices.RestIndexPutAliasAction
3420:             2             48  org.elasticsearch.rest.action.admin.indices.RestRefreshAction
3421:             2             48  org.elasticsearch.rest.action.admin.indices.RestUpdateSettingsAction
3422:             2             48  org.elasticsearch.rest.action.document.RestBulkAction
3423:             2             48  org.elasticsearch.rest.action.document.RestDeleteAction
3424:             2             48  org.elasticsearch.rest.action.document.RestGetAction
3425:             2             48  org.elasticsearch.rest.action.document.RestIndexAction
3426:             2             48  org.elasticsearch.rest.action.document.RestIndexAction$AutoIdHandler
3427:             2             48  org.elasticsearch.rest.action.document.RestIndexAction$CreateHandler
3428:             2             48  org.elasticsearch.rest.action.document.RestMultiGetAction
3429:             2             48  org.elasticsearch.rest.action.document.RestUpdateAction
3430:             2             48  org.elasticsearch.rest.action.search.RestClearScrollAction
3431:             2             48  org.elasticsearch.rest.action.search.RestSearchAction
3432:             2             48  org.elasticsearch.rest.action.search.RestSearchScrollAction
3433:             1             48  org.elasticsearch.script.mustache.CustomMustacheFactory
3434:             1             48  org.elasticsearch.search.SearchModule
3435:             2             48  org.elasticsearch.search.aggregations.Aggregator$SubAggCollectionMode
3436:             2             48  org.elasticsearch.search.aggregations.metrics.AbstractPercentilesAggregationBuilder$$Lambda$1865/0x00000008011a59f0
3437:             2             48  org.elasticsearch.search.aggregations.support.MultiValuesSourceParseHelper$$Lambda$1818/0x0000000801192b08
3438:             2             48  org.elasticsearch.search.sort.ScriptSortBuilder$ScriptSortType
3439:             2             48  org.elasticsearch.search.sort.SortFieldAndFormat
3440:             2             48  org.elasticsearch.secure_sm.ThreadPermission
3441:             1             48  org.elasticsearch.snapshots.SnapshotShardsService
3442:             2             48  org.elasticsearch.threadpool.AutoQueueAdjustingExecutorBuilder$1
3443:             2             48  org.elasticsearch.threadpool.AutoQueueAdjustingExecutorBuilder$2
3444:             1             48  org.elasticsearch.transport.ClusterConnectionManager
3445:             2             48  org.elasticsearch.transport.ClusterConnectionManager$$Lambda$4655/0x00000008018ec3e8
3446:             2             48  org.elasticsearch.transport.ClusterConnectionManager$$Lambda$4721/0x0000000801906058
3447:             3             48  org.elasticsearch.transport.RemoteClusterAware$$Lambda$2947/0x000000080136a368
3448:             2             48  org.elasticsearch.transport.SharedGroupFactory$SharedGroup
3449:             2             48  org.elasticsearch.transport.TransportService$$Lambda$4733/0x0000000801950710
3450:             2             48  org.elasticsearch.transport.netty4.Netty4TcpServerChannel
3451:             2             48  org.elasticsearch.transport.netty4.Netty4Transport$ServerChannelExceptionHandler
3452:             1             48  org.elasticsearch.xpack.ccr.action.ShardFollowTasksExecutor
3453:             1             48  org.elasticsearch.xpack.core.action.TransportReloadAnalyzersAction
3454:             2             48  org.elasticsearch.xpack.core.ilm.IndexLifecycleMetadata
3455:             1             48  org.elasticsearch.xpack.core.security.authz.accesscontrol.DocumentSubsetBitsetCache
3456:             2             48  org.elasticsearch.xpack.core.slm.SnapshotLifecycleMetadata
3457:             1             48  org.elasticsearch.xpack.core.slm.SnapshotLifecyclePolicyMetadata
3458:             1             48  org.elasticsearch.xpack.core.slm.history.SnapshotLifecycleTemplateRegistry
3459:             3             48  org.elasticsearch.xpack.core.ssl.SSLService$$Lambda$2828/0x0000000801311f60
3460:             1             48  org.elasticsearch.xpack.core.transform.transforms.TransformCheckpoint
3461:             2             48  org.elasticsearch.xpack.core.watcher.condition.Condition$Result$Status
3462:             2             48  org.elasticsearch.xpack.core.watcher.support.xcontent.WatcherParams
3463:             1             48  org.elasticsearch.xpack.datastreams.action.GetDataStreamsTransportAction
3464:             1             48  org.elasticsearch.xpack.enrich.EnrichPolicyMaintenanceService
3465:             1             48  org.elasticsearch.xpack.enrich.action.EnrichCoordinatorProxyAction$Coordinator
3466:             1             48  org.elasticsearch.xpack.enrich.action.TransportGetEnrichPolicyAction
3467:             1             48  org.elasticsearch.xpack.eql.plugin.TransportEqlSearchAction
3468:             2             48  org.elasticsearch.xpack.eql.stats.Metrics$OperationType
3469:             1             48  org.elasticsearch.xpack.ilm.action.TransportDeleteLifecycleAction
3470:             1             48  org.elasticsearch.xpack.ilm.action.TransportGetLifecycleAction
3471:             1             48  org.elasticsearch.xpack.ilm.action.TransportGetStatusAction
3472:             1             48  org.elasticsearch.xpack.ilm.action.TransportRemoveIndexLifecyclePolicyAction
3473:             1             48  org.elasticsearch.xpack.ilm.action.TransportStartILMAction
3474:             1             48  org.elasticsearch.xpack.ilm.action.TransportStopILMAction
3475:             1             48  org.elasticsearch.xpack.ilm.history.ILMHistoryTemplateRegistry
3476:             1             48  org.elasticsearch.xpack.ml.MlIndexTemplateRegistry
3477:             1             48  org.elasticsearch.xpack.ml.action.TransportDeleteModelSnapshotAction
3478:             1             48  org.elasticsearch.xpack.ml.action.TransportEvaluateDataFrameAction
3479:             1             48  org.elasticsearch.xpack.ml.action.TransportGetOverallBucketsAction
3480:             1             48  org.elasticsearch.xpack.ml.action.TransportGetTrainedModelsStatsAction
3481:             1             48  org.elasticsearch.xpack.ml.action.TransportInternalInferModelAction
3482:             1             48  org.elasticsearch.xpack.ml.datafeed.DatafeedManager
3483:             1             48  org.elasticsearch.xpack.ml.inference.TrainedModelStatsService
3484:             2             48  org.elasticsearch.xpack.ml.job.persistence.JobResultsProvider
3485:             1             48  org.elasticsearch.xpack.monitoring.action.TransportMonitoringBulkAction
3486:             1             48  org.elasticsearch.xpack.monitoring.cleaner.CleanerService
3487:             1             48  org.elasticsearch.xpack.monitoring.collector.ccr.StatsCollector
3488:             1             48  org.elasticsearch.xpack.monitoring.collector.cluster.ClusterStatsCollector
3489:             1             48  org.elasticsearch.xpack.monitoring.collector.ml.JobStatsCollector
3490:             1             48  org.elasticsearch.xpack.monitoring.exporter.Exporters
3491:             3             48  org.elasticsearch.xpack.ql.expression.function.FunctionRegistry$$Lambda$3210/0x00000008015d9370
3492:             3             48  org.elasticsearch.xpack.ql.expression.function.FunctionRegistry$$Lambda$3252/0x00000008015daf70
3493:             2             48  org.elasticsearch.xpack.ql.expression.function.FunctionRegistry$$Lambda$3276/0x00000008015dc778
3494:             2             48  org.elasticsearch.xpack.ql.expression.function.FunctionRegistry$$Lambda$3314/0x0000000801621f80
3495:             2             48  org.elasticsearch.xpack.ql.index.IndexResolver
3496:             2             48  org.elasticsearch.xpack.ql.optimizer.OptimizerRules$SetAsOptimized
3497:             2             48  org.elasticsearch.xpack.ql.optimizer.OptimizerRules$TransformDirection
3498:             1             48  org.elasticsearch.xpack.search.TransportSubmitAsyncSearchAction
3499:             3             48  org.elasticsearch.xpack.security.action.SecurityActionMapper
3500:             1             48  org.elasticsearch.xpack.security.action.TransportDelegatePkiAuthenticationAction
3501:             1             48  org.elasticsearch.xpack.security.action.TransportGrantApiKeyAction
3502:             1             48  org.elasticsearch.xpack.security.action.oidc.TransportOpenIdConnectAuthenticateAction
3503:             1             48  org.elasticsearch.xpack.security.action.saml.TransportSamlAuthenticateAction
3504:             1             48  org.elasticsearch.xpack.security.action.token.TransportCreateTokenAction
3505:             1             48  org.elasticsearch.xpack.security.action.user.TransportHasPrivilegesAction
3506:             1             48  org.elasticsearch.xpack.security.action.user.TransportSetEnabledAction
3507:             1             48  org.elasticsearch.xpack.security.authc.Realms
3508:             1             48  org.elasticsearch.xpack.security.authc.file.FileRealm
3509:             3             48  org.elasticsearch.xpack.security.authc.saml.SamlRealm$AttributeParser$$Lambda$3020/0x0000000801551288
3510:             2             48  org.elasticsearch.xpack.security.authc.support.ApiKeyGenerator
3511:             1             48  org.elasticsearch.xpack.security.authz.store.NativePrivilegeStore
3512:             1             48  org.elasticsearch.xpack.security.transport.SecurityServerTransportInterceptor
3513:             1             48  org.elasticsearch.xpack.security.transport.ServerTransportFilter$ClientProfile
3514:             1             48  org.elasticsearch.xpack.security.transport.ServerTransportFilter$NodeProfile
3515:             1             48  org.elasticsearch.xpack.security.transport.netty4.SecurityNetty4HttpServerTransport$HttpSslChannelHandler
3516:             1             48  org.elasticsearch.xpack.slm.action.TransportDeleteSnapshotLifecycleAction
3517:             1             48  org.elasticsearch.xpack.slm.action.TransportGetSLMStatusAction
3518:             1             48  org.elasticsearch.xpack.slm.action.TransportGetSnapshotLifecycleAction
3519:             1             48  org.elasticsearch.xpack.slm.action.TransportGetSnapshotLifecycleStatsAction
3520:             1             48  org.elasticsearch.xpack.slm.action.TransportPutSnapshotLifecycleAction
3521:             1             48  org.elasticsearch.xpack.slm.action.TransportStartSLMAction
3522:             1             48  org.elasticsearch.xpack.slm.action.TransportStopSLMAction
3523:             1             48  org.elasticsearch.xpack.sql.execution.PlanExecutor
3524:             1             48  org.elasticsearch.xpack.sql.plugin.TransportSqlQueryAction
3525:             1             48  org.elasticsearch.xpack.sql.plugin.TransportSqlTranslateAction
3526:             1             48  org.elasticsearch.xpack.stack.StackTemplateRegistry
3527:             1             48  org.elasticsearch.xpack.transform.action.TransportPreviewTransformAction
3528:             1             48  org.elasticsearch.xpack.transform.action.compat.TransportPreviewTransformActionDeprecated
3529:             1             48  org.elasticsearch.xpack.transform.transforms.TransformPersistentTasksExecutor
3530:             1             48  org.elasticsearch.xpack.watcher.common.http.HttpClient
3531:             2             48  org.elasticsearch.xpack.watcher.notification.email.HtmlSanitizer$Images
3532:             1             48  org.elasticsearch.xpack.watcher.notification.jira.JiraService
3533:             1             48  org.elasticsearch.xpack.watcher.notification.pagerduty.PagerDutyService
3534:             1             48  org.elasticsearch.xpack.watcher.notification.slack.SlackService
3535:             1             48  org.elasticsearch.xpack.watcher.support.WatcherIndexTemplateRegistry
3536:             1             48  org.elasticsearch.xpack.watcher.transport.actions.ack.TransportAckWatchAction
3537:             1             48  org.elasticsearch.xpack.watcher.transport.actions.activate.TransportActivateWatchAction
3538:             1             48  org.elasticsearch.xpack.watcher.transport.actions.get.TransportGetWatchAction
3539:             1             48  org.elasticsearch.xpack.watcher.transport.actions.put.TransportPutWatchAction
3540:             1             48  org.elasticsearch.xpack.watcher.watch.WatchParser
3541:             2             48  org.joda.time.field.ScaledDurationField
3542:             2             48  org.joda.time.field.ZeroIsMaxDateTimeField
3543:             3             48  org.joda.time.format.DateTimeFormatterBuilder$StringLiteral
3544:             2             48  org.joda.time.format.DateTimeFormatterBuilder$TextField
3545:             3             48  org.locationtech.jts.geom.PrecisionModel$Type
3546:             2             48  org.locationtech.spatial4j.io.PolyshapeReader
3547:             2             48  org.locationtech.spatial4j.io.WKTReader
3548:             1             48  org.opensaml.core.metrics.impl.DisabledMeter
3549:             2             48  org.opensaml.core.xml.schema.impl.XSAnyMarshaller
3550:             2             48  org.opensaml.core.xml.schema.impl.XSAnyUnmarshaller
3551:             2             48  org.opensaml.core.xml.schema.impl.XSIntegerMarshaller
3552:             2             48  org.opensaml.core.xml.schema.impl.XSIntegerUnmarshaller
3553:             2             48  org.opensaml.core.xml.schema.impl.XSURIMarshaller
3554:             2             48  org.opensaml.core.xml.schema.impl.XSURIUnmarshaller
3555:             2             48  org.opensaml.saml.ext.saml2alg.impl.DigestMethodMarshaller
3556:             2             48  org.opensaml.saml.ext.saml2alg.impl.DigestMethodUnmarshaller
3557:             2             48  org.opensaml.saml.ext.saml2alg.impl.SigningMethodMarshaller
3558:             2             48  org.opensaml.saml.ext.saml2alg.impl.SigningMethodUnmarshaller
3559:             2             48  org.opensaml.saml.ext.saml2aslo.impl.AsynchronousMarshaller
3560:             2             48  org.opensaml.saml.ext.saml2aslo.impl.AsynchronousUnmarshaller
3561:             2             48  org.opensaml.saml.ext.saml2cb.impl.ChannelBindingsMarshaller
3562:             2             48  org.opensaml.saml.ext.saml2cb.impl.ChannelBindingsUnmarshaller
3563:             2             48  org.opensaml.saml.ext.saml2delrestrict.impl.DelegateMarshaller
3564:             2             48  org.opensaml.saml.ext.saml2delrestrict.impl.DelegateUnmarshaller
3565:             2             48  org.opensaml.saml.ext.saml2mdattr.impl.EntityAttributesMarshaller
3566:             2             48  org.opensaml.saml.ext.saml2mdattr.impl.EntityAttributesUnmarshaller
3567:             2             48  org.opensaml.saml.ext.saml2mdrpi.impl.PublicationInfoMarshaller
3568:             2             48  org.opensaml.saml.ext.saml2mdrpi.impl.PublicationInfoUnmarshaller
3569:             2             48  org.opensaml.saml.ext.saml2mdrpi.impl.PublicationMarshaller
3570:             2             48  org.opensaml.saml.ext.saml2mdrpi.impl.PublicationPathMarshaller
3571:             2             48  org.opensaml.saml.ext.saml2mdrpi.impl.PublicationPathUnmarshaller
3572:             2             48  org.opensaml.saml.ext.saml2mdrpi.impl.PublicationUnmarshaller
3573:             2             48  org.opensaml.saml.ext.saml2mdrpi.impl.RegistrationInfoMarshaller
3574:             2             48  org.opensaml.saml.ext.saml2mdrpi.impl.RegistrationInfoUnmarshaller
3575:             2             48  org.opensaml.saml.ext.saml2mdui.impl.DiscoHintsMarshaller
3576:             2             48  org.opensaml.saml.ext.saml2mdui.impl.DiscoHintsUnmarshaller
3577:             2             48  org.opensaml.saml.ext.saml2mdui.impl.KeywordsMarshaller
3578:             2             48  org.opensaml.saml.ext.saml2mdui.impl.KeywordsUnmarshaller
3579:             2             48  org.opensaml.saml.ext.saml2mdui.impl.LogoMarshaller
3580:             2             48  org.opensaml.saml.ext.saml2mdui.impl.LogoUnmarshaller
3581:             2             48  org.opensaml.saml.ext.saml2mdui.impl.UIInfoMarshaller
3582:             2             48  org.opensaml.saml.ext.saml2mdui.impl.UIInfoUnmarshaller
3583:             2             48  org.opensaml.saml.ext.samlec.impl.GeneratedKeyMarshaller
3584:             2             48  org.opensaml.saml.ext.samlec.impl.GeneratedKeyUnmarshaller
3585:             2             48  org.opensaml.saml.ext.samlec.impl.SessionKeyMarshaller
3586:             2             48  org.opensaml.saml.ext.samlec.impl.SessionKeyUnmarshaller
3587:             2             48  org.opensaml.saml.saml1.core.impl.ActionMarshaller
3588:             2             48  org.opensaml.saml.saml1.core.impl.ActionUnmarshaller
3589:             2             48  org.opensaml.saml.saml1.core.impl.AdviceMarshaller
3590:             2             48  org.opensaml.saml.saml1.core.impl.AdviceUnmarshaller
3591:             2             48  org.opensaml.saml.saml1.core.impl.AssertionMarshaller
3592:             2             48  org.opensaml.saml.saml1.core.impl.AssertionUnmarshaller
3593:             2             48  org.opensaml.saml.saml1.core.impl.AttributeDesignatorMarshaller
3594:             2             48  org.opensaml.saml.saml1.core.impl.AttributeDesignatorUnmarshaller
3595:             2             48  org.opensaml.saml.saml1.core.impl.AttributeMarshaller
3596:             2             48  org.opensaml.saml.saml1.core.impl.AttributeQueryMarshaller
3597:             2             48  org.opensaml.saml.saml1.core.impl.AttributeQueryUnmarshaller
3598:             2             48  org.opensaml.saml.saml1.core.impl.AttributeStatementMarshaller
3599:             2             48  org.opensaml.saml.saml1.core.impl.AttributeStatementUnmarshaller
3600:             2             48  org.opensaml.saml.saml1.core.impl.AttributeUnmarshaller
3601:             2             48  org.opensaml.saml.saml1.core.impl.AudienceRestrictionConditionMarshaller
3602:             2             48  org.opensaml.saml.saml1.core.impl.AudienceRestrictionConditionUnmarshaller
3603:             2             48  org.opensaml.saml.saml1.core.impl.AuthenticationQueryMarshaller
3604:             2             48  org.opensaml.saml.saml1.core.impl.AuthenticationQueryUnmarshaller
3605:             2             48  org.opensaml.saml.saml1.core.impl.AuthenticationStatementMarshaller
3606:             2             48  org.opensaml.saml.saml1.core.impl.AuthenticationStatementUnmarshaller
3607:             2             48  org.opensaml.saml.saml1.core.impl.AuthorityBindingMarshaller
3608:             2             48  org.opensaml.saml.saml1.core.impl.AuthorityBindingUnmarshaller
3609:             2             48  org.opensaml.saml.saml1.core.impl.AuthorizationDecisionQueryMarshaller
3610:             2             48  org.opensaml.saml.saml1.core.impl.AuthorizationDecisionQueryUnmarshaller
3611:             2             48  org.opensaml.saml.saml1.core.impl.AuthorizationDecisionStatementMarshaller
3612:             2             48  org.opensaml.saml.saml1.core.impl.ConditionsMarshaller
3613:             2             48  org.opensaml.saml.saml1.core.impl.ConditionsUnmarshaller
3614:             2             48  org.opensaml.saml.saml1.core.impl.DoNotCacheConditionMarshaller
3615:             2             48  org.opensaml.saml.saml1.core.impl.DoNotCacheConditionUnmarshaller
3616:             2             48  org.opensaml.saml.saml1.core.impl.EvidenceMarshaller
3617:             2             48  org.opensaml.saml.saml1.core.impl.EvidenceUnmarshaller
3618:             2             48  org.opensaml.saml.saml1.core.impl.NameIdentifierMarshaller
3619:             2             48  org.opensaml.saml.saml1.core.impl.NameIdentifierUnmarshaller
3620:             2             48  org.opensaml.saml.saml1.core.impl.StatusCodeMarshaller
3621:             2             48  org.opensaml.saml.saml1.core.impl.StatusCodeUnmarshaller
3622:             2             48  org.opensaml.saml.saml1.core.impl.StatusMarshaller
3623:             2             48  org.opensaml.saml.saml1.core.impl.StatusUnmarshaller
3624:             2             48  org.opensaml.saml.saml1.core.impl.SubjectConfirmationMarshaller
3625:             2             48  org.opensaml.saml.saml1.core.impl.SubjectConfirmationUnmarshaller
3626:             2             48  org.opensaml.saml.saml1.core.impl.SubjectLocalityMarshaller
3627:             2             48  org.opensaml.saml.saml1.core.impl.SubjectLocalityUnmarshaller
3628:             2             48  org.opensaml.saml.saml1.core.impl.SubjectMarshaller
3629:             2             48  org.opensaml.saml.saml1.core.impl.SubjectUnmarshaller
3630:             2             48  org.opensaml.saml.saml2.core.impl.ActionMarshaller
3631:             2             48  org.opensaml.saml.saml2.core.impl.ActionUnmarshaller
3632:             2             48  org.opensaml.saml.saml2.core.impl.AdviceMarshaller
3633:             2             48  org.opensaml.saml.saml2.core.impl.AdviceUnmarshaller
3634:             2             48  org.opensaml.saml.saml2.core.impl.ArtifactResolveMarshaller
3635:             2             48  org.opensaml.saml.saml2.core.impl.ArtifactResolveUnmarshaller
3636:             2             48  org.opensaml.saml.saml2.core.impl.ArtifactResponseMarshaller
3637:             2             48  org.opensaml.saml.saml2.core.impl.ArtifactResponseUnmarshaller
3638:             2             48  org.opensaml.saml.saml2.core.impl.AssertionIDRequestMarshaller
3639:             2             48  org.opensaml.saml.saml2.core.impl.AssertionIDRequestUnmarshaller
3640:             2             48  org.opensaml.saml.saml2.core.impl.AssertionMarshaller
3641:             2             48  org.opensaml.saml.saml2.core.impl.AssertionUnmarshaller
3642:             2             48  org.opensaml.saml.saml2.core.impl.AttributeMarshaller
3643:             2             48  org.opensaml.saml.saml2.core.impl.AttributeQueryMarshaller
3644:             2             48  org.opensaml.saml.saml2.core.impl.AttributeQueryUnmarshaller
3645:             2             48  org.opensaml.saml.saml2.core.impl.AttributeStatementMarshaller
3646:             2             48  org.opensaml.saml.saml2.core.impl.AttributeStatementUnmarshaller
3647:             2             48  org.opensaml.saml.saml2.core.impl.AttributeUnmarshaller
3648:             2             48  org.opensaml.saml.saml2.core.impl.AudienceRestrictionMarshaller
3649:             2             48  org.opensaml.saml.saml2.core.impl.AudienceRestrictionUnmarshaller
3650:             2             48  org.opensaml.saml.saml2.core.impl.AuthnContextMarshaller
3651:             2             48  org.opensaml.saml.saml2.core.impl.AuthnContextUnmarshaller
3652:             2             48  org.opensaml.saml.saml2.core.impl.AuthnQueryMarshaller
3653:             2             48  org.opensaml.saml.saml2.core.impl.AuthnQueryUnmarshaller
3654:             2             48  org.opensaml.saml.saml2.core.impl.AuthnRequestMarshaller
3655:             2             48  org.opensaml.saml.saml2.core.impl.AuthnRequestUnmarshaller
3656:             2             48  org.opensaml.saml.saml2.core.impl.AuthnStatementMarshaller
3657:             2             48  org.opensaml.saml.saml2.core.impl.AuthnStatementUnmarshaller
3658:             2             48  org.opensaml.saml.saml2.core.impl.AuthzDecisionQueryMarshaller
3659:             2             48  org.opensaml.saml.saml2.core.impl.AuthzDecisionQueryUnmarshaller
3660:             2             48  org.opensaml.saml.saml2.core.impl.AuthzDecisionStatementMarshaller
3661:             2             48  org.opensaml.saml.saml2.core.impl.AuthzDecisionStatementUnmarshaller
3662:             2             48  org.opensaml.saml.saml2.core.impl.ConditionsMarshaller
3663:             2             48  org.opensaml.saml.saml2.core.impl.ConditionsUnmarshaller
3664:             2             48  org.opensaml.saml.saml2.core.impl.EvidenceMarshaller
3665:             2             48  org.opensaml.saml.saml2.core.impl.EvidenceUnmarshaller
3666:             2             48  org.opensaml.saml.saml2.core.impl.ExtensionsMarshaller
3667:             2             48  org.opensaml.saml.saml2.core.impl.IDPEntryMarshaller
3668:             2             48  org.opensaml.saml.saml2.core.impl.IDPEntryUnmarshaller
3669:             2             48  org.opensaml.saml.saml2.core.impl.IDPListMarshaller
3670:             2             48  org.opensaml.saml.saml2.core.impl.IDPListUnmarshaller
3671:             2             48  org.opensaml.saml.saml2.core.impl.LogoutRequestMarshaller
3672:             2             48  org.opensaml.saml.saml2.core.impl.LogoutRequestUnmarshaller
3673:             2             48  org.opensaml.saml.saml2.core.impl.LogoutResponseMarshaller
3674:             2             48  org.opensaml.saml.saml2.core.impl.LogoutResponseUnmarshaller
3675:             2             48  org.opensaml.saml.saml2.core.impl.ManageNameIDRequestMarshaller
3676:             2             48  org.opensaml.saml.saml2.core.impl.ManageNameIDRequestUnmarshaller
3677:             2             48  org.opensaml.saml.saml2.core.impl.ManageNameIDResponseMarshaller
3678:             2             48  org.opensaml.saml.saml2.core.impl.ManageNameIDResponseUnmarshaller
3679:             2             48  org.opensaml.saml.saml2.core.impl.NameIDMappingRequestMarshaller
3680:             2             48  org.opensaml.saml.saml2.core.impl.NameIDMappingRequestUnmarshaller
3681:             2             48  org.opensaml.saml.saml2.core.impl.NameIDMappingResponseMarshaller
3682:             2             48  org.opensaml.saml.saml2.core.impl.NameIDMappingResponseUnmarshaller
3683:             2             48  org.opensaml.saml.saml2.core.impl.NameIDMarshaller
3684:             2             48  org.opensaml.saml.saml2.core.impl.NameIDPolicyMarshaller
3685:             2             48  org.opensaml.saml.saml2.core.impl.NameIDPolicyUnmarshaller
3686:             2             48  org.opensaml.saml.saml2.core.impl.NameIDUnmarshaller
3687:             2             48  org.opensaml.saml.saml2.core.impl.OneTimeUseMarshaller
3688:             2             48  org.opensaml.saml.saml2.core.impl.OneTimeUseUnmarshaller
3689:             2             48  org.opensaml.saml.saml2.core.impl.ProxyRestrictionMarshaller
3690:             2             48  org.opensaml.saml.saml2.core.impl.ProxyRestrictionUnmarshaller
3691:             2             48  org.opensaml.saml.saml2.core.impl.RequestedAuthnContextMarshaller
3692:             2             48  org.opensaml.saml.saml2.core.impl.RequestedAuthnContextUnmarshaller
3693:             2             48  org.opensaml.saml.saml2.core.impl.ScopingMarshaller
3694:             2             48  org.opensaml.saml.saml2.core.impl.ScopingUnmarshaller
3695:             2             48  org.opensaml.saml.saml2.core.impl.StatusCodeMarshaller
3696:             2             48  org.opensaml.saml.saml2.core.impl.StatusCodeUnmarshaller
3697:             2             48  org.opensaml.saml.saml2.core.impl.StatusDetailMarshaller
3698:             2             48  org.opensaml.saml.saml2.core.impl.StatusDetailUnmarshaller
3699:             2             48  org.opensaml.saml.saml2.core.impl.StatusMarshaller
3700:             2             48  org.opensaml.saml.saml2.core.impl.StatusUnmarshaller
3701:             2             48  org.opensaml.saml.saml2.core.impl.SubjectConfirmationMarshaller
3702:             2             48  org.opensaml.saml.saml2.core.impl.SubjectConfirmationUnmarshaller
3703:             2             48  org.opensaml.saml.saml2.core.impl.SubjectLocalityMarshaller
3704:             2             48  org.opensaml.saml.saml2.core.impl.SubjectLocalityUnmarshaller
3705:             2             48  org.opensaml.saml.saml2.core.impl.SubjectMarshaller
3706:             2             48  org.opensaml.saml.saml2.core.impl.SubjectUnmarshaller
3707:             2             48  org.opensaml.saml.saml2.core.impl.TerminateMarshaller
3708:             2             48  org.opensaml.saml.saml2.core.impl.TerminateUnmarshaller
3709:             2             48  org.opensaml.saml.saml2.ecp.impl.RelayStateMarshaller
3710:             2             48  org.opensaml.saml.saml2.ecp.impl.RelayStateUnmarshaller
3711:             2             48  org.opensaml.saml.saml2.ecp.impl.RequestAuthenticatedMarshaller
3712:             2             48  org.opensaml.saml.saml2.ecp.impl.RequestAuthenticatedUnmarshaller
3713:             2             48  org.opensaml.saml.saml2.ecp.impl.RequestMarshaller
3714:             2             48  org.opensaml.saml.saml2.ecp.impl.RequestUnmarshaller
3715:             2             48  org.opensaml.saml.saml2.ecp.impl.ResponseMarshaller
3716:             2             48  org.opensaml.saml.saml2.ecp.impl.ResponseUnmarshaller
3717:             2             48  org.opensaml.saml.saml2.ecp.impl.SubjectConfirmationMarshaller
3718:             2             48  org.opensaml.saml.saml2.ecp.impl.SubjectConfirmationUnmarshaller
3719:             2             48  org.opensaml.saml.saml2.metadata.impl.AdditionalMetadataLocationMarshaller
3720:             2             48  org.opensaml.saml.saml2.metadata.impl.AdditionalMetadataLocationUnmarshaller
3721:             2             48  org.opensaml.saml.saml2.metadata.impl.AffiliationDescriptorMarshaller
3722:             2             48  org.opensaml.saml.saml2.metadata.impl.AffiliationDescriptorUnmarshaller
3723:             2             48  org.opensaml.saml.saml2.metadata.impl.AttributeAuthorityDescriptorMarshaller
3724:             2             48  org.opensaml.saml.saml2.metadata.impl.AttributeAuthorityDescriptorUnmarshaller
3725:             2             48  org.opensaml.saml.saml2.metadata.impl.AttributeConsumingServiceMarshaller
3726:             2             48  org.opensaml.saml.saml2.metadata.impl.AttributeConsumingServiceUnmarshaller
3727:             2             48  org.opensaml.saml.saml2.metadata.impl.AuthnAuthorityDescriptorMarshaller
3728:             2             48  org.opensaml.saml.saml2.metadata.impl.AuthnAuthorityDescriptorUnmarshaller
3729:             2             48  org.opensaml.saml.saml2.metadata.impl.ContactPersonMarshaller
3730:             2             48  org.opensaml.saml.saml2.metadata.impl.ContactPersonUnmarshaller
3731:             2             48  org.opensaml.saml.saml2.metadata.impl.EntitiesDescriptorMarshaller
3732:             2             48  org.opensaml.saml.saml2.metadata.impl.EntitiesDescriptorUnmarshaller
3733:             2             48  org.opensaml.saml.saml2.metadata.impl.EntityDescriptorMarshaller
3734:             2             48  org.opensaml.saml.saml2.metadata.impl.EntityDescriptorUnmarshaller
3735:             2             48  org.opensaml.saml.saml2.metadata.impl.ExtensionsMarshaller
3736:             2             48  org.opensaml.saml.saml2.metadata.impl.IDPSSODescriptorMarshaller
3737:             2             48  org.opensaml.saml.saml2.metadata.impl.IDPSSODescriptorUnmarshaller
3738:             2             48  org.opensaml.saml.saml2.metadata.impl.KeyDescriptorMarshaller
3739:             2             48  org.opensaml.saml.saml2.metadata.impl.KeyDescriptorUnmarshaller
3740:             2             48  org.opensaml.saml.saml2.metadata.impl.OrganizationMarshaller
3741:             2             48  org.opensaml.saml.saml2.metadata.impl.OrganizationUnmarshaller
3742:             2             48  org.opensaml.saml.saml2.metadata.impl.PDPDescriptorMarshaller
3743:             2             48  org.opensaml.saml.saml2.metadata.impl.PDPDescriptorUnmarshaller
3744:             2             48  org.opensaml.saml.saml2.metadata.impl.RequestedAttributeMarshaller
3745:             2             48  org.opensaml.saml.saml2.metadata.impl.RequestedAttributeUnmarshaller
3746:             2             48  org.opensaml.saml.saml2.metadata.impl.SPSSODescriptorMarshaller
3747:             2             48  org.opensaml.saml.saml2.metadata.impl.SPSSODescriptorUnmarshaller
3748:             2             48  org.opensaml.xmlsec.WhitelistBlacklistConfiguration$Precedence
3749:             3             48  org.opensaml.xmlsec.keyinfo.KeyInfoGeneratorManager
3750:             3             48  org.opensaml.xmlsec.keyinfo.impl.BasicKeyInfoGeneratorFactory
3751:             2             48  org.owasp.html.HtmlPolicyBuilder$RelsOnLinksPolicy
3752:             1             48  org.tartarus.snowball.ext.ArmenianStemmer
3753:             1             48  org.tartarus.snowball.ext.BasqueStemmer
3754:             1             48  org.tartarus.snowball.ext.CatalanStemmer
3755:             1             48  org.tartarus.snowball.ext.DanishStemmer
3756:             1             48  org.tartarus.snowball.ext.DutchStemmer
3757:             1             48  org.tartarus.snowball.ext.EnglishStemmer
3758:             1             48  org.tartarus.snowball.ext.EstonianStemmer
3759:             1             48  org.tartarus.snowball.ext.IrishStemmer
3760:             1             48  org.tartarus.snowball.ext.NorwegianStemmer
3761:             1             48  org.tartarus.snowball.ext.RussianStemmer
3762:             1             48  org.tartarus.snowball.ext.SwedishStemmer
3763:             1             48  org.tartarus.snowball.ext.TurkishStemmer
3764:             3             48  sun.nio.ch.SocketDispatcher (java.base@15.0.1)
3765:             2             48  sun.nio.cs.EUC_KR (java.base@15.0.1)
3766:             2             48  sun.reflect.generics.reflectiveObjects.WildcardTypeImpl (java.base@15.0.1)
3767:             2             48  sun.security.jca.ProviderList (java.base@15.0.1)
3768:             2             48  sun.security.jca.ProviderList$3 (java.base@15.0.1)
3769:             3             48  sun.security.provider.X509Factory (java.base@15.0.1)
3770:             2             48  sun.security.provider.certpath.X509CertPath (java.base@15.0.1)
3771:             3             48  sun.security.rsa.PSSParameters (java.base@15.0.1)
3772:             2             48  sun.security.ssl.SSLAlgorithmConstraints (java.base@15.0.1)
3773:             3             48  sun.security.ssl.SSLAlgorithmDecomposer (java.base@15.0.1)
3774:             3             48  sun.security.ssl.SSLCipher$StreamReadCipherGenerator (java.base@15.0.1)
3775:             3             48  sun.security.ssl.SSLCipher$StreamWriteCipherGenerator (java.base@15.0.1)
3776:             2             48  sun.security.ssl.SSLKeyExchange (java.base@15.0.1)
3777:             2             48  sun.security.ssl.SunX509KeyManagerImpl$X509Credentials (java.base@15.0.1)
3778:             3             48  sun.security.util.AlgorithmDecomposer (java.base@15.0.1)
3779:             2             48  sun.security.util.DisabledAlgorithmConstraints$UsageConstraint (java.base@15.0.1)
3780:             2             48  sun.security.util.DisabledAlgorithmConstraints$jdkCAConstraint (java.base@15.0.1)
3781:             1             48  sun.text.BreakDictionary (java.base@15.0.1)
3782:             1             48  sun.text.resources.FormatData (java.base@15.0.1)
3783:             1             48  sun.text.resources.FormatData_en (java.base@15.0.1)
3784:             1             48  sun.text.resources.FormatData_en_US (java.base@15.0.1)
3785:             1             48  sun.util.resources.CalendarData (java.base@15.0.1)
3786:             1             48  sun.util.resources.CalendarData_en (java.base@15.0.1)
3787:             1             40  [Lcom.amazonaws.ProxyAuthenticationMethod;
3788:             1             40  [Lcom.amazonaws.util.JavaVersionParser$KnownJavaVersions;
3789:             1             40  [Lcom.fasterxml.jackson.annotation.JsonAutoDetect$Visibility;
3790:             1             40  [Lcom.fasterxml.jackson.annotation.Nulls;
3791:             1             40  [Lcom.fasterxml.jackson.core.JsonEncoding;
3792:             1             40  [Lcom.fasterxml.jackson.core.JsonParser$NumberType;
3793:             1             40  [Lcom.fasterxml.jackson.dataformat.smile.SmileGenerator$Feature;
3794:             2             40  [Lcom.github.mustachejava.Code;
3795:             1             40  [Lcom.sun.org.apache.xerces.internal.impl.xs.XSAttributeUseImpl; (java.xml@15.0.1)
3796:             1             40  [Lcom.sun.org.apache.xerces.internal.util.Status; (java.xml@15.0.1)
3797:             1             40  [Lio.netty.handler.codec.http.HttpStatusClass;
3798:             1             40  [Lio.netty.handler.logging.LogLevel;
3799:             1             40  [Lio.netty.util.internal.logging.InternalLogLevel;
3800:             1             40  [Ljava.lang.ProcessBuilder$Redirect$Type; (java.base@15.0.1)
3801:             1             40  [Ljava.lang.Thread$State; (java.base@15.0.1)
3802:             1             40  [Ljava.lang.invoke.VarHandle$AccessType; (java.base@15.0.1)
3803:             1             40  [Ljava.time.chrono.JapaneseEra; (java.base@15.0.1)
3804:             1             40  [Ljava.time.format.SignStyle; (java.base@15.0.1)
3805:             1             40  [Ljava.time.format.TextStyle; (java.base@15.0.1)
3806:             1             40  [Ljava.util.Locale$FilteringMode; (java.base@15.0.1)
3807:             1             40  [Ljava.util.stream.StreamOpFlag; (java.base@15.0.1)
3808:             1             40  [Ljavax.net.ssl.SSLEngineResult$HandshakeStatus; (java.base@15.0.1)
3809:             1             40  [Ljdk.xml.internal.JdkXmlFeatures$State; (java.xml@15.0.1)
3810:             2             40  [Lorg.apache.http.HttpResponseInterceptor;
3811:             2             40  [Lorg.apache.http.HttpResponseInterceptor;
3812:             1             40  [Lorg.apache.http.auth.AuthProtocolState;
3813:             1             40  [Lorg.apache.logging.log4j.core.LifeCycle$State;
3814:             1             40  [Lorg.apache.logging.log4j.core.appender.rolling.FileExtension;
3815:             1             40  [Lorg.apache.logging.log4j.core.pattern.PatternParser$ParserState;
3816:             1             40  [Lorg.apache.lucene.index.DocValuesType;
3817:             1             40  [Lorg.apache.lucene.index.FilteredTermsEnum$AcceptStatus;
3818:             1             40  [Lorg.apache.lucene.index.IndexOptions;
3819:             1             40  [Lorg.apache.lucene.search.ScoreMode;
3820:             1             40  [Lorg.apache.lucene.search.join.ScoreMode;
3821:             1             40  [Lorg.elasticsearch.Build$Type;
3822:             1             40  [Lorg.elasticsearch.action.DocWriteResponse$Result;
3823:             1             40  [Lorg.elasticsearch.action.bulk.BulkPrimaryExecutionContext$ItemProcessingState;
3824:             1             40  [Lorg.elasticsearch.cluster.SnapshotsInProgress$State;
3825:             1             40  [Lorg.elasticsearch.cluster.metadata.IndexMetadata$APIBlock;
3826:             1             40  [Lorg.elasticsearch.cluster.routing.RecoverySource$Type;
3827:             1             40  [Lorg.elasticsearch.cluster.routing.UnassignedInfo$AllocationStatus;
3828:             1             40  [Lorg.elasticsearch.common.lucene.uid.PerThreadIDVersionAndSeqNoLookup;
3829:             1             40  [Lorg.elasticsearch.common.unit.ByteSizeUnit;
3830:             1             40  [Lorg.elasticsearch.common.unit.SizeUnit;
3831:             1             40  [Lorg.elasticsearch.index.IndexModule$Type;
3832:             1             40  [Lorg.elasticsearch.index.analysis.AnalysisRegistry$Component;
3833:             1             40  [Lorg.elasticsearch.index.engine.Engine$Operation$Origin;
3834:             1             40  [Lorg.elasticsearch.index.mapper.RangeType;
3835:             1             40  [Lorg.elasticsearch.index.query.MultiMatchQueryBuilder$Type;
3836:             1             40  [Lorg.elasticsearch.index.shard.IndexEventListener;
3837:             1             40  [Lorg.elasticsearch.index.snapshots.IndexShardSnapshotStatus$Stage;
3838:             1             40  [Lorg.elasticsearch.search.MultiValueMode;
3839:             1             40  [Lorg.elasticsearch.search.aggregations.bucket.histogram.DateIntervalWrapper$IntervalTypeEnum;
3840:             1             40  [Lorg.elasticsearch.search.sort.SortMode;
3841:             1             40  [Lorg.elasticsearch.xpack.core.ml.inference.preprocessing.customwordembedding.FeatureExtractor;
3842:             1             40  [Lorg.elasticsearch.xpack.core.monitoring.MonitoredSystem;
3843:             1             40  [Lorg.elasticsearch.xpack.core.security.authc.Authentication$AuthenticationType;
3844:             1             40  [Lorg.owasp.html.HtmlElementTables$TextContentModelBit;
3845:             1             40  [Lorg.yaml.snakeyaml.DumperOptions$ScalarStyle;
3846:             1             40  [Lsun.security.ssl.CipherSuite$MacAlg; (java.base@15.0.1)
3847:             1             40  [Lsun.security.ssl.ContentType; (java.base@15.0.1)
3848:             1             40  [Lsun.security.ssl.SSLKeyExchange$T12KeyAgreement; (java.base@15.0.1)
3849:             1             40  [Lsun.security.ssl.X509Authentication; (java.base@15.0.1)
3850:             1             40  [Lsun.security.util.DisabledAlgorithmConstraints$Constraint$Operator; (java.base@15.0.1)
3851:             1             40  [[Ljava.lang.invoke.LambdaForm$Name; (java.base@15.0.1)
3852:             1             40  [[Lorg.joni.ast.QuantifierNode$ReduceType;
3853:             1             40  [[S (java.base@15.0.1)
3854:             1             40  co.elastic.cloud.quotaawarefs.QuotaAwareFileSystemProvider$RefreshLimitsTask
3855:             1             40  com.amazonaws.services.s3.internal.AWSS3V4Signer
3856:             1             40  com.fasterxml.jackson.annotation.JsonFormat$Value
3857:             1             40  com.fasterxml.jackson.core.JsonLocation
3858:             1             40  com.fasterxml.jackson.core.util.DefaultPrettyPrinter
3859:             1             40  com.google.common.collect.RegularImmutableMap
3860:             1             40  com.sun.management.internal.DiagnosticCommandImpl (jdk.management@15.0.1)
3861:             1             40  com.sun.org.apache.xerces.internal.impl.XMLDocumentFragmentScannerImpl$ElementStack2 (java.xml@15.0.1)
3862:             1             40  com.sun.org.apache.xerces.internal.impl.XMLEntityScanner$1 (java.xml@15.0.1)
3863:             1             40  com.sun.org.apache.xerces.internal.impl.XMLErrorReporter (java.xml@15.0.1)
3864:             1             40  com.sun.org.apache.xerces.internal.impl.XMLVersionDetector (java.xml@15.0.1)
3865:             1             40  com.sun.org.apache.xerces.internal.impl.dtd.XMLDTDDescription (java.xml@15.0.1)
3866:             1             40  com.sun.org.apache.xerces.internal.impl.validation.ValidationState (java.xml@15.0.1)
3867:             1             40  com.sun.org.apache.xerces.internal.util.SymbolTable (java.xml@15.0.1)
3868:             1             40  com.sun.org.apache.xerces.internal.utils.XMLLimitAnalyzer (java.xml@15.0.1)
3869:             1             40  com.sun.org.apache.xerces.internal.utils.XMLSecurityManager (java.xml@15.0.1)
3870:             1             40  com.sun.org.apache.xml.internal.serializer.CharInfo (java.xml@15.0.1)
3871:             1             40  com.sun.xml.internal.stream.XMLEntityStorage (java.xml@15.0.1)
3872:             1             40  com.sun.xml.internal.stream.util.BufferAllocator (java.xml@15.0.1)
3873:             1             40  java.io.BufferedInputStream (java.base@15.0.1)
3874:             1             40  java.lang.ArithmeticException (java.base@15.0.1)
3875:             1             40  java.lang.ProcessImpl (java.base@15.0.1)
3876:             1             40  java.net.InetAddress$CachedAddresses (java.base@15.0.1)
3877:             1             40  java.time.format.DateTimeFormatterBuilder (java.base@15.0.1)
3878:             1             40  java.util.Collections$UnmodifiableNavigableMap$EmptyNavigableMap (java.base@15.0.1)
3879:             1             40  java.util.ResourceBundle$2 (java.base@15.0.1)
3880:             1             40  java.util.concurrent.CancellationException (java.base@15.0.1)
3881:             1             40  java.util.concurrent.CompletableFuture$UniHandle (java.base@15.0.1)
3882:             1             40  java.util.concurrent.Phaser (java.base@15.0.1)
3883:             1             40  javax.crypto.CryptoAllPermission (java.base@15.0.1)
3884:             1             40  javax.crypto.Mac (java.base@15.0.1)
3885:             1             40  jdk.internal.icu.impl.CharTrie (java.base@15.0.1)
3886:             1             40  jdk.internal.icu.impl.UCharacterProperty$1 (java.base@15.0.1)
3887:             1             40  jdk.internal.icu.text.StringPrep (java.base@15.0.1)
3888:             1             40  jdk.internal.module.ArchivedModuleGraph (java.base@15.0.1)
3889:             1             40  jdk.internal.platform.cgroupv1.CgroupV1Subsystem (java.base@15.0.1)
3890:             1             40  jdk.internal.ref.CleanerImpl$CleanerCleanable (java.base@15.0.1)
3891:             1             40  org.antlr.v4.runtime.ParserRuleContext
3892:             1             40  org.apache.http.config.ConnectionConfig
3893:             1             40  org.apache.http.impl.conn.ManagedHttpClientConnectionFactory
3894:             1             40  org.apache.http.impl.conn.ManagedHttpClientConnectionFactory
3895:             1             40  org.apache.logging.log4j.core.appender.OutputStreamManager
3896:             1             40  org.apache.logging.log4j.status.StatusData
3897:             1             40  org.apache.lucene.analysis.cjk.CJKWidthFilter
3898:             1             40  org.apache.lucene.analysis.ckb.SoraniNormalizationFilter
3899:             1             40  org.apache.lucene.analysis.de.GermanNormalizationFilter
3900:             1             40  org.apache.lucene.analysis.el.GreekLowerCaseFilter
3901:             1             40  org.apache.lucene.analysis.en.PorterStemmer
3902:             1             40  org.apache.lucene.analysis.fa.PersianNormalizationFilter
3903:             1             40  org.apache.lucene.analysis.ga.IrishLowerCaseFilter
3904:             1             40  org.apache.lucene.analysis.nl.DutchAnalyzer
3905:             1             40  org.apache.lucene.analysis.standard.ClassicFilter
3906:             1             40  org.apache.lucene.analysis.tr.ApostropheFilter
3907:             1             40  org.apache.lucene.analysis.tr.TurkishLowerCaseFilter
3908:             1             40  org.apache.lucene.store.SimpleFSDirectory
3909:             1             40  org.apache.lucene.util.fst.BytesStore
3910:             1             40  org.elasticsearch.Build
3911:             1             40  org.elasticsearch.action.admin.indices.dangling.import_index.TransportImportDanglingIndexAction
3912:             1             40  org.elasticsearch.action.admin.indices.flush.TransportFlushAction
3913:             1             40  org.elasticsearch.action.admin.indices.mapping.get.TransportGetFieldMappingsAction
3914:             1             40  org.elasticsearch.action.admin.indices.refresh.TransportRefreshAction
3915:             1             40  org.elasticsearch.action.get.TransportMultiGetAction
3916:             1             40  org.elasticsearch.action.ingest.SimulatePipelineTransportAction
3917:             1             40  org.elasticsearch.action.main.TransportMainAction
3918:             1             40  org.elasticsearch.action.search.TransportClearScrollAction
3919:             1             40  org.elasticsearch.action.search.TransportSearchScrollAction
3920:             1             40  org.elasticsearch.action.termvectors.TransportMultiTermVectorsAction
3921:             1             40  org.elasticsearch.analysis.common.PatternAnalyzer
3922:             1             40  org.elasticsearch.analysis.common.PatternCaptureGroupTokenFilterFactory
3923:             1             40  org.elasticsearch.bootstrap.ESPolicy
3924:             1             40  org.elasticsearch.cluster.coordination.ClusterBootstrapService
3925:             1             40  org.elasticsearch.cluster.coordination.ElectionSchedulerFactory
3926:             1             40  org.elasticsearch.cluster.coordination.PreVoteCollector
3927:             1             40  org.elasticsearch.cluster.coordination.PreVoteResponse
3928:             1             40  org.elasticsearch.cluster.metadata.MetadataIndexTemplateService
3929:             1             40  org.elasticsearch.cluster.metadata.MetadataIndexUpgradeService
3930:             1             40  org.elasticsearch.cluster.metadata.MetadataUpdateSettingsService
3931:             1             40  org.elasticsearch.cluster.metadata.TemplateUpgradeService
3932:             1             40  org.elasticsearch.cluster.routing.DelayedAllocationService
3933:             1             40  org.elasticsearch.common.Rounding$DateTimeUnit$5
3934:             1             40  org.elasticsearch.common.Rounding$DateTimeUnit$6
3935:             1             40  org.elasticsearch.common.Rounding$DateTimeUnit$7
3936:             1             40  org.elasticsearch.common.Rounding$DateTimeUnit$8
3937:             1             40  org.elasticsearch.common.inject.multibindings.Multibinder$RealMultibinder
3938:             1             40  org.elasticsearch.common.settings.AbstractScopedSettings$1
3939:             1             40  org.elasticsearch.common.settings.SecureSetting$SecureFileSetting
3940:             1             40  org.elasticsearch.common.ssl.SslConfiguration
3941:             1             40  org.elasticsearch.gateway.DanglingIndicesState
3942:             1             40  org.elasticsearch.gateway.GatewayAllocator
3943:             1             40  org.elasticsearch.gateway.GatewayMetaState$LucenePersistedState
3944:             1             40  org.elasticsearch.gateway.PersistedClusterStateService
3945:             1             40  org.elasticsearch.gateway.PersistedClusterStateService$OnDiskState
3946:             1             40  org.elasticsearch.http.CorsHandler$Config
3947:             1             40  org.elasticsearch.index.analysis.CustomAnalyzer
3948:             1             40  org.elasticsearch.index.flush.FlushStats
3949:             1             40  org.elasticsearch.index.mapper.IgnoredFieldMapper$IgnoredFieldType
3950:             1             40  org.elasticsearch.index.mapper.IndexFieldMapper$IndexFieldType
3951:             1             40  org.elasticsearch.index.mapper.RankFeatureMetaFieldMapper$RankFeatureMetaFieldType
3952:             1             40  org.elasticsearch.index.mapper.RoutingFieldMapper$RoutingFieldType
3953:             1             40  org.elasticsearch.index.mapper.SeqNoFieldMapper$SeqNoFieldType
3954:             1             40  org.elasticsearch.index.mapper.VersionFieldMapper$VersionFieldType
3955:             1             40  org.elasticsearch.index.rankeval.TransportRankEvalAction
3956:             1             40  org.elasticsearch.index.reindex.TransportReindexAction
3957:             1             40  org.elasticsearch.indices.IndicesQueryCache
3958:             1             40  org.elasticsearch.indices.IndicesService$CacheCleaner
3959:             1             40  org.elasticsearch.indices.IndicesService$OldShardsStats
3960:             1             40  org.elasticsearch.indices.breaker.BreakerSettings
3961:             1             40  org.elasticsearch.indices.breaker.HierarchyCircuitBreakerService
3962:             1             40  org.elasticsearch.indices.recovery.PeerRecoverySourceService
3963:             1             40  org.elasticsearch.indices.store.IndicesStore
3964:             1             40  org.elasticsearch.ingest.common.GrokProcessorGetAction$TransportAction
3965:             1             40  org.elasticsearch.ingest.common.GsubProcessor
3966:             1             40  org.elasticsearch.ingest.useragent.UserAgentProcessor
3967:             1             40  org.elasticsearch.license.OperationModeFileWatcher
3968:             1             40  org.elasticsearch.monitor.MonitorService
3969:             1             40  org.elasticsearch.monitor.fs.FsService$FsInfoCache
3970:             1             40  org.elasticsearch.monitor.os.OsService$OsStatsCache
3971:             1             40  org.elasticsearch.monitor.os.OsStats
3972:             1             40  org.elasticsearch.monitor.os.OsStats$Cgroup$CpuStat
3973:             1             40  org.elasticsearch.monitor.process.ProcessService$ProcessStatsCache
3974:             1             40  org.elasticsearch.repositories.RepositoryInfo
3975:             1             40  org.elasticsearch.rest.RestController
3976:             1             40  org.elasticsearch.script.ScriptService
3977:             1             40  org.elasticsearch.script.mustache.TransportMultiSearchTemplateAction
3978:             1             40  org.elasticsearch.script.mustache.TransportSearchTemplateAction
3979:             1             40  org.elasticsearch.snapshots.RestoreService
3980:             1             40  org.elasticsearch.threadpool.ThreadPool
3981:             1             40  org.elasticsearch.transport.ConnectionProfile
3982:             1             40  org.elasticsearch.transport.InboundMessage
3983:             1             40  org.elasticsearch.transport.OutboundHandler
3984:             1             40  org.elasticsearch.transport.RemoteClusterService
3985:             1             40  org.elasticsearch.transport.TransportKeepAlive
3986:             1             40  org.elasticsearch.watcher.ResourceWatcherService
3987:             1             40  org.elasticsearch.xpack.ccr.Ccr
3988:             1             40  org.elasticsearch.xpack.core.action.TransportXPackInfoAction
3989:             1             40  org.elasticsearch.xpack.core.async.TransportDeleteAsyncResultAction
3990:             1             40  org.elasticsearch.xpack.core.search.action.TransportClosePointInTimeAction
3991:             1             40  org.elasticsearch.xpack.core.search.action.TransportOpenPointInTimeAction
3992:             1             40  org.elasticsearch.xpack.core.security.authc.Authentication
3993:             1             40  org.elasticsearch.xpack.core.security.user.AsyncSearchUser
3994:             1             40  org.elasticsearch.xpack.core.security.user.SystemUser
3995:             1             40  org.elasticsearch.xpack.core.security.user.XPackSecurityUser
3996:             1             40  org.elasticsearch.xpack.core.security.user.XPackUser
3997:             1             40  org.elasticsearch.xpack.core.slm.SnapshotLifecyclePolicy
3998:             1             40  org.elasticsearch.xpack.core.ssl.SSLService$1
3999:             1             40  org.elasticsearch.xpack.eql.async.AsyncTaskManagementService
4000:             1             40  org.elasticsearch.xpack.eql.plugin.TransportEqlAsyncGetResultAction
4001:             1             40  org.elasticsearch.xpack.graph.action.TransportGraphExploreAction
4002:             1             40  org.elasticsearch.xpack.ilm.IndexLifecycle
4003:             1             40  org.elasticsearch.xpack.ml.MachineLearningFeatureSet
4004:             1             40  org.elasticsearch.xpack.ml.MlConfigMigrator
4005:             1             40  org.elasticsearch.xpack.ml.MlDailyMaintenanceService
4006:             1             40  org.elasticsearch.xpack.ml.MlLifeCycleService
4007:             1             40  org.elasticsearch.xpack.ml.action.TransportDeleteCalendarAction
4008:             1             40  org.elasticsearch.xpack.ml.action.TransportDeleteCalendarEventAction
4009:             1             40  org.elasticsearch.xpack.ml.action.TransportDeleteFilterAction
4010:             1             40  org.elasticsearch.xpack.ml.action.TransportDeleteForecastAction
4011:             1             40  org.elasticsearch.xpack.ml.action.TransportGetBucketsAction
4012:             1             40  org.elasticsearch.xpack.ml.action.TransportGetCalendarEventsAction
4013:             1             40  org.elasticsearch.xpack.ml.action.TransportGetCategoriesAction
4014:             1             40  org.elasticsearch.xpack.ml.action.TransportGetDataFrameAnalyticsAction
4015:             1             40  org.elasticsearch.xpack.ml.action.TransportGetFiltersAction
4016:             1             40  org.elasticsearch.xpack.ml.action.TransportGetInfluencersAction
4017:             1             40  org.elasticsearch.xpack.ml.action.TransportGetModelSnapshotsAction
4018:             1             40  org.elasticsearch.xpack.ml.action.TransportGetRecordsAction
4019:             1             40  org.elasticsearch.xpack.ml.action.TransportMlInfoAction
4020:             1             40  org.elasticsearch.xpack.ml.action.TransportPostCalendarEventsAction
4021:             1             40  org.elasticsearch.xpack.ml.action.TransportUpdateCalendarJobAction
4022:             1             40  org.elasticsearch.xpack.ml.action.TransportUpdateFilterAction
4023:             1             40  org.elasticsearch.xpack.ml.action.TransportUpdateModelSnapshotAction
4024:             1             40  org.elasticsearch.xpack.ml.dataframe.DataFrameAnalyticsManager
4025:             1             40  org.elasticsearch.xpack.ml.dataframe.process.NativeAnalyticsProcessFactory
4026:             1             40  org.elasticsearch.xpack.ml.job.process.autodetect.NativeAutodetectProcessFactory
4027:             1             40  org.elasticsearch.xpack.monitoring.collector.enrich.EnrichStatsCollector
4028:             1             40  org.elasticsearch.xpack.monitoring.collector.indices.IndexRecoveryCollector
4029:             1             40  org.elasticsearch.xpack.monitoring.collector.indices.IndexStatsCollector
4030:             1             40  org.elasticsearch.xpack.monitoring.collector.node.NodeStatsCollector
4031:             1             40  org.elasticsearch.xpack.monitoring.exporter.Exporter$Config
4032:             1             40  org.elasticsearch.xpack.rollup.action.TransportGetRollupIndexCapsAction
4033:             1             40  org.elasticsearch.xpack.search.TransportGetAsyncSearchAction
4034:             1             40  org.elasticsearch.xpack.searchablesnapshots.SearchableSnapshots
4035:             1             40  org.elasticsearch.xpack.searchablesnapshots.cache.CacheService
4036:             1             40  org.elasticsearch.xpack.security.SecurityFeatureSet
4037:             1             40  org.elasticsearch.xpack.security.action.TransportCreateApiKeyAction
4038:             1             40  org.elasticsearch.xpack.security.action.TransportGetApiKeyAction
4039:             1             40  org.elasticsearch.xpack.security.action.TransportInvalidateApiKeyAction
4040:             1             40  org.elasticsearch.xpack.security.action.filter.SecurityActionFilter
4041:             1             40  org.elasticsearch.xpack.security.action.oidc.TransportOpenIdConnectLogoutAction
4042:             1             40  org.elasticsearch.xpack.security.action.role.TransportGetRolesAction
4043:             1             40  org.elasticsearch.xpack.security.action.role.TransportPutRoleAction
4044:             1             40  org.elasticsearch.xpack.security.action.saml.TransportSamlInvalidateSessionAction
4045:             1             40  org.elasticsearch.xpack.security.action.saml.TransportSamlLogoutAction
4046:             1             40  org.elasticsearch.xpack.security.action.user.TransportAuthenticateAction
4047:             1             40  org.elasticsearch.xpack.security.action.user.TransportChangePasswordAction
4048:             1             40  org.elasticsearch.xpack.security.action.user.TransportDeleteUserAction
4049:             1             40  org.elasticsearch.xpack.security.action.user.TransportGetUserPrivilegesAction
4050:             1             40  org.elasticsearch.xpack.security.action.user.TransportGetUsersAction
4051:             1             40  org.elasticsearch.xpack.security.action.user.TransportPutUserAction
4052:             1             40  org.elasticsearch.xpack.security.authc.ExpiredTokenRemover
4053:             1             40  org.elasticsearch.xpack.security.authc.esnative.NativeRealm
4054:             1             40  org.elasticsearch.xpack.security.authc.saml.SamlAuthenticator
4055:             1             40  org.elasticsearch.xpack.security.authc.saml.SamlLogoutRequestHandler
4056:             1             40  org.elasticsearch.xpack.security.authc.saml.SamlLogoutResponseHandler
4057:             1             40  org.elasticsearch.xpack.security.authc.saml.SpConfiguration
4058:             1             40  org.elasticsearch.xpack.security.authz.store.DeprecationRoleDescriptorConsumer
4059:             1             40  org.elasticsearch.xpack.security.authz.store.FileRolesStore
4060:             1             40  org.elasticsearch.xpack.security.rest.action.user.RestChangePasswordAction
4061:             1             40  org.elasticsearch.xpack.slm.SnapshotLifecycleService
4062:             1             40  org.elasticsearch.xpack.slm.SnapshotRetentionService
4063:             1             40  org.elasticsearch.xpack.sql.plugin.TransportSqlClearCursorAction
4064:             1             40  org.elasticsearch.xpack.transform.action.TransportGetTransformAction
4065:             1             40  org.elasticsearch.xpack.transform.action.compat.TransportGetTransformActionDeprecated
4066:             1             40  org.elasticsearch.xpack.watcher.Watcher
4067:             1             40  org.elasticsearch.xpack.watcher.execution.TriggeredWatchStore
4068:             1             40  org.elasticsearch.xpack.watcher.notification.email.attachment.ReportingAttachmentParser
4069:             1             40  org.elasticsearch.xpack.watcher.trigger.schedule.engine.TickerScheduleTriggerEngine
4070:             1             40  org.joda.time.chrono.BasicChronology$HalfdayField
4071:             1             40  org.joda.time.chrono.GJMonthOfYearDateTimeField
4072:             1             40  org.joni.ast.StringNode
4073:             1             40  org.locationtech.jts.geom.Coordinate
4074:             1             40  org.locationtech.spatial4j.context.SpatialContext
4075:             1             40  org.locationtech.spatial4j.context.jts.JtsSpatialContext
4076:             1             40  org.locationtech.spatial4j.shape.jts.JtsShapeFactory
4077:             1             40  org.opensaml.core.metrics.FilteredMetricRegistry
4078:             1             40  org.opensaml.core.xml.config.XMLObjectProviderRegistry
4079:             1             40  org.opensaml.saml.metadata.resolver.impl.AbstractBatchMetadataResolver$BatchEntityBackingStore
4080:             1             40  org.opensaml.saml.metadata.resolver.impl.PredicateRoleDescriptorResolver
4081:             1             40  org.opensaml.security.httpclient.impl.BasicHttpClientSecurityConfiguration
4082:             1             40  org.opensaml.xmlsec.impl.BasicDecryptionConfiguration
4083:             1             40  org.tartarus.snowball.ext.HungarianStemmer
4084:             1             40  sun.nio.cs.StandardCharsets$Aliases (java.base@15.0.1)
4085:             1             40  sun.nio.cs.StandardCharsets$Cache (java.base@15.0.1)
4086:             1             40  sun.nio.cs.StandardCharsets$Classes (java.base@15.0.1)
4087:             1             40  sun.security.ssl.Plaintext (java.base@15.0.1)
4088:             1             40  sun.security.ssl.TrustStoreManager$TrustStoreDescriptor (java.base@15.0.1)
4089:             1             40  sun.text.resources.BreakIteratorInfo (java.base@15.0.1)
4090:             1             40  sun.text.resources.BreakIteratorResources (java.base@15.0.1)
4091:             1             40  sun.text.resources.ext.BreakIteratorInfo_th (jdk.localedata@15.0.1)
4092:             1             40  sun.text.resources.ext.BreakIteratorResources_th (jdk.localedata@15.0.1)
4093:             1             40  sun.util.locale.InternalLocaleBuilder (java.base@15.0.1)
4094:             1             40  sun.util.resources.Bundles$1 (java.base@15.0.1)
4095:             1             32  [Lcom.amazonaws.http.conn.ssl.TLSProtocol;
4096:             1             32  [Lcom.amazonaws.services.s3.metrics.S3ServiceMetric;
4097:             1             32  [Lcom.carrotsearch.hppc.HashOrderMixing$Strategy;
4098:             1             32  [Lcom.fasterxml.jackson.annotation.JsonCreator$Mode;
4099:             1             32  [Lcom.fasterxml.jackson.core.JsonFactory$Feature;
4100:             2             32  [Lcom.fasterxml.jackson.databind.deser.Deserializers;
4101:             1             32  [Lcom.fasterxml.jackson.databind.util.AccessPattern;
4102:             2             32  [Lcom.github.mustachejava.util.Wrapper;
4103:             1             32  [Lcom.google.common.base.Predicates$ObjectPredicate;
4104:             1             32  [Lcom.google.common.collect.AbstractIterator$State;
4105:             1             32  [Lcom.google.common.collect.ImmutableMapEntry;
4106:             1             32  [Lcom.sun.activation.registries.MailcapFile;
4107:             1             32  [Lcom.sun.org.apache.xerces.internal.impl.dv.xs.AbstractDateTimeDV$DateTimeData; (java.xml@15.0.1)
4108:             1             32  [Lcom.sun.org.apache.xerces.internal.utils.XMLSecurityManager$NameMap; (java.xml@15.0.1)
4109:             1             32  [Lio.netty.buffer.PoolArena$SizeClass;
4110:             1             32  [Lio.netty.channel.embedded.EmbeddedChannel$State;
4111:             1             32  [Lio.netty.handler.codec.compression.ZlibWrapper;
4112:             1             32  [Lio.netty.handler.codec.http.HttpContentEncoder$State;
4113:             1             32  [Lio.netty.handler.ssl.SslHandler$SslEngineType;
4114:             1             32  [Lio.netty.util.ResourceLeakDetector$Level;
4115:             1             32  [Ljava.lang.OutOfMemoryError; (java.base@15.0.1)
4116:             1             32  [Ljava.lang.ProcessImpl$Platform; (java.base@15.0.1)
4117:             1             32  [Ljava.lang.StackStreamFactory$WalkerState; (java.base@15.0.1)
4118:             1             32  [Ljava.lang.ThreadGroup; (java.base@15.0.1)
4119:             1             32  [Ljava.lang.invoke.MethodHandleImpl$ArrayAccess; (java.base@15.0.1)
4120:             1             32  [Ljava.lang.management.MemoryManagerMXBean; (java.management@15.0.1)
4121:             1             32  [Ljava.lang.module.ModuleDescriptor$Modifier; (java.base@15.0.1)
4122:             1             32  [Ljava.lang.module.ModuleDescriptor$Requires$Modifier; (java.base@15.0.1)
4123:             1             32  [Ljava.net.Proxy$Type; (java.base@15.0.1)
4124:             1             32  [Ljava.nio.file.AccessMode; (java.base@15.0.1)
4125:             1             32  [Ljava.nio.file.FileTreeWalker$EventType; (java.base@15.0.1)
4126:             1             32  [Ljava.nio.file.FileVisitResult; (java.base@15.0.1)
4127:             1             32  [Ljava.nio.file.StandardCopyOption; (java.base@15.0.1)
4128:             1             32  [Ljava.text.Normalizer$Form; (java.base@15.0.1)
4129:             1             32  [Ljava.time.format.DateTimeFormatterBuilder$SettingsParser; (java.base@15.0.1)
4130:             1             32  [Ljava.time.format.FormatStyle; (java.base@15.0.1)
4131:             1             32  [Ljava.time.format.ResolverStyle; (java.base@15.0.1)
4132:             1             32  [Ljava.time.temporal.IsoFields$Field; (java.base@15.0.1)
4133:             1             32  [Ljava.time.temporal.JulianFields$Field; (java.base@15.0.1)
4134:             1             32  [Ljava.time.zone.ZoneOffsetTransitionRule$TimeDefinition; (java.base@15.0.1)
4135:             1             32  [Ljava.util.concurrent.ForkJoinPool$WorkQueue; (java.base@15.0.1)
4136:             1             32  [Ljava.util.function.BiConsumer; (java.base@15.0.1)
4137:             1             32  [Ljava.util.regex.Matcher; (java.base@15.0.1)
4138:             1             32  [Ljava.util.regex.Pattern$Qtype; (java.base@15.0.1)
4139:             1             32  [Ljava.util.stream.MatchOps$MatchKind; (java.base@15.0.1)
4140:             1             32  [Ljava.util.stream.StreamShape; (java.base@15.0.1)
4141:             1             32  [Ljavax.net.ssl.SSLEngineResult$Status; (java.base@15.0.1)
4142:             1             32  [Ljavax.xml.catalog.CatalogFeatures$Feature; (java.xml@15.0.1)
4143:             1             32  [Ljdk.internal.icu.util.CodePointTrie$ValueWidth; (java.base@15.0.1)
4144:             1             32  [Ljdk.internal.jimage.ImageBufferCache$BufferReference; (java.base@15.0.1)
4145:             1             32  [Ljdk.internal.logger.BootstrapLogger$LoggingBackend; (java.base@15.0.1)
4146:             1             32  [Ljdk.internal.math.FormattedFloatingDecimal$Form; (java.base@15.0.1)
4147:             1             32  [Ljdk.internal.module.IllegalAccessLogger$Mode; (java.base@15.0.1)
4148:             1             32  [Ljdk.xml.internal.JdkXmlFeatures$XmlFeature; (java.xml@15.0.1)
4149:             1             32  [Lorg.antlr.v4.runtime.atn.PredictionMode;
4150:             1             32  [Lorg.apache.http.conn.util.DomainType;
4151:             1             32  [Lorg.apache.http.conn.util.DomainType;
4152:             1             32  [Lorg.apache.http.impl.cookie.RFC6265CookieSpecProvider$CompatibilityLevel;
4153:             1             32  [Lorg.apache.http.impl.cookie.RFC6265CookieSpecProvider$CompatibilityLevel;
4154:             1             32  [Lorg.apache.logging.log4j.core.Filter$Result;
4155:             1             32  [Lorg.apache.logging.log4j.core.config.LoggerConfig$LoggerConfigPredicate;
4156:             1             32  [Lorg.apache.lucene.codecs.lucene80.IndexedDISI$Method;
4157:             1             32  [Lorg.apache.lucene.index.IndexWriterConfig$OpenMode;
4158:             1             32  [Lorg.apache.lucene.index.PointValues$Relation;
4159:             1             32  [Lorg.apache.lucene.index.StoredFieldVisitor$Status;
4160:             1             32  [Lorg.apache.lucene.index.TermsEnum$SeekStatus;
4161:             1             32  [Lorg.apache.lucene.index.TieredMergePolicy$MERGE_TYPE;
4162:             1             32  [Lorg.apache.lucene.search.SortedSetSelector$Type;
4163:             1             32  [Lorg.apache.lucene.search.suggest.document.CompletionPostingsFormat$FSTLoadMode;
4164:             1             32  [Lorg.apache.lucene.store.IOContext$Context;
4165:             1             32  [Lorg.apache.lucene.util.automaton.CompiledAutomaton$AUTOMATON_TYPE;
4166:             1             32  [Lorg.apache.lucene.util.fst.FST$INPUT_TYPE;
4167:             1             32  [Lorg.elasticsearch.Build$Flavor;
4168:             1             32  [Lorg.elasticsearch.action.DocWriteRequest$OpType;
4169:             1             32  [Lorg.elasticsearch.action.admin.cluster.health.ClusterHealthRequest$Level;
4170:             1             32  [Lorg.elasticsearch.action.admin.indices.alias.IndicesAliasesRequest$AliasActions$Type;
4171:             1             32  [Lorg.elasticsearch.action.support.WriteRequest$RefreshPolicy;
4172:             1             32  [Lorg.elasticsearch.cli.Terminal$Verbosity;
4173:             1             32  [Lorg.elasticsearch.cluster.NodeConnectionsService$ActivityType;
4174:             1             32  [Lorg.elasticsearch.cluster.coordination.Coordinator$Mode;
4175:             1             32  [Lorg.elasticsearch.cluster.health.ClusterHealthStatus;
4176:             1             32  [Lorg.elasticsearch.cluster.metadata.IndexAbstraction$Type;
4177:             1             32  [Lorg.elasticsearch.cluster.routing.ShardRoutingState;
4178:             1             32  [Lorg.elasticsearch.cluster.routing.allocation.decider.ClusterRebalanceAllocationDecider$ClusterRebalanceType;
4179:             1             32  [Lorg.elasticsearch.common.breaker.CircuitBreaker$Type;
4180:             1             32  [Lorg.elasticsearch.common.cache.Cache$State;
4181:             1             32  [Lorg.elasticsearch.common.cache.RemovalNotification$RemovalReason;
4182:             1             32  [Lorg.elasticsearch.common.component.Lifecycle$State;
4183:             1             32  [Lorg.elasticsearch.common.geo.ShapeRelation;
4184:             1             32  [Lorg.elasticsearch.common.inject.Stage;
4185:             1             32  [Lorg.elasticsearch.common.inject.internal.Errors$Converter;
4186:             1             32  [Lorg.elasticsearch.common.settings.SettingUpgrader;
4187:             1             32  [Lorg.elasticsearch.common.ssl.SslClientAuthenticationMode;
4188:             1             32  [Lorg.elasticsearch.common.ssl.SslVerificationMode;
4189:             1             32  [Lorg.elasticsearch.index.VersionType;
4190:             1             32  [Lorg.elasticsearch.index.analysis.AnalysisMode;
4191:             1             32  [Lorg.elasticsearch.index.analysis.AnalyzerScope;
4192:             1             32  [Lorg.elasticsearch.index.analysis.TokenFilterFactory;
4193:             1             32  [Lorg.elasticsearch.index.engine.Engine$Operation$TYPE;
4194:             1             32  [Lorg.elasticsearch.index.engine.Engine$Result$Type;
4195:             1             32  [Lorg.elasticsearch.index.engine.InternalEngine$OpVsLuceneDocStatus;
4196:             1             32  [Lorg.elasticsearch.index.mapper.MappedFieldType$Relation;
4197:             1             32  [Lorg.elasticsearch.index.mapper.MapperService$MergeReason;
4198:             1             32  [Lorg.elasticsearch.index.mapper.ObjectMapper$Dynamic;
4199:             1             32  [Lorg.elasticsearch.index.mapper.RangeType$LengthType;
4200:             1             32  [Lorg.elasticsearch.index.reindex.AbstractAsyncBulkByScrollAction$OpType;
4201:             1             32  [Lorg.elasticsearch.index.search.MatchQuery$Type;
4202:             1             32  [Lorg.elasticsearch.index.search.MatchQuery$ZeroTermsQuery;
4203:             1             32  [Lorg.elasticsearch.index.translog.Translog$Operation$Type;
4204:             1             32  [Lorg.elasticsearch.indices.analysis.PreBuiltCacheFactory$CachingStrategy;
4205:             1             32  [Lorg.elasticsearch.indices.recovery.MultiChunkTransfer$Status;
4206:             2             32  [Lorg.elasticsearch.monitor.fs.FsInfo$DeviceStats;
4207:             1             32  [Lorg.elasticsearch.monitor.jvm.JvmGcMonitorService$JvmMonitor$Threshold;
4208:             1             32  [Lorg.elasticsearch.painless.CompilerSettings$RegexEnabled;
4209:             1             32  [Lorg.elasticsearch.protocol.xpack.license.LicenseStatus;
4210:             1             32  [Lorg.elasticsearch.protocol.xpack.license.LicensesStatus;
4211:             1             32  [Lorg.elasticsearch.threadpool.ThreadPool$ThreadPoolType;
4212:             1             32  [Lorg.elasticsearch.watcher.ResourceWatcherService$Frequency;
4213:             1             32  [Lorg.elasticsearch.xpack.core.ml.dataframe.analyses.Regression$LossFunction;
4214:             1             32  [Lorg.elasticsearch.xpack.core.ml.inference.trainedmodel.PredictionFieldType;
4215:             1             32  [Lorg.elasticsearch.xpack.core.security.authc.AuthenticationResult$Status;
4216:             1             32  [Lorg.elasticsearch.xpack.core.ssl.SSLClientAuth;
4217:             1             32  [Lorg.elasticsearch.xpack.core.ssl.VerificationMode;
4218:             1             32  [Lorg.elasticsearch.xpack.monitoring.exporter.local.LocalExporter$State;
4219:             1             32  [Lorg.elasticsearch.xpack.sql.stats.Metrics$OperationType;
4220:             1             32  [Lorg.joni.ast.CClassNode$CCSTATE;
4221:             1             32  [Lorg.joni.ast.CClassNode$CCVALTYPE;
4222:             1             32  [Lorg.locationtech.spatial4j.context.jts.DatelineRule;
4223:             1             32  [Lorg.locationtech.spatial4j.context.jts.ValidationRule;
4224:             1             32  [Lorg.opensaml.security.credential.UsageType;
4225:             1             32  [Lorg.yaml.snakeyaml.DumperOptions$FlowStyle;
4226:             1             32  [Lorg.yaml.snakeyaml.nodes.NodeId;
4227:             1             32  [Lsun.security.provider.NativePRNG$Variant; (java.base@15.0.1)
4228:             1             32  [Lsun.security.ssl.CipherSuite$HashAlg; (java.base@15.0.1)
4229:             1             32  [Lsun.security.ssl.CipherType; (java.base@15.0.1)
4230:             1             32  [Lsun.security.ssl.ClientAuthType; (java.base@15.0.1)
4231:             1             32  [Lsun.security.ssl.ECPointFormatsExtension$ECPointFormat; (java.base@15.0.1)
4232:             1             32  [Lsun.security.ssl.Finished$VerifyDataScheme; (java.base@15.0.1)
4233:             1             32  [Lsun.security.ssl.SSLMasterKeyDerivation; (java.base@15.0.1)
4234:             1             32  [Lsun.security.ssl.SSLTrafficKeyDerivation; (java.base@15.0.1)
4235:             1             32  [Lsun.security.ssl.SignatureScheme$SigAlgParamSpec; (java.base@15.0.1)
4236:             1             32  com.amazonaws.auth.InstanceMetadataServiceCredentialsFetcher
4237:             1             32  com.amazonaws.auth.profile.internal.BasicProfileConfigFileLoader
4238:             1             32  com.amazonaws.auth.profile.internal.securitytoken.RoleInfo
4239:             2             32  com.amazonaws.log.CommonsLog
4240:             2             32  com.amazonaws.log.InternalLog
4241:             1             32  com.amazonaws.partitions.PartitionMetadataProvider
4242:             2             32  com.amazonaws.profile.path.AwsProfileFileLocationProviderChain
4243:             2             32  com.amazonaws.services.s3.AmazonS3ClientConfigurationFactory
4244:             1             32  com.amazonaws.services.s3.internal.RegionalEndpointsOptionResolver
4245:             1             32  com.amazonaws.services.s3.internal.UseArnRegionResolver
4246:             2             32  com.amazonaws.services.s3.metrics.S3ServiceMetric
4247:             1             32  com.amazonaws.util.ReflectionMethodInvoker
4248:             1             32  com.fasterxml.jackson.annotation.JsonInclude$Value
4249:             1             32  com.fasterxml.jackson.databind.cfg.DeserializerFactoryConfig
4250:             1             32  com.fasterxml.jackson.databind.introspect.VisibilityChecker$Std
4251:             2             32  com.fasterxml.jackson.databind.node.JsonNodeFactory
4252:             1             32  com.fasterxml.jackson.databind.ser.std.CalendarSerializer
4253:             1             32  com.fasterxml.jackson.databind.ser.std.DateSerializer
4254:             1             32  com.fasterxml.jackson.databind.ser.std.NumberSerializers$FloatSerializer
4255:             1             32  com.fasterxml.jackson.databind.ser.std.NumberSerializers$IntLikeSerializer
4256:             1             32  com.fasterxml.jackson.databind.ser.std.NumberSerializers$ShortSerializer
4257:             1             32  com.fasterxml.jackson.databind.type.TypeFactory
4258:             1             32  com.fasterxml.jackson.dataformat.smile.SmileParser$Feature
4259:             2             32  com.google.common.base.Joiner
4260:             1             32  com.google.common.collect.Iterators$ArrayItr
4261:             1             32  com.google.common.collect.RegularImmutableSet
4262:             1             32  com.sun.crypto.provider.HmacCore$HmacSHA256 (java.base@15.0.1)
4263:             1             32  com.sun.jna.Library$Handler
4264:             1             32  com.sun.jna.Memory
4265:             1             32  com.sun.jna.Structure$AutoAllocated
4266:             1             32  com.sun.org.apache.xerces.internal.impl.dtd.XMLElementDecl (java.xml@15.0.1)
4267:             2             32  com.sun.org.apache.xerces.internal.impl.dv.dtd.ENTITYDatatypeValidator (java.xml@15.0.1)
4268:             2             32  com.sun.org.apache.xerces.internal.impl.dv.xs.QNameDV (java.xml@15.0.1)
4269:             2             32  com.sun.org.apache.xerces.internal.impl.xpath.regex.Token (java.xml@15.0.1)
4270:             1             32  com.sun.org.apache.xerces.internal.impl.xs.XSModelGroupImpl (java.xml@15.0.1)
4271:             1             32  com.sun.org.apache.xerces.internal.util.NamespaceSupport (java.xml@15.0.1)
4272:             2             32  io.netty.buffer.PooledByteBufAllocator$1
4273:             2             32  io.netty.buffer.PooledByteBufAllocatorMetric
4274:             1             32  io.netty.channel.AdaptiveRecvByteBufAllocator
4275:             2             32  io.netty.channel.embedded.EmbeddedSocketAddress
4276:             2             32  io.netty.channel.nio.NioEventLoop$1
4277:             1             32  io.netty.channel.nio.NioEventLoopGroup
4278:             2             32  io.netty.handler.codec.DecoderResult
4279:             1             32  io.netty.handler.codec.http.HttpStatusClass$1
4280:             1             32  io.netty.handler.ssl.SslHandler$SslEngineType$1
4281:             1             32  io.netty.handler.ssl.SslHandler$SslEngineType$2
4282:             1             32  io.netty.handler.ssl.SslHandler$SslEngineType$3
4283:             1             32  io.netty.util.ResourceLeakDetector
4284:             1             32  io.netty.util.concurrent.DefaultThreadFactory
4285:             2             32  io.netty.util.concurrent.SingleThreadEventExecutor$4
4286:             1             32  java.io.ByteArrayInputStream (java.base@15.0.1)
4287:             1             32  java.io.UnixFileSystem (java.base@15.0.1)
4288:             2             32  java.lang.Boolean (java.base@15.0.1)
4289:             1             32  java.lang.ProcessHandleImpl$1 (java.base@15.0.1)
4290:             1             32  java.lang.ProcessImpl$ProcessPipeOutputStream (java.base@15.0.1)
4291:             2             32  java.lang.Shutdown$Lock (java.base@15.0.1)
4292:             1             32  java.lang.invoke.VarHandleLongs$Array (java.base@15.0.1)
4293:             1             32  java.lang.module.ModuleDescriptor$Version (java.base@15.0.1)
4294:             1             32  java.net.InetAddress$CachedLocalHost (java.base@15.0.1)
4295:             2             32  java.nio.ByteOrder (java.base@15.0.1)
4296:             1             32  java.nio.channels.Channels$1 (java.base@15.0.1)
4297:             2             32  java.nio.channels.spi.AbstractSelector$1 (java.base@15.0.1)
4298:             2             32  java.nio.file.attribute.PosixFilePermissions$1 (java.base@15.0.1)
4299:             2             32  java.security.AllPermissionCollection (java.base@15.0.1)
4300:             1             32  java.text.DontCareFieldPosition (java.base@15.0.1)
4301:             2             32  java.util.Comparator$$Lambda$5785/0x0000000801b4a298 (java.base@15.0.1)
4302:             1             32  java.util.ImmutableCollections$ListItr (java.base@15.0.1)
4303:             2             32  java.util.ResourceBundle$SingleFormatControl (java.base@15.0.1)
4304:             2             32  java.util.Timer$1 (java.base@15.0.1)
4305:             1             32  java.util.concurrent.DelayQueue (java.base@15.0.1)
4306:             1             32  java.util.concurrent.SynchronousQueue (java.base@15.0.1)
4307:             1             32  java.util.concurrent.ThreadLocalRandom (java.base@15.0.1)
4308:             1             32  java.util.concurrent.locks.AbstractQueuedSynchronizer$SharedNode (java.base@15.0.1)
4309:             1             32  java.util.logging.LogManager$SystemLoggerContext (java.logging@15.0.1)
4310:             1             32  java.util.regex.Pattern$NotBehind (java.base@15.0.1)
4311:             1             32  java.util.stream.Collectors$CollectorImpl (java.base@15.0.1)
4312:             1             32  java.util.zip.ZipCoder$UTF8ZipCoder (java.base@15.0.1)
4313:             2             32  javax.crypto.JceSecurity$IdentityWrapper (java.base@15.0.1)
4314:             1             32  javax.script.ScriptEngineManager (java.scripting@15.0.1)
4315:             2             32  javax.xml.bind.DatatypeConverterImpl
4316:             1             32  jdk.internal.logger.LazyLoggers$LazyLoggerAccessor (java.base@15.0.1)
4317:             1             32  jdk.internal.module.IllegalAccessLogger (java.base@15.0.1)
4318:             1             32  jdk.internal.platform.cgroupv1.CgroupV1MemorySubSystemController (java.base@15.0.1)
4319:             1             32  jdk.internal.ref.CleanerImpl (java.base@15.0.1)
4320:             1             32  jdk.internal.reflect.UnsafeFloatFieldAccessorImpl (java.base@15.0.1)
4321:             1             32  jdk.internal.reflect.UnsafeLongFieldAccessorImpl (java.base@15.0.1)
4322:             2             32  jdk.internal.util.Preconditions$1 (java.base@15.0.1)
4323:             1             32  jdk.net.ExtendedSocketOptions$1 (jdk.net@15.0.1)
4324:             1             32  joptsimple.NonOptionArgumentSpec
4325:             1             32  net.shibboleth.utilities.java.support.collection.IndexingObjectStore
4326:             1             32  org.antlr.v4.runtime.atn.EmptyPredictionContext
4327:             2             32  org.antlr.v4.runtime.atn.LexerModeAction
4328:             2             32  org.antlr.v4.runtime.atn.PredictionContextCache
4329:             2             32  org.antlr.v4.runtime.atn.WildcardTransition
4330:             1             32  org.apache.commons.logging.impl.WeakHashtable$WeakKey
4331:             1             32  org.apache.http.conn.ssl.SSLConnectionSocketFactory
4332:             1             32  org.apache.http.impl.conn.DefaultHttpClientConnectionOperator
4333:             1             32  org.apache.http.impl.conn.DefaultHttpClientConnectionOperator
4334:             1             32  org.apache.http.impl.conn.PoolingHttpClientConnectionManager
4335:             1             32  org.apache.http.impl.conn.PoolingHttpClientConnectionManager
4336:             1             32  org.apache.http.impl.conn.PoolingHttpClientConnectionManager$ConfigData
4337:             1             32  org.apache.http.impl.conn.PoolingHttpClientConnectionManager$ConfigData
4338:             2             32  org.apache.http.impl.cookie.BasicMaxAgeHandler
4339:             1             32  org.apache.http.impl.cookie.DefaultCookieSpecProvider
4340:             1             32  org.apache.http.impl.cookie.DefaultCookieSpecProvider
4341:             1             32  org.apache.http.impl.execchain.RedirectExec
4342:             2             32  org.apache.http.message.BasicHeaderValueParser
4343:             2             32  org.apache.http.message.BasicLineFormatter
4344:             2             32  org.apache.http.message.BasicLineFormatter
4345:             2             32  org.apache.http.message.BasicLineParser
4346:             2             32  org.apache.http.message.BasicLineParser
4347:             2             32  org.apache.http.protocol.RequestTargetHost
4348:             2             32  org.apache.http.protocol.RequestTargetHost
4349:             2             32  org.apache.http.protocol.RequestUserAgent
4350:             2             32  org.apache.http.protocol.RequestUserAgent
4351:             2             32  org.apache.logging.log4j.core.config.plugins.convert.EnumConverter
4352:             1             32  org.apache.logging.log4j.core.impl.ThrowableFormatOptions
4353:             2             32  org.apache.logging.log4j.core.lookup.StrMatcher$CharSetMatcher
4354:             1             32  org.apache.logging.log4j.core.pattern.DatePatternConverter$PatternFormatter
4355:             1             32  org.apache.logging.log4j.core.script.ScriptManager
4356:             1             32  org.apache.logging.log4j.core.util.DefaultShutdownCallbackRegistry
4357:             2             32  org.apache.logging.log4j.core.util.datetime.FastDatePrinter$TwoDigitNumberField
4358:             1             32  org.apache.logging.log4j.status.StatusLogger$BoundedQueue
4359:             2             32  org.apache.logging.log4j.util.EnvironmentPropertySource
4360:             2             32  org.apache.logging.log4j.util.PropertiesUtil
4361:             2             32  org.apache.logging.log4j.util.PropertyFilePropertySource
4362:             2             32  org.apache.logging.log4j.util.PropertySource$Comparator
4363:             2             32  org.apache.logging.log4j.util.SystemPropertiesPropertySource
4364:             1             32  org.apache.lucene.analysis.ar.ArabicAnalyzer
4365:             2             32  org.apache.lucene.analysis.ar.ArabicNormalizer
4366:             1             32  org.apache.lucene.analysis.bg.BulgarianAnalyzer
4367:             1             32  org.apache.lucene.analysis.bn.BengaliAnalyzer
4368:             1             32  org.apache.lucene.analysis.br.BrazilianAnalyzer
4369:             1             32  org.apache.lucene.analysis.br.BrazilianStemmer
4370:             1             32  org.apache.lucene.analysis.ca.CatalanAnalyzer
4371:             1             32  org.apache.lucene.analysis.cjk.CJKAnalyzer
4372:             1             32  org.apache.lucene.analysis.ckb.SoraniAnalyzer
4373:             1             32  org.apache.lucene.analysis.core.StopAnalyzer
4374:             1             32  org.apache.lucene.analysis.cz.CzechAnalyzer
4375:             1             32  org.apache.lucene.analysis.da.DanishAnalyzer
4376:             1             32  org.apache.lucene.analysis.de.GermanAnalyzer
4377:             1             32  org.apache.lucene.analysis.el.GreekAnalyzer
4378:             1             32  org.apache.lucene.analysis.en.EnglishAnalyzer
4379:             1             32  org.apache.lucene.analysis.es.SpanishAnalyzer
4380:             1             32  org.apache.lucene.analysis.et.EstonianAnalyzer
4381:             1             32  org.apache.lucene.analysis.eu.BasqueAnalyzer
4382:             1             32  org.apache.lucene.analysis.fa.PersianAnalyzer
4383:             1             32  org.apache.lucene.analysis.fi.FinnishAnalyzer
4384:             1             32  org.apache.lucene.analysis.fr.FrenchAnalyzer
4385:             1             32  org.apache.lucene.analysis.ga.IrishAnalyzer
4386:             1             32  org.apache.lucene.analysis.gl.GalicianAnalyzer
4387:             1             32  org.apache.lucene.analysis.hi.HindiAnalyzer
4388:             1             32  org.apache.lucene.analysis.hu.HungarianAnalyzer
4389:             1             32  org.apache.lucene.analysis.hy.ArmenianAnalyzer
4390:             1             32  org.apache.lucene.analysis.id.IndonesianAnalyzer
4391:             2             32  org.apache.lucene.analysis.in.IndicNormalizer
4392:             1             32  org.apache.lucene.analysis.it.ItalianAnalyzer
4393:             1             32  org.apache.lucene.analysis.lt.LithuanianAnalyzer
4394:             1             32  org.apache.lucene.analysis.lv.LatvianAnalyzer
4395:             1             32  org.apache.lucene.analysis.no.NorwegianAnalyzer
4396:             1             32  org.apache.lucene.analysis.pt.PortugueseAnalyzer
4397:             1             32  org.apache.lucene.analysis.ro.RomanianAnalyzer
4398:             1             32  org.apache.lucene.analysis.ru.RussianAnalyzer
4399:             1             32  org.apache.lucene.analysis.standard.ClassicAnalyzer
4400:             1             32  org.apache.lucene.analysis.sv.SwedishAnalyzer
4401:             1             32  org.apache.lucene.analysis.th.ThaiAnalyzer
4402:             1             32  org.apache.lucene.analysis.tr.TurkishAnalyzer
4403:             1             32  org.apache.lucene.analysis.util.CharArrayIterator$2
4404:             1             32  org.apache.lucene.analysis.util.CharArrayIterator$4
4405:             1             32  org.apache.lucene.index.NoMergePolicy
4406:             2             32  org.apache.lucene.search.Sort
4407:             2             32  org.apache.lucene.search.vectorhighlight.BreakIteratorBoundaryScanner
4408:             1             32  org.apache.lucene.util.AttributeFactory$DefaultAttributeFactory$1
4409:             1             32  org.elasticsearch.action.ActionModule$1
4410:             1             32  org.elasticsearch.action.ActionModule$2
4411:             2             32  org.elasticsearch.action.RequestValidators
4412:             1             32  org.elasticsearch.action.admin.cluster.remote.TransportRemoteInfoAction
4413:             1             32  org.elasticsearch.action.admin.cluster.storedscripts.TransportGetScriptContextAction
4414:             1             32  org.elasticsearch.action.admin.cluster.storedscripts.TransportGetScriptLanguageAction
4415:             1             32  org.elasticsearch.action.admin.indices.flush.TransportSyncedFlushAction
4416:             1             32  org.elasticsearch.action.admin.indices.rollover.MetadataRolloverService
4417:             2             32  org.elasticsearch.action.bulk.BulkProcessor$Builder$$Lambda$3164/0x0000000801547218
4418:             2             32  org.elasticsearch.action.bulk.BulkProcessor$Flush
4419:             1             32  org.elasticsearch.action.delete.TransportDeleteAction
4420:             1             32  org.elasticsearch.action.index.TransportIndexAction
4421:             1             32  org.elasticsearch.action.search.SearchPhaseController$SortedTopDocs
4422:             1             32  org.elasticsearch.action.support.AutoCreateIndex
4423:             2             32  org.elasticsearch.action.support.DestructiveOperations
4424:             2             32  org.elasticsearch.action.support.DestructiveOperations$$Lambda$3094/0x0000000801546690
4425:             1             32  org.elasticsearch.analysis.common.SnowballAnalyzer
4426:             1             32  org.elasticsearch.analysis.common.StandardHtmlStripAnalyzer
4427:             1             32  org.elasticsearch.blobstore.cache.BlobStoreCacheService
4428:             1             32  org.elasticsearch.bootstrap.Bootstrap
4429:             2             32  org.elasticsearch.cluster.DiffableUtils$IntKeySerializer
4430:             2             32  org.elasticsearch.cluster.NamedDiffableValueSerializer
4431:             2             32  org.elasticsearch.cluster.SnapshotsInProgress
4432:             1             32  org.elasticsearch.cluster.action.index.MappingUpdatedAction
4433:             1             32  org.elasticsearch.cluster.action.shard.ShardStateAction
4434:             1             32  org.elasticsearch.cluster.action.shard.ShardStateAction$ShardFailedClusterStateTaskExecutor
4435:             1             32  org.elasticsearch.cluster.action.shard.ShardStateAction$ShardStartedClusterStateTaskExecutor
4436:             1             32  org.elasticsearch.cluster.coordination.ClusterFormationFailureHelper
4437:             1             32  org.elasticsearch.cluster.coordination.JoinHelper$$Lambda$3743/0x000000080172a790
4438:             1             32  org.elasticsearch.cluster.coordination.LagDetector
4439:             1             32  org.elasticsearch.cluster.coordination.LeaderChecker$CheckScheduler
4440:             2             32  org.elasticsearch.cluster.metadata.IndexAbstractionResolver
4441:             2             32  org.elasticsearch.cluster.metadata.IndexGraveyard
4442:             1             32  org.elasticsearch.cluster.metadata.IndexNameExpressionResolver
4443:             1             32  org.elasticsearch.cluster.metadata.MetadataIndexAliasesService
4444:             1             32  org.elasticsearch.cluster.metadata.MetadataMappingService
4445:             1             32  org.elasticsearch.cluster.metadata.SystemIndexMetadataUpgradeService
4446:             1             32  org.elasticsearch.cluster.routing.BatchedRerouteService
4447:             1             32  org.elasticsearch.cluster.routing.RoutingNodes$UnassignedShards
4448:             1             32  org.elasticsearch.cluster.routing.allocation.AllocationService
4449:             2             32  org.elasticsearch.cluster.routing.allocation.DiskThresholdSettings$$Lambda$1548/0x00000008010f5418
4450:             2             32  org.elasticsearch.cluster.routing.allocation.DiskThresholdSettings$$Lambda$1549/0x00000008010f5650
4451:             2             32  org.elasticsearch.cluster.routing.allocation.DiskThresholdSettings$$Lambda$1550/0x00000008010f5888
4452:             2             32  org.elasticsearch.cluster.routing.allocation.DiskThresholdSettings$$Lambda$1551/0x00000008010f5ac0
4453:             2             32  org.elasticsearch.cluster.routing.allocation.DiskThresholdSettings$$Lambda$1552/0x00000008010f5cf8
4454:             2             32  org.elasticsearch.cluster.routing.allocation.DiskThresholdSettings$$Lambda$1553/0x00000008010f5f30
4455:             1             32  org.elasticsearch.cluster.routing.allocation.allocator.BalancedShardsAllocator$WeightFunction
4456:             1             32  org.elasticsearch.cluster.service.MasterService$Batcher
4457:             1             32  org.elasticsearch.common.inject.Initializer$InjectableReference
4458:             1             32  org.elasticsearch.common.inject.internal.Errors
4459:             2             32  org.elasticsearch.common.logging.LoggingOutputStream$$Lambda$262/0x0000000800cac388
4460:             1             32  org.elasticsearch.common.settings.KeyStoreWrapper
4461:             2             32  org.elasticsearch.common.settings.Setting$$Lambda$139/0x0000000800bf4ad0
4462:             2             32  org.elasticsearch.common.settings.Setting$$Lambda$636/0x0000000800e95ad8
4463:             2             32  org.elasticsearch.common.settings.Setting$$Lambda$781/0x0000000800eaf900
4464:             2             32  org.elasticsearch.common.settings.Setting$$Lambda$882/0x0000000800faa7f0
4465:             1             32  org.elasticsearch.common.settings.Setting$GroupSetting$1
4466:             1             32  org.elasticsearch.common.settings.Settings$PrefixedSecureSettings
4467:             1             32  org.elasticsearch.common.util.CancellableThreads
4468:             2             32  org.elasticsearch.common.util.PageCacheRecycler$1
4469:             2             32  org.elasticsearch.common.util.PageCacheRecycler$2
4470:             2             32  org.elasticsearch.common.util.PageCacheRecycler$3
4471:             2             32  org.elasticsearch.common.util.PageCacheRecycler$4
4472:             2             32  org.elasticsearch.common.util.concurrent.EsExecutors$$Lambda$571/0x0000000800e7f758
4473:             1             32  org.elasticsearch.common.util.concurrent.ThreadContext
4474:             2             32  org.elasticsearch.common.xcontent.NamedXContentRegistry
4475:             1             32  org.elasticsearch.common.xcontent.support.filtering.FilterPath
4476:             1             32  org.elasticsearch.env.NodeEnvironment$NodePath
4477:             1             32  org.elasticsearch.gateway.LocalAllocateDangledIndices
4478:             1             32  org.elasticsearch.gateway.MetaStateService
4479:             1             32  org.elasticsearch.index.analysis.AnalysisRegistry$PrebuiltAnalysis
4480:             1             32  org.elasticsearch.index.analysis.AnalyzerComponents
4481:             1             32  org.elasticsearch.index.engine.Engine$GetResult
4482:             1             32  org.elasticsearch.index.mapper.DateFieldMapper$Resolution$1
4483:             1             32  org.elasticsearch.index.mapper.DateFieldMapper$Resolution$2
4484:             1             32  org.elasticsearch.index.mapper.NumberFieldMapper$NumberType$1
4485:             1             32  org.elasticsearch.index.mapper.NumberFieldMapper$NumberType$2
4486:             1             32  org.elasticsearch.index.mapper.NumberFieldMapper$NumberType$3
4487:             1             32  org.elasticsearch.index.mapper.NumberFieldMapper$NumberType$4
4488:             1             32  org.elasticsearch.index.mapper.NumberFieldMapper$NumberType$5
4489:             1             32  org.elasticsearch.index.mapper.NumberFieldMapper$NumberType$6
4490:             1             32  org.elasticsearch.index.mapper.NumberFieldMapper$NumberType$7
4491:             2             32  org.elasticsearch.index.mapper.ObjectMapper$TypeParser
4492:             1             32  org.elasticsearch.index.mapper.RangeType$1
4493:             1             32  org.elasticsearch.index.mapper.RangeType$2
4494:             1             32  org.elasticsearch.index.mapper.RangeType$3
4495:             1             32  org.elasticsearch.index.mapper.RangeType$4
4496:             1             32  org.elasticsearch.index.mapper.RangeType$5
4497:             1             32  org.elasticsearch.index.mapper.RangeType$6
4498:             1             32  org.elasticsearch.index.mapper.TextFieldMapper$FielddataFrequencyFilter
4499:             1             32  org.elasticsearch.index.reindex.ReindexValidator
4500:             1             32  org.elasticsearch.index.reindex.Reindexer
4501:             1             32  org.elasticsearch.index.search.stats.SearchStats
4502:             1             32  org.elasticsearch.index.store.Store$MetadataSnapshot
4503:             1             32  org.elasticsearch.indices.IndicesRequestCache
4504:             1             32  org.elasticsearch.indices.IndicesService$2
4505:             1             32  org.elasticsearch.indices.analysis.HunspellService
4506:             1             32  org.elasticsearch.indices.flush.SyncedFlushService
4507:             1             32  org.elasticsearch.indices.mapper.MapperRegistry
4508:             1             32  org.elasticsearch.indices.recovery.PeerRecoverySourceService$OngoingRecoveries
4509:             1             32  org.elasticsearch.indices.recovery.PeerRecoveryTargetService
4510:             1             32  org.elasticsearch.ingest.common.ScriptProcessor
4511:             1             32  org.elasticsearch.ingest.common.SetProcessor
4512:             1             32  org.elasticsearch.ingest.useragent.UserAgentParser
4513:             1             32  org.elasticsearch.license.TransportGetFeatureUsageAction
4514:             1             32  org.elasticsearch.license.XPackLicenseState
4515:             2             32  org.elasticsearch.monitor.jvm.JvmStats$GarbageCollectors
4516:             1             32  org.elasticsearch.monitor.os.OsStats$Mem
4517:             1             32  org.elasticsearch.monitor.os.OsStats$Swap
4518:             1             32  org.elasticsearch.monitor.process.ProcessInfo
4519:             1             32  org.elasticsearch.painless.action.PainlessContextAction$TransportAction
4520:             1             32  org.elasticsearch.persistent.PersistentTasksClusterService
4521:             1             32  org.elasticsearch.persistent.PersistentTasksNodeService
4522:             1             32  org.elasticsearch.plugin.repository.url.URLRepositoryPlugin$$Lambda$3716/0x0000000801720040
4523:             1             32  org.elasticsearch.plugins.PluginsService
4524:             1             32  org.elasticsearch.repositories.RepositoriesModule$$Lambda$3715/0x000000080171aee8
4525:             1             32  org.elasticsearch.repositories.RepositoriesStatsArchive
4526:             1             32  org.elasticsearch.repositories.s3.S3BlobStore$Stats
4527:             1             32  org.elasticsearch.repositories.s3.S3RepositoryPlugin$$Lambda$3717/0x0000000800e4a4e0
4528:             1             32  org.elasticsearch.rest.action.admin.cluster.RestClusterGetSettingsAction
4529:             1             32  org.elasticsearch.search.DocValueFormat$DateTime
4530:             2             32  org.elasticsearch.search.aggregations.bucket.geogrid.GeoGridAggregationBuilder$$Lambda$2078/0x00000008011fe720
4531:             2             32  org.elasticsearch.search.aggregations.bucket.terms.heuristic.NXYSignificanceHeuristic$$Lambda$1774/0x0000000801184c58
4532:             2             32  org.elasticsearch.search.fetch.subphase.highlight.HighlightPhase
4533:             2             32  org.elasticsearch.threadpool.AutoQueueAdjustingExecutorBuilder$$Lambda$572/0x0000000800e818c0
4534:             2             32  org.elasticsearch.threadpool.AutoQueueAdjustingExecutorBuilder$$Lambda$574/0x0000000800e81d48
4535:             2             32  org.elasticsearch.threadpool.AutoQueueAdjustingExecutorBuilder$$Lambda$575/0x0000000800e82200
4536:             2             32  org.elasticsearch.transport.ClusterConnectionManager$$Lambda$4735/0x0000000801950e30
4537:             1             32  org.elasticsearch.transport.RemoteConnectionStrategy$ConnectionStrategy$1
4538:             1             32  org.elasticsearch.transport.RemoteConnectionStrategy$ConnectionStrategy$2
4539:             1             32  org.elasticsearch.transport.SharedGroupFactory
4540:             2             32  org.elasticsearch.transport.TcpTransport$ChannelsConnectedListener$$Lambda$4682/0x00000008018efd80
4541:             2             32  org.elasticsearch.transport.TcpTransport$ChannelsConnectedListener$$Lambda$4683/0x0000000801900040
4542:             1             32  org.elasticsearch.transport.TransportHandshaker
4543:             2             32  org.elasticsearch.transport.TransportHandshaker$$Lambda$4684/0x0000000801900520
4544:             2             32  org.elasticsearch.transport.TransportRequestDeduplicator
4545:             1             32  org.elasticsearch.xpack.core.XPackPlugin
4546:             2             32  org.elasticsearch.xpack.core.ilm.SetPriorityAction
4547:             1             32  org.elasticsearch.xpack.core.ml.MlMetadata
4548:             2             32  org.elasticsearch.xpack.core.ml.datafeed.DatafeedConfig$$Lambda$4411/0x0000000801834270
4549:             2             32  org.elasticsearch.xpack.core.ml.datafeed.DatafeedConfig$$Lambda$4413/0x0000000801834958
4550:             2             32  org.elasticsearch.xpack.core.ml.datafeed.DatafeedConfig$$Lambda$4415/0x0000000801834da8
4551:             2             32  org.elasticsearch.xpack.core.ml.dataframe.DataFrameAnalyticsConfig$$Lambda$4466/0x000000080183d9c8
4552:             2             32  org.elasticsearch.xpack.core.ml.dataframe.DataFrameAnalyticsSource$$Lambda$4461/0x000000080183cc58
4553:             2             32  org.elasticsearch.xpack.core.ml.dataframe.analyses.Classification$$Lambda$2415/0x0000000801279348
4554:             2             32  org.elasticsearch.xpack.core.ml.dataframe.analyses.Regression$$Lambda$2406/0x0000000801278240
4555:             2             32  org.elasticsearch.xpack.core.ml.inference.TrainedModelConfig$$Lambda$2700/0x00000008012e6888
4556:             2             32  org.elasticsearch.xpack.core.ml.inference.TrainedModelConfig$$Lambda$2704/0x00000008012e7360
4557:             2             32  org.elasticsearch.xpack.core.ml.inference.TrainedModelConfig$$Lambda$2710/0x00000008012e8270
4558:             1             32  org.elasticsearch.xpack.core.ml.inference.trainedmodel.ClassificationConfig
4559:             2             32  org.elasticsearch.xpack.core.ml.inference.trainedmodel.ClassificationConfig$$Lambda$2479/0x0000000801289b78
4560:             1             32  org.elasticsearch.xpack.core.ml.inference.trainedmodel.ClassificationConfigUpdate
4561:             2             32  org.elasticsearch.xpack.core.ml.inference.trainedmodel.ensemble.Ensemble$$Lambda$2451/0x0000000801282da8
4562:             2             32  org.elasticsearch.xpack.core.ml.inference.trainedmodel.ensemble.Ensemble$$Lambda$2454/0x0000000801283428
4563:             2             32  org.elasticsearch.xpack.core.ml.inference.trainedmodel.langident.LangIdentNeuralNetwork$$Lambda$2462/0x0000000801284c98
4564:             2             32  org.elasticsearch.xpack.core.ml.inference.trainedmodel.langident.LangIdentNeuralNetwork$$Lambda$2463/0x0000000801284eb8
4565:             2             32  org.elasticsearch.xpack.core.ml.inference.trainedmodel.tree.Tree$$Lambda$2444/0x0000000801281630
4566:             2             32  org.elasticsearch.xpack.core.ml.job.config.AnalysisConfig$$Lambda$2885/0x0000000801361f40
4567:             2             32  org.elasticsearch.xpack.core.ml.job.config.AnalysisConfig$$Lambda$2890/0x0000000801362a20
4568:             2             32  org.elasticsearch.xpack.core.ml.job.config.AnalysisLimits$$Lambda$2909/0x0000000801365c28
4569:             2             32  org.elasticsearch.xpack.core.security.authz.permission.FieldPermissionsCache
4570:             1             32  org.elasticsearch.xpack.core.slm.SnapshotInvocationRecord
4571:             1             32  org.elasticsearch.xpack.core.slm.SnapshotLifecycleStats$SnapshotPolicyStats
4572:             1             32  org.elasticsearch.xpack.core.ssl.SSLService
4573:             1             32  org.elasticsearch.xpack.core.ssl.SSLService$SecuritySSLSocketFactory
4574:             2             32  org.elasticsearch.xpack.core.ssl.TrustConfig$CombiningTrustConfig
4575:             1             32  org.elasticsearch.xpack.core.ssl.action.TransportGetCertificateInfoAction
4576:             2             32  org.elasticsearch.xpack.core.transform.transforms.SourceConfig$$Lambda$4553/0x00000008018a79a8
4577:             1             32  org.elasticsearch.xpack.core.watcher.actions.ActionRegistry
4578:             1             32  org.elasticsearch.xpack.core.watcher.condition.Condition$Result
4579:             1             32  org.elasticsearch.xpack.enrich.action.EnrichCoordinatorProxyAction$TransportAction
4580:             1             32  org.elasticsearch.xpack.eql.optimizer.Optimizer$AddMissingEquals
4581:             1             32  org.elasticsearch.xpack.eql.optimizer.Optimizer$CombineLimits
4582:             1             32  org.elasticsearch.xpack.eql.optimizer.Optimizer$PropagateJoinKeyConstraints
4583:             1             32  org.elasticsearch.xpack.eql.optimizer.Optimizer$PruneFilters
4584:             1             32  org.elasticsearch.xpack.eql.optimizer.Optimizer$PushDownAndCombineFilters
4585:             1             32  org.elasticsearch.xpack.eql.optimizer.Optimizer$PushDownOrderBy
4586:             1             32  org.elasticsearch.xpack.eql.optimizer.Optimizer$ReplaceNullChecks
4587:             1             32  org.elasticsearch.xpack.eql.optimizer.Optimizer$SkipEmptyFilter
4588:             1             32  org.elasticsearch.xpack.eql.optimizer.Optimizer$SkipEmptyJoin
4589:             1             32  org.elasticsearch.xpack.eql.optimizer.Optimizer$SkipQueryOnLimitZero
4590:             1             32  org.elasticsearch.xpack.eql.optimizer.Optimizer$SortByLimit
4591:             1             32  org.elasticsearch.xpack.eql.planner.Mapper$SimpleExecMapper
4592:             1             32  org.elasticsearch.xpack.ilm.IndexLifecycleRunner
4593:             1             32  org.elasticsearch.xpack.ilm.PolicyStepsRegistry
4594:             1             32  org.elasticsearch.xpack.logstash.action.TransportDeletePipelineAction
4595:             1             32  org.elasticsearch.xpack.logstash.action.TransportGetPipelineAction
4596:             1             32  org.elasticsearch.xpack.logstash.action.TransportPutPipelineAction
4597:             1             32  org.elasticsearch.xpack.ml.InvalidLicenseEnforcer
4598:             1             32  org.elasticsearch.xpack.ml.MlAssignmentNotifier
4599:             1             32  org.elasticsearch.xpack.ml.MlInitializationService
4600:             1             32  org.elasticsearch.xpack.ml.action.TransportEstimateModelMemoryAction
4601:             1             32  org.elasticsearch.xpack.ml.action.TransportFindFileStructureAction
4602:             1             32  org.elasticsearch.xpack.ml.action.TransportGetCalendarsAction
4603:             1             32  org.elasticsearch.xpack.ml.action.TransportGetTrainedModelsAction
4604:             1             32  org.elasticsearch.xpack.ml.action.TransportPutCalendarAction
4605:             1             32  org.elasticsearch.xpack.ml.action.TransportPutFilterAction
4606:             1             32  org.elasticsearch.xpack.ml.action.TransportStartDatafeedAction$StartDatafeedPersistentTasksExecutor
4607:             1             32  org.elasticsearch.xpack.ml.action.TransportValidateDetectorAction
4608:             1             32  org.elasticsearch.xpack.ml.action.TransportValidateJobConfigAction
4609:             1             32  org.elasticsearch.xpack.ml.dataframe.process.NativeMemoryUsageEstimationProcessFactory
4610:             1             32  org.elasticsearch.xpack.ml.inference.ingest.InferenceProcessor$Factory
4611:             1             32  org.elasticsearch.xpack.ml.job.UpdateJobProcessNotifier
4612:             1             32  org.elasticsearch.xpack.ml.job.process.normalizer.NativeNormalizerProcessFactory
4613:             1             32  org.elasticsearch.xpack.ml.process.logging.CppLogMessageHandler$MessageSummary
4614:             1             32  org.elasticsearch.xpack.monitoring.cleaner.CleanerService$IndicesCleaner
4615:             1             32  org.elasticsearch.xpack.monitoring.collector.shards.ShardsCollector
4616:             2             32  org.elasticsearch.xpack.ql.expression.function.FunctionRegistry$$Lambda$3212/0x00000008015d9798
4617:             2             32  org.elasticsearch.xpack.ql.expression.function.FunctionRegistry$$Lambda$3220/0x00000008015da948
4618:             1             32  org.elasticsearch.xpack.ql.optimizer.OptimizerRules$BooleanFunctionEqualsElimination
4619:             1             32  org.elasticsearch.xpack.ql.optimizer.OptimizerRules$ReplaceSurrogateFunction
4620:             1             32  org.elasticsearch.xpack.rollup.action.TransportGetRollupCapsAction
4621:             1             32  org.elasticsearch.xpack.rollup.job.RollupJobTask$RollupJobPersistentTasksExecutor
4622:             1             32  org.elasticsearch.xpack.searchablesnapshots.FailShardsOnInvalidLicenseClusterListener
4623:             1             32  org.elasticsearch.xpack.security.action.oidc.TransportOpenIdConnectPrepareAuthenticationAction
4624:             1             32  org.elasticsearch.xpack.security.action.privilege.TransportDeletePrivilegesAction
4625:             1             32  org.elasticsearch.xpack.security.action.privilege.TransportGetBuiltinPrivilegesAction
4626:             1             32  org.elasticsearch.xpack.security.action.privilege.TransportGetPrivilegesAction
4627:             1             32  org.elasticsearch.xpack.security.action.privilege.TransportPutPrivilegesAction
4628:             1             32  org.elasticsearch.xpack.security.action.role.TransportDeleteRoleAction
4629:             1             32  org.elasticsearch.xpack.security.action.rolemapping.TransportDeleteRoleMappingAction
4630:             1             32  org.elasticsearch.xpack.security.action.rolemapping.TransportGetRoleMappingsAction
4631:             1             32  org.elasticsearch.xpack.security.action.rolemapping.TransportPutRoleMappingAction
4632:             1             32  org.elasticsearch.xpack.security.action.saml.TransportSamlCompleteLogoutAction
4633:             1             32  org.elasticsearch.xpack.security.action.saml.TransportSamlPrepareAuthenticationAction
4634:             1             32  org.elasticsearch.xpack.security.action.token.TransportInvalidateTokenAction
4635:             1             32  org.elasticsearch.xpack.security.action.token.TransportRefreshTokenAction
4636:             1             32  org.elasticsearch.xpack.security.authc.InternalRealms$$Lambda$2974/0x000000080139c110
4637:             1             32  org.elasticsearch.xpack.security.authc.InternalRealms$$Lambda$2975/0x000000080139c338
4638:             1             32  org.elasticsearch.xpack.security.authc.TokenService$KeyAndCache
4639:             1             32  org.elasticsearch.xpack.security.authc.esnative.NativeUsersStore
4640:             1             32  org.elasticsearch.xpack.security.authc.file.FileUserPasswdStore
4641:             1             32  org.elasticsearch.xpack.security.authc.support.mapper.NativeRoleMappingStore
4642:             1             32  org.elasticsearch.xpack.security.authz.store.NativeRolesStore
4643:             1             32  org.elasticsearch.xpack.security.rest.action.RestAuthenticateAction
4644:             1             32  org.elasticsearch.xpack.security.rest.action.RestDelegatePkiAuthenticationAction
4645:             1             32  org.elasticsearch.xpack.security.rest.action.apikey.RestClearApiKeyCacheAction
4646:             1             32  org.elasticsearch.xpack.security.rest.action.apikey.RestCreateApiKeyAction
4647:             1             32  org.elasticsearch.xpack.security.rest.action.apikey.RestGetApiKeyAction
4648:             1             32  org.elasticsearch.xpack.security.rest.action.apikey.RestGrantApiKeyAction
4649:             1             32  org.elasticsearch.xpack.security.rest.action.apikey.RestInvalidateApiKeyAction
4650:             1             32  org.elasticsearch.xpack.security.rest.action.oauth2.RestGetTokenAction
4651:             1             32  org.elasticsearch.xpack.security.rest.action.oauth2.RestInvalidateTokenAction
4652:             1             32  org.elasticsearch.xpack.security.rest.action.oidc.RestOpenIdConnectAuthenticateAction
4653:             1             32  org.elasticsearch.xpack.security.rest.action.oidc.RestOpenIdConnectLogoutAction
4654:             1             32  org.elasticsearch.xpack.security.rest.action.oidc.RestOpenIdConnectPrepareAuthenticationAction
4655:             1             32  org.elasticsearch.xpack.security.rest.action.privilege.RestClearPrivilegesCacheAction
4656:             1             32  org.elasticsearch.xpack.security.rest.action.privilege.RestDeletePrivilegesAction
4657:             1             32  org.elasticsearch.xpack.security.rest.action.privilege.RestGetBuiltinPrivilegesAction
4658:             1             32  org.elasticsearch.xpack.security.rest.action.privilege.RestGetPrivilegesAction
4659:             1             32  org.elasticsearch.xpack.security.rest.action.privilege.RestPutPrivilegesAction
4660:             1             32  org.elasticsearch.xpack.security.rest.action.realm.RestClearRealmCacheAction
4661:             1             32  org.elasticsearch.xpack.security.rest.action.role.RestClearRolesCacheAction
4662:             1             32  org.elasticsearch.xpack.security.rest.action.role.RestDeleteRoleAction
4663:             1             32  org.elasticsearch.xpack.security.rest.action.role.RestGetRolesAction
4664:             1             32  org.elasticsearch.xpack.security.rest.action.role.RestPutRoleAction
4665:             1             32  org.elasticsearch.xpack.security.rest.action.rolemapping.RestDeleteRoleMappingAction
4666:             1             32  org.elasticsearch.xpack.security.rest.action.rolemapping.RestGetRoleMappingsAction
4667:             1             32  org.elasticsearch.xpack.security.rest.action.rolemapping.RestPutRoleMappingAction
4668:             1             32  org.elasticsearch.xpack.security.rest.action.saml.RestSamlAuthenticateAction
4669:             1             32  org.elasticsearch.xpack.security.rest.action.saml.RestSamlCompleteLogoutAction
4670:             1             32  org.elasticsearch.xpack.security.rest.action.saml.RestSamlInvalidateSessionAction
4671:             1             32  org.elasticsearch.xpack.security.rest.action.saml.RestSamlLogoutAction
4672:             1             32  org.elasticsearch.xpack.security.rest.action.saml.RestSamlPrepareAuthenticationAction
4673:             1             32  org.elasticsearch.xpack.security.rest.action.user.RestDeleteUserAction
4674:             1             32  org.elasticsearch.xpack.security.rest.action.user.RestGetUserPrivilegesAction
4675:             1             32  org.elasticsearch.xpack.security.rest.action.user.RestGetUsersAction
4676:             1             32  org.elasticsearch.xpack.security.rest.action.user.RestHasPrivilegesAction
4677:             1             32  org.elasticsearch.xpack.security.rest.action.user.RestPutUserAction
4678:             1             32  org.elasticsearch.xpack.security.rest.action.user.RestSetEnabledAction
4679:             1             32  org.elasticsearch.xpack.security.support.InvalidationCountingCacheWrapper
4680:             1             32  org.elasticsearch.xpack.slm.SnapshotRetentionTask
4681:             1             32  org.elasticsearch.xpack.sql.optimizer.Optimizer$BinaryComparisonSimplification
4682:             1             32  org.elasticsearch.xpack.sql.optimizer.Optimizer$CombineProjections
4683:             1             32  org.elasticsearch.xpack.sql.optimizer.Optimizer$FoldNull
4684:             1             32  org.elasticsearch.xpack.sql.optimizer.Optimizer$PruneDuplicatesInGroupBy
4685:             1             32  org.elasticsearch.xpack.sql.optimizer.Optimizer$PruneFilters
4686:             1             32  org.elasticsearch.xpack.sql.optimizer.Optimizer$PruneLiteralsInGroupBy
4687:             1             32  org.elasticsearch.xpack.sql.optimizer.Optimizer$PruneOrderByForImplicitGrouping
4688:             1             32  org.elasticsearch.xpack.sql.optimizer.Optimizer$PruneOrderByNestedFields
4689:             1             32  org.elasticsearch.xpack.sql.optimizer.Optimizer$ReplaceAggregatesWithLiterals
4690:             1             32  org.elasticsearch.xpack.sql.optimizer.Optimizer$ReplaceCountInLocalRelation
4691:             1             32  org.elasticsearch.xpack.sql.optimizer.Optimizer$ReplaceMinMaxWithTopHits
4692:             1             32  org.elasticsearch.xpack.sql.optimizer.Optimizer$RewritePivot
4693:             1             32  org.elasticsearch.xpack.sql.optimizer.Optimizer$SimplifyCase
4694:             1             32  org.elasticsearch.xpack.sql.optimizer.Optimizer$SimplifyConditional
4695:             1             32  org.elasticsearch.xpack.sql.optimizer.Optimizer$SkipQueryIfFoldingProjection
4696:             1             32  org.elasticsearch.xpack.sql.optimizer.Optimizer$SkipQueryOnLimitZero
4697:             1             32  org.elasticsearch.xpack.sql.optimizer.Optimizer$SortAggregateOnOrderBy
4698:             1             32  org.elasticsearch.xpack.sql.planner.Mapper$JoinMapper
4699:             1             32  org.elasticsearch.xpack.sql.planner.Mapper$SimpleExecMapper
4700:             1             32  org.elasticsearch.xpack.transform.TransformServices
4701:             1             32  org.elasticsearch.xpack.watcher.WatcherIndexingListener
4702:             1             32  org.elasticsearch.xpack.watcher.WatcherLifeCycleService
4703:             1             32  org.elasticsearch.xpack.watcher.actions.email.EmailActionFactory
4704:             1             32  org.elasticsearch.xpack.watcher.actions.index.IndexActionFactory
4705:             1             32  org.elasticsearch.xpack.watcher.execution.CurrentExecutions
4706:             1             32  org.elasticsearch.xpack.watcher.transform.search.SearchTransformFactory
4707:             1             32  org.elasticsearch.xpack.watcher.transport.actions.delete.TransportDeleteWatchAction
4708:             1             32  org.joda.time.chrono.BasicDayOfMonthDateTimeField
4709:             1             32  org.joda.time.chrono.BasicDayOfYearDateTimeField
4710:             1             32  org.joda.time.chrono.BasicWeekOfWeekyearDateTimeField
4711:             1             32  org.joda.time.chrono.BasicWeekyearDateTimeField
4712:             1             32  org.joda.time.chrono.BasicYearDateTimeField
4713:             1             32  org.joda.time.chrono.GJDayOfWeekDateTimeField
4714:             1             32  org.joda.time.tz.FixedDateTimeZone
4715:             2             32  org.locationtech.spatial4j.distance.GeodesicSphereDistCalc$Haversine
4716:             2             32  org.locationtech.spatial4j.io.LegacyShapeReader
4717:             2             32  org.locationtech.spatial4j.io.LegacyShapeWriter
4718:             2             32  org.opensaml.core.xml.schema.impl.XSAnyBuilder
4719:             1             32  org.opensaml.saml.config.SAMLConfiguration
4720:             2             32  org.opensaml.saml.ext.saml2alg.impl.DigestMethodBuilder
4721:             2             32  org.opensaml.saml.ext.saml2alg.impl.SigningMethodBuilder
4722:             2             32  org.opensaml.saml.ext.saml2aslo.impl.AsynchronousBuilder
4723:             2             32  org.opensaml.saml.ext.saml2cb.impl.ChannelBindingsBuilder
4724:             2             32  org.opensaml.saml.ext.saml2delrestrict.impl.DelegateBuilder
4725:             2             32  org.opensaml.saml.ext.saml2mdattr.impl.EntityAttributesBuilder
4726:             2             32  org.opensaml.saml.ext.saml2mdrpi.impl.PublicationBuilder
4727:             2             32  org.opensaml.saml.ext.saml2mdrpi.impl.PublicationInfoBuilder
4728:             2             32  org.opensaml.saml.ext.saml2mdrpi.impl.PublicationPathBuilder
4729:             2             32  org.opensaml.saml.ext.saml2mdrpi.impl.RegistrationInfoBuilder
4730:             2             32  org.opensaml.saml.ext.saml2mdui.impl.DiscoHintsBuilder
4731:             2             32  org.opensaml.saml.ext.saml2mdui.impl.KeywordsBuilder
4732:             2             32  org.opensaml.saml.ext.saml2mdui.impl.LogoBuilder
4733:             2             32  org.opensaml.saml.ext.saml2mdui.impl.UIInfoBuilder
4734:             2             32  org.opensaml.saml.ext.samlec.impl.GeneratedKeyBuilder
4735:             2             32  org.opensaml.saml.ext.samlec.impl.SessionKeyBuilder
4736:             2             32  org.opensaml.saml.saml1.core.impl.ActionBuilder
4737:             2             32  org.opensaml.saml.saml1.core.impl.AdviceBuilder
4738:             2             32  org.opensaml.saml.saml1.core.impl.AssertionBuilder
4739:             2             32  org.opensaml.saml.saml1.core.impl.AttributeBuilder
4740:             2             32  org.opensaml.saml.saml1.core.impl.AttributeDesignatorBuilder
4741:             2             32  org.opensaml.saml.saml1.core.impl.AttributeQueryBuilder
4742:             2             32  org.opensaml.saml.saml1.core.impl.AttributeStatementBuilder
4743:             2             32  org.opensaml.saml.saml1.core.impl.AudienceRestrictionConditionBuilder
4744:             2             32  org.opensaml.saml.saml1.core.impl.AuthenticationQueryBuilder
4745:             2             32  org.opensaml.saml.saml1.core.impl.AuthenticationStatementBuilder
4746:             2             32  org.opensaml.saml.saml1.core.impl.AuthorityBindingBuilder
4747:             2             32  org.opensaml.saml.saml1.core.impl.AuthorizationDecisionQueryBuilder
4748:             2             32  org.opensaml.saml.saml1.core.impl.AuthorizationDecisionStatementBuilder
4749:             2             32  org.opensaml.saml.saml1.core.impl.ConditionsBuilder
4750:             2             32  org.opensaml.saml.saml1.core.impl.DoNotCacheConditionBuilder
4751:             2             32  org.opensaml.saml.saml1.core.impl.EvidenceBuilder
4752:             2             32  org.opensaml.saml.saml1.core.impl.NameIdentifierBuilder
4753:             1             32  org.opensaml.saml.saml1.core.impl.RequestUnmarshaller
4754:             1             32  org.opensaml.saml.saml1.core.impl.ResponseUnmarshaller
4755:             2             32  org.opensaml.saml.saml1.core.impl.StatusBuilder
4756:             2             32  org.opensaml.saml.saml1.core.impl.StatusCodeBuilder
4757:             2             32  org.opensaml.saml.saml1.core.impl.SubjectBuilder
4758:             2             32  org.opensaml.saml.saml1.core.impl.SubjectConfirmationBuilder
4759:             2             32  org.opensaml.saml.saml1.core.impl.SubjectLocalityBuilder
4760:             2             32  org.opensaml.saml.saml2.core.impl.ActionBuilder
4761:             2             32  org.opensaml.saml.saml2.core.impl.AdviceBuilder
4762:             2             32  org.opensaml.saml.saml2.core.impl.ArtifactResolveBuilder
4763:             2             32  org.opensaml.saml.saml2.core.impl.ArtifactResponseBuilder
4764:             2             32  org.opensaml.saml.saml2.core.impl.AssertionBuilder
4765:             2             32  org.opensaml.saml.saml2.core.impl.AssertionIDRequestBuilder
4766:             2             32  org.opensaml.saml.saml2.core.impl.AttributeBuilder
4767:             2             32  org.opensaml.saml.saml2.core.impl.AttributeQueryBuilder
4768:             2             32  org.opensaml.saml.saml2.core.impl.AttributeStatementBuilder
4769:             2             32  org.opensaml.saml.saml2.core.impl.AudienceRestrictionBuilder
4770:             2             32  org.opensaml.saml.saml2.core.impl.AuthnContextBuilder
4771:             2             32  org.opensaml.saml.saml2.core.impl.AuthnQueryBuilder
4772:             2             32  org.opensaml.saml.saml2.core.impl.AuthnRequestBuilder
4773:             2             32  org.opensaml.saml.saml2.core.impl.AuthnStatementBuilder
4774:             2             32  org.opensaml.saml.saml2.core.impl.AuthzDecisionQueryBuilder
4775:             2             32  org.opensaml.saml.saml2.core.impl.AuthzDecisionStatementBuilder
4776:             2             32  org.opensaml.saml.saml2.core.impl.ConditionsBuilder
4777:             2             32  org.opensaml.saml.saml2.core.impl.EvidenceBuilder
4778:             2             32  org.opensaml.saml.saml2.core.impl.ExtensionsBuilder
4779:             2             32  org.opensaml.saml.saml2.core.impl.IDPEntryBuilder
4780:             2             32  org.opensaml.saml.saml2.core.impl.IDPListBuilder
4781:             2             32  org.opensaml.saml.saml2.core.impl.LogoutRequestBuilder
4782:             2             32  org.opensaml.saml.saml2.core.impl.LogoutResponseBuilder
4783:             2             32  org.opensaml.saml.saml2.core.impl.ManageNameIDRequestBuilder
4784:             2             32  org.opensaml.saml.saml2.core.impl.ManageNameIDResponseBuilder
4785:             2             32  org.opensaml.saml.saml2.core.impl.NameIDBuilder
4786:             2             32  org.opensaml.saml.saml2.core.impl.NameIDMappingRequestBuilder
4787:             2             32  org.opensaml.saml.saml2.core.impl.NameIDMappingResponseBuilder
4788:             2             32  org.opensaml.saml.saml2.core.impl.NameIDPolicyBuilder
4789:             2             32  org.opensaml.saml.saml2.core.impl.OneTimeUseBuilder
4790:             2             32  org.opensaml.saml.saml2.core.impl.ProxyRestrictionBuilder
4791:             2             32  org.opensaml.saml.saml2.core.impl.RequestedAuthnContextBuilder
4792:             2             32  org.opensaml.saml.saml2.core.impl.ScopingBuilder
4793:             2             32  org.opensaml.saml.saml2.core.impl.StatusBuilder
4794:             2             32  org.opensaml.saml.saml2.core.impl.StatusCodeBuilder
4795:             2             32  org.opensaml.saml.saml2.core.impl.StatusDetailBuilder
4796:             2             32  org.opensaml.saml.saml2.core.impl.SubjectBuilder
4797:             2             32  org.opensaml.saml.saml2.core.impl.SubjectConfirmationBuilder
4798:             2             32  org.opensaml.saml.saml2.core.impl.SubjectConfirmationDataBuilder
4799:             2             32  org.opensaml.saml.saml2.core.impl.SubjectLocalityBuilder
4800:             2             32  org.opensaml.saml.saml2.core.impl.TerminateBuilder
4801:             2             32  org.opensaml.saml.saml2.ecp.impl.RelayStateBuilder
4802:             2             32  org.opensaml.saml.saml2.ecp.impl.RequestAuthenticatedBuilder
4803:             2             32  org.opensaml.saml.saml2.ecp.impl.RequestBuilder
4804:             2             32  org.opensaml.saml.saml2.ecp.impl.ResponseBuilder
4805:             2             32  org.opensaml.saml.saml2.ecp.impl.SubjectConfirmationBuilder
4806:             2             32  org.opensaml.saml.saml2.metadata.impl.AdditionalMetadataLocationBuilder
4807:             2             32  org.opensaml.saml.saml2.metadata.impl.AffiliationDescriptorBuilder
4808:             2             32  org.opensaml.saml.saml2.metadata.impl.AttributeAuthorityDescriptorBuilder
4809:             2             32  org.opensaml.saml.saml2.metadata.impl.AttributeConsumingServiceBuilder
4810:             2             32  org.opensaml.saml.saml2.metadata.impl.AuthnAuthorityDescriptorBuilder
4811:             2             32  org.opensaml.saml.saml2.metadata.impl.ContactPersonBuilder
4812:             1             32  org.opensaml.saml.saml2.metadata.impl.EncryptionMethodUnmarshaller
4813:             2             32  org.opensaml.saml.saml2.metadata.impl.EntitiesDescriptorBuilder
4814:             2             32  org.opensaml.saml.saml2.metadata.impl.EntityDescriptorBuilder
4815:             2             32  org.opensaml.saml.saml2.metadata.impl.ExtensionsBuilder
4816:             2             32  org.opensaml.saml.saml2.metadata.impl.IDPSSODescriptorBuilder
4817:             2             32  org.opensaml.saml.saml2.metadata.impl.KeyDescriptorBuilder
4818:             2             32  org.opensaml.saml.saml2.metadata.impl.OrganizationBuilder
4819:             2             32  org.opensaml.saml.saml2.metadata.impl.PDPDescriptorBuilder
4820:             2             32  org.opensaml.saml.saml2.metadata.impl.RequestedAttributeBuilder
4821:             2             32  org.opensaml.saml.saml2.metadata.impl.SPSSODescriptorBuilder
4822:             1             32  org.opensaml.saml.security.impl.MetadataCredentialResolver
4823:             1             32  org.opensaml.security.x509.tls.CertificateNameOptions
4824:             1             32  org.opensaml.soap.wsaddressing.impl.ActionUnmarshaller
4825:             1             32  org.opensaml.soap.wsaddressing.impl.AddressUnmarshaller
4826:             1             32  org.opensaml.soap.wsaddressing.impl.EndpointReferenceUnmarshaller
4827:             1             32  org.opensaml.soap.wsaddressing.impl.FaultToUnmarshaller
4828:             1             32  org.opensaml.soap.wsaddressing.impl.FromUnmarshaller
4829:             1             32  org.opensaml.soap.wsaddressing.impl.MessageIDUnmarshaller
4830:             1             32  org.opensaml.soap.wsaddressing.impl.MetadataUnmarshaller
4831:             1             32  org.opensaml.soap.wsaddressing.impl.ProblemActionUnmarshaller
4832:             1             32  org.opensaml.soap.wsaddressing.impl.ProblemIRIUnmarshaller
4833:             1             32  org.opensaml.soap.wsaddressing.impl.ReferenceParametersUnmarshaller
4834:             1             32  org.opensaml.soap.wsaddressing.impl.ReplyToUnmarshaller
4835:             1             32  org.opensaml.soap.wsaddressing.impl.RetryAfterUnmarshaller
4836:             1             32  org.opensaml.soap.wsaddressing.impl.ToUnmarshaller
4837:             1             32  org.opensaml.soap.wspolicy.impl.AllUnmarshaller
4838:             1             32  org.opensaml.soap.wspolicy.impl.AppliesToUnmarshaller
4839:             1             32  org.opensaml.soap.wspolicy.impl.ExactlyOneUnmarshaller
4840:             1             32  org.opensaml.soap.wspolicy.impl.PolicyAttachmentUnmarshaller
4841:             1             32  org.opensaml.soap.wspolicy.impl.PolicyReferenceUnmarshaller
4842:             1             32  org.opensaml.soap.wspolicy.impl.PolicyUnmarshaller
4843:             1             32  org.opensaml.soap.wssecurity.impl.BinarySecurityTokenUnmarshaller
4844:             1             32  org.opensaml.soap.wssecurity.impl.CreatedUnmarshaller
4845:             1             32  org.opensaml.soap.wssecurity.impl.EmbeddedUnmarshaller
4846:             1             32  org.opensaml.soap.wssecurity.impl.EncryptedHeaderUnmarshaller
4847:             1             32  org.opensaml.soap.wssecurity.impl.ExpiresUnmarshaller
4848:             1             32  org.opensaml.soap.wssecurity.impl.IterationUnmarshaller
4849:             1             32  org.opensaml.soap.wssecurity.impl.KeyIdentifierUnmarshaller
4850:             1             32  org.opensaml.soap.wssecurity.impl.NonceUnmarshaller
4851:             1             32  org.opensaml.soap.wssecurity.impl.PasswordUnmarshaller
4852:             1             32  org.opensaml.soap.wssecurity.impl.ReferenceUnmarshaller
4853:             1             32  org.opensaml.soap.wssecurity.impl.SaltUnmarshaller
4854:             1             32  org.opensaml.soap.wssecurity.impl.SecurityTokenReferenceUnmarshaller
4855:             1             32  org.opensaml.soap.wssecurity.impl.SecurityUnmarshaller
4856:             1             32  org.opensaml.soap.wssecurity.impl.SignatureConfirmationUnmarshaller
4857:             1             32  org.opensaml.soap.wssecurity.impl.TimestampUnmarshaller
4858:             1             32  org.opensaml.soap.wssecurity.impl.TransformationParametersUnmarshaller
4859:             1             32  org.opensaml.soap.wssecurity.impl.UsernameTokenUnmarshaller
4860:             1             32  org.opensaml.soap.wssecurity.impl.UsernameUnmarshaller
4861:             1             32  org.opensaml.soap.wstrust.impl.AllowPostdatingUnmarshaller
4862:             1             32  org.opensaml.soap.wstrust.impl.AuthenticatorUnmarshaller
4863:             1             32  org.opensaml.soap.wstrust.impl.CancelTargetUnmarshaller
4864:             1             32  org.opensaml.soap.wstrust.impl.ClaimsUnmarshaller
4865:             1             32  org.opensaml.soap.wstrust.impl.DelegatableUnmarshaller
4866:             1             32  org.opensaml.soap.wstrust.impl.DelegateToUnmarshaller
4867:             1             32  org.opensaml.soap.wstrust.impl.EncryptionUnmarshaller
4868:             1             32  org.opensaml.soap.wstrust.impl.EntropyUnmarshaller
4869:             1             32  org.opensaml.soap.wstrust.impl.ForwardableUnmarshaller
4870:             1             32  org.opensaml.soap.wstrust.impl.IssuedTokensUnmarshaller
4871:             1             32  org.opensaml.soap.wstrust.impl.IssuerUnmarshaller
4872:             1             32  org.opensaml.soap.wstrust.impl.KeyExchangeTokenUnmarshaller
4873:             1             32  org.opensaml.soap.wstrust.impl.LifetimeUnmarshaller
4874:             1             32  org.opensaml.soap.wstrust.impl.OnBehalfOfUnmarshaller
4875:             1             32  org.opensaml.soap.wstrust.impl.ParticipantUnmarshaller
4876:             1             32  org.opensaml.soap.wstrust.impl.ParticipantsUnmarshaller
4877:             1             32  org.opensaml.soap.wstrust.impl.PrimaryUnmarshaller
4878:             1             32  org.opensaml.soap.wstrust.impl.ProofEncryptionUnmarshaller
4879:             1             32  org.opensaml.soap.wstrust.impl.RenewTargetUnmarshaller
4880:             1             32  org.opensaml.soap.wstrust.impl.RenewingUnmarshaller
4881:             1             32  org.opensaml.soap.wstrust.impl.RequestKETUnmarshaller
4882:             1             32  org.opensaml.soap.wstrust.impl.RequestSecurityTokenCollectionUnmarshaller
4883:             1             32  org.opensaml.soap.wstrust.impl.RequestSecurityTokenResponseCollectionUnmarshaller
4884:             1             32  org.opensaml.soap.wstrust.impl.RequestSecurityTokenResponseUnmarshaller
4885:             1             32  org.opensaml.soap.wstrust.impl.RequestSecurityTokenUnmarshaller
4886:             1             32  org.opensaml.soap.wstrust.impl.RequestedAttachedReferenceUnmarshaller
4887:             1             32  org.opensaml.soap.wstrust.impl.RequestedProofTokenUnmarshaller
4888:             1             32  org.opensaml.soap.wstrust.impl.RequestedSecurityTokenUnmarshaller
4889:             1             32  org.opensaml.soap.wstrust.impl.RequestedTokenCancelledUnmarshaller
4890:             1             32  org.opensaml.soap.wstrust.impl.RequestedUnattachedReferenceUnmarshaller
4891:             1             32  org.opensaml.soap.wstrust.impl.SignChallengeResponseUnmarshaller
4892:             1             32  org.opensaml.soap.wstrust.impl.SignChallengeUnmarshaller
4893:             1             32  org.opensaml.soap.wstrust.impl.StatusUnmarshaller
4894:             1             32  org.opensaml.soap.wstrust.impl.UseKeyUnmarshaller
4895:             1             32  org.opensaml.soap.wstrust.impl.ValidateTargetUnmarshaller
4896:             1             32  org.opensaml.xmlsec.algorithm.AlgorithmRegistry
4897:             1             32  org.opensaml.xmlsec.encryption.impl.AgreementMethodUnmarshaller
4898:             1             32  org.opensaml.xmlsec.encryption.impl.CipherDataUnmarshaller
4899:             1             32  org.opensaml.xmlsec.encryption.impl.CipherReferenceUnmarshaller
4900:             1             32  org.opensaml.xmlsec.encryption.impl.DHKeyValueUnmarshaller
4901:             1             32  org.opensaml.xmlsec.encryption.impl.DataReferenceUnmarshaller
4902:             1             32  org.opensaml.xmlsec.encryption.impl.EncryptedDataUnmarshaller
4903:             1             32  org.opensaml.xmlsec.encryption.impl.EncryptedKeyUnmarshaller
4904:             1             32  org.opensaml.xmlsec.encryption.impl.EncryptionMethodUnmarshaller
4905:             1             32  org.opensaml.xmlsec.encryption.impl.EncryptionPropertiesUnmarshaller
4906:             1             32  org.opensaml.xmlsec.encryption.impl.EncryptionPropertyUnmarshaller
4907:             1             32  org.opensaml.xmlsec.encryption.impl.KeyReferenceUnmarshaller
4908:             1             32  org.opensaml.xmlsec.encryption.impl.MGFUnmarshaller
4909:             1             32  org.opensaml.xmlsec.encryption.impl.OriginatorKeyInfoUnmarshaller
4910:             1             32  org.opensaml.xmlsec.encryption.impl.RecipientKeyInfoUnmarshaller
4911:             1             32  org.opensaml.xmlsec.encryption.impl.ReferenceListUnmarshaller
4912:             1             32  org.opensaml.xmlsec.encryption.impl.TransformsUnmarshaller
4913:             1             32  org.opensaml.xmlsec.impl.BasicSignatureValidationConfiguration
4914:             1             32  org.opensaml.xmlsec.signature.impl.DSAKeyValueUnmarshaller
4915:             1             32  org.opensaml.xmlsec.signature.impl.DigestMethodUnmarshaller
4916:             1             32  org.opensaml.xmlsec.signature.impl.ECKeyValueUnmarshaller
4917:             1             32  org.opensaml.xmlsec.signature.impl.KeyInfoReferenceUnmarshaller
4918:             1             32  org.opensaml.xmlsec.signature.impl.KeyInfoUnmarshaller
4919:             1             32  org.opensaml.xmlsec.signature.impl.KeyValueUnmarshaller
4920:             1             32  org.opensaml.xmlsec.signature.impl.NamedCurveUnmarshaller
4921:             1             32  org.opensaml.xmlsec.signature.impl.PGPDataUnmarshaller
4922:             1             32  org.opensaml.xmlsec.signature.impl.RSAKeyValueUnmarshaller
4923:             1             32  org.opensaml.xmlsec.signature.impl.RetrievalMethodUnmarshaller
4924:             1             32  org.opensaml.xmlsec.signature.impl.SPKIDataUnmarshaller
4925:             2             32  org.opensaml.xmlsec.signature.impl.SignatureBuilder
4926:             2             32  org.opensaml.xmlsec.signature.impl.SignatureMarshaller
4927:             2             32  org.opensaml.xmlsec.signature.impl.SignatureUnmarshaller
4928:             1             32  org.opensaml.xmlsec.signature.impl.TransformUnmarshaller
4929:             1             32  org.opensaml.xmlsec.signature.impl.TransformsUnmarshaller
4930:             1             32  org.opensaml.xmlsec.signature.impl.X509DataUnmarshaller
4931:             1             32  org.opensaml.xmlsec.signature.impl.X509IssuerSerialUnmarshaller
4932:             2             32  org.owasp.html.HtmlElementTables$DenseElementSet
4933:             1             32  org.owasp.html.PolicyFactory
4934:             2             32  sun.nio.ch.Util$2 (java.base@15.0.1)
4935:             1             32  sun.nio.fs.LinuxFileSystem (java.base@15.0.1)
4936:             2             32  sun.security.provider.FileInputStreamPool$UnclosableInputStream (java.base@15.0.1)
4937:             1             32  sun.security.provider.SecureRandom (java.base@15.0.1)
4938:             1             32  sun.security.rsa.RSACore$BlindingParameters (java.base@15.0.1)
4939:             2             32  sun.security.ssl.AlpnExtension$SHAlpnAbsence (java.base@15.0.1)
4940:             2             32  sun.security.ssl.AlpnExtension$SHAlpnConsumer (java.base@15.0.1)
4941:             2             32  sun.security.ssl.AlpnExtension$SHAlpnProducer (java.base@15.0.1)
4942:             2             32  sun.security.ssl.DHKeyExchange$DHEKAGenerator (java.base@15.0.1)
4943:             2             32  sun.security.ssl.DHKeyExchange$DHEPossessionGenerator (java.base@15.0.1)
4944:             2             32  sun.security.ssl.SSLCipher$NullReadCipherGenerator (java.base@15.0.1)
4945:             2             32  sun.security.ssl.SSLCipher$NullWriteCipherGenerator (java.base@15.0.1)
4946:             2             32  sun.security.ssl.SSLCipher$T12GcmReadCipherGenerator (java.base@15.0.1)
4947:             2             32  sun.security.ssl.SSLCipher$T12GcmWriteCipherGenerator (java.base@15.0.1)
4948:             2             32  sun.security.ssl.SSLCipher$T13GcmReadCipherGenerator (java.base@15.0.1)
4949:             2             32  sun.security.ssl.SSLCipher$T13GcmWriteCipherGenerator (java.base@15.0.1)
4950:             2             32  sun.security.ssl.SSLSocketFactoryImpl (java.base@15.0.1)
4951:             2             32  sun.security.ssl.ServerHello$T12ServerHelloConsumer (java.base@15.0.1)
4952:             2             32  sun.security.ssl.ServerHello$T13HelloRetryRequestConsumer (java.base@15.0.1)
4953:             2             32  sun.security.ssl.ServerHello$T13ServerHelloConsumer (java.base@15.0.1)
4954:             1             32  sun.security.ssl.SessionTicketExtension$StatelessKey (java.base@15.0.1)
4955:             2             32  sun.security.ssl.SupportedVersionsExtension$SHSupportedVersionsStringizer (java.base@15.0.1)
4956:             1             32  sun.security.ssl.TrustStoreManager$TrustAnchorManager (java.base@15.0.1)
4957:             1             32  sun.security.util.KnownOIDs$1 (java.base@15.0.1)
4958:             1             32  sun.security.util.KnownOIDs$10 (java.base@15.0.1)
4959:             1             32  sun.security.util.KnownOIDs$2 (java.base@15.0.1)
4960:             1             32  sun.security.util.KnownOIDs$3 (java.base@15.0.1)
4961:             1             32  sun.security.util.KnownOIDs$4 (java.base@15.0.1)
4962:             1             32  sun.security.util.KnownOIDs$5 (java.base@15.0.1)
4963:             1             32  sun.security.util.KnownOIDs$6 (java.base@15.0.1)
4964:             1             32  sun.security.util.KnownOIDs$7 (java.base@15.0.1)
4965:             1             32  sun.security.util.KnownOIDs$8 (java.base@15.0.1)
4966:             1             32  sun.security.util.KnownOIDs$9 (java.base@15.0.1)
4967:             1             32  sun.security.util.math.intpoly.IntegerPolynomialP256 (java.base@15.0.1)
4968:             1             32  sun.security.util.math.intpoly.IntegerPolynomialP384 (java.base@15.0.1)
4969:             1             32  sun.security.util.math.intpoly.IntegerPolynomialP521 (java.base@15.0.1)
4970:             1             32  sun.security.util.math.intpoly.P256OrderField (java.base@15.0.1)
4971:             1             32  sun.security.util.math.intpoly.P384OrderField (java.base@15.0.1)
4972:             1             32  sun.security.util.math.intpoly.P521OrderField (java.base@15.0.1)
4973:             1             32  sun.security.x509.NameConstraintsExtension (java.base@15.0.1)
4974:             1             32  sun.security.x509.NetscapeCertTypeExtension (java.base@15.0.1)
4975:             1             32  sun.security.x509.PrivateKeyUsageExtension (java.base@15.0.1)
4976:             1             24  [Lcom.amazonaws.auth.SigningAlgorithm;
4977:             1             24  [Lcom.amazonaws.retry.RetryMode;
4978:             1             24  [Lcom.amazonaws.services.s3.model.SSEAlgorithm;
4979:             1             24  [Lcom.amazonaws.util.AWSServiceMetrics;
4980:             1             24  [Lcom.amazonaws.util.AwsClientSideMonitoringMetrics;
4981:             1             24  [Lcom.fasterxml.jackson.databind.AnnotationIntrospector$ReferenceProperty$Type;
4982:             1             24  [Lcom.fasterxml.jackson.databind.deser.KeyDeserializers;
4983:             1             24  [Lcom.fasterxml.jackson.dataformat.smile.SmileParser$Feature;
4984:             1             24  [Lcom.google.common.collect.Maps$EntryFunction;
4985:             1             24  [Lcom.sun.activation.registries.MimeTypeFile;
4986:             1             24  [Lcom.sun.org.apache.xerces.internal.impl.xs.XSParticleDecl; (java.xml@15.0.1)
4987:             1             24  [Lcom.sun.org.apache.xerces.internal.utils.XMLSecurityPropertyManager$Property; (java.xml@15.0.1)
4988:             1             24  [Lio.netty.handler.ipfilter.IpFilterRuleType;
4989:             1             24  [Lio.netty.handler.logging.ByteBufFormat;
4990:             1             24  [Lio.netty.util.concurrent.EventExecutor;
4991:             1             24  [Ljava.io.File$PathStatus; (java.base@15.0.1)
4992:             1             24  [Ljava.lang.StackWalker$ExtendedOption; (java.base@15.0.1)
4993:             1             24  [Ljava.lang.invoke.MethodHandles$Lookup$ClassOption; (java.base@15.0.1)
4994:             1             24  [Ljava.net.InterfaceAddress; (java.base@15.0.1)
4995:             1             24  [Ljava.net.StandardProtocolFamily; (java.base@15.0.1)
4996:             1             24  [Ljava.net.URL; (java.base@15.0.1)
4997:             1             24  [Ljava.nio.charset.spi.CharsetProvider; (java.base@15.0.1)
4998:             1             24  [Ljava.nio.file.LinkOption; (java.base@15.0.1)
4999:             1             24  [Ljava.time.chrono.HijrahEra; (java.base@15.0.1)
5000:             1             24  [Ljava.time.chrono.IsoEra; (java.base@15.0.1)
5001:             1             24  [Ljava.time.chrono.MinguoEra; (java.base@15.0.1)
5002:             1             24  [Ljava.time.chrono.ThaiBuddhistEra; (java.base@15.0.1)
5003:             1             24  [Ljava.time.temporal.IsoFields$Unit; (java.base@15.0.1)
5004:             1             24  [Ljava.util.Comparators$NaturalOrderComparator; (java.base@15.0.1)
5005:             1             24  [Ljava.util.Formatter$BigDecimalLayoutForm; (java.base@15.0.1)
5006:             1             24  [Ljava.util.Locale$Category; (java.base@15.0.1)
5007:             1             24  [Ljava.util.jar.Manifest; (java.base@15.0.1)
5008:             1             24  [Ljdk.internal.icu.util.CodePointTrie$Type; (java.base@15.0.1)
5009:             1             24  [Lorg.antlr.v4.runtime.atn.ATNType;
5010:             1             24  [Lorg.apache.http.conn.routing.RouteInfo$LayerType;
5011:             1             24  [Lorg.apache.http.conn.routing.RouteInfo$TunnelType;
5012:             1             24  [Lorg.apache.http.impl.cookie.DefaultCookieSpecProvider$CompatibilityLevel;
5013:             1             24  [Lorg.apache.http.impl.cookie.DefaultCookieSpecProvider$CompatibilityLevel;
5014:             1             24  [Lorg.apache.logging.log4j.core.appender.ConsoleAppender$Target;
5015:             1             24  [Lorg.apache.logging.log4j.core.config.status.StatusConfiguration$Verbosity;
5016:             1             24  [Lorg.apache.logging.log4j.core.pattern.NameAbbreviator$MaxElementAbbreviator$Strategy;
5017:             1             24  [Lorg.apache.lucene.codecs.lucene50.Lucene50StoredFieldsFormat$Mode;
5018:             1             24  [Lorg.apache.lucene.document.Field$Store;
5019:             1             24  [Lorg.apache.lucene.search.SortedNumericSelector$Type;
5020:             1             24  [Lorg.apache.lucene.store.Lock;
5021:             1             24  [Lorg.apache.lucene.util.packed.PackedInts$Format;
5022:             1             24  [Lorg.elasticsearch.action.support.ActionFilter;
5023:             1             24  [Lorg.elasticsearch.cluster.metadata.IndexMetadata$State;
5024:             1             24  [Lorg.elasticsearch.cluster.node.DiscoveryNode;
5025:             1             24  [Lorg.elasticsearch.cluster.node.DiscoveryNodeFilters$OpType;
5026:             1             24  [Lorg.elasticsearch.common.breaker.CircuitBreaker$Durability;
5027:             1             24  [Lorg.elasticsearch.common.inject.Key$NullAnnotationStrategy;
5028:             1             24  [Lorg.elasticsearch.common.time.DateFormatter;
5029:             1             24  [Lorg.elasticsearch.env.NodeEnvironment$NodePath;
5030:             1             24  [Lorg.elasticsearch.http.HttpRequest$HttpVersion;
5031:             1             24  [Lorg.elasticsearch.index.IndexService$IndexCreationContext;
5032:             1             24  [Lorg.elasticsearch.index.engine.Engine$HistorySource;
5033:             1             24  [Lorg.elasticsearch.index.engine.Engine$SearcherScope;
5034:             1             24  [Lorg.elasticsearch.index.mapper.DateFieldMapper$Resolution;
5035:             1             24  [Lorg.elasticsearch.index.mapper.DynamicTemplate$MatchType;
5036:             1             24  [Lorg.elasticsearch.indices.analysis.PreBuiltTokenizers;
5037:             1             24  [Lorg.elasticsearch.license.ExpirationCallback$Orientation;
5038:             1             24  [Lorg.elasticsearch.monitor.StatusInfo$Status;
5039:             1             24  [Lorg.elasticsearch.script.ScriptType;
5040:             1             24  [Lorg.elasticsearch.search.aggregations.Aggregator$SubAggCollectionMode;
5041:             1             24  [Lorg.elasticsearch.search.aggregations.bucket.terms.TermsAggregatorFactory$ExecutionMode;
5042:             1             24  [Lorg.elasticsearch.search.aggregations.metrics.PercentilesMethod;
5043:             1             24  [Lorg.elasticsearch.search.aggregations.pipeline.HoltWintersModel$SeasonalityType;
5044:             1             24  [Lorg.elasticsearch.transport.RemoteConnectionStrategy$ConnectionStrategy;
5045:             1             24  [Lorg.elasticsearch.xpack.analytics.aggregations.support.AnalyticsValuesSourceType;
5046:             1             24  [Lorg.elasticsearch.xpack.core.monitoring.action.MonitoringIndex;
5047:             1             24  [Lorg.elasticsearch.xpack.core.security.authz.privilege.ConfigurableClusterPrivilege$Category;
5048:             1             24  [Lorg.elasticsearch.xpack.core.watcher.condition.Condition$Result$Status;
5049:             1             24  [Lorg.elasticsearch.xpack.eql.stats.Metrics$OperationType;
5050:             1             24  [Lorg.elasticsearch.xpack.eql.stats.QueryMetric;
5051:             1             24  [Lorg.elasticsearch.xpack.ql.optimizer.OptimizerRules$TransformDirection;
5052:             1             24  [Lorg.elasticsearch.xpack.watcher.common.http.Scheme;
5053:             1             24  [Lorg.opensaml.xmlsec.WhitelistBlacklistConfiguration$Precedence;
5054:             1             24  [Lsun.security.rsa.RSAUtil$KeyType; (java.base@15.0.1)
5055:             1             24  [Lsun.security.ssl.Alert$Level; (java.base@15.0.1)
5056:             1             24  [Lsun.security.ssl.CertStatusExtension$CertStatusRequest; (java.base@15.0.1)
5057:             1             24  [Lsun.security.ssl.CertStatusExtension$CertStatusRequestType; (java.base@15.0.1)
5058:             1             24  [Lsun.security.ssl.PskKeyExchangeModesExtension$PskKeyExchangeMode; (java.base@15.0.1)
5059:             1             24  co.elastic.cloud.quotaawarefs.QuotaAwareFileSystem
5060:             1             24  com.amazonaws.RequestClientOptions
5061:             1             24  com.amazonaws.RequestClientOptions$Marker
5062:             1             24  com.amazonaws.auth.DefaultAWSCredentialsProviderChain
5063:             1             24  com.amazonaws.auth.InstanceProfileCredentialsProvider
5064:             1             24  com.amazonaws.auth.WebIdentityTokenCredentialsProvider
5065:             1             24  com.amazonaws.auth.internal.SignerKey
5066:             1             24  com.amazonaws.auth.profile.internal.securitytoken.STSProfileCredentialsServiceProvider
5067:             1             24  com.amazonaws.http.apache.client.impl.SdkHttpClient
5068:             1             24  com.amazonaws.http.conn.SdkConnectionKeepAliveStrategy
5069:             1             24  com.amazonaws.http.settings.HttpClientSettings
5070:             1             24  com.amazonaws.internal.FIFOCache
5071:             1             24  com.amazonaws.metrics.AwsSdkMetrics$MetricRegistry
5072:             1             24  com.amazonaws.monitoring.ProfileCsmConfigurationProvider
5073:             1             24  com.amazonaws.regions.AwsProfileRegionProvider
5074:             1             24  com.amazonaws.retry.RetryPolicyAdapter
5075:             1             24  com.amazonaws.retry.internal.RetryModeResolver
5076:             1             24  com.amazonaws.services.s3.S3ClientOptions
5077:             1             24  com.amazonaws.services.s3.internal.CompleteMultipartUploadRetryCondition
5078:             1             24  com.amazonaws.services.s3.internal.S3XmlResponseHandler
5079:             1             24  com.amazonaws.services.s3.internal.auth.S3SignerProvider
5080:             1             24  com.amazonaws.util.AWSServiceMetrics
5081:             1             24  com.amazonaws.util.CapacityManager
5082:             1             24  com.carrotsearch.hppc.HashOrderMixing$Strategy$1
5083:             1             24  com.carrotsearch.hppc.HashOrderMixing$Strategy$2
5084:             1             24  com.carrotsearch.hppc.HashOrderMixing$Strategy$3
5085:             1             24  com.codahale.metrics.Histogram
5086:             1             24  com.fasterxml.jackson.annotation.JsonFormat$Features
5087:             1             24  com.fasterxml.jackson.annotation.JsonIgnoreProperties$Value
5088:             1             24  com.fasterxml.jackson.annotation.JsonSetter$Value
5089:             1             24  com.fasterxml.jackson.core.util.MinimalPrettyPrinter
5090:             1             24  com.fasterxml.jackson.core.util.Separators
5091:             1             24  com.fasterxml.jackson.databind.AnnotationIntrospector$ReferenceProperty
5092:             1             24  com.fasterxml.jackson.databind.ObjectWriter$Prefetch
5093:             1             24  com.fasterxml.jackson.databind.cfg.ContextAttributes$Impl
5094:             1             24  com.fasterxml.jackson.databind.cfg.SerializerFactoryConfig
5095:             1             24  com.fasterxml.jackson.databind.deser.impl.FailingDeserializer
5096:             1             24  com.fasterxml.jackson.databind.deser.std.JsonNodeDeserializer
5097:             1             24  com.fasterxml.jackson.databind.deser.std.StringDeserializer
5098:             1             24  com.fasterxml.jackson.databind.introspect.JacksonAnnotationIntrospector
5099:             1             24  com.fasterxml.jackson.databind.ser.impl.FailingSerializer
5100:             1             24  com.github.mustachejava.resolver.DefaultResolver
5101:             1             24  com.google.common.base.Joiner$1
5102:             1             24  com.google.common.base.Joiner$MapJoiner
5103:             1             24  com.google.common.base.Predicates$ObjectPredicate$1
5104:             1             24  com.google.common.base.Predicates$ObjectPredicate$2
5105:             1             24  com.google.common.base.Predicates$ObjectPredicate$3
5106:             1             24  com.google.common.base.Predicates$ObjectPredicate$4
5107:             1             24  com.google.common.collect.ImmutableMapEntry$NonTerminalImmutableMapEntry
5108:             1             24  com.google.common.collect.ImmutableMapEntrySet$RegularEntrySet
5109:             1             24  com.google.common.collect.Maps$EntryFunction$1
5110:             1             24  com.google.common.collect.Maps$EntryFunction$2
5111:             1             24  com.google.common.collect.RegularImmutableAsList
5112:             1             24  com.google.common.collect.RegularImmutableMap$KeySet
5113:             1             24  com.google.common.collect.SingletonImmutableSet
5114:             1             24  com.sun.activation.registries.MimeTypeFile
5115:             1             24  com.sun.jna.Structure$3
5116:             1             24  com.sun.jna.WeakMemoryHolder
5117:             1             24  com.sun.management.internal.HotSpotThreadImpl (jdk.management@15.0.1)
5118:             1             24  com.sun.management.internal.OperatingSystemImpl (jdk.management@15.0.1)
5119:             1             24  com.sun.management.internal.PlatformMBeanProviderImpl$1 (jdk.management@15.0.1)
5120:             1             24  com.sun.management.internal.PlatformMBeanProviderImpl$2 (jdk.management@15.0.1)
5121:             1             24  com.sun.management.internal.PlatformMBeanProviderImpl$3 (jdk.management@15.0.1)
5122:             1             24  com.sun.management.internal.PlatformMBeanProviderImpl$4 (jdk.management@15.0.1)
5123:             1             24  com.sun.management.internal.PlatformMBeanProviderImpl$5 (jdk.management@15.0.1)
5124:             1             24  com.sun.org.apache.xerces.internal.impl.Constants$ArrayEnumeration (java.xml@15.0.1)
5125:             1             24  com.sun.org.apache.xerces.internal.impl.XMLNSDocumentScannerImpl$NSContentDriver (java.xml@15.0.1)
5126:             1             24  com.sun.org.apache.xerces.internal.impl.dtd.DTDGrammarBucket (java.xml@15.0.1)
5127:             1             24  com.sun.org.apache.xerces.internal.impl.dtd.XMLAttributeDecl (java.xml@15.0.1)
5128:             1             24  com.sun.org.apache.xerces.internal.impl.msg.XMLMessageFormatter (java.xml@15.0.1)
5129:             1             24  com.sun.org.apache.xerces.internal.impl.validation.ValidationManager (java.xml@15.0.1)
5130:             1             24  com.sun.org.apache.xerces.internal.impl.xs.util.ShortListImpl (java.xml@15.0.1)
5131:             1             24  com.sun.org.apache.xerces.internal.impl.xs.util.XSObjectListImpl (java.xml@15.0.1)
5132:             1             24  com.sun.org.apache.xerces.internal.jaxp.SAXParserFactoryImpl (java.xml@15.0.1)
5133:             1             24  com.sun.org.apache.xerces.internal.utils.XMLSecurityPropertyManager (java.xml@15.0.1)
5134:             1             24  com.sun.org.apache.xml.internal.serializer.Encodings$EncodingInfos (java.xml@15.0.1)
5135:             1             24  io.netty.buffer.UnpooledByteBufAllocator
5136:             1             24  io.netty.buffer.UnpooledByteBufAllocator$UnpooledByteBufAllocatorMetric
5137:             1             24  io.netty.channel.ChannelOption$1
5138:             1             24  io.netty.channel.WriteBufferWaterMark
5139:             1             24  io.netty.handler.codec.http.HttpMethod$EnumNameMap
5140:             1             24  io.netty.resolver.DefaultAddressResolverGroup
5141:             1             24  io.netty.util.AttributeKey$1
5142:             1             24  io.netty.util.AttributeKey$1
5143:             1             24  io.netty.util.ResourceLeakDetectorFactory$DefaultResourceLeakDetectorFactory
5144:             1             24  io.netty.util.Signal$1
5145:             1             24  io.netty.util.concurrent.DefaultEventExecutorChooserFactory$PowerOfTwoEventExecutorChooser
5146:             1             24  io.netty.util.concurrent.FailedFuture
5147:             1             24  io.netty.util.internal.ThreadExecutorMap$3
5148:             1             24  java.lang.ProcessEnvironment$StringEnvironment (java.base@15.0.1)
5149:             1             24  java.lang.ProcessHandleImpl$$Lambda$267/0x0000000800cb7240 (java.base@15.0.1)
5150:             1             24  java.lang.ProcessHandleImpl$ExitCompletion (java.base@15.0.1)
5151:             1             24  java.lang.StackWalker$ExtendedOption (java.base@15.0.1)
5152:             1             24  java.lang.invoke.DirectMethodHandle$EnsureInitialized (java.base@15.0.1)
5153:             1             24  java.lang.invoke.MethodHandleImpl$ArrayAccessor$1 (java.base@15.0.1)
5154:             1             24  java.lang.invoke.MethodHandleImpl$BindCaller$1 (java.base@15.0.1)
5155:             1             24  java.lang.invoke.MethodHandleImpl$Makers$3 (java.base@15.0.1)
5156:             1             24  java.lang.invoke.MethodType$ConcurrentWeakInternSet (java.base@15.0.1)
5157:             1             24  java.lang.invoke.VarHandleByteArrayAsInts$ArrayHandle (java.base@15.0.1)
5158:             1             24  java.lang.invoke.VarHandles$1 (java.base@15.0.1)
5159:             1             24  java.lang.management.DefaultPlatformMBeanProvider$1 (java.management@15.0.1)
5160:             1             24  java.lang.management.DefaultPlatformMBeanProvider$10 (java.management@15.0.1)
5161:             1             24  java.lang.management.DefaultPlatformMBeanProvider$11 (java.management@15.0.1)
5162:             1             24  java.lang.management.DefaultPlatformMBeanProvider$2 (java.management@15.0.1)
5163:             1             24  java.lang.management.DefaultPlatformMBeanProvider$3 (java.management@15.0.1)
5164:             1             24  java.lang.management.DefaultPlatformMBeanProvider$4 (java.management@15.0.1)
5165:             1             24  java.lang.management.DefaultPlatformMBeanProvider$5 (java.management@15.0.1)
5166:             1             24  java.lang.management.DefaultPlatformMBeanProvider$6 (java.management@15.0.1)
5167:             1             24  java.lang.management.DefaultPlatformMBeanProvider$7 (java.management@15.0.1)
5168:             1             24  java.lang.management.DefaultPlatformMBeanProvider$8 (java.management@15.0.1)
5169:             1             24  java.lang.management.DefaultPlatformMBeanProvider$9 (java.management@15.0.1)
5170:             1             24  java.math.MutableBigInteger (java.base@15.0.1)
5171:             1             24  java.net.Inet4AddressImpl (java.base@15.0.1)
5172:             1             24  java.net.InterfaceAddress (java.base@15.0.1)
5173:             1             24  java.net.Proxy (java.base@15.0.1)
5174:             1             24  java.net.URLClassLoader$3 (java.base@15.0.1)
5175:             1             24  java.nio.file.FileVisitOption (java.base@15.0.1)
5176:             1             24  java.nio.file.LinkOption (java.base@15.0.1)
5177:             1             24  java.nio.file.LinkPermission (java.base@15.0.1)
5178:             1             24  java.security.CodeSigner (java.base@15.0.1)
5179:             1             24  java.security.Policy$PolicyInfo (java.base@15.0.1)
5180:             1             24  java.security.Policy$UnsupportedEmptyCollection (java.base@15.0.1)
5181:             1             24  java.security.Timestamp (java.base@15.0.1)
5182:             1             24  java.time.Clock$SystemClock (java.base@15.0.1)
5183:             1             24  java.time.Period (java.base@15.0.1)
5184:             1             24  java.time.chrono.HijrahEra (java.base@15.0.1)
5185:             1             24  java.time.format.DecimalStyle (java.base@15.0.1)
5186:             1             24  java.time.temporal.IsoFields$Field$1 (java.base@15.0.1)
5187:             1             24  java.time.temporal.IsoFields$Field$2 (java.base@15.0.1)
5188:             1             24  java.time.temporal.IsoFields$Field$3 (java.base@15.0.1)
5189:             1             24  java.time.temporal.IsoFields$Field$4 (java.base@15.0.1)
5190:             1             24  java.time.zone.TzdbZoneRulesProvider (java.base@15.0.1)
5191:             1             24  java.util.Collections$3 (java.base@15.0.1)
5192:             1             24  java.util.Collections$EmptyMap (java.base@15.0.1)
5193:             1             24  java.util.Collections$UnmodifiableList (java.base@15.0.1)
5194:             1             24  java.util.Comparator$$Lambda$218/0x0000000800c2d558 (java.base@15.0.1)
5195:             1             24  java.util.Comparator$$Lambda$6325/0x0000000801c60f40 (java.base@15.0.1)
5196:             1             24  java.util.Comparators$NaturalOrderComparator (java.base@15.0.1)
5197:             1             24  java.util.Comparators$NullComparator (java.base@15.0.1)
5198:             1             24  java.util.Locale$Cache (java.base@15.0.1)
5199:             1             24  java.util.Locale$LocaleKey (java.base@15.0.1)
5200:             1             24  java.util.OptionalDouble (java.base@15.0.1)
5201:             1             24  java.util.OptionalInt (java.base@15.0.1)
5202:             1             24  java.util.OptionalLong (java.base@15.0.1)
5203:             1             24  java.util.ResourceBundle$Control$CandidateListCache (java.base@15.0.1)
5204:             1             24  java.util.concurrent.ConcurrentLinkedDeque (java.base@15.0.1)
5205:             1             24  java.util.concurrent.CopyOnWriteArrayList$COWIterator (java.base@15.0.1)
5206:             1             24  java.util.concurrent.Executors$DefaultThreadFactory (java.base@15.0.1)
5207:             1             24  java.util.function.BiConsumer$$Lambda$3732/0x000000080157b3e8 (java.base@15.0.1)
5208:             1             24  java.util.function.Function$$Lambda$4572/0x0000000801885448 (java.base@15.0.1)
5209:             1             24  java.util.logging.LogManager$LoggerContext (java.logging@15.0.1)
5210:             1             24  java.util.stream.Collectors$$Lambda$209/0x0000000800c17260 (java.base@15.0.1)
5211:             1             24  javax.xml.bind.JAXBPermission
5212:             1             24  jdk.internal.icu.impl.Norm2AllModes (java.base@15.0.1)
5213:             1             24  jdk.internal.icu.impl.Norm2AllModes$ComposeNormalizer2 (java.base@15.0.1)
5214:             1             24  jdk.internal.icu.impl.Norm2AllModes$Norm2AllModesSingleton (java.base@15.0.1)
5215:             1             24  jdk.internal.jimage.ImageReader (java.base@15.0.1)
5216:             1             24  jdk.internal.logger.BootstrapLogger$RedirectedLoggers (java.base@15.0.1)
5217:             1             24  jdk.internal.module.ModuleHashes (java.base@15.0.1)
5218:             1             24  jdk.internal.module.SystemModuleFinders$SystemModuleFinder (java.base@15.0.1)
5219:             1             24  jdk.internal.platform.CgroupV1MetricsImpl (java.base@15.0.1)
5220:             1             24  jdk.management.jfr.internal.FlightRecorderMXBeanProvider$SingleMBeanComponent (jdk.management.jfr@15.0.1)
5221:             1             24  joptsimple.BuiltinHelpFormatter
5222:             1             24  joptsimple.internal.MethodInvokingValueConverter
5223:             1             24  net.shibboleth.utilities.java.support.collection.IndexingObjectStore$StoredObjectWrapper
5224:             1             24  org.antlr.v4.runtime.misc.Pair
5225:             1             24  org.apache.commons.logging.impl.WeakHashtable$Referenced
5226:             1             24  org.apache.http.client.protocol.ResponseContentEncoding
5227:             1             24  org.apache.http.config.MessageConstraints
5228:             1             24  org.apache.http.conn.ssl.DefaultHostnameVerifier
5229:             1             24  org.apache.http.conn.util.PublicSuffixMatcher
5230:             1             24  org.apache.http.conn.util.PublicSuffixMatcher
5231:             1             24  org.apache.http.impl.client.BasicCookieStore
5232:             1             24  org.apache.http.impl.client.BasicCookieStore
5233:             1             24  org.apache.http.impl.client.DefaultHttpRequestRetryHandler
5234:             1             24  org.apache.http.impl.client.DefaultRedirectStrategy
5235:             1             24  org.apache.http.impl.client.HttpClientBuilder$1
5236:             1             24  org.apache.http.impl.client.HttpClientBuilder$2
5237:             1             24  org.apache.http.impl.client.HttpClientBuilder$2
5238:             1             24  org.apache.http.impl.client.IdleConnectionEvictor$1
5239:             1             24  org.apache.http.impl.client.ProxyAuthenticationStrategy
5240:             1             24  org.apache.http.impl.client.ProxyAuthenticationStrategy
5241:             1             24  org.apache.http.impl.client.TargetAuthenticationStrategy
5242:             1             24  org.apache.http.impl.client.TargetAuthenticationStrategy
5243:             1             24  org.apache.http.impl.conn.DefaultHttpResponseParserFactory
5244:             1             24  org.apache.http.impl.conn.DefaultHttpResponseParserFactory
5245:             1             24  org.apache.http.impl.conn.PoolingHttpClientConnectionManager$InternalConnectionFactory
5246:             1             24  org.apache.http.impl.conn.PoolingHttpClientConnectionManager$InternalConnectionFactory
5247:             1             24  org.apache.http.impl.cookie.DefaultCookieSpec
5248:             1             24  org.apache.http.impl.cookie.NetscapeDraftSpecProvider
5249:             1             24  org.apache.http.impl.cookie.NetscapeDraftSpecProvider
5250:             1             24  org.apache.http.impl.cookie.RFC2109Spec
5251:             1             24  org.apache.http.impl.cookie.RFC2965Spec
5252:             1             24  org.apache.http.impl.execchain.ProtocolExec
5253:             1             24  org.apache.http.impl.execchain.ProtocolExec
5254:             1             24  org.apache.http.impl.execchain.RetryExec
5255:             1             24  org.apache.log4j.Category$PrivateAdapter
5256:             1             24  org.apache.log4j.Category$PrivateAdapter
5257:             1             24  org.apache.logging.log4j.core.appender.ConsoleAppender$Target$1
5258:             1             24  org.apache.logging.log4j.core.appender.ConsoleAppender$Target$2
5259:             1             24  org.apache.logging.log4j.core.appender.rolling.FileExtension$1
5260:             1             24  org.apache.logging.log4j.core.appender.rolling.FileExtension$2
5261:             1             24  org.apache.logging.log4j.core.appender.rolling.FileExtension$3
5262:             1             24  org.apache.logging.log4j.core.appender.rolling.FileExtension$4
5263:             1             24  org.apache.logging.log4j.core.appender.rolling.FileExtension$5
5264:             1             24  org.apache.logging.log4j.core.appender.rolling.FileExtension$6
5265:             1             24  org.apache.logging.log4j.core.appender.rolling.action.IfFileName
5266:             1             24  org.apache.logging.log4j.core.appender.rolling.action.IfLastModified
5267:             1             24  org.apache.logging.log4j.core.appender.rolling.action.PathSortByModificationTime
5268:             1             24  org.apache.logging.log4j.core.async.ThreadNameCachingStrategy$1
5269:             1             24  org.apache.logging.log4j.core.async.ThreadNameCachingStrategy$2
5270:             1             24  org.apache.logging.log4j.core.config.LoggerConfig$LoggerConfigPredicate$1
5271:             1             24  org.apache.logging.log4j.core.config.LoggerConfig$LoggerConfigPredicate$2
5272:             1             24  org.apache.logging.log4j.core.config.LoggerConfig$LoggerConfigPredicate$3
5273:             1             24  org.apache.logging.log4j.core.config.Loggers
5274:             1             24  org.apache.logging.log4j.core.config.plugins.util.PluginRegistry
5275:             1             24  org.apache.logging.log4j.core.impl.Log4jContextFactory
5276:             1             24  org.apache.logging.log4j.core.pattern.IntegerPatternConverter
5277:             1             24  org.apache.logging.log4j.core.pattern.LevelPatternConverter
5278:             1             24  org.apache.logging.log4j.core.pattern.LineSeparatorPatternConverter
5279:             1             24  org.apache.logging.log4j.core.pattern.LoggerPatternConverter
5280:             1             24  org.apache.logging.log4j.core.pattern.NameAbbreviator$MaxElementAbbreviator$Strategy$1
5281:             1             24  org.apache.logging.log4j.core.pattern.NameAbbreviator$MaxElementAbbreviator$Strategy$2
5282:             1             24  org.apache.logging.log4j.core.pattern.PatternParser
5283:             1             24  org.apache.logging.log4j.core.pattern.ThreadNamePatternConverter
5284:             1             24  org.apache.logging.log4j.spi.LoggerRegistry
5285:             1             24  org.apache.logging.log4j.status.StatusConsoleListener
5286:             1             24  org.apache.logging.slf4j.Log4jLoggerFactory
5287:             1             24  org.apache.logging.slf4j.Log4jMarker
5288:             1             24  org.apache.lucene.analysis.CharArrayMap$EntrySet
5289:             1             24  org.apache.lucene.analysis.Tokenizer$1
5290:             1             24  org.apache.lucene.analysis.core.SimpleAnalyzer
5291:             1             24  org.apache.lucene.analysis.id.IndonesianStemmer
5292:             1             24  org.apache.lucene.analysis.miscellaneous.StemmerOverrideFilter$StemmerOverrideMap
5293:             1             24  org.apache.lucene.analysis.standard.ClassicAnalyzer$$Lambda$5335/0x0000000801b11f80
5294:             1             24  org.apache.lucene.codecs.blocktree.CompressionAlgorithm$1
5295:             1             24  org.apache.lucene.codecs.blocktree.CompressionAlgorithm$2
5296:             1             24  org.apache.lucene.codecs.blocktree.CompressionAlgorithm$3
5297:             1             24  org.apache.lucene.codecs.idversion.IDVersionPostingsFormat
5298:             1             24  org.apache.lucene.codecs.lucene70.Lucene70Codec$1
5299:             1             24  org.apache.lucene.codecs.lucene70.Lucene70Codec$2
5300:             1             24  org.apache.lucene.codecs.lucene80.IndexedDISI$Method$1
5301:             1             24  org.apache.lucene.codecs.lucene80.IndexedDISI$Method$2
5302:             1             24  org.apache.lucene.codecs.lucene80.IndexedDISI$Method$3
5303:             1             24  org.apache.lucene.codecs.lucene80.Lucene80Codec$1
5304:             1             24  org.apache.lucene.codecs.lucene80.Lucene80Codec$2
5305:             1             24  org.apache.lucene.codecs.lucene84.Lucene84Codec$1
5306:             1             24  org.apache.lucene.codecs.lucene84.Lucene84Codec$2
5307:             1             24  org.apache.lucene.codecs.lucene86.Lucene86Codec$1
5308:             1             24  org.apache.lucene.codecs.lucene86.Lucene86Codec$2
5309:             1             24  org.apache.lucene.index.Impact
5310:             1             24  org.apache.lucene.search.BooleanClause$Occur$1
5311:             1             24  org.apache.lucene.search.BooleanClause$Occur$2
5312:             1             24  org.apache.lucene.search.BooleanClause$Occur$3
5313:             1             24  org.apache.lucene.search.BooleanClause$Occur$4
5314:             1             24  org.apache.lucene.search.suggest.document.Completion50PostingsFormat
5315:             1             24  org.apache.lucene.search.suggest.document.Completion84PostingsFormat
5316:             1             24  org.apache.lucene.search.vectorhighlight.SimpleBoundaryScanner
5317:             1             24  org.apache.lucene.store.MMapDirectory$$Lambda$520/0x0000000800e5c7f0
5318:             1             24  org.apache.lucene.util.AttributeFactory$1
5319:             1             24  org.apache.lucene.util.AttributeSource$2
5320:             1             24  org.apache.lucene.util.fst.ReverseBytesReader
5321:             1             24  org.apache.lucene.util.packed.PackedInts$Format$1
5322:             1             24  org.apache.lucene.util.packed.PackedInts$Format$2
5323:             1             24  org.apache.xml.security.keys.keyresolver.implementations.DEREncodedKeyValueResolver
5324:             1             24  org.apache.xml.security.keys.keyresolver.implementations.DSAKeyValueResolver
5325:             1             24  org.apache.xml.security.keys.keyresolver.implementations.ECKeyValueResolver
5326:             1             24  org.apache.xml.security.keys.keyresolver.implementations.KeyInfoReferenceResolver
5327:             1             24  org.apache.xml.security.keys.keyresolver.implementations.RSAKeyValueResolver
5328:             1             24  org.apache.xml.security.keys.keyresolver.implementations.RetrievalMethodResolver
5329:             1             24  org.apache.xml.security.keys.keyresolver.implementations.X509CertificateResolver
5330:             1             24  org.apache.xml.security.keys.keyresolver.implementations.X509DigestResolver
5331:             1             24  org.apache.xml.security.keys.keyresolver.implementations.X509IssuerSerialResolver
5332:             1             24  org.apache.xml.security.keys.keyresolver.implementations.X509SKIResolver
5333:             1             24  org.apache.xml.security.keys.keyresolver.implementations.X509SubjectNameResolver
5334:             1             24  org.elasticsearch.action.OriginalIndices
5335:             1             24  org.elasticsearch.action.admin.cluster.allocation.ClusterAllocationExplainAction
5336:             1             24  org.elasticsearch.action.admin.cluster.configuration.AddVotingConfigExclusionsAction
5337:             1             24  org.elasticsearch.action.admin.cluster.configuration.ClearVotingConfigExclusionsAction
5338:             1             24  org.elasticsearch.action.admin.cluster.health.ClusterHealthAction
5339:             1             24  org.elasticsearch.action.admin.cluster.node.hotthreads.NodesHotThreadsAction
5340:             1             24  org.elasticsearch.action.admin.cluster.node.info.NodesInfoAction
5341:             1             24  org.elasticsearch.action.admin.cluster.node.info.PluginsAndModules
5342:             1             24  org.elasticsearch.action.admin.cluster.node.reload.NodesReloadSecureSettingsAction
5343:             1             24  org.elasticsearch.action.admin.cluster.node.stats.NodesStatsAction
5344:             1             24  org.elasticsearch.action.admin.cluster.node.tasks.cancel.CancelTasksAction
5345:             1             24  org.elasticsearch.action.admin.cluster.node.tasks.get.GetTaskAction
5346:             1             24  org.elasticsearch.action.admin.cluster.node.tasks.list.ListTasksAction
5347:             1             24  org.elasticsearch.action.admin.cluster.node.usage.NodesUsageAction
5348:             1             24  org.elasticsearch.action.admin.cluster.remote.RemoteInfoAction
5349:             1             24  org.elasticsearch.action.admin.cluster.repositories.cleanup.CleanupRepositoryAction
5350:             1             24  org.elasticsearch.action.admin.cluster.repositories.delete.DeleteRepositoryAction
5351:             1             24  org.elasticsearch.action.admin.cluster.repositories.get.GetRepositoriesAction
5352:             1             24  org.elasticsearch.action.admin.cluster.repositories.put.PutRepositoryAction
5353:             1             24  org.elasticsearch.action.admin.cluster.repositories.verify.VerifyRepositoryAction
5354:             1             24  org.elasticsearch.action.admin.cluster.reroute.ClusterRerouteAction
5355:             1             24  org.elasticsearch.action.admin.cluster.settings.ClusterUpdateSettingsAction
5356:             1             24  org.elasticsearch.action.admin.cluster.shards.ClusterSearchShardsAction
5357:             1             24  org.elasticsearch.action.admin.cluster.snapshots.clone.CloneSnapshotAction
5358:             1             24  org.elasticsearch.action.admin.cluster.snapshots.create.CreateSnapshotAction
5359:             1             24  org.elasticsearch.action.admin.cluster.snapshots.delete.DeleteSnapshotAction
5360:             1             24  org.elasticsearch.action.admin.cluster.snapshots.get.GetSnapshotsAction
5361:             1             24  org.elasticsearch.action.admin.cluster.snapshots.restore.RestoreSnapshotAction
5362:             1             24  org.elasticsearch.action.admin.cluster.snapshots.status.SnapshotsStatusAction
5363:             1             24  org.elasticsearch.action.admin.cluster.state.ClusterStateAction
5364:             1             24  org.elasticsearch.action.admin.cluster.stats.ClusterStatsAction
5365:             1             24  org.elasticsearch.action.admin.cluster.storedscripts.DeleteStoredScriptAction
5366:             1             24  org.elasticsearch.action.admin.cluster.storedscripts.GetScriptContextAction
5367:             1             24  org.elasticsearch.action.admin.cluster.storedscripts.GetScriptLanguageAction
5368:             1             24  org.elasticsearch.action.admin.cluster.storedscripts.GetStoredScriptAction
5369:             1             24  org.elasticsearch.action.admin.cluster.storedscripts.PutStoredScriptAction
5370:             1             24  org.elasticsearch.action.admin.cluster.tasks.PendingClusterTasksAction
5371:             1             24  org.elasticsearch.action.admin.indices.alias.IndicesAliasesAction
5372:             1             24  org.elasticsearch.action.admin.indices.alias.exists.AliasesExistAction
5373:             1             24  org.elasticsearch.action.admin.indices.alias.get.GetAliasesAction
5374:             1             24  org.elasticsearch.action.admin.indices.analyze.AnalyzeAction
5375:             1             24  org.elasticsearch.action.admin.indices.cache.clear.ClearIndicesCacheAction
5376:             1             24  org.elasticsearch.action.admin.indices.close.CloseIndexAction
5377:             1             24  org.elasticsearch.action.admin.indices.create.AutoCreateAction
5378:             1             24  org.elasticsearch.action.admin.indices.create.CreateIndexAction
5379:             1             24  org.elasticsearch.action.admin.indices.dangling.delete.DeleteDanglingIndexAction
5380:             1             24  org.elasticsearch.action.admin.indices.dangling.find.FindDanglingIndexAction
5381:             1             24  org.elasticsearch.action.admin.indices.dangling.import_index.ImportDanglingIndexAction
5382:             1             24  org.elasticsearch.action.admin.indices.dangling.list.ListDanglingIndicesAction
5383:             1             24  org.elasticsearch.action.admin.indices.delete.DeleteIndexAction
5384:             1             24  org.elasticsearch.action.admin.indices.exists.indices.IndicesExistsAction
5385:             1             24  org.elasticsearch.action.admin.indices.exists.types.TypesExistsAction
5386:             1             24  org.elasticsearch.action.admin.indices.flush.FlushAction
5387:             1             24  org.elasticsearch.action.admin.indices.flush.SyncedFlushAction
5388:             1             24  org.elasticsearch.action.admin.indices.forcemerge.ForceMergeAction
5389:             1             24  org.elasticsearch.action.admin.indices.get.GetIndexAction
5390:             1             24  org.elasticsearch.action.admin.indices.mapping.get.GetFieldMappingsAction
5391:             1             24  org.elasticsearch.action.admin.indices.mapping.get.GetMappingsAction
5392:             1             24  org.elasticsearch.action.admin.indices.mapping.put.AutoPutMappingAction
5393:             1             24  org.elasticsearch.action.admin.indices.mapping.put.PutMappingAction
5394:             1             24  org.elasticsearch.action.admin.indices.open.OpenIndexAction
5395:             1             24  org.elasticsearch.action.admin.indices.readonly.AddIndexBlockAction
5396:             1             24  org.elasticsearch.action.admin.indices.recovery.RecoveryAction
5397:             1             24  org.elasticsearch.action.admin.indices.refresh.RefreshAction
5398:             1             24  org.elasticsearch.action.admin.indices.resolve.ResolveIndexAction
5399:             1             24  org.elasticsearch.action.admin.indices.rollover.RolloverAction
5400:             1             24  org.elasticsearch.action.admin.indices.segments.IndicesSegmentsAction
5401:             1             24  org.elasticsearch.action.admin.indices.settings.get.GetSettingsAction
5402:             1             24  org.elasticsearch.action.admin.indices.settings.put.UpdateSettingsAction
5403:             1             24  org.elasticsearch.action.admin.indices.shards.IndicesShardStoresAction
5404:             1             24  org.elasticsearch.action.admin.indices.shrink.ResizeAction
5405:             1             24  org.elasticsearch.action.admin.indices.stats.IndicesStatsAction
5406:             1             24  org.elasticsearch.action.admin.indices.template.delete.DeleteComponentTemplateAction
5407:             1             24  org.elasticsearch.action.admin.indices.template.delete.DeleteComposableIndexTemplateAction
5408:             1             24  org.elasticsearch.action.admin.indices.template.delete.DeleteIndexTemplateAction
5409:             1             24  org.elasticsearch.action.admin.indices.template.get.GetComponentTemplateAction
5410:             1             24  org.elasticsearch.action.admin.indices.template.get.GetComposableIndexTemplateAction
5411:             1             24  org.elasticsearch.action.admin.indices.template.get.GetIndexTemplatesAction
5412:             1             24  org.elasticsearch.action.admin.indices.template.post.SimulateIndexTemplateAction
5413:             1             24  org.elasticsearch.action.admin.indices.template.post.SimulateTemplateAction
5414:             1             24  org.elasticsearch.action.admin.indices.template.put.PutComponentTemplateAction
5415:             1             24  org.elasticsearch.action.admin.indices.template.put.PutComposableIndexTemplateAction
5416:             1             24  org.elasticsearch.action.admin.indices.template.put.PutIndexTemplateAction
5417:             1             24  org.elasticsearch.action.admin.indices.upgrade.get.UpgradeStatusAction
5418:             1             24  org.elasticsearch.action.admin.indices.upgrade.post.UpgradeAction
5419:             1             24  org.elasticsearch.action.admin.indices.upgrade.post.UpgradeSettingsAction
5420:             1             24  org.elasticsearch.action.admin.indices.validate.query.ValidateQueryAction
5421:             1             24  org.elasticsearch.action.bulk.BulkAction
5422:             1             24  org.elasticsearch.action.delete.DeleteAction
5423:             1             24  org.elasticsearch.action.explain.ExplainAction
5424:             1             24  org.elasticsearch.action.fieldcaps.FieldCapabilitiesAction
5425:             1             24  org.elasticsearch.action.get.GetAction
5426:             1             24  org.elasticsearch.action.get.MultiGetAction
5427:             1             24  org.elasticsearch.action.index.IndexAction
5428:             1             24  org.elasticsearch.action.ingest.DeletePipelineAction
5429:             1             24  org.elasticsearch.action.ingest.GetPipelineAction
5430:             1             24  org.elasticsearch.action.ingest.IngestActionForwarder
5431:             1             24  org.elasticsearch.action.ingest.PutPipelineAction
5432:             1             24  org.elasticsearch.action.ingest.SimulatePipelineAction
5433:             1             24  org.elasticsearch.action.main.MainAction
5434:             1             24  org.elasticsearch.action.search.ClearScrollAction
5435:             1             24  org.elasticsearch.action.search.MultiSearchAction
5436:             1             24  org.elasticsearch.action.search.SearchAction
5437:             1             24  org.elasticsearch.action.search.SearchPhaseController
5438:             1             24  org.elasticsearch.action.search.SearchResponse$Clusters
5439:             1             24  org.elasticsearch.action.search.SearchScrollAction
5440:             1             24  org.elasticsearch.action.search.SearchTransportService
5441:             1             24  org.elasticsearch.action.support.AutoCreateIndex$AutoCreate
5442:             1             24  org.elasticsearch.action.termvectors.MultiTermVectorsAction
5443:             1             24  org.elasticsearch.action.termvectors.TermVectorsAction
5444:             1             24  org.elasticsearch.action.update.UpdateAction
5445:             1             24  org.elasticsearch.bootstrap.ESPolicy$SystemPolicy
5446:             1             24  org.elasticsearch.bootstrap.JavaVersion
5447:             1             24  org.elasticsearch.bootstrap.Spawner
5448:             1             24  org.elasticsearch.cli.Command$$Lambda$20/0x0000000800bab290
5449:             1             24  org.elasticsearch.cli.Terminal$SystemTerminal
5450:             1             24  org.elasticsearch.cluster.InternalClusterInfoService$IndicesStatsSummary
5451:             1             24  org.elasticsearch.cluster.action.index.MappingUpdatedAction$AdjustableSemaphore
5452:             1             24  org.elasticsearch.cluster.action.index.NodeMappingRefreshAction
5453:             1             24  org.elasticsearch.cluster.action.shard.ShardStateAction$ShardFailedTransportHandler
5454:             1             24  org.elasticsearch.cluster.action.shard.ShardStateAction$ShardStartedTransportHandler
5455:             1             24  org.elasticsearch.cluster.block.ClusterBlocks
5456:             1             24  org.elasticsearch.cluster.coordination.FollowersChecker$FastResponseState
5457:             1             24  org.elasticsearch.cluster.coordination.JoinHelper$$Lambda$3745/0x000000080172abd8
5458:             1             24  org.elasticsearch.cluster.coordination.JoinHelper$$Lambda$3747/0x000000080172b020
5459:             1             24  org.elasticsearch.cluster.coordination.JoinHelper$$Lambda$3749/0x000000080172b468
5460:             1             24  org.elasticsearch.cluster.coordination.JoinHelper$$Lambda$3751/0x000000080172b8b0
5461:             1             24  org.elasticsearch.cluster.coordination.JoinHelper$$Lambda$3753/0x000000080172bcf8
5462:             1             24  org.elasticsearch.cluster.coordination.NodeRemovalClusterStateTaskExecutor
5463:             1             24  org.elasticsearch.cluster.coordination.PublicationTransportHandler$$Lambda$3774/0x00000008017314c8
5464:             1             24  org.elasticsearch.cluster.coordination.PublicationTransportHandler$$Lambda$3776/0x0000000801731bb0
5465:             1             24  org.elasticsearch.cluster.coordination.VotingOnlyNodePlugin
5466:             1             24  org.elasticsearch.cluster.coordination.VotingOnlyNodePlugin$1
5467:             1             24  org.elasticsearch.cluster.metadata.AutoExpandReplicas
5468:             1             24  org.elasticsearch.cluster.metadata.DiffableStringMap$DiffableStringMapDiff
5469:             1             24  org.elasticsearch.cluster.metadata.IndexMetadata$2
5470:             1             24  org.elasticsearch.cluster.metadata.Manifest$1
5471:             1             24  org.elasticsearch.cluster.metadata.Metadata$1
5472:             1             24  org.elasticsearch.cluster.metadata.MetadataCreateDataStreamService
5473:             1             24  org.elasticsearch.cluster.metadata.MetadataDeleteIndexService
5474:             1             24  org.elasticsearch.cluster.node.DiscoveryNodeRole$1
5475:             1             24  org.elasticsearch.cluster.node.DiscoveryNodeRole$2
5476:             1             24  org.elasticsearch.cluster.node.DiscoveryNodeRole$3
5477:             1             24  org.elasticsearch.cluster.node.DiscoveryNodeRole$4
5478:             1             24  org.elasticsearch.cluster.routing.OperationRouting
5479:             1             24  org.elasticsearch.cluster.routing.RoutingNodes$Recoveries
5480:             1             24  org.elasticsearch.cluster.routing.allocation.allocator.BalancedShardsAllocator
5481:             1             24  org.elasticsearch.cluster.routing.allocation.decider.AwarenessAllocationDecider
5482:             1             24  org.elasticsearch.cluster.routing.allocation.decider.DiskThresholdDecider
5483:             1             24  org.elasticsearch.cluster.routing.allocation.decider.EnableAllocationDecider
5484:             1             24  org.elasticsearch.cluster.routing.allocation.decider.FilterAllocationDecider
5485:             1             24  org.elasticsearch.cluster.routing.allocation.decider.ShardsLimitAllocationDecider
5486:             1             24  org.elasticsearch.cluster.routing.allocation.decider.ThrottlingAllocationDecider
5487:             1             24  org.elasticsearch.common.LegacyTimeBasedUUIDGenerator
5488:             1             24  org.elasticsearch.common.TimeBasedUUIDGenerator
5489:             1             24  org.elasticsearch.common.geo.GeoShapeType$1
5490:             1             24  org.elasticsearch.common.geo.GeoShapeType$2
5491:             1             24  org.elasticsearch.common.geo.GeoShapeType$3
5492:             1             24  org.elasticsearch.common.geo.GeoShapeType$4
5493:             1             24  org.elasticsearch.common.geo.GeoShapeType$5
5494:             1             24  org.elasticsearch.common.geo.GeoShapeType$6
5495:             1             24  org.elasticsearch.common.geo.GeoShapeType$7
5496:             1             24  org.elasticsearch.common.geo.GeoShapeType$8
5497:             1             24  org.elasticsearch.common.geo.GeoShapeType$9
5498:             1             24  org.elasticsearch.common.inject.ConstructorInjectorStore
5499:             1             24  org.elasticsearch.common.inject.ConstructorInjectorStore$1
5500:             1             24  org.elasticsearch.common.inject.Initializer
5501:             1             24  org.elasticsearch.common.inject.Key$NullAnnotationStrategy
5502:             1             24  org.elasticsearch.common.inject.MembersInjectorStore
5503:             1             24  org.elasticsearch.common.inject.MembersInjectorStore$1
5504:             1             24  org.elasticsearch.common.inject.SingleMethodInjector
5505:             1             24  org.elasticsearch.common.inject.SingleMethodInjector$1
5506:             1             24  org.elasticsearch.common.inject.TypeConverterBindingProcessor
5507:             1             24  org.elasticsearch.common.io.stream.ByteBufferStreamInput
5508:             1             24  org.elasticsearch.common.logging.LogConfigurator$1
5509:             1             24  org.elasticsearch.common.lucene.ShardCoreKeyMap
5510:             1             24  org.elasticsearch.common.path.PathTrie
5511:             1             24  org.elasticsearch.common.settings.ClusterSettings$LoggingSettingUpdater
5512:             1             24  org.elasticsearch.common.settings.Setting$$Lambda$1290/0x0000000801063ed0
5513:             1             24  org.elasticsearch.common.settings.SettingsFilter
5514:             1             24  org.elasticsearch.common.ssl.DefaultJdkTrustConfig
5515:             1             24  org.elasticsearch.common.ssl.SslClientAuthenticationMode$1
5516:             1             24  org.elasticsearch.common.ssl.SslClientAuthenticationMode$2
5517:             1             24  org.elasticsearch.common.ssl.SslClientAuthenticationMode$3
5518:             1             24  org.elasticsearch.common.ssl.SslVerificationMode$1
5519:             1             24  org.elasticsearch.common.ssl.SslVerificationMode$2
5520:             1             24  org.elasticsearch.common.ssl.SslVerificationMode$3
5521:             1             24  org.elasticsearch.common.time.EpochTime$1
5522:             1             24  org.elasticsearch.common.time.EpochTime$2
5523:             1             24  org.elasticsearch.common.time.EpochTime$3
5524:             1             24  org.elasticsearch.common.time.EpochTime$4
5525:             1             24  org.elasticsearch.common.unit.ByteSizeUnit$1
5526:             1             24  org.elasticsearch.common.unit.ByteSizeUnit$2
5527:             1             24  org.elasticsearch.common.unit.ByteSizeUnit$3
5528:             1             24  org.elasticsearch.common.unit.ByteSizeUnit$4
5529:             1             24  org.elasticsearch.common.unit.ByteSizeUnit$5
5530:             1             24  org.elasticsearch.common.unit.ByteSizeUnit$6
5531:             1             24  org.elasticsearch.common.unit.SizeUnit$1
5532:             1             24  org.elasticsearch.common.unit.SizeUnit$2
5533:             1             24  org.elasticsearch.common.unit.SizeUnit$3
5534:             1             24  org.elasticsearch.common.unit.SizeUnit$4
5535:             1             24  org.elasticsearch.common.unit.SizeUnit$5
5536:             1             24  org.elasticsearch.common.unit.SizeUnit$6
5537:             1             24  org.elasticsearch.common.util.PageCacheRecycler$Type$1
5538:             1             24  org.elasticsearch.common.util.PageCacheRecycler$Type$2
5539:             1             24  org.elasticsearch.common.util.PageCacheRecycler$Type$3
5540:             1             24  org.elasticsearch.common.xcontent.ObjectParser$$Lambda$1964/0x00000008011d20e0
5541:             1             24  org.elasticsearch.common.xcontent.ParseFieldRegistry
5542:             1             24  org.elasticsearch.common.xcontent.XContentLocation
5543:             1             24  org.elasticsearch.common.xcontent.XContentParser$Token$1
5544:             1             24  org.elasticsearch.common.xcontent.XContentParser$Token$10
5545:             1             24  org.elasticsearch.common.xcontent.XContentParser$Token$2
5546:             1             24  org.elasticsearch.common.xcontent.XContentParser$Token$3
5547:             1             24  org.elasticsearch.common.xcontent.XContentParser$Token$4
5548:             1             24  org.elasticsearch.common.xcontent.XContentParser$Token$5
5549:             1             24  org.elasticsearch.common.xcontent.XContentParser$Token$6
5550:             1             24  org.elasticsearch.common.xcontent.XContentParser$Token$7
5551:             1             24  org.elasticsearch.common.xcontent.XContentParser$Token$8
5552:             1             24  org.elasticsearch.common.xcontent.XContentParser$Token$9
5553:             1             24  org.elasticsearch.common.xcontent.XContentType$1
5554:             1             24  org.elasticsearch.common.xcontent.XContentType$2
5555:             1             24  org.elasticsearch.common.xcontent.XContentType$3
5556:             1             24  org.elasticsearch.common.xcontent.XContentType$4
5557:             1             24  org.elasticsearch.discovery.HandshakingTransportAddressConnector
5558:             1             24  org.elasticsearch.env.ESFileStore
5559:             1             24  org.elasticsearch.env.NodeMetadata
5560:             1             24  org.elasticsearch.env.NodeMetadata$NodeMetadataStateFormat
5561:             1             24  org.elasticsearch.gateway.GatewayAllocator$InternalPrimaryShardAllocator
5562:             1             24  org.elasticsearch.gateway.GatewayAllocator$InternalReplicaShardAllocator
5563:             1             24  org.elasticsearch.gateway.GatewayService$$Lambda$3889/0x00000008017ba900
5564:             1             24  org.elasticsearch.gateway.PersistedClusterStateService$MetadataIndexWriter
5565:             1             24  org.elasticsearch.http.HttpTracer
5566:             1             24  org.elasticsearch.http.netty4.Netty4HttpRequestCreator
5567:             1             24  org.elasticsearch.http.netty4.Netty4HttpRequestHandler
5568:             1             24  org.elasticsearch.http.netty4.Netty4HttpResponseCreator
5569:             1             24  org.elasticsearch.http.netty4.Netty4HttpServerChannel
5570:             1             24  org.elasticsearch.http.netty4.Netty4HttpServerTransport$ServerChannelExceptionHandler
5571:             1             24  org.elasticsearch.index.VersionType$1
5572:             1             24  org.elasticsearch.index.VersionType$2
5573:             1             24  org.elasticsearch.index.VersionType$3
5574:             1             24  org.elasticsearch.index.analysis.AnalysisMode$1
5575:             1             24  org.elasticsearch.index.analysis.AnalysisMode$2
5576:             1             24  org.elasticsearch.index.analysis.AnalysisMode$3
5577:             1             24  org.elasticsearch.index.analysis.AnalysisRegistry$Component$1
5578:             1             24  org.elasticsearch.index.analysis.AnalysisRegistry$Component$2
5579:             1             24  org.elasticsearch.index.analysis.AnalysisRegistry$Component$3
5580:             1             24  org.elasticsearch.index.analysis.AnalysisRegistry$Component$4
5581:             1             24  org.elasticsearch.index.analysis.AnalysisRegistry$Component$5
5582:             1             24  org.elasticsearch.index.mapper.DynamicTemplate$MatchType$1
5583:             1             24  org.elasticsearch.index.mapper.DynamicTemplate$MatchType$2
5584:             1             24  org.elasticsearch.index.mapper.DynamicTemplate$XContentFieldType$1
5585:             1             24  org.elasticsearch.index.mapper.DynamicTemplate$XContentFieldType$2
5586:             1             24  org.elasticsearch.index.mapper.DynamicTemplate$XContentFieldType$3
5587:             1             24  org.elasticsearch.index.mapper.DynamicTemplate$XContentFieldType$4
5588:             1             24  org.elasticsearch.index.mapper.DynamicTemplate$XContentFieldType$5
5589:             1             24  org.elasticsearch.index.mapper.DynamicTemplate$XContentFieldType$6
5590:             1             24  org.elasticsearch.index.mapper.DynamicTemplate$XContentFieldType$7
5591:             1             24  org.elasticsearch.index.mapper.RangeType$LengthType$1
5592:             1             24  org.elasticsearch.index.mapper.RangeType$LengthType$2
5593:             1             24  org.elasticsearch.index.mapper.RangeType$LengthType$3
5594:             1             24  org.elasticsearch.index.mapper.RangeType$LengthType$4
5595:             1             24  org.elasticsearch.index.rankeval.RankEvalAction
5596:             1             24  org.elasticsearch.index.rankeval.RestRankEvalAction
5597:             1             24  org.elasticsearch.index.reindex.DeleteByQueryAction
5598:             1             24  org.elasticsearch.index.reindex.ReindexAction
5599:             1             24  org.elasticsearch.index.reindex.ReindexSslConfig
5600:             1             24  org.elasticsearch.index.reindex.RestDeleteByQueryAction
5601:             1             24  org.elasticsearch.index.reindex.RestDeleteByQueryAction
5602:             1             24  org.elasticsearch.index.reindex.RestReindexAction
5603:             1             24  org.elasticsearch.index.reindex.RestRethrottleAction
5604:             1             24  org.elasticsearch.index.reindex.RestUpdateByQueryAction
5605:             1             24  org.elasticsearch.index.reindex.RethrottleAction
5606:             1             24  org.elasticsearch.index.reindex.UpdateByQueryAction
5607:             1             24  org.elasticsearch.index.seqno.RetentionLeaseActions$Add
5608:             1             24  org.elasticsearch.index.seqno.RetentionLeaseActions$Remove
5609:             1             24  org.elasticsearch.index.seqno.RetentionLeaseActions$Renew
5610:             1             24  org.elasticsearch.index.seqno.RetentionLeases$1
5611:             1             24  org.elasticsearch.index.shard.IndexingStats
5612:             1             24  org.elasticsearch.index.shard.PrimaryReplicaSyncer
5613:             1             24  org.elasticsearch.index.shard.ShardStateMetadata$1
5614:             1             24  org.elasticsearch.index.snapshots.blobstore.BlobStoreIndexShardSnapshots
5615:             1             24  org.elasticsearch.indices.IndexingMemoryController$ShardsIndicesStatusChecker
5616:             1             24  org.elasticsearch.indices.IndicesService$1
5617:             1             24  org.elasticsearch.indices.SystemIndices
5618:             1             24  org.elasticsearch.indices.analysis.AnalysisModule
5619:             1             24  org.elasticsearch.indices.analysis.HunspellService$$Lambda$984/0x0000000800fd9658
5620:             1             24  org.elasticsearch.indices.analysis.PreBuiltAnalyzers$1
5621:             1             24  org.elasticsearch.indices.analysis.PreBuiltAnalyzers$2
5622:             1             24  org.elasticsearch.indices.analysis.PreBuiltAnalyzers$3
5623:             1             24  org.elasticsearch.indices.analysis.PreBuiltAnalyzers$4
5624:             1             24  org.elasticsearch.indices.analysis.PreBuiltAnalyzers$5
5625:             1             24  org.elasticsearch.indices.analysis.PreBuiltAnalyzers$6
5626:             1             24  org.elasticsearch.indices.analysis.PreBuiltAnalyzers$7
5627:             1             24  org.elasticsearch.indices.analysis.PreBuiltTokenizers$1
5628:             1             24  org.elasticsearch.indices.fielddata.cache.IndicesFieldDataCache
5629:             1             24  org.elasticsearch.indices.recovery.PeerRecoveryTargetService$FileChunkTransportRequestHandler
5630:             1             24  org.elasticsearch.indices.recovery.RecoveriesCollection
5631:             1             24  org.elasticsearch.ingest.common.GrokProcessor$Factory
5632:             1             24  org.elasticsearch.ingest.common.GrokProcessorGetAction
5633:             1             24  org.elasticsearch.ingest.common.GrokProcessorGetAction$RestAction
5634:             1             24  org.elasticsearch.ingest.geoip.GeoIpProcessor$Factory
5635:             1             24  org.elasticsearch.license.DeleteLicenseAction
5636:             1             24  org.elasticsearch.license.GetBasicStatusAction
5637:             1             24  org.elasticsearch.license.GetLicenseAction
5638:             1             24  org.elasticsearch.license.GetTrialStatusAction
5639:             1             24  org.elasticsearch.license.LicensesMetadata
5640:             1             24  org.elasticsearch.license.PostStartBasicAction
5641:             1             24  org.elasticsearch.license.PostStartTrialAction
5642:             1             24  org.elasticsearch.license.PutLicenseAction
5643:             1             24  org.elasticsearch.license.RestDeleteLicenseAction
5644:             1             24  org.elasticsearch.license.RestGetBasicStatus
5645:             1             24  org.elasticsearch.license.RestGetFeatureUsageAction
5646:             1             24  org.elasticsearch.license.RestGetLicenseAction
5647:             1             24  org.elasticsearch.license.RestGetTrialStatus
5648:             1             24  org.elasticsearch.license.RestPostStartBasicLicense
5649:             1             24  org.elasticsearch.license.RestPostStartTrialLicense
5650:             1             24  org.elasticsearch.license.RestPutLicenseAction
5651:             1             24  org.elasticsearch.license.XPackLicenseState$Status
5652:             1             24  org.elasticsearch.monitor.fs.FsHealthService$FsHealthMonitor
5653:             1             24  org.elasticsearch.monitor.jvm.JvmGcMonitorService$GcOverheadThreshold
5654:             1             24  org.elasticsearch.monitor.jvm.JvmService
5655:             1             24  org.elasticsearch.monitor.os.OsService
5656:             1             24  org.elasticsearch.monitor.os.OsStats$Cpu
5657:             1             24  org.elasticsearch.monitor.process.ProcessService
5658:             1             24  org.elasticsearch.monitor.process.ProcessStats$Cpu
5659:             1             24  org.elasticsearch.monitor.process.ProcessStats$Mem
5660:             1             24  org.elasticsearch.node.Node$LocalNodeFactory
5661:             1             24  org.elasticsearch.painless.PainlessScriptEngine
5662:             1             24  org.elasticsearch.painless.action.PainlessContextAction
5663:             1             24  org.elasticsearch.painless.action.PainlessContextAction$RestAction
5664:             1             24  org.elasticsearch.painless.action.PainlessExecuteAction
5665:             1             24  org.elasticsearch.painless.action.PainlessExecuteAction$RestAction
5666:             1             24  org.elasticsearch.persistent.CompletionPersistentTaskAction
5667:             1             24  org.elasticsearch.persistent.PersistentTasksService
5668:             1             24  org.elasticsearch.persistent.RemovePersistentTaskAction
5669:             1             24  org.elasticsearch.persistent.StartPersistentTaskAction
5670:             1             24  org.elasticsearch.persistent.UpdatePersistentTaskStatusAction
5671:             1             24  org.elasticsearch.plugins.SearchPlugin$RescorerSpec
5672:             1             24  org.elasticsearch.repositories.VerifyNodeRepositoryAction
5673:             1             24  org.elasticsearch.repositories.s3.AmazonS3Reference
5674:             1             24  org.elasticsearch.repositories.s3.S3BasicCredentials
5675:             1             24  org.elasticsearch.repositories.s3.S3Service
5676:             1             24  org.elasticsearch.rest.action.RestFieldCapabilitiesAction
5677:             1             24  org.elasticsearch.rest.action.RestMainAction
5678:             1             24  org.elasticsearch.rest.action.admin.cluster.RestAddVotingConfigExclusionAction
5679:             1             24  org.elasticsearch.rest.action.admin.cluster.RestCancelTasksAction
5680:             1             24  org.elasticsearch.rest.action.admin.cluster.RestCleanupRepositoryAction
5681:             1             24  org.elasticsearch.rest.action.admin.cluster.RestClearVotingConfigExclusionsAction
5682:             1             24  org.elasticsearch.rest.action.admin.cluster.RestCloneSnapshotAction
5683:             1             24  org.elasticsearch.rest.action.admin.cluster.RestClusterAllocationExplainAction
5684:             1             24  org.elasticsearch.rest.action.admin.cluster.RestClusterHealthAction
5685:             1             24  org.elasticsearch.rest.action.admin.cluster.RestClusterRerouteAction
5686:             1             24  org.elasticsearch.rest.action.admin.cluster.RestClusterSearchShardsAction
5687:             1             24  org.elasticsearch.rest.action.admin.cluster.RestClusterStateAction
5688:             1             24  org.elasticsearch.rest.action.admin.cluster.RestClusterStatsAction
5689:             1             24  org.elasticsearch.rest.action.admin.cluster.RestClusterUpdateSettingsAction
5690:             1             24  org.elasticsearch.rest.action.admin.cluster.RestCreateSnapshotAction
5691:             1             24  org.elasticsearch.rest.action.admin.cluster.RestDeleteRepositoryAction
5692:             1             24  org.elasticsearch.rest.action.admin.cluster.RestDeleteSnapshotAction
5693:             1             24  org.elasticsearch.rest.action.admin.cluster.RestDeleteStoredScriptAction
5694:             1             24  org.elasticsearch.rest.action.admin.cluster.RestGetRepositoriesAction
5695:             1             24  org.elasticsearch.rest.action.admin.cluster.RestGetScriptContextAction
5696:             1             24  org.elasticsearch.rest.action.admin.cluster.RestGetScriptLanguageAction
5697:             1             24  org.elasticsearch.rest.action.admin.cluster.RestGetSnapshotsAction
5698:             1             24  org.elasticsearch.rest.action.admin.cluster.RestGetStoredScriptAction
5699:             1             24  org.elasticsearch.rest.action.admin.cluster.RestGetTaskAction
5700:             1             24  org.elasticsearch.rest.action.admin.cluster.RestListTasksAction
5701:             1             24  org.elasticsearch.rest.action.admin.cluster.RestNodesHotThreadsAction
5702:             1             24  org.elasticsearch.rest.action.admin.cluster.RestNodesInfoAction
5703:             1             24  org.elasticsearch.rest.action.admin.cluster.RestNodesStatsAction
5704:             1             24  org.elasticsearch.rest.action.admin.cluster.RestNodesUsageAction
5705:             1             24  org.elasticsearch.rest.action.admin.cluster.RestPendingClusterTasksAction
5706:             1             24  org.elasticsearch.rest.action.admin.cluster.RestPutRepositoryAction
5707:             1             24  org.elasticsearch.rest.action.admin.cluster.RestPutStoredScriptAction
5708:             1             24  org.elasticsearch.rest.action.admin.cluster.RestReloadSecureSettingsAction
5709:             1             24  org.elasticsearch.rest.action.admin.cluster.RestRemoteClusterInfoAction
5710:             1             24  org.elasticsearch.rest.action.admin.cluster.RestRestoreSnapshotAction
5711:             1             24  org.elasticsearch.rest.action.admin.cluster.RestSnapshotsStatusAction
5712:             1             24  org.elasticsearch.rest.action.admin.cluster.RestVerifyRepositoryAction
5713:             1             24  org.elasticsearch.rest.action.admin.cluster.dangling.RestDeleteDanglingIndexAction
5714:             1             24  org.elasticsearch.rest.action.admin.cluster.dangling.RestImportDanglingIndexAction
5715:             1             24  org.elasticsearch.rest.action.admin.cluster.dangling.RestListDanglingIndicesAction
5716:             1             24  org.elasticsearch.rest.action.admin.indices.RestAddIndexBlockAction
5717:             1             24  org.elasticsearch.rest.action.admin.indices.RestAnalyzeAction
5718:             1             24  org.elasticsearch.rest.action.admin.indices.RestClearIndicesCacheAction
5719:             1             24  org.elasticsearch.rest.action.admin.indices.RestCloseIndexAction
5720:             1             24  org.elasticsearch.rest.action.admin.indices.RestDeleteComponentTemplateAction
5721:             1             24  org.elasticsearch.rest.action.admin.indices.RestDeleteComposableIndexTemplateAction
5722:             1             24  org.elasticsearch.rest.action.admin.indices.RestDeleteIndexAction
5723:             1             24  org.elasticsearch.rest.action.admin.indices.RestDeleteIndexTemplateAction
5724:             1             24  org.elasticsearch.rest.action.admin.indices.RestFlushAction
5725:             1             24  org.elasticsearch.rest.action.admin.indices.RestForceMergeAction
5726:             1             24  org.elasticsearch.rest.action.admin.indices.RestGetComponentTemplateAction
5727:             1             24  org.elasticsearch.rest.action.admin.indices.RestGetComposableIndexTemplateAction
5728:             1             24  org.elasticsearch.rest.action.admin.indices.RestGetFieldMappingAction
5729:             1             24  org.elasticsearch.rest.action.admin.indices.RestGetIndexTemplateAction
5730:             1             24  org.elasticsearch.rest.action.admin.indices.RestGetMappingAction
5731:             1             24  org.elasticsearch.rest.action.admin.indices.RestGetSettingsAction
5732:             1             24  org.elasticsearch.rest.action.admin.indices.RestIndexDeleteAliasesAction
5733:             1             24  org.elasticsearch.rest.action.admin.indices.RestIndicesAliasesAction
5734:             1             24  org.elasticsearch.rest.action.admin.indices.RestIndicesSegmentsAction
5735:             1             24  org.elasticsearch.rest.action.admin.indices.RestIndicesShardStoresAction
5736:             1             24  org.elasticsearch.rest.action.admin.indices.RestIndicesStatsAction
5737:             1             24  org.elasticsearch.rest.action.admin.indices.RestOpenIndexAction
5738:             1             24  org.elasticsearch.rest.action.admin.indices.RestPutComponentTemplateAction
5739:             1             24  org.elasticsearch.rest.action.admin.indices.RestPutComposableIndexTemplateAction
5740:             1             24  org.elasticsearch.rest.action.admin.indices.RestPutIndexTemplateAction
5741:             1             24  org.elasticsearch.rest.action.admin.indices.RestPutMappingAction
5742:             1             24  org.elasticsearch.rest.action.admin.indices.RestRecoveryAction
5743:             1             24  org.elasticsearch.rest.action.admin.indices.RestResizeHandler$RestCloneIndexAction
5744:             1             24  org.elasticsearch.rest.action.admin.indices.RestResizeHandler$RestShrinkIndexAction
5745:             1             24  org.elasticsearch.rest.action.admin.indices.RestResizeHandler$RestSplitIndexAction
5746:             1             24  org.elasticsearch.rest.action.admin.indices.RestResolveIndexAction
5747:             1             24  org.elasticsearch.rest.action.admin.indices.RestRolloverIndexAction
5748:             1             24  org.elasticsearch.rest.action.admin.indices.RestSimulateIndexTemplateAction
5749:             1             24  org.elasticsearch.rest.action.admin.indices.RestSimulateTemplateAction
5750:             1             24  org.elasticsearch.rest.action.admin.indices.RestSyncedFlushAction
5751:             1             24  org.elasticsearch.rest.action.admin.indices.RestUpgradeAction
5752:             1             24  org.elasticsearch.rest.action.admin.indices.RestUpgradeStatusAction
5753:             1             24  org.elasticsearch.rest.action.admin.indices.RestValidateQueryAction
5754:             1             24  org.elasticsearch.rest.action.cat.RestAliasAction
5755:             1             24  org.elasticsearch.rest.action.cat.RestAllocationAction
5756:             1             24  org.elasticsearch.rest.action.cat.RestCatAction
5757:             1             24  org.elasticsearch.rest.action.cat.RestCatRecoveryAction
5758:             1             24  org.elasticsearch.rest.action.cat.RestCountAction
5759:             1             24  org.elasticsearch.rest.action.cat.RestFielddataAction
5760:             1             24  org.elasticsearch.rest.action.cat.RestHealthAction
5761:             1             24  org.elasticsearch.rest.action.cat.RestIndicesAction
5762:             1             24  org.elasticsearch.rest.action.cat.RestMasterAction
5763:             1             24  org.elasticsearch.rest.action.cat.RestNodeAttrsAction
5764:             1             24  org.elasticsearch.rest.action.cat.RestNodesAction
5765:             1             24  org.elasticsearch.rest.action.cat.RestPendingClusterTasksAction
5766:             1             24  org.elasticsearch.rest.action.cat.RestPluginsAction
5767:             1             24  org.elasticsearch.rest.action.cat.RestRepositoriesAction
5768:             1             24  org.elasticsearch.rest.action.cat.RestSegmentsAction
5769:             1             24  org.elasticsearch.rest.action.cat.RestShardsAction
5770:             1             24  org.elasticsearch.rest.action.cat.RestSnapshotAction
5771:             1             24  org.elasticsearch.rest.action.cat.RestTasksAction
5772:             1             24  org.elasticsearch.rest.action.cat.RestTemplatesAction
5773:             1             24  org.elasticsearch.rest.action.cat.RestThreadPoolAction
5774:             1             24  org.elasticsearch.rest.action.document.RestGetSourceAction
5775:             1             24  org.elasticsearch.rest.action.document.RestMultiTermVectorsAction
5776:             1             24  org.elasticsearch.rest.action.document.RestTermVectorsAction
5777:             1             24  org.elasticsearch.rest.action.ingest.RestDeletePipelineAction
5778:             1             24  org.elasticsearch.rest.action.ingest.RestGetPipelineAction
5779:             1             24  org.elasticsearch.rest.action.ingest.RestPutPipelineAction
5780:             1             24  org.elasticsearch.rest.action.ingest.RestSimulatePipelineAction
5781:             1             24  org.elasticsearch.rest.action.search.RestCountAction
5782:             1             24  org.elasticsearch.rest.action.search.RestExplainAction
5783:             1             24  org.elasticsearch.rest.action.search.RestMultiSearchAction
5784:             1             24  org.elasticsearch.script.ScriptService$CacheHolder
5785:             1             24  org.elasticsearch.script.mustache.MultiSearchTemplateAction
5786:             1             24  org.elasticsearch.script.mustache.MustacheScriptEngine$$Lambda$6423/0x0000000801cd8040
5787:             1             24  org.elasticsearch.script.mustache.RestMultiSearchTemplateAction
5788:             1             24  org.elasticsearch.script.mustache.RestRenderSearchTemplateAction
5789:             1             24  org.elasticsearch.script.mustache.RestSearchTemplateAction
5790:             1             24  org.elasticsearch.script.mustache.SearchTemplateAction
5791:             1             24  org.elasticsearch.search.MultiValueMode$1
5792:             1             24  org.elasticsearch.search.MultiValueMode$2
5793:             1             24  org.elasticsearch.search.MultiValueMode$3
5794:             1             24  org.elasticsearch.search.MultiValueMode$4
5795:             1             24  org.elasticsearch.search.MultiValueMode$5
5796:             1             24  org.elasticsearch.search.SearchSortValues
5797:             1             24  org.elasticsearch.search.aggregations.InternalAggregations
5798:             1             24  org.elasticsearch.search.aggregations.MultiBucketConsumerService
5799:             1             24  org.elasticsearch.search.aggregations.bucket.terms.TermsAggregatorFactory$ExecutionMode$1
5800:             1             24  org.elasticsearch.search.aggregations.bucket.terms.TermsAggregatorFactory$ExecutionMode$2
5801:             1             24  org.elasticsearch.search.aggregations.matrix.stats.MatrixStatsParser
5802:             1             24  org.elasticsearch.search.aggregations.metrics.PercentilesMethod$1
5803:             1             24  org.elasticsearch.search.aggregations.metrics.PercentilesMethod$2
5804:             1             24  org.elasticsearch.search.aggregations.pipeline.PipelineAggregator$PipelineTree
5805:             1             24  org.elasticsearch.search.aggregations.support.AggregationUsageService
5806:             1             24  org.elasticsearch.search.aggregations.support.CoreValuesSourceType$1
5807:             1             24  org.elasticsearch.search.aggregations.support.CoreValuesSourceType$2
5808:             1             24  org.elasticsearch.search.aggregations.support.CoreValuesSourceType$3
5809:             1             24  org.elasticsearch.search.aggregations.support.CoreValuesSourceType$4
5810:             1             24  org.elasticsearch.search.aggregations.support.CoreValuesSourceType$5
5811:             1             24  org.elasticsearch.search.aggregations.support.CoreValuesSourceType$6
5812:             1             24  org.elasticsearch.search.aggregations.support.CoreValuesSourceType$7
5813:             1             24  org.elasticsearch.search.aggregations.support.ValuesSourceRegistry
5814:             1             24  org.elasticsearch.search.internal.AliasFilter
5815:             1             24  org.elasticsearch.search.query.QueryPhase
5816:             1             24  org.elasticsearch.search.sort.SortOrder$1
5817:             1             24  org.elasticsearch.search.sort.SortOrder$2
5818:             1             24  org.elasticsearch.secure_sm.SecureSM
5819:             1             24  org.elasticsearch.snapshots.SnapshotsService$OngoingRepositoryOperations
5820:             1             24  org.elasticsearch.tasks.TaskCancellationService
5821:             1             24  org.elasticsearch.tasks.TaskId
5822:             1             24  org.elasticsearch.tasks.TaskResultsService
5823:             1             24  org.elasticsearch.transport.ClusterConnectionManager$1
5824:             1             24  org.elasticsearch.transport.SharedGroupFactory$RefCountedGroup
5825:             1             24  org.elasticsearch.transport.StatsTracker
5826:             1             24  org.elasticsearch.transport.TcpTransport$$Lambda$3688/0x00000008016e72f8
5827:             1             24  org.elasticsearch.transport.Transport$ResponseHandlers
5828:             1             24  org.elasticsearch.transport.TransportService$HandshakeRequest
5829:             1             24  org.elasticsearch.xpack.analytics.AnalyticsFeatureSet
5830:             1             24  org.elasticsearch.xpack.analytics.AnalyticsPlugin
5831:             1             24  org.elasticsearch.xpack.analytics.aggregations.support.AnalyticsValuesSourceType$1
5832:             1             24  org.elasticsearch.xpack.autoscaling.Autoscaling
5833:             1             24  org.elasticsearch.xpack.autoscaling.decision.AutoscalingDecisionService$Holder
5834:             1             24  org.elasticsearch.xpack.ccr.Ccr$$Lambda$3718/0x0000000800ed1b68
5835:             1             24  org.elasticsearch.xpack.ccr.CcrLicenseChecker
5836:             1             24  org.elasticsearch.xpack.cluster.routing.allocation.DataTierAllocationDecider
5837:             1             24  org.elasticsearch.xpack.core.DataTier$1
5838:             1             24  org.elasticsearch.xpack.core.DataTier$2
5839:             1             24  org.elasticsearch.xpack.core.DataTier$3
5840:             1             24  org.elasticsearch.xpack.core.DataTier$4
5841:             1             24  org.elasticsearch.xpack.core.DataTiersFeatureSet
5842:             1             24  org.elasticsearch.xpack.core.XPackBuild
5843:             1             24  org.elasticsearch.xpack.core.action.CreateDataStreamAction
5844:             1             24  org.elasticsearch.xpack.core.action.DataStreamsStatsAction
5845:             1             24  org.elasticsearch.xpack.core.action.DeleteDataStreamAction
5846:             1             24  org.elasticsearch.xpack.core.action.GetDataStreamAction
5847:             1             24  org.elasticsearch.xpack.core.action.ReloadAnalyzerAction
5848:             1             24  org.elasticsearch.xpack.core.action.XPackInfoAction
5849:             1             24  org.elasticsearch.xpack.core.action.XPackUsageAction
5850:             1             24  org.elasticsearch.xpack.core.analytics.EnumCounters
5851:             1             24  org.elasticsearch.xpack.core.analytics.action.AnalyticsStatsAction
5852:             1             24  org.elasticsearch.xpack.core.async.DeleteAsyncResultAction
5853:             1             24  org.elasticsearch.xpack.core.async.DeleteAsyncResultsService
5854:             1             24  org.elasticsearch.xpack.core.ccr.CCRFeatureSet
5855:             1             24  org.elasticsearch.xpack.core.deprecation.DeprecationInfoAction
5856:             1             24  org.elasticsearch.xpack.core.deprecation.NodesDeprecationCheckAction
5857:             1             24  org.elasticsearch.xpack.core.enrich.action.DeleteEnrichPolicyAction
5858:             1             24  org.elasticsearch.xpack.core.enrich.action.EnrichStatsAction
5859:             1             24  org.elasticsearch.xpack.core.enrich.action.ExecuteEnrichPolicyAction
5860:             1             24  org.elasticsearch.xpack.core.enrich.action.GetEnrichPolicyAction
5861:             1             24  org.elasticsearch.xpack.core.enrich.action.PutEnrichPolicyAction
5862:             1             24  org.elasticsearch.xpack.core.frozen.action.FreezeIndexAction
5863:             1             24  org.elasticsearch.xpack.core.graph.action.GraphExploreAction
5864:             1             24  org.elasticsearch.xpack.core.ilm.OperationMode$1
5865:             1             24  org.elasticsearch.xpack.core.ilm.OperationMode$2
5866:             1             24  org.elasticsearch.xpack.core.ilm.OperationMode$3
5867:             1             24  org.elasticsearch.xpack.core.ilm.action.DeleteLifecycleAction
5868:             1             24  org.elasticsearch.xpack.core.ilm.action.ExplainLifecycleAction
5869:             1             24  org.elasticsearch.xpack.core.ilm.action.GetLifecycleAction
5870:             1             24  org.elasticsearch.xpack.core.ilm.action.GetStatusAction
5871:             1             24  org.elasticsearch.xpack.core.ilm.action.MoveToStepAction
5872:             1             24  org.elasticsearch.xpack.core.ilm.action.PutLifecycleAction
5873:             1             24  org.elasticsearch.xpack.core.ilm.action.RemoveIndexLifecyclePolicyAction
5874:             1             24  org.elasticsearch.xpack.core.ilm.action.RetryAction
5875:             1             24  org.elasticsearch.xpack.core.ilm.action.StartILMAction
5876:             1             24  org.elasticsearch.xpack.core.ilm.action.StopILMAction
5877:             1             24  org.elasticsearch.xpack.core.ml.action.CloseJobAction
5878:             1             24  org.elasticsearch.xpack.core.ml.action.DeleteCalendarAction
5879:             1             24  org.elasticsearch.xpack.core.ml.action.DeleteCalendarEventAction
5880:             1             24  org.elasticsearch.xpack.core.ml.action.DeleteDataFrameAnalyticsAction
5881:             1             24  org.elasticsearch.xpack.core.ml.action.DeleteDatafeedAction
5882:             1             24  org.elasticsearch.xpack.core.ml.action.DeleteExpiredDataAction
5883:             1             24  org.elasticsearch.xpack.core.ml.action.DeleteFilterAction
5884:             1             24  org.elasticsearch.xpack.core.ml.action.DeleteForecastAction
5885:             1             24  org.elasticsearch.xpack.core.ml.action.DeleteJobAction
5886:             1             24  org.elasticsearch.xpack.core.ml.action.DeleteModelSnapshotAction
5887:             1             24  org.elasticsearch.xpack.core.ml.action.DeleteTrainedModelAction
5888:             1             24  org.elasticsearch.xpack.core.ml.action.EstimateModelMemoryAction
5889:             1             24  org.elasticsearch.xpack.core.ml.action.EvaluateDataFrameAction
5890:             1             24  org.elasticsearch.xpack.core.ml.action.ExplainDataFrameAnalyticsAction
5891:             1             24  org.elasticsearch.xpack.core.ml.action.FinalizeJobExecutionAction
5892:             1             24  org.elasticsearch.xpack.core.ml.action.FindFileStructureAction
5893:             1             24  org.elasticsearch.xpack.core.ml.action.FlushJobAction
5894:             1             24  org.elasticsearch.xpack.core.ml.action.ForecastJobAction
5895:             1             24  org.elasticsearch.xpack.core.ml.action.GetBucketsAction
5896:             1             24  org.elasticsearch.xpack.core.ml.action.GetCalendarEventsAction
5897:             1             24  org.elasticsearch.xpack.core.ml.action.GetCalendarsAction
5898:             1             24  org.elasticsearch.xpack.core.ml.action.GetCategoriesAction
5899:             1             24  org.elasticsearch.xpack.core.ml.action.GetDataFrameAnalyticsAction
5900:             1             24  org.elasticsearch.xpack.core.ml.action.GetDataFrameAnalyticsStatsAction
5901:             1             24  org.elasticsearch.xpack.core.ml.action.GetDatafeedsAction
5902:             1             24  org.elasticsearch.xpack.core.ml.action.GetDatafeedsStatsAction
5903:             1             24  org.elasticsearch.xpack.core.ml.action.GetFiltersAction
5904:             1             24  org.elasticsearch.xpack.core.ml.action.GetInfluencersAction
5905:             1             24  org.elasticsearch.xpack.core.ml.action.GetJobsAction
5906:             1             24  org.elasticsearch.xpack.core.ml.action.GetJobsStatsAction
5907:             1             24  org.elasticsearch.xpack.core.ml.action.GetModelSnapshotsAction
5908:             1             24  org.elasticsearch.xpack.core.ml.action.GetOverallBucketsAction
5909:             1             24  org.elasticsearch.xpack.core.ml.action.GetRecordsAction
5910:             1             24  org.elasticsearch.xpack.core.ml.action.GetTrainedModelsAction
5911:             1             24  org.elasticsearch.xpack.core.ml.action.GetTrainedModelsStatsAction
5912:             1             24  org.elasticsearch.xpack.core.ml.action.InternalInferModelAction
5913:             1             24  org.elasticsearch.xpack.core.ml.action.IsolateDatafeedAction
5914:             1             24  org.elasticsearch.xpack.core.ml.action.KillProcessAction
5915:             1             24  org.elasticsearch.xpack.core.ml.action.MlInfoAction
5916:             1             24  org.elasticsearch.xpack.core.ml.action.OpenJobAction
5917:             1             24  org.elasticsearch.xpack.core.ml.action.PersistJobAction
5918:             1             24  org.elasticsearch.xpack.core.ml.action.PostCalendarEventsAction
5919:             1             24  org.elasticsearch.xpack.core.ml.action.PostDataAction
5920:             1             24  org.elasticsearch.xpack.core.ml.action.PreviewDatafeedAction
5921:             1             24  org.elasticsearch.xpack.core.ml.action.PutCalendarAction
5922:             1             24  org.elasticsearch.xpack.core.ml.action.PutDataFrameAnalyticsAction
5923:             1             24  org.elasticsearch.xpack.core.ml.action.PutDatafeedAction
5924:             1             24  org.elasticsearch.xpack.core.ml.action.PutFilterAction
5925:             1             24  org.elasticsearch.xpack.core.ml.action.PutJobAction
5926:             1             24  org.elasticsearch.xpack.core.ml.action.PutTrainedModelAction
5927:             1             24  org.elasticsearch.xpack.core.ml.action.RevertModelSnapshotAction
5928:             1             24  org.elasticsearch.xpack.core.ml.action.SetUpgradeModeAction
5929:             1             24  org.elasticsearch.xpack.core.ml.action.StartDataFrameAnalyticsAction
5930:             1             24  org.elasticsearch.xpack.core.ml.action.StartDatafeedAction
5931:             1             24  org.elasticsearch.xpack.core.ml.action.StopDataFrameAnalyticsAction
5932:             1             24  org.elasticsearch.xpack.core.ml.action.StopDatafeedAction
5933:             1             24  org.elasticsearch.xpack.core.ml.action.UpdateCalendarJobAction
5934:             1             24  org.elasticsearch.xpack.core.ml.action.UpdateDataFrameAnalyticsAction
5935:             1             24  org.elasticsearch.xpack.core.ml.action.UpdateDatafeedAction
5936:             1             24  org.elasticsearch.xpack.core.ml.action.UpdateFilterAction
5937:             1             24  org.elasticsearch.xpack.core.ml.action.UpdateJobAction
5938:             1             24  org.elasticsearch.xpack.core.ml.action.UpdateModelSnapshotAction
5939:             1             24  org.elasticsearch.xpack.core.ml.action.UpdateProcessAction
5940:             1             24  org.elasticsearch.xpack.core.ml.action.ValidateDetectorAction
5941:             1             24  org.elasticsearch.xpack.core.ml.action.ValidateJobConfigAction
5942:             1             24  org.elasticsearch.xpack.core.ml.inference.trainedmodel.RegressionConfig
5943:             1             24  org.elasticsearch.xpack.core.ml.inference.trainedmodel.RegressionConfigUpdate
5944:             1             24  org.elasticsearch.xpack.core.monitoring.action.MonitoringBulkAction
5945:             1             24  org.elasticsearch.xpack.core.monitoring.action.MonitoringIndex$1
5946:             1             24  org.elasticsearch.xpack.core.monitoring.action.MonitoringIndex$2
5947:             1             24  org.elasticsearch.xpack.core.rest.action.RestReloadAnalyzersAction
5948:             1             24  org.elasticsearch.xpack.core.rest.action.RestXPackInfoAction
5949:             1             24  org.elasticsearch.xpack.core.rest.action.RestXPackUsageAction
5950:             1             24  org.elasticsearch.xpack.core.rollup.action.DeleteRollupJobAction
5951:             1             24  org.elasticsearch.xpack.core.rollup.action.GetRollupCapsAction
5952:             1             24  org.elasticsearch.xpack.core.rollup.action.GetRollupIndexCapsAction
5953:             1             24  org.elasticsearch.xpack.core.rollup.action.GetRollupJobsAction
5954:             1             24  org.elasticsearch.xpack.core.rollup.action.PutRollupJobAction
5955:             1             24  org.elasticsearch.xpack.core.rollup.action.RollupSearchAction
5956:             1             24  org.elasticsearch.xpack.core.rollup.action.StartRollupJobAction
5957:             1             24  org.elasticsearch.xpack.core.rollup.action.StopRollupJobAction
5958:             1             24  org.elasticsearch.xpack.core.search.action.ClosePointInTimeAction
5959:             1             24  org.elasticsearch.xpack.core.search.action.GetAsyncSearchAction
5960:             1             24  org.elasticsearch.xpack.core.search.action.OpenPointInTimeAction
5961:             1             24  org.elasticsearch.xpack.core.search.action.RestClosePointInTimeAction
5962:             1             24  org.elasticsearch.xpack.core.search.action.RestOpenPointInTimeAction
5963:             1             24  org.elasticsearch.xpack.core.search.action.SubmitAsyncSearchAction
5964:             1             24  org.elasticsearch.xpack.core.searchablesnapshots.MountSearchableSnapshotAction
5965:             1             24  org.elasticsearch.xpack.core.searchablesnapshots.SearchableSnapshotsFeatureSet
5966:             1             24  org.elasticsearch.xpack.core.security.action.ClearSecurityCacheAction
5967:             1             24  org.elasticsearch.xpack.core.security.action.CreateApiKeyAction
5968:             1             24  org.elasticsearch.xpack.core.security.action.DelegatePkiAuthenticationAction
5969:             1             24  org.elasticsearch.xpack.core.security.action.GetApiKeyAction
5970:             1             24  org.elasticsearch.xpack.core.security.action.GrantApiKeyAction
5971:             1             24  org.elasticsearch.xpack.core.security.action.InvalidateApiKeyAction
5972:             1             24  org.elasticsearch.xpack.core.security.action.oidc.OpenIdConnectAuthenticateAction
5973:             1             24  org.elasticsearch.xpack.core.security.action.oidc.OpenIdConnectLogoutAction
5974:             1             24  org.elasticsearch.xpack.core.security.action.oidc.OpenIdConnectPrepareAuthenticationAction
5975:             1             24  org.elasticsearch.xpack.core.security.action.privilege.ClearPrivilegesCacheAction
5976:             1             24  org.elasticsearch.xpack.core.security.action.privilege.DeletePrivilegesAction
5977:             1             24  org.elasticsearch.xpack.core.security.action.privilege.GetBuiltinPrivilegesAction
5978:             1             24  org.elasticsearch.xpack.core.security.action.privilege.GetPrivilegesAction
5979:             1             24  org.elasticsearch.xpack.core.security.action.privilege.PutPrivilegesAction
5980:             1             24  org.elasticsearch.xpack.core.security.action.realm.ClearRealmCacheAction
5981:             1             24  org.elasticsearch.xpack.core.security.action.role.ClearRolesCacheAction
5982:             1             24  org.elasticsearch.xpack.core.security.action.role.DeleteRoleAction
5983:             1             24  org.elasticsearch.xpack.core.security.action.role.GetRolesAction
5984:             1             24  org.elasticsearch.xpack.core.security.action.role.PutRoleAction
5985:             1             24  org.elasticsearch.xpack.core.security.action.rolemapping.DeleteRoleMappingAction
5986:             1             24  org.elasticsearch.xpack.core.security.action.rolemapping.GetRoleMappingsAction
5987:             1             24  org.elasticsearch.xpack.core.security.action.rolemapping.PutRoleMappingAction
5988:             1             24  org.elasticsearch.xpack.core.security.action.saml.SamlAuthenticateAction
5989:             1             24  org.elasticsearch.xpack.core.security.action.saml.SamlCompleteLogoutAction
5990:             1             24  org.elasticsearch.xpack.core.security.action.saml.SamlInvalidateSessionAction
5991:             1             24  org.elasticsearch.xpack.core.security.action.saml.SamlLogoutAction
5992:             1             24  org.elasticsearch.xpack.core.security.action.saml.SamlPrepareAuthenticationAction
5993:             1             24  org.elasticsearch.xpack.core.security.action.token.CreateTokenAction
5994:             1             24  org.elasticsearch.xpack.core.security.action.token.InvalidateTokenAction
5995:             1             24  org.elasticsearch.xpack.core.security.action.token.RefreshTokenAction
5996:             1             24  org.elasticsearch.xpack.core.security.action.user.AuthenticateAction
5997:             1             24  org.elasticsearch.xpack.core.security.action.user.ChangePasswordAction
5998:             1             24  org.elasticsearch.xpack.core.security.action.user.DeleteUserAction
5999:             1             24  org.elasticsearch.xpack.core.security.action.user.GetUserPrivilegesAction
6000:             1             24  org.elasticsearch.xpack.core.security.action.user.GetUsersAction
6001:             1             24  org.elasticsearch.xpack.core.security.action.user.HasPrivilegesAction
6002:             1             24  org.elasticsearch.xpack.core.security.action.user.PutUserAction
6003:             1             24  org.elasticsearch.xpack.core.security.action.user.SetEnabledAction
6004:             1             24  org.elasticsearch.xpack.core.security.authc.Authentication$RealmRef
6005:             1             24  org.elasticsearch.xpack.core.security.authc.KeyAndTimestamp
6006:             1             24  org.elasticsearch.xpack.core.security.authc.TokenMetadata
6007:             1             24  org.elasticsearch.xpack.core.security.authc.support.Hasher$1
6008:             1             24  org.elasticsearch.xpack.core.security.authc.support.Hasher$10
6009:             1             24  org.elasticsearch.xpack.core.security.authc.support.Hasher$11
6010:             1             24  org.elasticsearch.xpack.core.security.authc.support.Hasher$12
6011:             1             24  org.elasticsearch.xpack.core.security.authc.support.Hasher$13
6012:             1             24  org.elasticsearch.xpack.core.security.authc.support.Hasher$14
6013:             1             24  org.elasticsearch.xpack.core.security.authc.support.Hasher$15
6014:             1             24  org.elasticsearch.xpack.core.security.authc.support.Hasher$16
6015:             1             24  org.elasticsearch.xpack.core.security.authc.support.Hasher$17
6016:             1             24  org.elasticsearch.xpack.core.security.authc.support.Hasher$18
6017:             1             24  org.elasticsearch.xpack.core.security.authc.support.Hasher$19
6018:             1             24  org.elasticsearch.xpack.core.security.authc.support.Hasher$2
6019:             1             24  org.elasticsearch.xpack.core.security.authc.support.Hasher$20
6020:             1             24  org.elasticsearch.xpack.core.security.authc.support.Hasher$21
6021:             1             24  org.elasticsearch.xpack.core.security.authc.support.Hasher$22
6022:             1             24  org.elasticsearch.xpack.core.security.authc.support.Hasher$23
6023:             1             24  org.elasticsearch.xpack.core.security.authc.support.Hasher$24
6024:             1             24  org.elasticsearch.xpack.core.security.authc.support.Hasher$3
6025:             1             24  org.elasticsearch.xpack.core.security.authc.support.Hasher$4
6026:             1             24  org.elasticsearch.xpack.core.security.authc.support.Hasher$5
6027:             1             24  org.elasticsearch.xpack.core.security.authc.support.Hasher$6
6028:             1             24  org.elasticsearch.xpack.core.security.authc.support.Hasher$7
6029:             1             24  org.elasticsearch.xpack.core.security.authc.support.Hasher$8
6030:             1             24  org.elasticsearch.xpack.core.security.authc.support.Hasher$9
6031:             1             24  org.elasticsearch.xpack.core.security.authz.accesscontrol.IndicesAccessControl$IndexAccessControl
6032:             1             24  org.elasticsearch.xpack.core.security.authz.permission.DocumentPermissions
6033:             1             24  org.elasticsearch.xpack.core.security.authz.privilege.ConfigurableClusterPrivilege$Category
6034:             1             24  org.elasticsearch.xpack.core.security.authz.privilege.HealthAndStatsPrivilege
6035:             1             24  org.elasticsearch.xpack.core.security.authz.privilege.SystemPrivilege
6036:             1             24  org.elasticsearch.xpack.core.security.support.CacheIteratorHelper
6037:             1             24  org.elasticsearch.xpack.core.security.transport.SecurityTransportExceptionHandler
6038:             1             24  org.elasticsearch.xpack.core.slm.action.DeleteSnapshotLifecycleAction
6039:             1             24  org.elasticsearch.xpack.core.slm.action.ExecuteSnapshotLifecycleAction
6040:             1             24  org.elasticsearch.xpack.core.slm.action.ExecuteSnapshotRetentionAction
6041:             1             24  org.elasticsearch.xpack.core.slm.action.GetSLMStatusAction
6042:             1             24  org.elasticsearch.xpack.core.slm.action.GetSnapshotLifecycleAction
6043:             1             24  org.elasticsearch.xpack.core.slm.action.GetSnapshotLifecycleStatsAction
6044:             1             24  org.elasticsearch.xpack.core.slm.action.PutSnapshotLifecycleAction
6045:             1             24  org.elasticsearch.xpack.core.slm.action.StartSLMAction
6046:             1             24  org.elasticsearch.xpack.core.slm.action.StopSLMAction
6047:             1             24  org.elasticsearch.xpack.core.slm.history.SnapshotHistoryStore
6048:             1             24  org.elasticsearch.xpack.core.ssl.RestrictedTrustConfig
6049:             1             24  org.elasticsearch.xpack.core.ssl.RestrictedTrustManager
6050:             1             24  org.elasticsearch.xpack.core.ssl.SSLClientAuth$1
6051:             1             24  org.elasticsearch.xpack.core.ssl.SSLClientAuth$2
6052:             1             24  org.elasticsearch.xpack.core.ssl.SSLClientAuth$3
6053:             1             24  org.elasticsearch.xpack.core.ssl.SSLConfigurationReloader$ChangeListener
6054:             1             24  org.elasticsearch.xpack.core.ssl.VerificationMode$1
6055:             1             24  org.elasticsearch.xpack.core.ssl.VerificationMode$2
6056:             1             24  org.elasticsearch.xpack.core.ssl.VerificationMode$3
6057:             1             24  org.elasticsearch.xpack.core.ssl.action.GetCertificateInfoAction
6058:             1             24  org.elasticsearch.xpack.core.ssl.rest.RestGetCertificateInfoAction
6059:             1             24  org.elasticsearch.xpack.core.transform.action.DeleteTransformAction
6060:             1             24  org.elasticsearch.xpack.core.transform.action.GetTransformAction
6061:             1             24  org.elasticsearch.xpack.core.transform.action.GetTransformStatsAction
6062:             1             24  org.elasticsearch.xpack.core.transform.action.PreviewTransformAction
6063:             1             24  org.elasticsearch.xpack.core.transform.action.PutTransformAction
6064:             1             24  org.elasticsearch.xpack.core.transform.action.StartTransformAction
6065:             1             24  org.elasticsearch.xpack.core.transform.action.StopTransformAction
6066:             1             24  org.elasticsearch.xpack.core.transform.action.UpdateTransformAction
6067:             1             24  org.elasticsearch.xpack.core.transform.action.compat.DeleteTransformActionDeprecated
6068:             1             24  org.elasticsearch.xpack.core.transform.action.compat.GetTransformActionDeprecated
6069:             1             24  org.elasticsearch.xpack.core.transform.action.compat.GetTransformStatsActionDeprecated
6070:             1             24  org.elasticsearch.xpack.core.transform.action.compat.PreviewTransformActionDeprecated
6071:             1             24  org.elasticsearch.xpack.core.transform.action.compat.PutTransformActionDeprecated
6072:             1             24  org.elasticsearch.xpack.core.transform.action.compat.StartTransformActionDeprecated
6073:             1             24  org.elasticsearch.xpack.core.transform.action.compat.StopTransformActionDeprecated
6074:             1             24  org.elasticsearch.xpack.core.transform.action.compat.UpdateTransformActionDeprecated
6075:             1             24  org.elasticsearch.xpack.core.watcher.condition.ConditionRegistry
6076:             1             24  org.elasticsearch.xpack.core.watcher.transform.chain.ChainTransformFactory
6077:             1             24  org.elasticsearch.xpack.core.watcher.transport.actions.ack.AckWatchAction
6078:             1             24  org.elasticsearch.xpack.core.watcher.transport.actions.activate.ActivateWatchAction
6079:             1             24  org.elasticsearch.xpack.core.watcher.transport.actions.delete.DeleteWatchAction
6080:             1             24  org.elasticsearch.xpack.core.watcher.transport.actions.execute.ExecuteWatchAction
6081:             1             24  org.elasticsearch.xpack.core.watcher.transport.actions.get.GetWatchAction
6082:             1             24  org.elasticsearch.xpack.core.watcher.transport.actions.put.PutWatchAction
6083:             1             24  org.elasticsearch.xpack.core.watcher.transport.actions.service.WatcherServiceAction
6084:             1             24  org.elasticsearch.xpack.core.watcher.transport.actions.stats.WatcherStatsAction
6085:             1             24  org.elasticsearch.xpack.datastreams.rest.RestCreateDataStreamAction
6086:             1             24  org.elasticsearch.xpack.datastreams.rest.RestDataStreamsStatsAction
6087:             1             24  org.elasticsearch.xpack.datastreams.rest.RestDeleteDataStreamAction
6088:             1             24  org.elasticsearch.xpack.datastreams.rest.RestGetDataStreamsAction
6089:             1             24  org.elasticsearch.xpack.deprecation.RestDeprecationInfoAction
6090:             1             24  org.elasticsearch.xpack.enrich.EnrichPlugin
6091:             1             24  org.elasticsearch.xpack.enrich.EnrichPolicyLocks
6092:             1             24  org.elasticsearch.xpack.enrich.EnrichProcessorFactory
6093:             1             24  org.elasticsearch.xpack.enrich.action.EnrichCoordinatorProxyAction
6094:             1             24  org.elasticsearch.xpack.enrich.action.EnrichCoordinatorStatsAction
6095:             1             24  org.elasticsearch.xpack.enrich.action.EnrichShardMultiSearchAction
6096:             1             24  org.elasticsearch.xpack.enrich.rest.RestDeleteEnrichPolicyAction
6097:             1             24  org.elasticsearch.xpack.enrich.rest.RestEnrichStatsAction
6098:             1             24  org.elasticsearch.xpack.enrich.rest.RestExecuteEnrichPolicyAction
6099:             1             24  org.elasticsearch.xpack.enrich.rest.RestGetEnrichPolicyAction
6100:             1             24  org.elasticsearch.xpack.enrich.rest.RestPutEnrichPolicyAction
6101:             1             24  org.elasticsearch.xpack.eql.EqlFeatureSet
6102:             1             24  org.elasticsearch.xpack.eql.action.EqlSearchAction
6103:             1             24  org.elasticsearch.xpack.eql.expression.function.EqlFunctionRegistry
6104:             1             24  org.elasticsearch.xpack.eql.optimizer.Optimizer
6105:             1             24  org.elasticsearch.xpack.eql.planner.Mapper
6106:             1             24  org.elasticsearch.xpack.eql.planner.Planner
6107:             1             24  org.elasticsearch.xpack.eql.planner.QueryFolder
6108:             1             24  org.elasticsearch.xpack.eql.planner.QueryFolder$FoldFilter
6109:             1             24  org.elasticsearch.xpack.eql.planner.QueryFolder$FoldLimit
6110:             1             24  org.elasticsearch.xpack.eql.planner.QueryFolder$FoldOrderBy
6111:             1             24  org.elasticsearch.xpack.eql.planner.QueryFolder$FoldProject
6112:             1             24  org.elasticsearch.xpack.eql.planner.QueryFolder$PlanOutputToQueryRef
6113:             1             24  org.elasticsearch.xpack.eql.plugin.EqlAsyncGetResultAction
6114:             1             24  org.elasticsearch.xpack.eql.plugin.EqlStatsAction
6115:             1             24  org.elasticsearch.xpack.eql.plugin.RestEqlDeleteAsyncResultAction
6116:             1             24  org.elasticsearch.xpack.eql.plugin.RestEqlGetAsyncResultAction
6117:             1             24  org.elasticsearch.xpack.eql.plugin.RestEqlSearchAction
6118:             1             24  org.elasticsearch.xpack.eql.plugin.RestEqlStatsAction
6119:             1             24  org.elasticsearch.xpack.eql.stats.Metrics
6120:             1             24  org.elasticsearch.xpack.eql.stats.QueryMetric
6121:             1             24  org.elasticsearch.xpack.flattened.FlattenedFeatureSet
6122:             1             24  org.elasticsearch.xpack.frozen.rest.action.RestFreezeIndexAction
6123:             1             24  org.elasticsearch.xpack.graph.GraphFeatureSet
6124:             1             24  org.elasticsearch.xpack.graph.rest.action.RestGraphAction
6125:             1             24  org.elasticsearch.xpack.idp.IdentityProviderPlugin
6126:             1             24  org.elasticsearch.xpack.ilm.IndexLifecycleFeatureSet
6127:             1             24  org.elasticsearch.xpack.ilm.action.RestDeleteLifecycleAction
6128:             1             24  org.elasticsearch.xpack.ilm.action.RestExplainLifecycleAction
6129:             1             24  org.elasticsearch.xpack.ilm.action.RestGetLifecycleAction
6130:             1             24  org.elasticsearch.xpack.ilm.action.RestGetStatusAction
6131:             1             24  org.elasticsearch.xpack.ilm.action.RestMoveToStepAction
6132:             1             24  org.elasticsearch.xpack.ilm.action.RestPutLifecycleAction
6133:             1             24  org.elasticsearch.xpack.ilm.action.RestRemoveIndexLifecyclePolicyAction
6134:             1             24  org.elasticsearch.xpack.ilm.action.RestRetryAction
6135:             1             24  org.elasticsearch.xpack.ilm.action.RestStartILMAction
6136:             1             24  org.elasticsearch.xpack.ilm.action.RestStopAction
6137:             1             24  org.elasticsearch.xpack.ilm.history.ILMHistoryStore
6138:             1             24  org.elasticsearch.xpack.ilm.history.ILMHistoryStore$1
6139:             1             24  org.elasticsearch.xpack.logstash.action.DeletePipelineAction
6140:             1             24  org.elasticsearch.xpack.logstash.action.GetPipelineAction
6141:             1             24  org.elasticsearch.xpack.logstash.action.PutPipelineAction
6142:             1             24  org.elasticsearch.xpack.logstash.rest.RestDeletePipelineAction
6143:             1             24  org.elasticsearch.xpack.logstash.rest.RestGetPipelineAction
6144:             1             24  org.elasticsearch.xpack.logstash.rest.RestPutPipelineAction
6145:             1             24  org.elasticsearch.xpack.ml.MachineLearning$1
6146:             1             24  org.elasticsearch.xpack.ml.MlInitializationService$1
6147:             1             24  org.elasticsearch.xpack.ml.annotations.AnnotationPersister
6148:             1             24  org.elasticsearch.xpack.ml.datafeed.DatafeedManager$TaskRunner
6149:             1             24  org.elasticsearch.xpack.ml.dataframe.persistence.DataFrameAnalyticsConfigProvider
6150:             1             24  org.elasticsearch.xpack.ml.dataframe.process.MemoryUsageEstimationProcessManager
6151:             1             24  org.elasticsearch.xpack.ml.inference.persistence.TrainedModelProvider
6152:             1             24  org.elasticsearch.xpack.ml.job.persistence.JobDataCountsPersister
6153:             1             24  org.elasticsearch.xpack.ml.job.persistence.JobResultsPersister
6154:             1             24  org.elasticsearch.xpack.ml.job.process.normalizer.NormalizerFactory
6155:             1             24  org.elasticsearch.xpack.ml.process.NativeController
6156:             1             24  org.elasticsearch.xpack.ml.process.NativeStorageProvider
6157:             1             24  org.elasticsearch.xpack.ml.rest.RestDeleteExpiredDataAction
6158:             1             24  org.elasticsearch.xpack.ml.rest.RestFindFileStructureAction
6159:             1             24  org.elasticsearch.xpack.ml.rest.RestMlInfoAction
6160:             1             24  org.elasticsearch.xpack.ml.rest.RestSetUpgradeModeAction
6161:             1             24  org.elasticsearch.xpack.ml.rest.calendar.RestDeleteCalendarAction
6162:             1             24  org.elasticsearch.xpack.ml.rest.calendar.RestDeleteCalendarEventAction
6163:             1             24  org.elasticsearch.xpack.ml.rest.calendar.RestDeleteCalendarJobAction
6164:             1             24  org.elasticsearch.xpack.ml.rest.calendar.RestGetCalendarEventsAction
6165:             1             24  org.elasticsearch.xpack.ml.rest.calendar.RestGetCalendarsAction
6166:             1             24  org.elasticsearch.xpack.ml.rest.calendar.RestPostCalendarEventAction
6167:             1             24  org.elasticsearch.xpack.ml.rest.calendar.RestPutCalendarAction
6168:             1             24  org.elasticsearch.xpack.ml.rest.calendar.RestPutCalendarJobAction
6169:             1             24  org.elasticsearch.xpack.ml.rest.cat.RestCatDataFrameAnalyticsAction
6170:             1             24  org.elasticsearch.xpack.ml.rest.cat.RestCatDatafeedsAction
6171:             1             24  org.elasticsearch.xpack.ml.rest.cat.RestCatJobsAction
6172:             1             24  org.elasticsearch.xpack.ml.rest.cat.RestCatTrainedModelsAction
6173:             1             24  org.elasticsearch.xpack.ml.rest.datafeeds.RestDeleteDatafeedAction
6174:             1             24  org.elasticsearch.xpack.ml.rest.datafeeds.RestGetDatafeedStatsAction
6175:             1             24  org.elasticsearch.xpack.ml.rest.datafeeds.RestGetDatafeedsAction
6176:             1             24  org.elasticsearch.xpack.ml.rest.datafeeds.RestPreviewDatafeedAction
6177:             1             24  org.elasticsearch.xpack.ml.rest.datafeeds.RestPutDatafeedAction
6178:             1             24  org.elasticsearch.xpack.ml.rest.datafeeds.RestStartDatafeedAction
6179:             1             24  org.elasticsearch.xpack.ml.rest.datafeeds.RestStopDatafeedAction
6180:             1             24  org.elasticsearch.xpack.ml.rest.datafeeds.RestUpdateDatafeedAction
6181:             1             24  org.elasticsearch.xpack.ml.rest.dataframe.RestDeleteDataFrameAnalyticsAction
6182:             1             24  org.elasticsearch.xpack.ml.rest.dataframe.RestEvaluateDataFrameAction
6183:             1             24  org.elasticsearch.xpack.ml.rest.dataframe.RestExplainDataFrameAnalyticsAction
6184:             1             24  org.elasticsearch.xpack.ml.rest.dataframe.RestGetDataFrameAnalyticsAction
6185:             1             24  org.elasticsearch.xpack.ml.rest.dataframe.RestGetDataFrameAnalyticsStatsAction
6186:             1             24  org.elasticsearch.xpack.ml.rest.dataframe.RestPostDataFrameAnalyticsUpdateAction
6187:             1             24  org.elasticsearch.xpack.ml.rest.dataframe.RestPutDataFrameAnalyticsAction
6188:             1             24  org.elasticsearch.xpack.ml.rest.dataframe.RestStartDataFrameAnalyticsAction
6189:             1             24  org.elasticsearch.xpack.ml.rest.dataframe.RestStopDataFrameAnalyticsAction
6190:             1             24  org.elasticsearch.xpack.ml.rest.filter.RestDeleteFilterAction
6191:             1             24  org.elasticsearch.xpack.ml.rest.filter.RestGetFiltersAction
6192:             1             24  org.elasticsearch.xpack.ml.rest.filter.RestPutFilterAction
6193:             1             24  org.elasticsearch.xpack.ml.rest.filter.RestUpdateFilterAction
6194:             1             24  org.elasticsearch.xpack.ml.rest.inference.RestDeleteTrainedModelAction
6195:             1             24  org.elasticsearch.xpack.ml.rest.inference.RestGetTrainedModelsAction
6196:             1             24  org.elasticsearch.xpack.ml.rest.inference.RestGetTrainedModelsStatsAction
6197:             1             24  org.elasticsearch.xpack.ml.rest.inference.RestPutTrainedModelAction
6198:             1             24  org.elasticsearch.xpack.ml.rest.job.RestCloseJobAction
6199:             1             24  org.elasticsearch.xpack.ml.rest.job.RestDeleteForecastAction
6200:             1             24  org.elasticsearch.xpack.ml.rest.job.RestDeleteJobAction
6201:             1             24  org.elasticsearch.xpack.ml.rest.job.RestEstimateModelMemoryAction
6202:             1             24  org.elasticsearch.xpack.ml.rest.job.RestFlushJobAction
6203:             1             24  org.elasticsearch.xpack.ml.rest.job.RestForecastJobAction
6204:             1             24  org.elasticsearch.xpack.ml.rest.job.RestGetJobStatsAction
6205:             1             24  org.elasticsearch.xpack.ml.rest.job.RestGetJobsAction
6206:             1             24  org.elasticsearch.xpack.ml.rest.job.RestOpenJobAction
6207:             1             24  org.elasticsearch.xpack.ml.rest.job.RestPostDataAction
6208:             1             24  org.elasticsearch.xpack.ml.rest.job.RestPostJobUpdateAction
6209:             1             24  org.elasticsearch.xpack.ml.rest.job.RestPutJobAction
6210:             1             24  org.elasticsearch.xpack.ml.rest.modelsnapshots.RestDeleteModelSnapshotAction
6211:             1             24  org.elasticsearch.xpack.ml.rest.modelsnapshots.RestGetModelSnapshotsAction
6212:             1             24  org.elasticsearch.xpack.ml.rest.modelsnapshots.RestRevertModelSnapshotAction
6213:             1             24  org.elasticsearch.xpack.ml.rest.modelsnapshots.RestUpdateModelSnapshotAction
6214:             1             24  org.elasticsearch.xpack.ml.rest.results.RestGetBucketsAction
6215:             1             24  org.elasticsearch.xpack.ml.rest.results.RestGetCategoriesAction
6216:             1             24  org.elasticsearch.xpack.ml.rest.results.RestGetInfluencersAction
6217:             1             24  org.elasticsearch.xpack.ml.rest.results.RestGetOverallBucketsAction
6218:             1             24  org.elasticsearch.xpack.ml.rest.results.RestGetRecordsAction
6219:             1             24  org.elasticsearch.xpack.ml.rest.validate.RestValidateDetectorAction
6220:             1             24  org.elasticsearch.xpack.ml.rest.validate.RestValidateJobConfigAction
6221:             1             24  org.elasticsearch.xpack.ml.utils.persistence.ResultsPersisterService
6222:             1             24  org.elasticsearch.xpack.monitoring.Monitoring
6223:             1             24  org.elasticsearch.xpack.monitoring.Monitoring$$Lambda$2839/0x0000000800ea7340
6224:             1             24  org.elasticsearch.xpack.monitoring.Monitoring$$Lambda$2840/0x0000000800ea7568
6225:             1             24  org.elasticsearch.xpack.monitoring.MonitoringFeatureSet
6226:             1             24  org.elasticsearch.xpack.monitoring.MonitoringService$MonitoringExecution
6227:             1             24  org.elasticsearch.xpack.monitoring.rest.action.RestMonitoringBulkAction
6228:             1             24  org.elasticsearch.xpack.ql.expression.function.FunctionRegistry$$Lambda$3318/0x00000008016223a8
6229:             1             24  org.elasticsearch.xpack.repositories.metering.action.ClearRepositoriesMeteringArchiveAction
6230:             1             24  org.elasticsearch.xpack.repositories.metering.action.RepositoriesMeteringAction
6231:             1             24  org.elasticsearch.xpack.repositories.metering.rest.RestClearRepositoriesMeteringArchiveAction
6232:             1             24  org.elasticsearch.xpack.repositories.metering.rest.RestGetRepositoriesMeteringAction
6233:             1             24  org.elasticsearch.xpack.rollup.Rollup
6234:             1             24  org.elasticsearch.xpack.rollup.rest.RestDeleteRollupJobAction
6235:             1             24  org.elasticsearch.xpack.rollup.rest.RestGetRollupCapsAction
6236:             1             24  org.elasticsearch.xpack.rollup.rest.RestGetRollupIndexCapsAction
6237:             1             24  org.elasticsearch.xpack.rollup.rest.RestGetRollupJobsAction
6238:             1             24  org.elasticsearch.xpack.rollup.rest.RestPutRollupJobAction
6239:             1             24  org.elasticsearch.xpack.rollup.rest.RestRollupSearchAction
6240:             1             24  org.elasticsearch.xpack.rollup.rest.RestStartRollupJobAction
6241:             1             24  org.elasticsearch.xpack.rollup.rest.RestStopRollupJobAction
6242:             1             24  org.elasticsearch.xpack.search.RestDeleteAsyncSearchAction
6243:             1             24  org.elasticsearch.xpack.search.RestGetAsyncSearchAction
6244:             1             24  org.elasticsearch.xpack.search.RestSubmitAsyncSearchAction
6245:             1             24  org.elasticsearch.xpack.searchablesnapshots.action.ClearSearchableSnapshotsCacheAction
6246:             1             24  org.elasticsearch.xpack.searchablesnapshots.action.RepositoryStatsAction
6247:             1             24  org.elasticsearch.xpack.searchablesnapshots.action.SearchableSnapshotsStatsAction
6248:             1             24  org.elasticsearch.xpack.searchablesnapshots.rest.RestClearSearchableSnapshotsCacheAction
6249:             1             24  org.elasticsearch.xpack.searchablesnapshots.rest.RestMountSearchableSnapshotAction
6250:             1             24  org.elasticsearch.xpack.searchablesnapshots.rest.RestRepositoryStatsAction
6251:             1             24  org.elasticsearch.xpack.searchablesnapshots.rest.RestSearchableSnapshotsStatsAction
6252:             1             24  org.elasticsearch.xpack.security.Security$$Lambda$3068/0x0000000801556e50
6253:             1             24  org.elasticsearch.xpack.security.Security$$Lambda$3081/0x0000000801560280
6254:             1             24  org.elasticsearch.xpack.security.Security$$Lambda$3662/0x00000008016c1998
6255:             1             24  org.elasticsearch.xpack.security.audit.AuditTrailService
6256:             1             24  org.elasticsearch.xpack.security.authc.ApiKeyService$ApiKeyDocCache
6257:             1             24  org.elasticsearch.xpack.security.authc.ExpiredApiKeysRemover
6258:             1             24  org.elasticsearch.xpack.security.authc.InternalRealms$$Lambda$2972/0x000000080139bcc0
6259:             1             24  org.elasticsearch.xpack.security.authc.InternalRealms$$Lambda$2973/0x000000080139bee8
6260:             1             24  org.elasticsearch.xpack.security.authc.InternalRealms$$Lambda$2976/0x000000080139c560
6261:             1             24  org.elasticsearch.xpack.security.authc.InternalRealms$$Lambda$2977/0x000000080139c788
6262:             1             24  org.elasticsearch.xpack.security.authc.InternalRealms$$Lambda$2978/0x000000080139c9b0
6263:             1             24  org.elasticsearch.xpack.security.authc.InternalRealms$$Lambda$2979/0x000000080139cbd8
6264:             1             24  org.elasticsearch.xpack.security.authc.TokenService$TokenKeys
6265:             1             24  org.elasticsearch.xpack.security.authc.file.FileUserRolesStore
6266:             1             24  org.elasticsearch.xpack.security.authc.saml.IdpConfiguration
6267:             1             24  org.elasticsearch.xpack.security.authc.saml.SamlAuthnRequestBuilder$NameIDPolicySettings
6268:             1             24  org.elasticsearch.xpack.security.authc.saml.SamlRealm$$Lambda$3016/0x000000080154b800
6269:             1             24  org.elasticsearch.xpack.security.authc.saml.SamlRealm$$Lambda$3017/0x000000080154f300
6270:             1             24  org.elasticsearch.xpack.security.authc.saml.SamlRealm$FileListener
6271:             1             24  org.elasticsearch.xpack.security.authc.saml.SigningConfiguration
6272:             1             24  org.elasticsearch.xpack.security.authc.support.DelegatedAuthorizationSupport
6273:             1             24  org.elasticsearch.xpack.security.authc.support.RealmUserLookup
6274:             1             24  org.elasticsearch.xpack.security.authc.support.SecondaryAuthenticator
6275:             1             24  org.elasticsearch.xpack.security.authz.IndicesAndAliasesResolver
6276:             1             24  org.elasticsearch.xpack.security.authz.IndicesAndAliasesResolver$RemoteClusterResolver
6277:             1             24  org.elasticsearch.xpack.security.authz.RBACEngine
6278:             1             24  org.elasticsearch.xpack.security.authz.interceptor.BulkShardRequestInterceptor
6279:             1             24  org.elasticsearch.xpack.security.authz.interceptor.IndicesAliasesRequestInterceptor
6280:             1             24  org.elasticsearch.xpack.security.authz.interceptor.ResizeRequestInterceptor
6281:             1             24  org.elasticsearch.xpack.security.authz.interceptor.SearchRequestInterceptor
6282:             1             24  org.elasticsearch.xpack.security.authz.interceptor.UpdateRequestInterceptor
6283:             1             24  org.elasticsearch.xpack.security.ingest.SetSecurityUserProcessor$Factory
6284:             1             24  org.elasticsearch.xpack.security.support.SecurityStatusChangeListener
6285:             1             24  org.elasticsearch.xpack.security.transport.SecurityHttpExceptionHandler
6286:             1             24  org.elasticsearch.xpack.security.transport.SecurityServerTransportInterceptor$1
6287:             1             24  org.elasticsearch.xpack.security.transport.filter.IPFilter$1
6288:             1             24  org.elasticsearch.xpack.security.transport.filter.SecurityIpFilterRule$1
6289:             1             24  org.elasticsearch.xpack.security.transport.filter.SecurityIpFilterRule$2
6290:             1             24  org.elasticsearch.xpack.slm.SLMFeatureSet
6291:             1             24  org.elasticsearch.xpack.slm.SnapshotLifecycleTask
6292:             1             24  org.elasticsearch.xpack.slm.action.RestDeleteSnapshotLifecycleAction
6293:             1             24  org.elasticsearch.xpack.slm.action.RestExecuteSnapshotLifecycleAction
6294:             1             24  org.elasticsearch.xpack.slm.action.RestExecuteSnapshotRetentionAction
6295:             1             24  org.elasticsearch.xpack.slm.action.RestGetSLMStatusAction
6296:             1             24  org.elasticsearch.xpack.slm.action.RestGetSnapshotLifecycleAction
6297:             1             24  org.elasticsearch.xpack.slm.action.RestGetSnapshotLifecycleStatsAction
6298:             1             24  org.elasticsearch.xpack.slm.action.RestPutSnapshotLifecycleAction
6299:             1             24  org.elasticsearch.xpack.slm.action.RestStartSLMAction
6300:             1             24  org.elasticsearch.xpack.slm.action.RestStopSLMAction
6301:             1             24  org.elasticsearch.xpack.sql.SqlFeatureSet
6302:             1             24  org.elasticsearch.xpack.sql.action.SqlClearCursorAction
6303:             1             24  org.elasticsearch.xpack.sql.action.SqlQueryAction
6304:             1             24  org.elasticsearch.xpack.sql.action.SqlTranslateAction
6305:             1             24  org.elasticsearch.xpack.sql.analysis.analyzer.Analyzer$CleanAliases
6306:             1             24  org.elasticsearch.xpack.sql.expression.function.SqlFunctionRegistry
6307:             1             24  org.elasticsearch.xpack.sql.optimizer.Optimizer
6308:             1             24  org.elasticsearch.xpack.sql.optimizer.Optimizer$PromoteStatsToExtendedStats
6309:             1             24  org.elasticsearch.xpack.sql.optimizer.Optimizer$PruneCast
6310:             1             24  org.elasticsearch.xpack.sql.optimizer.Optimizer$ReplaceAggsWithExtendedStats
6311:             1             24  org.elasticsearch.xpack.sql.optimizer.Optimizer$ReplaceAggsWithMatrixStats
6312:             1             24  org.elasticsearch.xpack.sql.optimizer.Optimizer$ReplaceAggsWithPercentileRanks
6313:             1             24  org.elasticsearch.xpack.sql.optimizer.Optimizer$ReplaceAggsWithPercentiles
6314:             1             24  org.elasticsearch.xpack.sql.optimizer.Optimizer$ReplaceAggsWithStats
6315:             1             24  org.elasticsearch.xpack.sql.optimizer.Optimizer$ReplaceFoldableAttributes
6316:             1             24  org.elasticsearch.xpack.sql.optimizer.Optimizer$ReplaceReferenceAttributeWithSource
6317:             1             24  org.elasticsearch.xpack.sql.planner.Mapper
6318:             1             24  org.elasticsearch.xpack.sql.planner.Planner
6319:             1             24  org.elasticsearch.xpack.sql.planner.QueryFolder
6320:             1             24  org.elasticsearch.xpack.sql.planner.QueryFolder$FoldAggregate
6321:             1             24  org.elasticsearch.xpack.sql.planner.QueryFolder$FoldFilter
6322:             1             24  org.elasticsearch.xpack.sql.planner.QueryFolder$FoldLimit
6323:             1             24  org.elasticsearch.xpack.sql.planner.QueryFolder$FoldOrderBy
6324:             1             24  org.elasticsearch.xpack.sql.planner.QueryFolder$FoldPivot
6325:             1             24  org.elasticsearch.xpack.sql.planner.QueryFolder$FoldProject
6326:             1             24  org.elasticsearch.xpack.sql.planner.QueryFolder$LocalLimit
6327:             1             24  org.elasticsearch.xpack.sql.planner.QueryFolder$PlanOutputToQueryRef
6328:             1             24  org.elasticsearch.xpack.sql.planner.QueryFolder$PropagateEmptyLocal
6329:             1             24  org.elasticsearch.xpack.sql.plugin.RestSqlClearCursorAction
6330:             1             24  org.elasticsearch.xpack.sql.plugin.RestSqlQueryAction
6331:             1             24  org.elasticsearch.xpack.sql.plugin.RestSqlStatsAction
6332:             1             24  org.elasticsearch.xpack.sql.plugin.RestSqlTranslateAction
6333:             1             24  org.elasticsearch.xpack.sql.plugin.SqlStatsAction
6334:             1             24  org.elasticsearch.xpack.sql.stats.Metrics
6335:             1             24  org.elasticsearch.xpack.transform.Transform
6336:             1             24  org.elasticsearch.xpack.transform.Transform$1
6337:             1             24  org.elasticsearch.xpack.transform.TransformClusterStateListener
6338:             1             24  org.elasticsearch.xpack.transform.TransformFeatureSet
6339:             1             24  org.elasticsearch.xpack.transform.checkpoint.RemoteClusterResolver
6340:             1             24  org.elasticsearch.xpack.transform.checkpoint.TransformCheckpointService
6341:             1             24  org.elasticsearch.xpack.transform.persistence.IndexBasedTransformConfigManager
6342:             1             24  org.elasticsearch.xpack.transform.rest.action.RestCatTransformAction
6343:             1             24  org.elasticsearch.xpack.transform.rest.action.RestDeleteTransformAction
6344:             1             24  org.elasticsearch.xpack.transform.rest.action.RestGetTransformAction
6345:             1             24  org.elasticsearch.xpack.transform.rest.action.RestGetTransformStatsAction
6346:             1             24  org.elasticsearch.xpack.transform.rest.action.RestPreviewTransformAction
6347:             1             24  org.elasticsearch.xpack.transform.rest.action.RestPutTransformAction
6348:             1             24  org.elasticsearch.xpack.transform.rest.action.RestStartTransformAction
6349:             1             24  org.elasticsearch.xpack.transform.rest.action.RestStopTransformAction
6350:             1             24  org.elasticsearch.xpack.transform.rest.action.RestUpdateTransformAction
6351:             1             24  org.elasticsearch.xpack.transform.rest.action.compat.RestDeleteTransformActionDeprecated
6352:             1             24  org.elasticsearch.xpack.transform.rest.action.compat.RestGetTransformActionDeprecated
6353:             1             24  org.elasticsearch.xpack.transform.rest.action.compat.RestGetTransformStatsActionDeprecated
6354:             1             24  org.elasticsearch.xpack.transform.rest.action.compat.RestPreviewTransformActionDeprecated
6355:             1             24  org.elasticsearch.xpack.transform.rest.action.compat.RestPutTransformActionDeprecated
6356:             1             24  org.elasticsearch.xpack.transform.rest.action.compat.RestStartTransformActionDeprecated
6357:             1             24  org.elasticsearch.xpack.transform.rest.action.compat.RestStopTransformActionDeprecated
6358:             1             24  org.elasticsearch.xpack.transform.rest.action.compat.RestUpdateTransformActionDeprecated
6359:             1             24  org.elasticsearch.xpack.vectors.VectorsFeatureSet
6360:             1             24  org.elasticsearch.xpack.watcher.WatcherFeatureSet
6361:             1             24  org.elasticsearch.xpack.watcher.WatcherIndexingListener$Configuration
6362:             1             24  org.elasticsearch.xpack.watcher.actions.jira.JiraActionFactory
6363:             1             24  org.elasticsearch.xpack.watcher.actions.logging.LoggingActionFactory
6364:             1             24  org.elasticsearch.xpack.watcher.actions.pagerduty.PagerDutyActionFactory
6365:             1             24  org.elasticsearch.xpack.watcher.actions.slack.SlackActionFactory
6366:             1             24  org.elasticsearch.xpack.watcher.actions.webhook.WebhookActionFactory
6367:             1             24  org.elasticsearch.xpack.watcher.common.http.HttpClient$1
6368:             1             24  org.elasticsearch.xpack.watcher.common.http.HttpProxy
6369:             1             24  org.elasticsearch.xpack.watcher.history.HistoryStore
6370:             1             24  org.elasticsearch.xpack.watcher.input.http.HttpInputFactory
6371:             1             24  org.elasticsearch.xpack.watcher.input.search.SearchInputFactory
6372:             1             24  org.elasticsearch.xpack.watcher.notification.NotificationService$$Lambda$3139/0x0000000801594498
6373:             1             24  org.elasticsearch.xpack.watcher.notification.email.HtmlSanitizer
6374:             1             24  org.elasticsearch.xpack.watcher.notification.email.attachment.HttpEmailAttachementParser
6375:             1             24  org.elasticsearch.xpack.watcher.rest.action.RestAckWatchAction
6376:             1             24  org.elasticsearch.xpack.watcher.rest.action.RestActivateWatchAction
6377:             1             24  org.elasticsearch.xpack.watcher.rest.action.RestActivateWatchAction$DeactivateRestHandler
6378:             1             24  org.elasticsearch.xpack.watcher.rest.action.RestDeleteWatchAction
6379:             1             24  org.elasticsearch.xpack.watcher.rest.action.RestExecuteWatchAction
6380:             1             24  org.elasticsearch.xpack.watcher.rest.action.RestGetWatchAction
6381:             1             24  org.elasticsearch.xpack.watcher.rest.action.RestPutWatchAction
6382:             1             24  org.elasticsearch.xpack.watcher.rest.action.RestWatchServiceAction
6383:             1             24  org.elasticsearch.xpack.watcher.rest.action.RestWatchServiceAction$StopRestHandler
6384:             1             24  org.elasticsearch.xpack.watcher.rest.action.RestWatcherStatsAction
6385:             1             24  org.elasticsearch.xpack.watcher.transform.script.ScriptTransformFactory
6386:             1             24  org.elasticsearch.xpack.watcher.trigger.TriggerService
6387:             1             24  org.jcodings.util.BytesHash
6388:             1             24  org.jcodings.util.CaseInsensitiveBytesHash
6389:             1             24  org.joda.time.chrono.GJEraDateTimeField
6390:             1             24  org.joda.time.chrono.GJYearOfEraDateTimeField
6391:             1             24  org.joda.time.chrono.ISOYearOfEraDateTimeField
6392:             1             24  org.joda.time.format.DateTimeFormatterBuilder$UnpaddedNumber
6393:             1             24  org.locationtech.jts.geom.GeometryFactory
6394:             1             24  org.locationtech.jts.geom.PrecisionModel
6395:             1             24  org.locationtech.spatial4j.io.jts.JtsBinaryCodec
6396:             1             24  org.locationtech.spatial4j.shape.impl.ShapeFactoryImpl
6397:             1             24  org.opensaml.core.metrics.impl.DisabledHistogram
6398:             1             24  org.opensaml.core.metrics.impl.DisabledTimer
6399:             1             24  org.opensaml.core.xml.XMLObjectBuilderFactory
6400:             1             24  org.opensaml.core.xml.io.MarshallerFactory
6401:             1             24  org.opensaml.core.xml.io.UnmarshallerFactory
6402:             1             24  org.opensaml.core.xml.schema.XSBooleanValue
6403:             1             24  org.opensaml.core.xml.schema.impl.XSBooleanMarshaller
6404:             1             24  org.opensaml.core.xml.schema.impl.XSBooleanUnmarshaller
6405:             1             24  org.opensaml.core.xml.schema.impl.XSDateTimeMarshaller
6406:             1             24  org.opensaml.core.xml.schema.impl.XSDateTimeUnmarshaller
6407:             1             24  org.opensaml.saml.ext.idpdisco.impl.DiscoveryResponseMarshaller
6408:             1             24  org.opensaml.saml.ext.idpdisco.impl.DiscoveryResponseUnmarshaller
6409:             1             24  org.opensaml.saml.ext.reqattr.impl.RequestedAttributesMarshaller
6410:             1             24  org.opensaml.saml.ext.reqattr.impl.RequestedAttributesUnmarshaller
6411:             1             24  org.opensaml.saml.ext.saml2delrestrict.impl.DelegationRestrictionTypeMarshaller
6412:             1             24  org.opensaml.saml.ext.saml2delrestrict.impl.DelegationRestrictionTypeUnmarshaller
6413:             1             24  org.opensaml.saml.ext.saml2mdquery.impl.ActionNamespaceMarshaller
6414:             1             24  org.opensaml.saml.ext.saml2mdquery.impl.ActionNamespaceUnmarshaller
6415:             1             24  org.opensaml.saml.ext.saml2mdquery.impl.AttributeQueryDescriptorTypeMarshaller
6416:             1             24  org.opensaml.saml.ext.saml2mdquery.impl.AttributeQueryDescriptorTypeUnmarshaller
6417:             1             24  org.opensaml.saml.ext.saml2mdquery.impl.AuthnQueryDescriptorTypeMarshaller
6418:             1             24  org.opensaml.saml.ext.saml2mdquery.impl.AuthnQueryDescriptorTypeUnmarshaller
6419:             1             24  org.opensaml.saml.ext.saml2mdquery.impl.AuthzDecisionQueryDescriptorTypeMarshaller
6420:             1             24  org.opensaml.saml.ext.saml2mdquery.impl.AuthzDecisionQueryDescriptorTypeUnmarshaller
6421:             1             24  org.opensaml.saml.ext.saml2mdreqinit.impl.RequestInitiatorMarshaller
6422:             1             24  org.opensaml.saml.ext.saml2mdreqinit.impl.RequestInitiatorUnmarshaller
6423:             1             24  org.opensaml.saml.ext.saml2mdrpi.impl.RegistrationPolicyMarshaller
6424:             1             24  org.opensaml.saml.ext.saml2mdrpi.impl.RegistrationPolicyUnmarshaller
6425:             1             24  org.opensaml.saml.ext.saml2mdrpi.impl.UsagePolicyMarshaller
6426:             1             24  org.opensaml.saml.ext.saml2mdrpi.impl.UsagePolicyUnmarshaller
6427:             1             24  org.opensaml.saml.ext.saml2mdui.impl.DescriptionMarshaller
6428:             1             24  org.opensaml.saml.ext.saml2mdui.impl.DescriptionUnmarshaller
6429:             1             24  org.opensaml.saml.ext.saml2mdui.impl.DisplayNameMarshaller
6430:             1             24  org.opensaml.saml.ext.saml2mdui.impl.DisplayNameUnmarshaller
6431:             1             24  org.opensaml.saml.ext.saml2mdui.impl.DomainHintMarshaller
6432:             1             24  org.opensaml.saml.ext.saml2mdui.impl.DomainHintUnmarshaller
6433:             1             24  org.opensaml.saml.ext.saml2mdui.impl.GeolocationHintMarshaller
6434:             1             24  org.opensaml.saml.ext.saml2mdui.impl.GeolocationHintUnmarshaller
6435:             1             24  org.opensaml.saml.ext.saml2mdui.impl.IPHintMarshaller
6436:             1             24  org.opensaml.saml.ext.saml2mdui.impl.IPHintUnmarshaller
6437:             1             24  org.opensaml.saml.ext.saml2mdui.impl.InformationURLMarshaller
6438:             1             24  org.opensaml.saml.ext.saml2mdui.impl.InformationURLUnmarshaller
6439:             1             24  org.opensaml.saml.ext.saml2mdui.impl.PrivacyStatementURLMarshaller
6440:             1             24  org.opensaml.saml.ext.saml2mdui.impl.PrivacyStatementURLUnmarshaller
6441:             1             24  org.opensaml.saml.ext.samlpthrpty.impl.RespondToMarshaller
6442:             1             24  org.opensaml.saml.ext.samlpthrpty.impl.RespondToUnmarshaller
6443:             1             24  org.opensaml.saml.metadata.criteria.entity.impl.EntityDescriptorCriterionPredicateRegistry
6444:             1             24  org.opensaml.saml.metadata.criteria.role.impl.RoleDescriptorCriterionPredicateRegistry
6445:             1             24  org.opensaml.saml.metadata.resolver.index.impl.MetadataIndexManager
6446:             1             24  org.opensaml.saml.saml1.core.impl.AssertionArtifactMarshaller
6447:             1             24  org.opensaml.saml.saml1.core.impl.AssertionArtifactUnmarshaller
6448:             1             24  org.opensaml.saml.saml1.core.impl.AssertionIDReferenceMarshaller
6449:             1             24  org.opensaml.saml.saml1.core.impl.AssertionIDReferenceUnmarshaller
6450:             1             24  org.opensaml.saml.saml1.core.impl.AudienceMarshaller
6451:             1             24  org.opensaml.saml.saml1.core.impl.AudienceUnmarshaller
6452:             1             24  org.opensaml.saml.saml1.core.impl.ConfirmationMethodMarshaller
6453:             1             24  org.opensaml.saml.saml1.core.impl.ConfirmationMethodUnmarshaller
6454:             1             24  org.opensaml.saml.saml1.core.impl.RequestMarshaller
6455:             1             24  org.opensaml.saml.saml1.core.impl.ResponseMarshaller
6456:             1             24  org.opensaml.saml.saml1.core.impl.StatusMessageMarshaller
6457:             1             24  org.opensaml.saml.saml1.core.impl.StatusMessageUnmarshaller
6458:             1             24  org.opensaml.saml.saml2.core.impl.ArtifactMarshaller
6459:             1             24  org.opensaml.saml.saml2.core.impl.ArtifactUnmarshaller
6460:             1             24  org.opensaml.saml.saml2.core.impl.AssertionIDRefMarshaller
6461:             1             24  org.opensaml.saml.saml2.core.impl.AssertionIDRefUnmarshaller
6462:             1             24  org.opensaml.saml.saml2.core.impl.AssertionURIRefMarshaller
6463:             1             24  org.opensaml.saml.saml2.core.impl.AssertionURIRefUnmarshaller
6464:             1             24  org.opensaml.saml.saml2.core.impl.AudienceMarshaller
6465:             1             24  org.opensaml.saml.saml2.core.impl.AudienceUnmarshaller
6466:             1             24  org.opensaml.saml.saml2.core.impl.AuthenticatingAuthorityMarshaller
6467:             1             24  org.opensaml.saml.saml2.core.impl.AuthenticatingAuthorityUnmarshaller
6468:             1             24  org.opensaml.saml.saml2.core.impl.AuthnContextClassRefMarshaller
6469:             1             24  org.opensaml.saml.saml2.core.impl.AuthnContextClassRefUnmarshaller
6470:             1             24  org.opensaml.saml.saml2.core.impl.AuthnContextDeclMarshaller
6471:             1             24  org.opensaml.saml.saml2.core.impl.AuthnContextDeclRefMarshaller
6472:             1             24  org.opensaml.saml.saml2.core.impl.AuthnContextDeclRefUnmarshaller
6473:             1             24  org.opensaml.saml.saml2.core.impl.AuthnContextDeclUnmarshaller
6474:             1             24  org.opensaml.saml.saml2.core.impl.EncryptedAssertionMarshaller
6475:             1             24  org.opensaml.saml.saml2.core.impl.EncryptedAssertionUnmarshaller
6476:             1             24  org.opensaml.saml.saml2.core.impl.EncryptedAttributeMarshaller
6477:             1             24  org.opensaml.saml.saml2.core.impl.EncryptedAttributeUnmarshaller
6478:             1             24  org.opensaml.saml.saml2.core.impl.EncryptedIDMarshaller
6479:             1             24  org.opensaml.saml.saml2.core.impl.EncryptedIDUnmarshaller
6480:             1             24  org.opensaml.saml.saml2.core.impl.GetCompleteMarshaller
6481:             1             24  org.opensaml.saml.saml2.core.impl.GetCompleteUnmarshaller
6482:             1             24  org.opensaml.saml.saml2.core.impl.IssuerMarshaller
6483:             1             24  org.opensaml.saml.saml2.core.impl.IssuerUnmarshaller
6484:             1             24  org.opensaml.saml.saml2.core.impl.NewEncryptedIDMarshaller
6485:             1             24  org.opensaml.saml.saml2.core.impl.NewEncryptedIDUnmarshaller
6486:             1             24  org.opensaml.saml.saml2.core.impl.NewIDMarshaller
6487:             1             24  org.opensaml.saml.saml2.core.impl.NewIDUnmarshaller
6488:             1             24  org.opensaml.saml.saml2.core.impl.RequesterIDMarshaller
6489:             1             24  org.opensaml.saml.saml2.core.impl.RequesterIDUnmarshaller
6490:             1             24  org.opensaml.saml.saml2.core.impl.ResponseMarshaller
6491:             1             24  org.opensaml.saml.saml2.core.impl.ResponseUnmarshaller
6492:             1             24  org.opensaml.saml.saml2.core.impl.SessionIndexMarshaller
6493:             1             24  org.opensaml.saml.saml2.core.impl.SessionIndexUnmarshaller
6494:             1             24  org.opensaml.saml.saml2.core.impl.StatusMessageMarshaller
6495:             1             24  org.opensaml.saml.saml2.core.impl.StatusMessageUnmarshaller
6496:             1             24  org.opensaml.saml.saml2.metadata.impl.AffiliateMemberMarshaller
6497:             1             24  org.opensaml.saml.saml2.metadata.impl.AffiliateMemberUnmarshaller
6498:             1             24  org.opensaml.saml.saml2.metadata.impl.ArtifactResolutionServiceMarshaller
6499:             1             24  org.opensaml.saml.saml2.metadata.impl.ArtifactResolutionServiceUnmarshaller
6500:             1             24  org.opensaml.saml.saml2.metadata.impl.AssertionConsumerServiceMarshaller
6501:             1             24  org.opensaml.saml.saml2.metadata.impl.AssertionConsumerServiceUnmarshaller
6502:             1             24  org.opensaml.saml.saml2.metadata.impl.AssertionIDRequestServiceMarshaller
6503:             1             24  org.opensaml.saml.saml2.metadata.impl.AssertionIDRequestServiceUnmarshaller
6504:             1             24  org.opensaml.saml.saml2.metadata.impl.AttributeProfileMarshaller
6505:             1             24  org.opensaml.saml.saml2.metadata.impl.AttributeProfileUnmarshaller
6506:             1             24  org.opensaml.saml.saml2.metadata.impl.AttributeServiceMarshaller
6507:             1             24  org.opensaml.saml.saml2.metadata.impl.AttributeServiceUnmarshaller
6508:             1             24  org.opensaml.saml.saml2.metadata.impl.AuthnQueryServiceMarshaller
6509:             1             24  org.opensaml.saml.saml2.metadata.impl.AuthnQueryServiceUnmarshaller
6510:             1             24  org.opensaml.saml.saml2.metadata.impl.AuthzServiceMarshaller
6511:             1             24  org.opensaml.saml.saml2.metadata.impl.AuthzServiceUnmarshaller
6512:             1             24  org.opensaml.saml.saml2.metadata.impl.CompanyMarshaller
6513:             1             24  org.opensaml.saml.saml2.metadata.impl.CompanyUnmarshaller
6514:             1             24  org.opensaml.saml.saml2.metadata.impl.EmailAddressMarshaller
6515:             1             24  org.opensaml.saml.saml2.metadata.impl.EmailAddressUnmarshaller
6516:             1             24  org.opensaml.saml.saml2.metadata.impl.EncryptionMethodMarshaller
6517:             1             24  org.opensaml.saml.saml2.metadata.impl.GivenNameMarshaller
6518:             1             24  org.opensaml.saml.saml2.metadata.impl.GivenNameUnmarshaller
6519:             1             24  org.opensaml.saml.saml2.metadata.impl.ManageNameIDServiceMarshaller
6520:             1             24  org.opensaml.saml.saml2.metadata.impl.ManageNameIDServiceUnmarshaller
6521:             1             24  org.opensaml.saml.saml2.metadata.impl.NameIDFormatMarshaller
6522:             1             24  org.opensaml.saml.saml2.metadata.impl.NameIDFormatUnmarshaller
6523:             1             24  org.opensaml.saml.saml2.metadata.impl.NameIDMappingServiceMarshaller
6524:             1             24  org.opensaml.saml.saml2.metadata.impl.NameIDMappingServiceUnmarshaller
6525:             1             24  org.opensaml.saml.saml2.metadata.impl.OrganizationDisplayNameMarshaller
6526:             1             24  org.opensaml.saml.saml2.metadata.impl.OrganizationDisplayNameUnmarshaller
6527:             1             24  org.opensaml.saml.saml2.metadata.impl.OrganizationNameMarshaller
6528:             1             24  org.opensaml.saml.saml2.metadata.impl.OrganizationNameUnmarshaller
6529:             1             24  org.opensaml.saml.saml2.metadata.impl.OrganizationURLMarshaller
6530:             1             24  org.opensaml.saml.saml2.metadata.impl.OrganizationURLUnmarshaller
6531:             1             24  org.opensaml.saml.saml2.metadata.impl.ServiceDescriptionMarshaller
6532:             1             24  org.opensaml.saml.saml2.metadata.impl.ServiceDescriptionUnmarshaller
6533:             1             24  org.opensaml.saml.saml2.metadata.impl.ServiceNameMarshaller
6534:             1             24  org.opensaml.saml.saml2.metadata.impl.ServiceNameUnmarshaller
6535:             1             24  org.opensaml.saml.saml2.metadata.impl.SingleLogoutServiceMarshaller
6536:             1             24  org.opensaml.saml.saml2.metadata.impl.SingleLogoutServiceUnmarshaller
6537:             1             24  org.opensaml.saml.saml2.metadata.impl.SingleSignOnServiceMarshaller
6538:             1             24  org.opensaml.saml.saml2.metadata.impl.SingleSignOnServiceUnmarshaller
6539:             1             24  org.opensaml.saml.saml2.metadata.impl.SurNameMarshaller
6540:             1             24  org.opensaml.saml.saml2.metadata.impl.SurNameUnmarshaller
6541:             1             24  org.opensaml.saml.saml2.metadata.impl.TelephoneNumberMarshaller
6542:             1             24  org.opensaml.saml.saml2.metadata.impl.TelephoneNumberUnmarshaller
6543:             1             24  org.opensaml.security.x509.tls.impl.BasicClientTLSValidationConfiguration
6544:             1             24  org.opensaml.soap.soap11.impl.BodyMarshaller
6545:             1             24  org.opensaml.soap.soap11.impl.BodyUnmarshaller
6546:             1             24  org.opensaml.soap.soap11.impl.DetailMarshaller
6547:             1             24  org.opensaml.soap.soap11.impl.DetailUnmarshaller
6548:             1             24  org.opensaml.soap.soap11.impl.EnvelopeMarshaller
6549:             1             24  org.opensaml.soap.soap11.impl.EnvelopeUnmarshaller
6550:             1             24  org.opensaml.soap.soap11.impl.FaultMarshaller
6551:             1             24  org.opensaml.soap.soap11.impl.FaultUnmarshaller
6552:             1             24  org.opensaml.soap.soap11.impl.HeaderMarshaller
6553:             1             24  org.opensaml.soap.soap11.impl.HeaderUnmarshaller
6554:             1             24  org.opensaml.soap.wsaddressing.impl.ActionMarshaller
6555:             1             24  org.opensaml.soap.wsaddressing.impl.AddressMarshaller
6556:             1             24  org.opensaml.soap.wsaddressing.impl.EndpointReferenceMarshaller
6557:             1             24  org.opensaml.soap.wsaddressing.impl.FaultToMarshaller
6558:             1             24  org.opensaml.soap.wsaddressing.impl.FromMarshaller
6559:             1             24  org.opensaml.soap.wsaddressing.impl.MessageIDMarshaller
6560:             1             24  org.opensaml.soap.wsaddressing.impl.MetadataMarshaller
6561:             1             24  org.opensaml.soap.wsaddressing.impl.ProblemActionMarshaller
6562:             1             24  org.opensaml.soap.wsaddressing.impl.ProblemHeaderQNameMarshaller
6563:             1             24  org.opensaml.soap.wsaddressing.impl.ProblemHeaderQNameUnmarshaller
6564:             1             24  org.opensaml.soap.wsaddressing.impl.ProblemIRIMarshaller
6565:             1             24  org.opensaml.soap.wsaddressing.impl.ReferenceParametersMarshaller
6566:             1             24  org.opensaml.soap.wsaddressing.impl.RelatesToMarshaller
6567:             1             24  org.opensaml.soap.wsaddressing.impl.RelatesToUnmarshaller
6568:             1             24  org.opensaml.soap.wsaddressing.impl.ReplyToMarshaller
6569:             1             24  org.opensaml.soap.wsaddressing.impl.RetryAfterMarshaller
6570:             1             24  org.opensaml.soap.wsaddressing.impl.SoapActionMarshaller
6571:             1             24  org.opensaml.soap.wsaddressing.impl.SoapActionUnmarshaller
6572:             1             24  org.opensaml.soap.wsaddressing.impl.ToMarshaller
6573:             1             24  org.opensaml.soap.wsfed.impl.AddressMarshaller
6574:             1             24  org.opensaml.soap.wsfed.impl.AddressUnmarshaller
6575:             1             24  org.opensaml.soap.wsfed.impl.EndPointReferenceMarshaller
6576:             1             24  org.opensaml.soap.wsfed.impl.EndPointReferenceUnmarshaller
6577:             1             24  org.opensaml.soap.wsfed.impl.RequestSecurityTokenResponseMarshaller
6578:             1             24  org.opensaml.soap.wsfed.impl.RequestSecurityTokenResponseUnmarshaller
6579:             1             24  org.opensaml.soap.wsfed.impl.RequestedSecurityTokenMarshaller
6580:             1             24  org.opensaml.soap.wsfed.impl.RequestedSecurityTokenUnmarshaller
6581:             1             24  org.opensaml.soap.wspolicy.impl.AllMarshaller
6582:             1             24  org.opensaml.soap.wspolicy.impl.AppliesToMarshaller
6583:             1             24  org.opensaml.soap.wspolicy.impl.ExactlyOneMarshaller
6584:             1             24  org.opensaml.soap.wspolicy.impl.PolicyAttachmentMarshaller
6585:             1             24  org.opensaml.soap.wspolicy.impl.PolicyMarshaller
6586:             1             24  org.opensaml.soap.wspolicy.impl.PolicyReferenceMarshaller
6587:             1             24  org.opensaml.soap.wssecurity.impl.BinarySecurityTokenMarshaller
6588:             1             24  org.opensaml.soap.wssecurity.impl.CreatedMarshaller
6589:             1             24  org.opensaml.soap.wssecurity.impl.EmbeddedMarshaller
6590:             1             24  org.opensaml.soap.wssecurity.impl.EncryptedHeaderMarshaller
6591:             1             24  org.opensaml.soap.wssecurity.impl.ExpiresMarshaller
6592:             1             24  org.opensaml.soap.wssecurity.impl.IterationMarshaller
6593:             1             24  org.opensaml.soap.wssecurity.impl.KeyIdentifierMarshaller
6594:             1             24  org.opensaml.soap.wssecurity.impl.NonceMarshaller
6595:             1             24  org.opensaml.soap.wssecurity.impl.PasswordMarshaller
6596:             1             24  org.opensaml.soap.wssecurity.impl.ReferenceMarshaller
6597:             1             24  org.opensaml.soap.wssecurity.impl.SaltMarshaller
6598:             1             24  org.opensaml.soap.wssecurity.impl.SecurityMarshaller
6599:             1             24  org.opensaml.soap.wssecurity.impl.SecurityTokenReferenceMarshaller
6600:             1             24  org.opensaml.soap.wssecurity.impl.SignatureConfirmationMarshaller
6601:             1             24  org.opensaml.soap.wssecurity.impl.TimestampMarshaller
6602:             1             24  org.opensaml.soap.wssecurity.impl.TransformationParametersMarshaller
6603:             1             24  org.opensaml.soap.wssecurity.impl.UsernameMarshaller
6604:             1             24  org.opensaml.soap.wssecurity.impl.UsernameTokenMarshaller
6605:             1             24  org.opensaml.soap.wstrust.impl.AllowPostdatingMarshaller
6606:             1             24  org.opensaml.soap.wstrust.impl.AuthenticationTypeMarshaller
6607:             1             24  org.opensaml.soap.wstrust.impl.AuthenticationTypeUnmarshaller
6608:             1             24  org.opensaml.soap.wstrust.impl.AuthenticatorMarshaller
6609:             1             24  org.opensaml.soap.wstrust.impl.BinaryExchangeMarshaller
6610:             1             24  org.opensaml.soap.wstrust.impl.BinaryExchangeUnmarshaller
6611:             1             24  org.opensaml.soap.wstrust.impl.BinarySecretMarshaller
6612:             1             24  org.opensaml.soap.wstrust.impl.BinarySecretUnmarshaller
6613:             1             24  org.opensaml.soap.wstrust.impl.CancelTargetMarshaller
6614:             1             24  org.opensaml.soap.wstrust.impl.CanonicalizationAlgorithmMarshaller
6615:             1             24  org.opensaml.soap.wstrust.impl.CanonicalizationAlgorithmUnmarshaller
6616:             1             24  org.opensaml.soap.wstrust.impl.ChallengeMarshaller
6617:             1             24  org.opensaml.soap.wstrust.impl.ChallengeUnmarshaller
6618:             1             24  org.opensaml.soap.wstrust.impl.ClaimsMarshaller
6619:             1             24  org.opensaml.soap.wstrust.impl.CodeMarshaller
6620:             1             24  org.opensaml.soap.wstrust.impl.CodeUnmarshaller
6621:             1             24  org.opensaml.soap.wstrust.impl.CombinedHashMarshaller
6622:             1             24  org.opensaml.soap.wstrust.impl.CombinedHashUnmarshaller
6623:             1             24  org.opensaml.soap.wstrust.impl.ComputedKeyAlgorithmMarshaller
6624:             1             24  org.opensaml.soap.wstrust.impl.ComputedKeyAlgorithmUnmarshaller
6625:             1             24  org.opensaml.soap.wstrust.impl.ComputedKeyMarshaller
6626:             1             24  org.opensaml.soap.wstrust.impl.ComputedKeyUnmarshaller
6627:             1             24  org.opensaml.soap.wstrust.impl.DelegatableMarshaller
6628:             1             24  org.opensaml.soap.wstrust.impl.DelegateToMarshaller
6629:             1             24  org.opensaml.soap.wstrust.impl.EncryptWithMarshaller
6630:             1             24  org.opensaml.soap.wstrust.impl.EncryptWithUnmarshaller
6631:             1             24  org.opensaml.soap.wstrust.impl.EncryptionAlgorithmMarshaller
6632:             1             24  org.opensaml.soap.wstrust.impl.EncryptionAlgorithmUnmarshaller
6633:             1             24  org.opensaml.soap.wstrust.impl.EncryptionMarshaller
6634:             1             24  org.opensaml.soap.wstrust.impl.EntropyMarshaller
6635:             1             24  org.opensaml.soap.wstrust.impl.ForwardableMarshaller
6636:             1             24  org.opensaml.soap.wstrust.impl.IssuedTokensMarshaller
6637:             1             24  org.opensaml.soap.wstrust.impl.IssuerMarshaller
6638:             1             24  org.opensaml.soap.wstrust.impl.KeyExchangeTokenMarshaller
6639:             1             24  org.opensaml.soap.wstrust.impl.KeySizeMarshaller
6640:             1             24  org.opensaml.soap.wstrust.impl.KeySizeUnmarshaller
6641:             1             24  org.opensaml.soap.wstrust.impl.KeyTypeMarshaller
6642:             1             24  org.opensaml.soap.wstrust.impl.KeyTypeUnmarshaller
6643:             1             24  org.opensaml.soap.wstrust.impl.KeyWrapAlgorithmMarshaller
6644:             1             24  org.opensaml.soap.wstrust.impl.KeyWrapAlgorithmUnmarshaller
6645:             1             24  org.opensaml.soap.wstrust.impl.LifetimeMarshaller
6646:             1             24  org.opensaml.soap.wstrust.impl.OnBehalfOfMarshaller
6647:             1             24  org.opensaml.soap.wstrust.impl.ParticipantMarshaller
6648:             1             24  org.opensaml.soap.wstrust.impl.ParticipantsMarshaller
6649:             1             24  org.opensaml.soap.wstrust.impl.PrimaryMarshaller
6650:             1             24  org.opensaml.soap.wstrust.impl.ProofEncryptionMarshaller
6651:             1             24  org.opensaml.soap.wstrust.impl.ReasonMarshaller
6652:             1             24  org.opensaml.soap.wstrust.impl.ReasonUnmarshaller
6653:             1             24  org.opensaml.soap.wstrust.impl.RenewTargetMarshaller
6654:             1             24  org.opensaml.soap.wstrust.impl.RenewingMarshaller
6655:             1             24  org.opensaml.soap.wstrust.impl.RequestKETMarshaller
6656:             1             24  org.opensaml.soap.wstrust.impl.RequestSecurityTokenCollectionMarshaller
6657:             1             24  org.opensaml.soap.wstrust.impl.RequestSecurityTokenMarshaller
6658:             1             24  org.opensaml.soap.wstrust.impl.RequestSecurityTokenResponseCollectionMarshaller
6659:             1             24  org.opensaml.soap.wstrust.impl.RequestSecurityTokenResponseMarshaller
6660:             1             24  org.opensaml.soap.wstrust.impl.RequestTypeMarshaller
6661:             1             24  org.opensaml.soap.wstrust.impl.RequestTypeUnmarshaller
6662:             1             24  org.opensaml.soap.wstrust.impl.RequestedAttachedReferenceMarshaller
6663:             1             24  org.opensaml.soap.wstrust.impl.RequestedProofTokenMarshaller
6664:             1             24  org.opensaml.soap.wstrust.impl.RequestedSecurityTokenMarshaller
6665:             1             24  org.opensaml.soap.wstrust.impl.RequestedTokenCancelledMarshaller
6666:             1             24  org.opensaml.soap.wstrust.impl.RequestedUnattachedReferenceMarshaller
6667:             1             24  org.opensaml.soap.wstrust.impl.SignChallengeMarshaller
6668:             1             24  org.opensaml.soap.wstrust.impl.SignChallengeResponseMarshaller
6669:             1             24  org.opensaml.soap.wstrust.impl.SignWithMarshaller
6670:             1             24  org.opensaml.soap.wstrust.impl.SignWithUnmarshaller
6671:             1             24  org.opensaml.soap.wstrust.impl.SignatureAlgorithmMarshaller
6672:             1             24  org.opensaml.soap.wstrust.impl.SignatureAlgorithmUnmarshaller
6673:             1             24  org.opensaml.soap.wstrust.impl.StatusMarshaller
6674:             1             24  org.opensaml.soap.wstrust.impl.TokenTypeMarshaller
6675:             1             24  org.opensaml.soap.wstrust.impl.TokenTypeUnmarshaller
6676:             1             24  org.opensaml.soap.wstrust.impl.UseKeyMarshaller
6677:             1             24  org.opensaml.soap.wstrust.impl.ValidateTargetMarshaller
6678:             1             24  org.opensaml.xmlsec.encryption.impl.AgreementMethodMarshaller
6679:             1             24  org.opensaml.xmlsec.encryption.impl.CipherDataMarshaller
6680:             1             24  org.opensaml.xmlsec.encryption.impl.CipherReferenceMarshaller
6681:             1             24  org.opensaml.xmlsec.encryption.impl.DHKeyValueMarshaller
6682:             1             24  org.opensaml.xmlsec.encryption.impl.DataReferenceMarshaller
6683:             1             24  org.opensaml.xmlsec.encryption.impl.EncryptedDataMarshaller
6684:             1             24  org.opensaml.xmlsec.encryption.impl.EncryptedKeyMarshaller
6685:             1             24  org.opensaml.xmlsec.encryption.impl.EncryptionMethodMarshaller
6686:             1             24  org.opensaml.xmlsec.encryption.impl.EncryptionPropertiesMarshaller
6687:             1             24  org.opensaml.xmlsec.encryption.impl.EncryptionPropertyMarshaller
6688:             1             24  org.opensaml.xmlsec.encryption.impl.KeyReferenceMarshaller
6689:             1             24  org.opensaml.xmlsec.encryption.impl.MGFMarshaller
6690:             1             24  org.opensaml.xmlsec.encryption.impl.OriginatorKeyInfoMarshaller
6691:             1             24  org.opensaml.xmlsec.encryption.impl.RecipientKeyInfoMarshaller
6692:             1             24  org.opensaml.xmlsec.encryption.impl.ReferenceListMarshaller
6693:             1             24  org.opensaml.xmlsec.encryption.impl.TransformsMarshaller
6694:             1             24  org.opensaml.xmlsec.encryption.support.ChainingEncryptedKeyResolver
6695:             1             24  org.opensaml.xmlsec.encryption.support.RSAOAEPParameters
6696:             1             24  org.opensaml.xmlsec.encryption.support.SimpleKeyInfoReferenceEncryptedKeyResolver
6697:             1             24  org.opensaml.xmlsec.encryption.support.SimpleRetrievalMethodEncryptedKeyResolver
6698:             1             24  org.opensaml.xmlsec.keyinfo.impl.BasicProviderKeyInfoCredentialResolver
6699:             1             24  org.opensaml.xmlsec.keyinfo.impl.provider.InlineX509DataProvider
6700:             1             24  org.opensaml.xmlsec.signature.impl.DEREncodedKeyValueMarshaller
6701:             1             24  org.opensaml.xmlsec.signature.impl.DEREncodedKeyValueUnmarshaller
6702:             1             24  org.opensaml.xmlsec.signature.impl.DSAKeyValueMarshaller
6703:             1             24  org.opensaml.xmlsec.signature.impl.DigestMethodMarshaller
6704:             1             24  org.opensaml.xmlsec.signature.impl.ECKeyValueMarshaller
6705:             1             24  org.opensaml.xmlsec.signature.impl.KeyInfoMarshaller
6706:             1             24  org.opensaml.xmlsec.signature.impl.KeyInfoReferenceMarshaller
6707:             1             24  org.opensaml.xmlsec.signature.impl.KeyValueMarshaller
6708:             1             24  org.opensaml.xmlsec.signature.impl.NamedCurveMarshaller
6709:             1             24  org.opensaml.xmlsec.signature.impl.PGPDataMarshaller
6710:             1             24  org.opensaml.xmlsec.signature.impl.RSAKeyValueMarshaller
6711:             1             24  org.opensaml.xmlsec.signature.impl.RetrievalMethodMarshaller
6712:             1             24  org.opensaml.xmlsec.signature.impl.SPKIDataMarshaller
6713:             1             24  org.opensaml.xmlsec.signature.impl.TransformMarshaller
6714:             1             24  org.opensaml.xmlsec.signature.impl.TransformsMarshaller
6715:             1             24  org.opensaml.xmlsec.signature.impl.X509DataMarshaller
6716:             1             24  org.opensaml.xmlsec.signature.impl.X509DigestMarshaller
6717:             1             24  org.opensaml.xmlsec.signature.impl.X509DigestUnmarshaller
6718:             1             24  org.opensaml.xmlsec.signature.impl.X509IssuerSerialMarshaller
6719:             1             24  org.opensaml.xmlsec.signature.impl.X509SerialNumberMarshaller
6720:             1             24  org.opensaml.xmlsec.signature.impl.X509SerialNumberUnmarshaller
6721:             1             24  org.owasp.html.HtmlElementTables$HtmlElementNames
6722:             1             24  org.yaml.snakeyaml.external.com.google.gdata.util.common.base.PercentEscaper
6723:             1             24  sun.management.MemoryImpl (java.management@15.0.1)
6724:             1             24  sun.management.RuntimeImpl (java.management@15.0.1)
6725:             1             24  sun.management.VMManagementImpl (java.management@15.0.1)
6726:             1             24  sun.net.ProgressMonitor (java.base@15.0.1)
6727:             1             24  sun.net.sdp.SdpProvider (java.base@15.0.1)
6728:             1             24  sun.net.www.protocol.http.Handler (java.base@15.0.1)
6729:             1             24  sun.nio.cs.Big5 (java.base@15.0.1)
6730:             1             24  sun.nio.cs.EUC_CN (java.base@15.0.1)
6731:             1             24  sun.nio.cs.EUC_JP (java.base@15.0.1)
6732:             1             24  sun.nio.cs.EUC_TW (java.base@15.0.1)
6733:             1             24  sun.nio.cs.IBM850 (java.base@15.0.1)
6734:             1             24  sun.nio.cs.ISO_8859_1 (java.base@15.0.1)
6735:             1             24  sun.nio.cs.ISO_8859_11 (java.base@15.0.1)
6736:             1             24  sun.nio.cs.ISO_8859_13 (java.base@15.0.1)
6737:             1             24  sun.nio.cs.ISO_8859_15 (java.base@15.0.1)
6738:             1             24  sun.nio.cs.ISO_8859_2 (java.base@15.0.1)
6739:             1             24  sun.nio.cs.ISO_8859_3 (java.base@15.0.1)
6740:             1             24  sun.nio.cs.ISO_8859_4 (java.base@15.0.1)
6741:             1             24  sun.nio.cs.ISO_8859_5 (java.base@15.0.1)
6742:             1             24  sun.nio.cs.ISO_8859_6 (java.base@15.0.1)
6743:             1             24  sun.nio.cs.ISO_8859_7 (java.base@15.0.1)
6744:             1             24  sun.nio.cs.ISO_8859_8 (java.base@15.0.1)
6745:             1             24  sun.nio.cs.ISO_8859_9 (java.base@15.0.1)
6746:             1             24  sun.nio.cs.KOI8_R (java.base@15.0.1)
6747:             1             24  sun.nio.cs.MS1250 (java.base@15.0.1)
6748:             1             24  sun.nio.cs.MS1251 (java.base@15.0.1)
6749:             1             24  sun.nio.cs.MS1252 (java.base@15.0.1)
6750:             1             24  sun.nio.cs.SJIS (java.base@15.0.1)
6751:             1             24  sun.nio.cs.StandardCharsets (java.base@15.0.1)
6752:             1             24  sun.nio.cs.ThreadLocalCoders$1 (java.base@15.0.1)
6753:             1             24  sun.nio.cs.ThreadLocalCoders$2 (java.base@15.0.1)
6754:             1             24  sun.nio.cs.US_ASCII (java.base@15.0.1)
6755:             1             24  sun.nio.cs.UTF_16 (java.base@15.0.1)
6756:             1             24  sun.nio.cs.UTF_16BE (java.base@15.0.1)
6757:             1             24  sun.nio.cs.UTF_16LE (java.base@15.0.1)
6758:             1             24  sun.nio.cs.UTF_8 (java.base@15.0.1)
6759:             1             24  sun.nio.cs.ext.IBM037 (jdk.charsets@15.0.1)
6760:             1             24  sun.nio.cs.ext.IBM1047 (jdk.charsets@15.0.1)
6761:             1             24  sun.nio.cs.ext.IBM277 (jdk.charsets@15.0.1)
6762:             1             24  sun.nio.cs.ext.IBM278 (jdk.charsets@15.0.1)
6763:             1             24  sun.nio.cs.ext.IBM280 (jdk.charsets@15.0.1)
6764:             1             24  sun.nio.cs.ext.IBM284 (jdk.charsets@15.0.1)
6765:             1             24  sun.nio.cs.ext.IBM285 (jdk.charsets@15.0.1)
6766:             1             24  sun.nio.cs.ext.IBM297 (jdk.charsets@15.0.1)
6767:             1             24  sun.nio.cs.ext.IBM420 (jdk.charsets@15.0.1)
6768:             1             24  sun.nio.cs.ext.IBM424 (jdk.charsets@15.0.1)
6769:             1             24  sun.nio.cs.ext.IBM500 (jdk.charsets@15.0.1)
6770:             1             24  sun.nio.cs.ext.IBM860 (jdk.charsets@15.0.1)
6771:             1             24  sun.nio.cs.ext.IBM870 (jdk.charsets@15.0.1)
6772:             1             24  sun.nio.cs.ext.IBM871 (jdk.charsets@15.0.1)
6773:             1             24  sun.nio.cs.ext.IBM918 (jdk.charsets@15.0.1)
6774:             1             24  sun.nio.cs.ext.ISO2022_JP (jdk.charsets@15.0.1)
6775:             1             24  sun.nio.cs.ext.ISO2022_KR (jdk.charsets@15.0.1)
6776:             1             24  sun.nio.cs.ext.MacRoman (jdk.charsets@15.0.1)
6777:             1             24  sun.nio.fs.UnixFileSystem$3 (java.base@15.0.1)
6778:             1             24  sun.security.ec.ParametersMap (jdk.crypto.ec@15.0.1)
6779:             1             24  sun.security.util.LegacyAlgorithmConstraints (java.base@15.0.1)
6780:             1             24  sun.security.validator.CADistrustPolicy$1 (java.base@15.0.1)
6781:             1             24  sun.util.calendar.LocalGregorianCalendar (java.base@15.0.1)
6782:             1             24  sun.util.locale.BaseLocale$Cache (java.base@15.0.1)
6783:             1             24  sun.util.locale.provider.BreakIteratorProviderImpl (java.base@15.0.1)
6784:             1             24  sun.util.locale.provider.CalendarDataProviderImpl (java.base@15.0.1)
6785:             1             24  sun.util.locale.provider.CalendarProviderImpl (java.base@15.0.1)
6786:             1             24  sun.util.locale.provider.DateFormatSymbolsProviderImpl (java.base@15.0.1)
6787:             1             24  sun.util.locale.provider.DecimalFormatSymbolsProviderImpl (java.base@15.0.1)
6788:             1             24  sun.util.locale.provider.LocaleServiceProviderPool (java.base@15.0.1)
6789:             1             24  sun.util.locale.provider.NumberFormatProviderImpl (java.base@15.0.1)
6790:             1             16  [Lcom.amazonaws.ServiceNameFactory;
6791:             1             16  [Lcom.amazonaws.internal.config.HostRegexToRegionMappingJsonHelper;
6792:             1             16  [Lcom.amazonaws.jmx.MBeans;
6793:             1             16  [Lcom.amazonaws.metrics.AwsSdkMetrics;
6794:             1             16  [Lcom.amazonaws.metrics.internal.ServiceMetricTypeGuesser;
6795:             1             16  [Lcom.amazonaws.services.s3.internal.BucketNameUtils;
6796:             1             16  [Lcom.amazonaws.services.s3.model.S3DataSource$Utils;
6797:             1             16  [Lcom.amazonaws.util.Base16Lower;
6798:             1             16  [Lcom.amazonaws.util.Base64;
6799:             1             16  [Lcom.amazonaws.util.ClassLoaderHelper;
6800:             1             16  [Lcom.amazonaws.util.Classes;
6801:             1             16  [Lcom.amazonaws.util.CodecUtils;
6802:             1             16  [Lcom.amazonaws.util.IOUtils;
6803:             1             16  [Lcom.amazonaws.util.SdkRuntime;
6804:             1             16  [Lcom.amazonaws.util.json.Jackson;
6805:             1             16  [Lcom.fasterxml.jackson.databind.AbstractTypeResolver;
6806:             1             16  [Lcom.fasterxml.jackson.databind.deser.BeanDeserializerModifier;
6807:             1             16  [Lcom.fasterxml.jackson.databind.deser.ValueInstantiators;
6808:             1             16  [Lcom.fasterxml.jackson.databind.ser.BeanSerializerModifier;
6809:             1             16  [Lcom.fasterxml.jackson.databind.ser.Serializers;
6810:             1             16  [Lcom.fasterxml.jackson.databind.util.ClassUtil$Ctor;
6811:             1             16  [Lcom.fasterxml.jackson.dataformat.yaml.YAMLParser$Feature;
6812:             1             16  [Lcom.github.mustachejava.reflect.Guard;
6813:             1             16  [Lcom.sun.org.apache.xerces.internal.impl.xs.SubstitutionGroupHandler$OneSubGroup; (java.xml@15.0.1)
6814:             1             16  [Lcom.sun.org.apache.xerces.internal.xni.grammars.Grammar; (java.xml@15.0.1)
6815:             1             16  [Lcom.sun.org.apache.xerces.internal.xs.XSObject; (java.xml@15.0.1)
6816:             1             16  [Lcom.unboundid.ldap.sdk.Control;
6817:             1             16  [Lio.netty.channel.ChannelHandler;
6818:             1             16  [Lio.netty.util.AsciiString;
6819:             1             16  [Ljava.lang.Throwable; (java.base@15.0.1)
6820:             1             16  [Ljava.lang.constant.ClassDesc; (java.base@15.0.1)
6821:             1             16  [Ljava.net.NetworkInterface; (java.base@15.0.1)
6822:             1             16  [Ljava.nio.file.attribute.FileAttribute; (java.base@15.0.1)
6823:             1             16  [Ljava.security.Provider; (java.base@15.0.1)
6824:             1             16  [Ljava.text.FieldPosition; (java.base@15.0.1)
6825:             1             16  [Ljava.time.LocalDateTime; (java.base@15.0.1)
6826:             1             16  [Ljava.time.zone.ZoneOffsetTransitionRule; (java.base@15.0.1)
6827:             1             16  [Ljava.util.logging.Handler; (java.logging@15.0.1)
6828:             1             16  [Ljavax.security.cert.X509Certificate; (java.base@15.0.1)
6829:             1             16  [Ljoptsimple.util.PathProperties;
6830:             1             16  [Lorg.apache.http.Header;
6831:             1             16  [Lorg.apache.http.HeaderElement;
6832:             1             16  [Lorg.apache.logging.log4j.core.impl.ThrowableProxy;
6833:             1             16  [Lorg.apache.lucene.codecs.PostingsFormat;
6834:             1             16  [Lorg.apache.lucene.index.Fields;
6835:             1             16  [Lorg.apache.lucene.index.MultiTermsEnum$TermsEnumIndex;
6836:             1             16  [Lorg.apache.lucene.index.OrdinalMap$TermsEnumIndex;
6837:             1             16  [Lorg.apache.lucene.index.ReaderSlice;
6838:             1             16  [Lorg.apache.lucene.index.Term;
6839:             1             16  [Lorg.apache.lucene.index.Terms;
6840:             1             16  [Lorg.apache.lucene.search.TermStatistics;
6841:             1             16  [Lorg.elasticsearch.action.search.ShardSearchFailure;
6842:             1             16  [Lorg.elasticsearch.action.support.DefaultShardOperationFailedException;
6843:             1             16  [Lorg.elasticsearch.action.support.replication.ReplicationResponse$ShardInfo$Failure;
6844:             1             16  [Lorg.elasticsearch.common.lease.Releasables;
6845:             1             16  [Lorg.elasticsearch.common.recycler.Recyclers;
6846:             1             16  [Lorg.elasticsearch.common.text.Text;
6847:             1             16  [Lorg.elasticsearch.common.unit.MemorySizeValue;
6848:             1             16  [Lorg.elasticsearch.index.Index;
6849:             1             16  [Lorg.elasticsearch.index.analysis.CharFilterFactory;
6850:             1             16  [Lorg.elasticsearch.index.fielddata.FieldData;
6851:             1             16  [Lorg.elasticsearch.index.fielddata.ordinals.GlobalOrdinalsBuilder;
6852:             1             16  [Lorg.elasticsearch.search.SearchHit;
6853:             1             16  [Lorg.elasticsearch.search.aggregations.AggregatorFactory;
6854:             1             16  [Lorg.jcodings.CaseFoldCodeItem;
6855:             1             16  [Lorg.locationtech.jts.geom.LinearRing;
6856:             1             16  [[Lorg.locationtech.jts.geom.Coordinate;
6857:             1             16  co.elastic.cloud.quotaawarefs.QuotaAwareFileSystem$$Lambda$192/0x0000000800b77f28
6858:             1             16  co.elastic.cloud.quotaawarefs.QuotaAwareFileSystemProvider$$Lambda$1/0x0000000800b385e8
6859:             1             16  com.amazonaws.ApacheHttpClientConfig
6860:             1             16  com.amazonaws.ClientConfiguration$URLHolder
6861:             1             16  com.amazonaws.SystemDefaultDnsResolver
6862:             1             16  com.amazonaws.auth.AWSStaticCredentialsProvider
6863:             1             16  com.amazonaws.auth.AbstractAWSSigner$1
6864:             1             16  com.amazonaws.auth.EC2ContainerCredentialsProviderWrapper
6865:             1             16  com.amazonaws.auth.EnvironmentVariableCredentialsProvider
6866:             1             16  com.amazonaws.auth.SdkClock$1
6867:             1             16  com.amazonaws.auth.SystemPropertiesCredentialsProvider
6868:             1             16  com.amazonaws.auth.profile.internal.AwsProfileNameLoader
6869:             1             16  com.amazonaws.auth.profile.internal.BasicProfileConfigLoader
6870:             1             16  com.amazonaws.auth.profile.internal.securitytoken.STSProfileCredentialsServiceLoader
6871:             1             16  com.amazonaws.client.builder.AdvancedConfig
6872:             1             16  com.amazonaws.event.ProgressListener$NoOpProgressListener
6873:             1             16  com.amazonaws.http.DelegatingDnsResolver
6874:             1             16  com.amazonaws.http.apache.client.impl.ApacheConnectionManagerFactory
6875:             1             16  com.amazonaws.http.apache.client.impl.ApacheHttpClientFactory
6876:             1             16  com.amazonaws.http.apache.client.impl.CRC32ChecksumResponseInterceptor
6877:             1             16  com.amazonaws.http.apache.request.impl.ApacheHttpRequestFactory
6878:             1             16  com.amazonaws.http.conn.$Proxy29
6879:             1             16  com.amazonaws.http.conn.ClientConnectionManagerFactory$Handler
6880:             1             16  com.amazonaws.http.conn.SdkPlainSocketFactory
6881:             1             16  com.amazonaws.http.conn.ssl.MasterSecretValidators$NoOpMasterSecretValidator
6882:             1             16  com.amazonaws.http.conn.ssl.ShouldClearSslSessionPredicate
6883:             1             16  com.amazonaws.http.protocol.SdkHttpRequestExecutor
6884:             1             16  com.amazonaws.http.timers.client.ClientExecutionTimer
6885:             1             16  com.amazonaws.http.timers.client.NoOpClientExecutionAbortTrackerTask
6886:             1             16  com.amazonaws.http.timers.request.HttpRequestTimer
6887:             1             16  com.amazonaws.http.timers.request.NoOpHttpRequestAbortTaskTracker
6888:             1             16  com.amazonaws.internal.AmazonWebServiceRequestAdapter
6889:             1             16  com.amazonaws.internal.ConnectionUtils
6890:             1             16  com.amazonaws.internal.InstanceMetadataServiceResourceFetcher
6891:             1             16  com.amazonaws.jmx.SdkMBeanRegistrySupport
6892:             1             16  com.amazonaws.log.CommonsLogFactory
6893:             1             16  com.amazonaws.metrics.RequestMetricCollector$1
6894:             1             16  com.amazonaws.metrics.ServiceMetricCollector$1
6895:             1             16  com.amazonaws.monitoring.DefaultCsmConfigurationProviderChain
6896:             1             16  com.amazonaws.monitoring.EnvironmentVariableCsmConfigurationProvider
6897:             1             16  com.amazonaws.monitoring.SystemPropertyCsmConfigurationProvider
6898:             1             16  com.amazonaws.profile.path.config.ConfigEnvVarOverrideLocationProvider
6899:             1             16  com.amazonaws.profile.path.config.SharedConfigDefaultLocationProvider
6900:             1             16  com.amazonaws.profile.path.cred.CredentialsDefaultLocationProvider
6901:             1             16  com.amazonaws.profile.path.cred.CredentialsEnvVarOverrideLocationProvider
6902:             1             16  com.amazonaws.profile.path.cred.CredentialsLegacyConfigLocationProvider
6903:             1             16  com.amazonaws.regions.AwsEnvVarOverrideRegionProvider
6904:             1             16  com.amazonaws.regions.AwsSystemPropertyRegionProvider
6905:             1             16  com.amazonaws.regions.DefaultAwsRegionProviderChain
6906:             1             16  com.amazonaws.regions.InstanceMetadataRegionProvider
6907:             1             16  com.amazonaws.regions.MetadataSupportedRegionFromEndpointProvider
6908:             1             16  com.amazonaws.regions.RegionMetadata
6909:             1             16  com.amazonaws.retry.ClockSkewAdjuster
6910:             1             16  com.amazonaws.retry.PredefinedRetryPolicies$SDKDefaultRetryCondition
6911:             1             16  com.amazonaws.retry.RetryPolicy$BackoffStrategy$1
6912:             1             16  com.amazonaws.retry.RetryPolicy$RetryCondition$1
6913:             1             16  com.amazonaws.services.s3.AmazonS3Builder$1
6914:             1             16  com.amazonaws.services.s3.internal.CompleteMultipartUploadRetryablePredicate
6915:             1             16  com.amazonaws.services.s3.internal.S3ErrorResponseHandler
6916:             1             16  com.amazonaws.services.s3.internal.SkipMd5CheckStrategy
6917:             1             16  com.amazonaws.services.s3.metrics.S3ServiceMetric$1
6918:             1             16  com.amazonaws.services.s3.metrics.S3ServiceMetric$2
6919:             1             16  com.amazonaws.services.s3.model.transform.BucketConfigurationXmlFactory
6920:             1             16  com.amazonaws.services.s3.model.transform.RequestPaymentConfigurationXmlFactory
6921:             1             16  com.amazonaws.util.Base16Codec
6922:             1             16  com.amazonaws.util.Base64Codec
6923:             1             16  com.amazonaws.util.DateUtils
6924:             1             16  com.amazonaws.util.ResponseMetadataCache
6925:             1             16  com.carrotsearch.hppc.HashOrderMixing$1
6926:             1             16  com.carrotsearch.hppc.RandomizedHashOrderMixer
6927:             1             16  com.codahale.metrics.Clock$UserTimeClock
6928:             1             16  com.codahale.metrics.LongAdderProxy$JdkProvider
6929:             1             16  com.fasterxml.jackson.core.filter.TokenFilter
6930:             1             16  com.fasterxml.jackson.core.io.JsonStringEncoder
6931:             1             16  com.fasterxml.jackson.core.util.DefaultPrettyPrinter$FixedSpaceIndenter
6932:             1             16  com.fasterxml.jackson.core.util.DefaultPrettyPrinter$NopIndenter
6933:             1             16  com.fasterxml.jackson.databind.deser.BeanDeserializerFactory
6934:             1             16  com.fasterxml.jackson.databind.deser.impl.JDKValueInstantiators$ArrayListInstantiator
6935:             1             16  com.fasterxml.jackson.databind.deser.impl.JDKValueInstantiators$LinkedHashMapInstantiator
6936:             1             16  com.fasterxml.jackson.databind.deser.std.StdKeyDeserializers
6937:             1             16  com.fasterxml.jackson.databind.ext.Java7HandlersImpl
6938:             1             16  com.fasterxml.jackson.databind.ext.Java7SupportImpl
6939:             1             16  com.fasterxml.jackson.databind.ext.OptionalHandlerFactory
6940:             1             16  com.fasterxml.jackson.databind.introspect.AnnotationCollector$EmptyCollector
6941:             1             16  com.fasterxml.jackson.databind.introspect.AnnotationCollector$NoAnnotations
6942:             1             16  com.fasterxml.jackson.databind.jsontype.impl.LaissezFaireSubTypeValidator
6943:             1             16  com.fasterxml.jackson.databind.jsontype.impl.SubTypeValidator
6944:             1             16  com.fasterxml.jackson.databind.ser.BeanSerializerFactory
6945:             1             16  com.fasterxml.jackson.databind.ser.impl.UnknownSerializer
6946:             1             16  com.fasterxml.jackson.databind.ser.std.NullSerializer
6947:             1             16  com.fasterxml.jackson.databind.ser.std.StringSerializer
6948:             1             16  com.fasterxml.jackson.databind.ser.std.UUIDSerializer
6949:             1             16  com.fasterxml.jackson.databind.type.TypeParser
6950:             1             16  com.github.mustachejava.DefaultMustacheFactory$$Lambda$6421/0x00000008016a4ac0
6951:             1             16  com.github.mustachejava.DefaultMustacheVisitor$2$$Lambda$6422/0x00000008016a7028
6952:             1             16  com.github.mustachejava.MustacheParser
6953:             1             16  com.github.mustachejava.resolver.ClasspathResolver
6954:             1             16  com.github.mustachejava.resolver.FileSystemResolver
6955:             1             16  com.google.common.base.Absent
6956:             1             16  com.google.common.collect.IndexedImmutableSet$1
6957:             1             16  com.google.common.collect.Iterators$1
6958:             1             16  com.google.common.collect.Iterators$2
6959:             1             16  com.sun.jna.JNIEnv
6960:             1             16  com.sun.jna.Native$1
6961:             1             16  com.sun.jna.Native$2
6962:             1             16  com.sun.jna.Native$7
6963:             1             16  com.sun.jna.Structure$1
6964:             1             16  com.sun.jna.Structure$2
6965:             1             16  com.sun.jna.VarArgsChecker$RealVarArgsChecker
6966:             1             16  com.sun.management.internal.HotSpotDiagnostic (jdk.management@15.0.1)
6967:             1             16  com.sun.management.internal.PlatformMBeanProviderImpl (jdk.management@15.0.1)
6968:             1             16  com.sun.management.internal.PlatformMBeanProviderImpl$$Lambda$204/0x0000000800b87490 (jdk.management@15.0.1)
6969:             1             16  com.sun.org.apache.xerces.internal.dom.CharacterDataImpl$1 (java.xml@15.0.1)
6970:             1             16  com.sun.org.apache.xerces.internal.impl.XMLDocumentScannerImpl$PrologDriver (java.xml@15.0.1)
6971:             1             16  com.sun.org.apache.xerces.internal.impl.XMLDocumentScannerImpl$TrailingMiscDriver (java.xml@15.0.1)
6972:             1             16  com.sun.org.apache.xerces.internal.impl.XMLDocumentScannerImpl$XMLDeclDriver (java.xml@15.0.1)
6973:             1             16  com.sun.org.apache.xerces.internal.impl.dv.dtd.DTDDVFactoryImpl (java.xml@15.0.1)
6974:             1             16  com.sun.org.apache.xerces.internal.impl.dv.dtd.IDDatatypeValidator (java.xml@15.0.1)
6975:             1             16  com.sun.org.apache.xerces.internal.impl.dv.dtd.IDREFDatatypeValidator (java.xml@15.0.1)
6976:             1             16  com.sun.org.apache.xerces.internal.impl.dv.dtd.NMTOKENDatatypeValidator (java.xml@15.0.1)
6977:             1             16  com.sun.org.apache.xerces.internal.impl.dv.dtd.NOTATIONDatatypeValidator (java.xml@15.0.1)
6978:             1             16  com.sun.org.apache.xerces.internal.impl.dv.dtd.StringDatatypeValidator (java.xml@15.0.1)
6979:             1             16  com.sun.org.apache.xerces.internal.impl.dv.xs.AnyAtomicDV (java.xml@15.0.1)
6980:             1             16  com.sun.org.apache.xerces.internal.impl.dv.xs.AnySimpleDV (java.xml@15.0.1)
6981:             1             16  com.sun.org.apache.xerces.internal.impl.dv.xs.AnyURIDV (java.xml@15.0.1)
6982:             1             16  com.sun.org.apache.xerces.internal.impl.dv.xs.Base64BinaryDV (java.xml@15.0.1)
6983:             1             16  com.sun.org.apache.xerces.internal.impl.dv.xs.BooleanDV (java.xml@15.0.1)
6984:             1             16  com.sun.org.apache.xerces.internal.impl.dv.xs.DateDV (java.xml@15.0.1)
6985:             1             16  com.sun.org.apache.xerces.internal.impl.dv.xs.DateTimeDV (java.xml@15.0.1)
6986:             1             16  com.sun.org.apache.xerces.internal.impl.dv.xs.DayDV (java.xml@15.0.1)
6987:             1             16  com.sun.org.apache.xerces.internal.impl.dv.xs.DayTimeDurationDV (java.xml@15.0.1)
6988:             1             16  com.sun.org.apache.xerces.internal.impl.dv.xs.DecimalDV (java.xml@15.0.1)
6989:             1             16  com.sun.org.apache.xerces.internal.impl.dv.xs.DoubleDV (java.xml@15.0.1)
6990:             1             16  com.sun.org.apache.xerces.internal.impl.dv.xs.DurationDV (java.xml@15.0.1)
6991:             1             16  com.sun.org.apache.xerces.internal.impl.dv.xs.EntityDV (java.xml@15.0.1)
6992:             1             16  com.sun.org.apache.xerces.internal.impl.dv.xs.FloatDV (java.xml@15.0.1)
6993:             1             16  com.sun.org.apache.xerces.internal.impl.dv.xs.HexBinaryDV (java.xml@15.0.1)
6994:             1             16  com.sun.org.apache.xerces.internal.impl.dv.xs.IDDV (java.xml@15.0.1)
6995:             1             16  com.sun.org.apache.xerces.internal.impl.dv.xs.IDREFDV (java.xml@15.0.1)
6996:             1             16  com.sun.org.apache.xerces.internal.impl.dv.xs.IntegerDV (java.xml@15.0.1)
6997:             1             16  com.sun.org.apache.xerces.internal.impl.dv.xs.ListDV (java.xml@15.0.1)
6998:             1             16  com.sun.org.apache.xerces.internal.impl.dv.xs.MonthDV (java.xml@15.0.1)
6999:             1             16  com.sun.org.apache.xerces.internal.impl.dv.xs.MonthDayDV (java.xml@15.0.1)
7000:             1             16  com.sun.org.apache.xerces.internal.impl.dv.xs.PrecisionDecimalDV (java.xml@15.0.1)
7001:             1             16  com.sun.org.apache.xerces.internal.impl.dv.xs.StringDV (java.xml@15.0.1)
7002:             1             16  com.sun.org.apache.xerces.internal.impl.dv.xs.TimeDV (java.xml@15.0.1)
7003:             1             16  com.sun.org.apache.xerces.internal.impl.dv.xs.UnionDV (java.xml@15.0.1)
7004:             1             16  com.sun.org.apache.xerces.internal.impl.dv.xs.XSSimpleTypeDecl$1 (java.xml@15.0.1)
7005:             1             16  com.sun.org.apache.xerces.internal.impl.dv.xs.XSSimpleTypeDecl$4 (java.xml@15.0.1)
7006:             1             16  com.sun.org.apache.xerces.internal.impl.dv.xs.YearDV (java.xml@15.0.1)
7007:             1             16  com.sun.org.apache.xerces.internal.impl.dv.xs.YearMonthDV (java.xml@15.0.1)
7008:             1             16  com.sun.org.apache.xerces.internal.impl.dv.xs.YearMonthDurationDV (java.xml@15.0.1)
7009:             1             16  com.sun.org.apache.xerces.internal.impl.xs.XSConstraints$1 (java.xml@15.0.1)
7010:             1             16  com.sun.org.apache.xerces.internal.impl.xs.models.XSEmptyCM (java.xml@15.0.1)
7011:             1             16  com.sun.org.apache.xerces.internal.impl.xs.util.XIntPool (java.xml@15.0.1)
7012:             1             16  com.sun.org.apache.xerces.internal.impl.xs.util.XSObjectListImpl$EmptyIterator (java.xml@15.0.1)
7013:             1             16  com.sun.org.apache.xerces.internal.jaxp.validation.DraconianErrorHandler (java.xml@15.0.1)
7014:             1             16  com.sun.org.apache.xerces.internal.util.ErrorHandlerWrapper (java.xml@15.0.1)
7015:             1             16  com.sun.proxy.$Proxy14
7016:             1             16  com.sun.proxy.$Proxy17
7017:             1             16  com.sun.proxy.$Proxy22
7018:             1             16  com.sun.proxy.$Proxy24
7019:             1             16  com.sun.proxy.$Proxy3
7020:             1             16  com.sun.proxy.$Proxy32
7021:             1             16  com.sun.proxy.$Proxy9
7022:             1             16  com.sun.proxy.jdk.proxy1.$Proxy19 (jdk.proxy1)
7023:             1             16  com.unboundid.util.ssl.TrustAllSSLSocketVerifier
7024:             1             16  io.netty.bootstrap.BootstrapConfig
7025:             1             16  io.netty.buffer.AbstractReferenceCountedByteBuf$1
7026:             1             16  io.netty.buffer.ByteBufUtil$1
7027:             1             16  io.netty.buffer.ByteBufUtil$2
7028:             1             16  io.netty.buffer.CompositeByteBuf$1
7029:             1             16  io.netty.buffer.CompositeByteBuf$2
7030:             1             16  io.netty.buffer.PoolThreadCache$MemoryRegionCache$1
7031:             1             16  io.netty.buffer.PooledHeapByteBuf$1
7032:             1             16  io.netty.buffer.PooledSlicedByteBuf$1
7033:             1             16  io.netty.channel.AbstractChannelHandlerContext$WriteTask$1
7034:             1             16  io.netty.channel.ChannelFutureListener$1
7035:             1             16  io.netty.channel.ChannelFutureListener$2
7036:             1             16  io.netty.channel.ChannelFutureListener$3
7037:             1             16  io.netty.channel.ChannelHandlerMask$1
7038:             1             16  io.netty.channel.ChannelOutboundBuffer$1
7039:             1             16  io.netty.channel.ChannelOutboundBuffer$Entry$1
7040:             1             16  io.netty.channel.DefaultChannelPipeline$1
7041:             1             16  io.netty.channel.DefaultMessageSizeEstimator
7042:             1             16  io.netty.channel.DefaultMessageSizeEstimator$HandleImpl
7043:             1             16  io.netty.channel.DefaultSelectStrategy
7044:             1             16  io.netty.channel.DefaultSelectStrategyFactory
7045:             1             16  io.netty.channel.socket.ChannelInputShutdownReadComplete
7046:             1             16  io.netty.handler.codec.ByteToMessageDecoder$1
7047:             1             16  io.netty.handler.codec.ByteToMessageDecoder$2
7048:             1             16  io.netty.handler.codec.CharSequenceValueConverter
7049:             1             16  io.netty.handler.codec.CodecOutputList$1
7050:             1             16  io.netty.handler.codec.CodecOutputList$2
7051:             1             16  io.netty.handler.codec.http.DefaultHttpHeaders$1
7052:             1             16  io.netty.handler.codec.http.DefaultHttpHeaders$2
7053:             1             16  io.netty.handler.codec.http.DefaultHttpHeaders$HeaderValueConverter
7054:             1             16  io.netty.handler.codec.http.DefaultHttpHeaders$HeaderValueConverterAndValidator
7055:             1             16  io.netty.handler.codec.http.DefaultLastHttpContent$TrailingHttpHeaders$1
7056:             1             16  io.netty.handler.codec.http.EmptyHttpHeaders
7057:             1             16  io.netty.handler.codec.http.LastHttpContent$1
7058:             1             16  io.netty.handler.ssl.SslCloseCompletionEvent
7059:             1             16  io.netty.handler.ssl.SslHandshakeCompletionEvent
7060:             1             16  io.netty.util.AsciiString$1
7061:             1             16  io.netty.util.AsciiString$2
7062:             1             16  io.netty.util.NettyRuntime$AvailableProcessorsHolder
7063:             1             16  io.netty.util.Recycler$1
7064:             1             16  io.netty.util.Recycler$3
7065:             1             16  io.netty.util.concurrent.AbstractScheduledEventExecutor$1
7066:             1             16  io.netty.util.concurrent.AbstractScheduledEventExecutor$2
7067:             1             16  io.netty.util.concurrent.DefaultEventExecutorChooserFactory
7068:             1             16  io.netty.util.concurrent.DefaultPromise$CauseHolder
7069:             1             16  io.netty.util.concurrent.FastThreadLocal
7070:             1             16  io.netty.util.concurrent.GlobalEventExecutor$1
7071:             1             16  io.netty.util.concurrent.GlobalEventExecutor$TaskRunner
7072:             1             16  io.netty.util.concurrent.ImmediateExecutor
7073:             1             16  io.netty.util.concurrent.MultithreadEventExecutorGroup$1
7074:             1             16  io.netty.util.concurrent.RejectedExecutionHandlers$1
7075:             1             16  io.netty.util.concurrent.SingleThreadEventExecutor$1
7076:             1             16  io.netty.util.concurrent.ThreadPerTaskExecutor
7077:             1             16  io.netty.util.internal.PlatformDependent$1
7078:             1             16  io.netty.util.internal.PlatformDependent$1
7079:             1             16  io.netty.util.internal.PlatformDependent$2
7080:             1             16  io.netty.util.internal.PlatformDependent$2
7081:             1             16  io.netty.util.internal.RecyclableArrayList$1
7082:             1             16  io.netty.util.internal.TypeParameterMatcher$1
7083:             1             16  io.netty.util.internal.logging.Log4J2LoggerFactory
7084:             1             16  io.netty.util.internal.logging.Log4J2LoggerFactory
7085:             1             16  io.netty.util.internal.logging.Slf4JLoggerFactory
7086:             1             16  io.netty.util.internal.logging.Slf4JLoggerFactory
7087:             1             16  java.io.Console$2 (java.base@15.0.1)
7088:             1             16  java.io.DeleteOnExitHook$1 (java.base@15.0.1)
7089:             1             16  java.io.FileDescriptor$1 (java.base@15.0.1)
7090:             1             16  java.io.FilePermission$1 (java.base@15.0.1)
7091:             1             16  java.io.RandomAccessFile$2 (java.base@15.0.1)
7092:             1             16  java.lang.ApplicationShutdownHooks$1 (java.base@15.0.1)
7093:             1             16  java.lang.CharacterData00 (java.base@15.0.1)
7094:             1             16  java.lang.CharacterDataLatin1 (java.base@15.0.1)
7095:             1             16  java.lang.Class$$Lambda$182/0x0000000800b666a0 (java.base@15.0.1)
7096:             1             16  java.lang.InheritableThreadLocal (java.base@15.0.1)
7097:             1             16  java.lang.Module$$Lambda$440/0x0000000800e20040 (java.base@15.0.1)
7098:             1             16  java.lang.ProcessBuilder$NullInputStream (java.base@15.0.1)
7099:             1             16  java.lang.ProcessBuilder$NullOutputStream (java.base@15.0.1)
7100:             1             16  java.lang.ProcessBuilder$Redirect$1 (java.base@15.0.1)
7101:             1             16  java.lang.ProcessBuilder$Redirect$2 (java.base@15.0.1)
7102:             1             16  java.lang.ProcessBuilder$Redirect$3 (java.base@15.0.1)
7103:             1             16  java.lang.ProcessEnvironment$StringEntrySet (java.base@15.0.1)
7104:             1             16  java.lang.ProcessHandleImpl$$Lambda$266/0x0000000800cb7020 (java.base@15.0.1)
7105:             1             16  java.lang.ProcessImpl$$Lambda$271/0x0000000800cc5c38 (java.base@15.0.1)
7106:             1             16  java.lang.Runtime (java.base@15.0.1)
7107:             1             16  java.lang.SecurityManager$$Lambda$10/0x0000000800b41198 (java.base@15.0.1)
7108:             1             16  java.lang.SecurityManager$$Lambda$12/0x0000000800b41610 (java.base@15.0.1)
7109:             1             16  java.lang.SecurityManager$$Lambda$13/0x0000000800b41860 (java.base@15.0.1)
7110:             1             16  java.lang.SecurityManager$$Lambda$4/0x0000000800b40208 (java.base@15.0.1)
7111:             1             16  java.lang.SecurityManager$$Lambda$6/0x0000000800b40898 (java.base@15.0.1)
7112:             1             16  java.lang.SecurityManager$$Lambda$7/0x0000000800b40ad8 (java.base@15.0.1)
7113:             1             16  java.lang.SecurityManager$$Lambda$8/0x0000000800b40d18 (java.base@15.0.1)
7114:             1             16  java.lang.SecurityManager$$Lambda$9/0x0000000800b40f48 (java.base@15.0.1)
7115:             1             16  java.lang.String$CaseInsensitiveComparator (java.base@15.0.1)
7116:             1             16  java.lang.StringCoding$1 (java.base@15.0.1)
7117:             1             16  java.lang.System$2 (java.base@15.0.1)
7118:             1             16  java.lang.System$LoggerFinder$$Lambda$278/0x0000000800cc8908 (java.base@15.0.1)
7119:             1             16  java.lang.Terminator$1 (java.base@15.0.1)
7120:             1             16  java.lang.invoke.ClassSpecializer$1 (java.base@15.0.1)
7121:             1             16  java.lang.invoke.MemberName$Factory (java.base@15.0.1)
7122:             1             16  java.lang.invoke.MethodHandleImpl$1 (java.base@15.0.1)
7123:             1             16  java.lang.invoke.MethodHandleImpl$Makers$1 (java.base@15.0.1)
7124:             1             16  java.lang.invoke.MethodHandleImpl$Makers$2 (java.base@15.0.1)
7125:             1             16  java.lang.invoke.StringConcatFactory$1 (java.base@15.0.1)
7126:             1             16  java.lang.invoke.StringConcatFactory$2 (java.base@15.0.1)
7127:             1             16  java.lang.invoke.StringConcatFactory$3 (java.base@15.0.1)
7128:             1             16  java.lang.invoke.VarHandle$1 (java.base@15.0.1)
7129:             1             16  java.lang.management.DefaultPlatformMBeanProvider (java.management@15.0.1)
7130:             1             16  java.lang.management.ManagementFactory$$Lambda$201/0x0000000800b861d8 (java.management@15.0.1)
7131:             1             16  java.lang.management.ManagementFactory$PlatformMBeanFinder$$Lambda$202/0x0000000800b86a00 (java.management@15.0.1)
7132:             1             16  java.lang.management.ManagementFactory$PlatformMBeanFinder$$Lambda$205/0x0000000800c17840 (java.management@15.0.1)
7133:             1             16  java.lang.management.ManagementFactory$PlatformMBeanFinder$$Lambda$206/0x0000000800c17a80 (java.management@15.0.1)
7134:             1             16  java.lang.management.ManagementFactory$PlatformMBeanFinder$$Lambda$207/0x0000000800c17cc0 (java.management@15.0.1)
7135:             1             16  java.lang.management.ManagementFactory$PlatformMBeanFinder$$Lambda$211/0x0000000800c15840 (java.management@15.0.1)
7136:             1             16  java.lang.management.ManagementFactory$PlatformMBeanFinder$$Lambda$212/0x0000000800c15a80 (java.management@15.0.1)
7137:             1             16  java.lang.module.ModuleDescriptor$1 (java.base@15.0.1)
7138:             1             16  java.lang.module.ModuleDescriptor$Builder$$Lambda$439/0x0000000800d5f6b0 (java.base@15.0.1)
7139:             1             16  java.lang.ref.Cleaner (java.base@15.0.1)
7140:             1             16  java.lang.ref.Cleaner$1 (java.base@15.0.1)
7141:             1             16  java.lang.ref.Reference$1 (java.base@15.0.1)
7142:             1             16  java.lang.reflect.Proxy$$Lambda$228/0x0000000800c70040 (java.base@15.0.1)
7143:             1             16  java.lang.reflect.Proxy$$Lambda$5179/0x0000000801a07338 (java.base@15.0.1)
7144:             1             16  java.lang.reflect.Proxy$ProxyBuilder$$Lambda$438/0x0000000800d5f480 (java.base@15.0.1)
7145:             1             16  java.lang.reflect.ProxyGenerator$$Lambda$230/0x0000000800c70bd0 (java.base@15.0.1)
7146:             1             16  java.lang.reflect.ProxyGenerator$$Lambda$231/0x0000000800c70e10 (java.base@15.0.1)
7147:             1             16  java.lang.reflect.ReflectAccess (java.base@15.0.1)
7148:             1             16  java.math.BigDecimal$1 (java.base@15.0.1)
7149:             1             16  java.net.InetAddress$1 (java.base@15.0.1)
7150:             1             16  java.net.InetAddress$PlatformNameService (java.base@15.0.1)
7151:             1             16  java.net.SocketImpl$$Lambda$2832/0x000000080131c8b8 (java.base@15.0.1)
7152:             1             16  java.net.URI$1 (java.base@15.0.1)
7153:             1             16  java.net.URL$3 (java.base@15.0.1)
7154:             1             16  java.net.URL$DefaultFactory (java.base@15.0.1)
7155:             1             16  java.nio.Bits$1 (java.base@15.0.1)
7156:             1             16  java.nio.Buffer$1 (java.base@15.0.1)
7157:             1             16  java.nio.channels.spi.SelectorProvider$Holder$$Lambda$4533/0x000000080157d050 (java.base@15.0.1)
7158:             1             16  java.nio.file.Files$AcceptAllFilter (java.base@15.0.1)
7159:             1             16  java.security.AllPermission (java.base@15.0.1)
7160:             1             16  java.security.ProtectionDomain$JavaSecurityAccessImpl (java.base@15.0.1)
7161:             1             16  java.security.Signature$1 (java.base@15.0.1)
7162:             1             16  java.security.cert.CertPathHelperImpl (java.base@15.0.1)
7163:             1             16  java.text.DecimalFormatSymbols$$Lambda$223/0x0000000800c68fd0 (java.base@15.0.1)
7164:             1             16  java.text.DontCareFieldPosition$1 (java.base@15.0.1)
7165:             1             16  java.text.MessageFormat$Field (java.base@15.0.1)
7166:             1             16  java.time.chrono.HijrahChronology$$Lambda$850/0x0000000800f4b908 (java.base@15.0.1)
7167:             1             16  java.time.chrono.HijrahChronology$$Lambda$851/0x0000000800f4bb28 (java.base@15.0.1)
7168:             1             16  java.time.chrono.IsoChronology (java.base@15.0.1)
7169:             1             16  java.time.chrono.JapaneseChronology (java.base@15.0.1)
7170:             1             16  java.time.chrono.MinguoChronology (java.base@15.0.1)
7171:             1             16  java.time.chrono.ThaiBuddhistChronology (java.base@15.0.1)
7172:             1             16  java.time.format.DateTimeFormatter$$Lambda$66/0x0000000800b5c250 (java.base@15.0.1)
7173:             1             16  java.time.format.DateTimeFormatter$$Lambda$67/0x0000000800b5c470 (java.base@15.0.1)
7174:             1             16  java.time.format.DateTimeFormatterBuilder$$Lambda$65/0x0000000800b5b038 (java.base@15.0.1)
7175:             1             16  java.time.format.DateTimeFormatterBuilder$2 (java.base@15.0.1)
7176:             1             16  java.time.format.DateTimeFormatterBuilder$InstantPrinterParser (java.base@15.0.1)
7177:             1             16  java.time.format.DateTimeFormatterBuilder$LocalizedOffsetIdPrinterParser (java.base@15.0.1)
7178:             1             16  java.time.format.DateTimeTextProvider (java.base@15.0.1)
7179:             1             16  java.time.format.DateTimeTextProvider$1 (java.base@15.0.1)
7180:             1             16  java.time.temporal.TemporalQueries$1 (java.base@15.0.1)
7181:             1             16  java.time.temporal.TemporalQueries$2 (java.base@15.0.1)
7182:             1             16  java.time.temporal.TemporalQueries$3 (java.base@15.0.1)
7183:             1             16  java.time.temporal.TemporalQueries$4 (java.base@15.0.1)
7184:             1             16  java.time.temporal.TemporalQueries$5 (java.base@15.0.1)
7185:             1             16  java.time.temporal.TemporalQueries$6 (java.base@15.0.1)
7186:             1             16  java.time.temporal.TemporalQueries$7 (java.base@15.0.1)
7187:             1             16  java.util.AbstractMap$1 (java.base@15.0.1)
7188:             1             16  java.util.Collections$EmptyEnumeration (java.base@15.0.1)
7189:             1             16  java.util.Collections$EmptyIterator (java.base@15.0.1)
7190:             1             16  java.util.Collections$EmptyList (java.base@15.0.1)
7191:             1             16  java.util.Collections$EmptyListIterator (java.base@15.0.1)
7192:             1             16  java.util.Collections$EmptySet (java.base@15.0.1)
7193:             1             16  java.util.Collections$ReverseComparator (java.base@15.0.1)
7194:             1             16  java.util.EnumMap$1 (java.base@15.0.1)
7195:             1             16  java.util.Locale$Builder (java.base@15.0.1)
7196:             1             16  java.util.Map$Entry$$Lambda$3306/0x0000000801579d78 (java.base@15.0.1)
7197:             1             16  java.util.ResourceBundle$1 (java.base@15.0.1)
7198:             1             16  java.util.ResourceBundle$Control (java.base@15.0.1)
7199:             1             16  java.util.ResourceBundle$ResourceBundleControlProviderHolder$$Lambda$3006/0x000000080141c610 (java.base@15.0.1)
7200:             1             16  java.util.ResourceBundle$ResourceBundleControlProviderHolder$$Lambda$3007/0x000000080141ccd0 (java.base@15.0.1)
7201:             1             16  java.util.Spliterators$EmptySpliterator$OfDouble (java.base@15.0.1)
7202:             1             16  java.util.Spliterators$EmptySpliterator$OfInt (java.base@15.0.1)
7203:             1             16  java.util.Spliterators$EmptySpliterator$OfLong (java.base@15.0.1)
7204:             1             16  java.util.Spliterators$EmptySpliterator$OfRef (java.base@15.0.1)
7205:             1             16  java.util.TreeMap$EntrySpliterator$$Lambda$5130/0x0000000801a03540 (java.base@15.0.1)
7206:             1             16  java.util.concurrent.CompletableFuture$AltResult (java.base@15.0.1)
7207:             1             16  java.util.concurrent.CompletableFuture$ThreadPerTaskExecutor (java.base@15.0.1)
7208:             1             16  java.util.concurrent.ConcurrentSkipListMap$KeySet (java.base@15.0.1)
7209:             1             16  java.util.concurrent.ConcurrentSkipListSet (java.base@15.0.1)
7210:             1             16  java.util.concurrent.ForkJoinPool$DefaultForkJoinWorkerThreadFactory (java.base@15.0.1)
7211:             1             16  java.util.concurrent.ForkJoinPool$InnocuousForkJoinWorkerThreadFactory (java.base@15.0.1)
7212:             1             16  java.util.concurrent.SynchronousQueue$TransferStack (java.base@15.0.1)
7213:             1             16  java.util.concurrent.ThreadPoolExecutor$AbortPolicy (java.base@15.0.1)
7214:             1             16  java.util.concurrent.atomic.AtomicLongArray (java.base@15.0.1)
7215:             1             16  java.util.function.Function$$Lambda$22/0x0000000800b55650 (java.base@15.0.1)
7216:             1             16  java.util.function.LongUnaryOperator$$Lambda$6452/0x0000000801c632c0 (java.base@15.0.1)
7217:             1             16  java.util.function.Predicate$$Lambda$4936/0x0000000801a00e78 (java.base@15.0.1)
7218:             1             16  java.util.function.UnaryOperator$$Lambda$3676/0x000000080157a208 (java.base@15.0.1)
7219:             1             16  java.util.jar.JavaUtilJarAccessImpl (java.base@15.0.1)
7220:             1             16  java.util.logging.Level$$Lambda$274/0x0000000800cc8040 (java.logging@15.0.1)
7221:             1             16  java.util.logging.Level$KnownLevel$$Lambda$272/0x0000000800cc7560 (java.logging@15.0.1)
7222:             1             16  java.util.logging.Level$KnownLevel$$Lambda$273/0x0000000800cc77a0 (java.logging@15.0.1)
7223:             1             16  java.util.logging.Level$KnownLevel$$Lambda$275/0x0000000800cc8280 (java.logging@15.0.1)
7224:             1             16  java.util.logging.LogManager$LoggingProviderAccess (java.logging@15.0.1)
7225:             1             16  java.util.logging.LogManager$VisitedLoggers (java.logging@15.0.1)
7226:             1             16  java.util.regex.CharPredicates$$Lambda$137/0x0000000800b627d8 (java.base@15.0.1)
7227:             1             16  java.util.regex.CharPredicates$$Lambda$246/0x0000000800c9d988 (java.base@15.0.1)
7228:             1             16  java.util.regex.CharPredicates$$Lambda$29/0x0000000800b56870 (java.base@15.0.1)
7229:             1             16  java.util.regex.CharPredicates$$Lambda$3057/0x000000080141e368 (java.base@15.0.1)
7230:             1             16  java.util.regex.CharPredicates$$Lambda$6109/0x0000000801b4cef8 (java.base@15.0.1)
7231:             1             16  java.util.regex.Pattern$$Lambda$123/0x0000000800b60c58 (java.base@15.0.1)
7232:             1             16  java.util.regex.Pattern$$Lambda$3055/0x000000080141de58 (java.base@15.0.1)
7233:             1             16  java.util.regex.Pattern$$Lambda$3056/0x000000080141e0e0 (java.base@15.0.1)
7234:             1             16  java.util.regex.Pattern$LastNode (java.base@15.0.1)
7235:             1             16  java.util.regex.Pattern$LookBehindEndNode (java.base@15.0.1)
7236:             1             16  java.util.regex.Pattern$Node (java.base@15.0.1)
7237:             1             16  java.util.stream.Collectors$$Lambda$184/0x0000000800b66b08 (java.base@15.0.1)
7238:             1             16  java.util.stream.Collectors$$Lambda$185/0x0000000800b66d38 (java.base@15.0.1)
7239:             1             16  java.util.stream.Collectors$$Lambda$186/0x0000000800b66f80 (java.base@15.0.1)
7240:             1             16  java.util.stream.Collectors$$Lambda$208/0x0000000800c17040 (java.base@15.0.1)
7241:             1             16  java.util.stream.Collectors$$Lambda$210/0x0000000800c17498 (java.base@15.0.1)
7242:             1             16  java.util.stream.Collectors$$Lambda$251/0x0000000800c9e540 (java.base@15.0.1)
7243:             1             16  java.util.stream.Collectors$$Lambda$253/0x0000000800c9e998 (java.base@15.0.1)
7244:             1             16  java.util.stream.Collectors$$Lambda$464/0x0000000800e22838 (java.base@15.0.1)
7245:             1             16  java.util.stream.Collectors$$Lambda$566/0x0000000800e61ec8 (java.base@15.0.1)
7246:             1             16  java.util.stream.Collectors$$Lambda$567/0x0000000800e620f8 (java.base@15.0.1)
7247:             1             16  java.util.stream.Collectors$$Lambda$58/0x0000000800b58448 (java.base@15.0.1)
7248:             1             16  java.util.stream.Collectors$$Lambda$59/0x0000000800b58668 (java.base@15.0.1)
7249:             1             16  java.util.stream.Collectors$$Lambda$60/0x0000000800b58898 (java.base@15.0.1)
7250:             1             16  java.util.stream.Collectors$$Lambda$61/0x0000000800b58ae0 (java.base@15.0.1)
7251:             1             16  java.util.stream.Collectors$$Lambda$73/0x0000000800b5d890 (java.base@15.0.1)
7252:             1             16  java.util.stream.Collectors$$Lambda$74/0x0000000800b5dab0 (java.base@15.0.1)
7253:             1             16  java.util.stream.Collectors$$Lambda$75/0x0000000800b5dce0 (java.base@15.0.1)
7254:             1             16  java.util.stream.FindOps$FindSink$OfInt$$Lambda$224/0x0000000800c69220 (java.base@15.0.1)
7255:             1             16  java.util.stream.FindOps$FindSink$OfInt$$Lambda$225/0x0000000800c69470 (java.base@15.0.1)
7256:             1             16  java.util.stream.FindOps$FindSink$OfInt$$Lambda$226/0x0000000800c69690 (java.base@15.0.1)
7257:             1             16  java.util.stream.FindOps$FindSink$OfInt$$Lambda$227/0x0000000800c698e0 (java.base@15.0.1)
7258:             1             16  java.util.stream.FindOps$FindSink$OfRef$$Lambda$239/0x0000000800c88d30 (java.base@15.0.1)
7259:             1             16  java.util.stream.FindOps$FindSink$OfRef$$Lambda$240/0x0000000800c88f80 (java.base@15.0.1)
7260:             1             16  java.util.stream.FindOps$FindSink$OfRef$$Lambda$241/0x0000000800c891a0 (java.base@15.0.1)
7261:             1             16  java.util.stream.FindOps$FindSink$OfRef$$Lambda$242/0x0000000800c893f0 (java.base@15.0.1)
7262:             1             16  java.util.stream.IntPipeline$$Lambda$4611/0x0000000801886768 (java.base@15.0.1)
7263:             1             16  java.util.stream.IntPipeline$$Lambda$6391/0x0000000801c611e0 (java.base@15.0.1)
7264:             1             16  java.util.stream.IntPipeline$$Lambda$6446/0x0000000801c628d0 (java.base@15.0.1)
7265:             1             16  java.util.stream.LongPipeline$$Lambda$5175/0x0000000801a04f70 (java.base@15.0.1)
7266:             1             16  java.util.stream.LongPipeline$$Lambda$5258/0x0000000801acdfd8 (java.base@15.0.1)
7267:             1             16  java.util.stream.LongPipeline$$Lambda$6077/0x0000000801b4ccd8 (java.base@15.0.1)
7268:             1             16  java.util.stream.Nodes$EmptyNode$OfDouble (java.base@15.0.1)
7269:             1             16  java.util.stream.Nodes$EmptyNode$OfInt (java.base@15.0.1)
7270:             1             16  java.util.stream.Nodes$EmptyNode$OfLong (java.base@15.0.1)
7271:             1             16  java.util.stream.Nodes$EmptyNode$OfRef (java.base@15.0.1)
7272:             1             16  java.util.zip.ZipFile$1 (java.base@15.0.1)
7273:             1             16  javax.activation.MailcapCommandMap
7274:             1             16  javax.activation.MimetypesFileTypeMap
7275:             1             16  javax.crypto.CryptoAllPermissionCollection (java.base@15.0.1)
7276:             1             16  javax.crypto.JceSecurityManager (java.base@15.0.1)
7277:             1             16  javax.net.DefaultSocketFactory (java.base@15.0.1)
7278:             1             16  javax.script.ScriptEngineManager$$Lambda$217/0x0000000800c1b3d8 (java.scripting@15.0.1)
7279:             1             16  javax.script.SimpleBindings (java.scripting@15.0.1)
7280:             1             16  javax.xml.validation.SchemaFactoryFinder$$Lambda$2990/0x0000000801382b08 (java.xml@15.0.1)
7281:             1             16  javax.xml.validation.SchemaFactoryFinder$$Lambda$2993/0x0000000801383b40 (java.xml@15.0.1)
7282:             1             16  jdk.internal.icu.impl.Norm2AllModes$DecomposeNormalizer2 (java.base@15.0.1)
7283:             1             16  jdk.internal.icu.impl.Norm2AllModes$NoopNormalizer2 (java.base@15.0.1)
7284:             1             16  jdk.internal.icu.impl.NormalizerImpl$IsAcceptable (java.base@15.0.1)
7285:             1             16  jdk.internal.icu.impl.Trie2$1 (java.base@15.0.1)
7286:             1             16  jdk.internal.icu.text.NormalizerBase$ModeImpl (java.base@15.0.1)
7287:             1             16  jdk.internal.icu.text.NormalizerBase$NFCMode (java.base@15.0.1)
7288:             1             16  jdk.internal.icu.text.NormalizerBase$NFDMode (java.base@15.0.1)
7289:             1             16  jdk.internal.icu.text.NormalizerBase$NFKCMode (java.base@15.0.1)
7290:             1             16  jdk.internal.icu.text.NormalizerBase$NFKDMode (java.base@15.0.1)
7291:             1             16  jdk.internal.icu.text.NormalizerBase$NONEMode (java.base@15.0.1)
7292:             1             16  jdk.internal.icu.text.StringPrep$StringPrepTrieImpl (java.base@15.0.1)
7293:             1             16  jdk.internal.icu.util.CodePointTrie$Data16 (java.base@15.0.1)
7294:             1             16  jdk.internal.jimage.ImageBufferCache$1 (java.base@15.0.1)
7295:             1             16  jdk.internal.jimage.ImageBufferCache$2 (java.base@15.0.1)
7296:             1             16  jdk.internal.jimage.ImageReaderFactory$1 (java.base@15.0.1)
7297:             1             16  jdk.internal.jimage.ImageStringsReader (java.base@15.0.1)
7298:             1             16  jdk.internal.jimage.decompressor.Decompressor (java.base@15.0.1)
7299:             1             16  jdk.internal.logger.LazyLoggers$$Lambda$277/0x0000000800cc86e8 (java.base@15.0.1)
7300:             1             16  jdk.internal.logger.LazyLoggers$1 (java.base@15.0.1)
7301:             1             16  jdk.internal.logger.LazyLoggers$JdkLazyLogger (java.base@15.0.1)
7302:             1             16  jdk.internal.logger.LazyLoggers$LazyLoggerFactories (java.base@15.0.1)
7303:             1             16  jdk.internal.logger.LoggerFinderLoader$$Lambda$279/0x0000000800cc8d30 (java.base@15.0.1)
7304:             1             16  jdk.internal.logger.LoggerFinderLoader$$Lambda$280/0x0000000800cc8f50 (java.base@15.0.1)
7305:             1             16  jdk.internal.math.FloatingDecimal$1 (java.base@15.0.1)
7306:             1             16  jdk.internal.math.FormattedFloatingDecimal$1 (java.base@15.0.1)
7307:             1             16  jdk.internal.misc.ExtendedMapMode$$Lambda$6053/0x0000000801b4c328 (java.base@15.0.1)
7308:             1             16  jdk.internal.misc.TerminatingThreadLocal$1 (java.base@15.0.1)
7309:             1             16  jdk.internal.misc.Unsafe (java.base@15.0.1)
7310:             1             16  jdk.internal.module.ModuleLoaderMap$Mapper (java.base@15.0.1)
7311:             1             16  jdk.internal.module.ModulePatcher (java.base@15.0.1)
7312:             1             16  jdk.internal.module.ModuleTarget (java.base@15.0.1)
7313:             1             16  jdk.internal.perf.Perf (java.base@15.0.1)
7314:             1             16  jdk.internal.platform.CgroupSubsystemController$$Lambda$5073/0x0000000801a017d0 (java.base@15.0.1)
7315:             1             16  jdk.internal.platform.CgroupSubsystemController$$Lambda$5075/0x0000000801a01c68 (java.base@15.0.1)
7316:             1             16  jdk.internal.platform.CgroupSubsystemFactory$$Lambda$286/0x0000000800cceaa8 (java.base@15.0.1)
7317:             1             16  jdk.internal.platform.cgroupv1.CgroupV1Subsystem$$Lambda$288/0x0000000800ce08e0 (java.base@15.0.1)
7318:             1             16  jdk.internal.platform.cgroupv1.CgroupV1Subsystem$$Lambda$289/0x0000000800ce0b30 (java.base@15.0.1)
7319:             1             16  jdk.internal.platform.cgroupv1.CgroupV1Subsystem$$Lambda$291/0x0000000800ce1628 (java.base@15.0.1)
7320:             1             16  jdk.internal.platform.cgroupv1.CgroupV1Subsystem$$Lambda$292/0x0000000800ce1868 (java.base@15.0.1)
7321:             1             16  jdk.internal.platform.cgroupv1.CgroupV1Subsystem$$Lambda$294/0x0000000800ce1cf0 (java.base@15.0.1)
7322:             1             16  jdk.internal.reflect.GeneratedConstructorAccessor1
7323:             1             16  jdk.internal.reflect.GeneratedConstructorAccessor10
7324:             1             16  jdk.internal.reflect.GeneratedConstructorAccessor11
7325:             1             16  jdk.internal.reflect.GeneratedConstructorAccessor12
7326:             1             16  jdk.internal.reflect.GeneratedConstructorAccessor13
7327:             1             16  jdk.internal.reflect.GeneratedConstructorAccessor14
7328:             1             16  jdk.internal.reflect.GeneratedConstructorAccessor15
7329:             1             16  jdk.internal.reflect.GeneratedConstructorAccessor16
7330:             1             16  jdk.internal.reflect.GeneratedConstructorAccessor17 (java.base@15.0.1)
7331:             1             16  jdk.internal.reflect.GeneratedConstructorAccessor18 (java.base@15.0.1)
7332:             1             16  jdk.internal.reflect.GeneratedConstructorAccessor19
7333:             1             16  jdk.internal.reflect.GeneratedConstructorAccessor2
7334:             1             16  jdk.internal.reflect.GeneratedConstructorAccessor20
7335:             1             16  jdk.internal.reflect.GeneratedConstructorAccessor21
7336:             1             16  jdk.internal.reflect.GeneratedConstructorAccessor22
7337:             1             16  jdk.internal.reflect.GeneratedConstructorAccessor23
7338:             1             16  jdk.internal.reflect.GeneratedConstructorAccessor24
7339:             1             16  jdk.internal.reflect.GeneratedConstructorAccessor25
7340:             1             16  jdk.internal.reflect.GeneratedConstructorAccessor26
7341:             1             16  jdk.internal.reflect.GeneratedConstructorAccessor27
7342:             1             16  jdk.internal.reflect.GeneratedConstructorAccessor28
7343:             1             16  jdk.internal.reflect.GeneratedConstructorAccessor29
7344:             1             16  jdk.internal.reflect.GeneratedConstructorAccessor3 (java.base@15.0.1)
7345:             1             16  jdk.internal.reflect.GeneratedConstructorAccessor30
7346:             1             16  jdk.internal.reflect.GeneratedConstructorAccessor31
7347:             1             16  jdk.internal.reflect.GeneratedConstructorAccessor32
7348:             1             16  jdk.internal.reflect.GeneratedConstructorAccessor33 (java.base@15.0.1)
7349:             1             16  jdk.internal.reflect.GeneratedConstructorAccessor34 (java.base@15.0.1)
7350:             1             16  jdk.internal.reflect.GeneratedConstructorAccessor35 (java.base@15.0.1)
7351:             1             16  jdk.internal.reflect.GeneratedConstructorAccessor36 (java.base@15.0.1)
7352:             1             16  jdk.internal.reflect.GeneratedConstructorAccessor37 (java.base@15.0.1)
7353:             1             16  jdk.internal.reflect.GeneratedConstructorAccessor38 (java.base@15.0.1)
7354:             1             16  jdk.internal.reflect.GeneratedConstructorAccessor39 (java.base@15.0.1)
7355:             1             16  jdk.internal.reflect.GeneratedConstructorAccessor4
7356:             1             16  jdk.internal.reflect.GeneratedConstructorAccessor40 (java.base@15.0.1)
7357:             1             16  jdk.internal.reflect.GeneratedConstructorAccessor41 (java.base@15.0.1)
7358:             1             16  jdk.internal.reflect.GeneratedConstructorAccessor42 (java.base@15.0.1)
7359:             1             16  jdk.internal.reflect.GeneratedConstructorAccessor43
7360:             1             16  jdk.internal.reflect.GeneratedConstructorAccessor44 (java.base@15.0.1)
7361:             1             16  jdk.internal.reflect.GeneratedConstructorAccessor45 (java.base@15.0.1)
7362:             1             16  jdk.internal.reflect.GeneratedConstructorAccessor46
7363:             1             16  jdk.internal.reflect.GeneratedConstructorAccessor47
7364:             1             16  jdk.internal.reflect.GeneratedConstructorAccessor48
7365:             1             16  jdk.internal.reflect.GeneratedConstructorAccessor49
7366:             1             16  jdk.internal.reflect.GeneratedConstructorAccessor5
7367:             1             16  jdk.internal.reflect.GeneratedConstructorAccessor50
7368:             1             16  jdk.internal.reflect.GeneratedConstructorAccessor51
7369:             1             16  jdk.internal.reflect.GeneratedConstructorAccessor53 (java.base@15.0.1)
7370:             1             16  jdk.internal.reflect.GeneratedConstructorAccessor54 (java.base@15.0.1)
7371:             1             16  jdk.internal.reflect.GeneratedConstructorAccessor55
7372:             1             16  jdk.internal.reflect.GeneratedConstructorAccessor56 (java.base@15.0.1)
7373:             1             16  jdk.internal.reflect.GeneratedConstructorAccessor57 (java.base@15.0.1)
7374:             1             16  jdk.internal.reflect.GeneratedConstructorAccessor58 (java.base@15.0.1)
7375:             1             16  jdk.internal.reflect.GeneratedConstructorAccessor59 (java.base@15.0.1)
7376:             1             16  jdk.internal.reflect.GeneratedConstructorAccessor6
7377:             1             16  jdk.internal.reflect.GeneratedConstructorAccessor60 (java.base@15.0.1)
7378:             1             16  jdk.internal.reflect.GeneratedConstructorAccessor61 (java.base@15.0.1)
7379:             1             16  jdk.internal.reflect.GeneratedConstructorAccessor62
7380:             1             16  jdk.internal.reflect.GeneratedConstructorAccessor63
7381:             1             16  jdk.internal.reflect.GeneratedConstructorAccessor64
7382:             1             16  jdk.internal.reflect.GeneratedConstructorAccessor65
7383:             1             16  jdk.internal.reflect.GeneratedConstructorAccessor66
7384:             1             16  jdk.internal.reflect.GeneratedConstructorAccessor67 (java.base@15.0.1)
7385:             1             16  jdk.internal.reflect.GeneratedConstructorAccessor68 (java.base@15.0.1)
7386:             1             16  jdk.internal.reflect.GeneratedConstructorAccessor7
7387:             1             16  jdk.internal.reflect.GeneratedConstructorAccessor70 (java.base@15.0.1)
7388:             1             16  jdk.internal.reflect.GeneratedConstructorAccessor71 (java.base@15.0.1)
7389:             1             16  jdk.internal.reflect.GeneratedConstructorAccessor72 (java.base@15.0.1)
7390:             1             16  jdk.internal.reflect.GeneratedConstructorAccessor73
7391:             1             16  jdk.internal.reflect.GeneratedConstructorAccessor74 (java.base@15.0.1)
7392:             1             16  jdk.internal.reflect.GeneratedConstructorAccessor75
7393:             1             16  jdk.internal.reflect.GeneratedConstructorAccessor8
7394:             1             16  jdk.internal.reflect.GeneratedConstructorAccessor9
7395:             1             16  jdk.internal.reflect.GeneratedMethodAccessor1
7396:             1             16  jdk.internal.reflect.GeneratedMethodAccessor10
7397:             1             16  jdk.internal.reflect.GeneratedMethodAccessor11
7398:             1             16  jdk.internal.reflect.GeneratedMethodAccessor12
7399:             1             16  jdk.internal.reflect.GeneratedMethodAccessor13
7400:             1             16  jdk.internal.reflect.GeneratedMethodAccessor14
7401:             1             16  jdk.internal.reflect.GeneratedMethodAccessor15
7402:             1             16  jdk.internal.reflect.GeneratedMethodAccessor16
7403:             1             16  jdk.internal.reflect.GeneratedMethodAccessor17
7404:             1             16  jdk.internal.reflect.GeneratedMethodAccessor18 (java.base@15.0.1)
7405:             1             16  jdk.internal.reflect.GeneratedMethodAccessor19 (java.base@15.0.1)
7406:             1             16  jdk.internal.reflect.GeneratedMethodAccessor2
7407:             1             16  jdk.internal.reflect.GeneratedMethodAccessor20 (java.base@15.0.1)
7408:             1             16  jdk.internal.reflect.GeneratedMethodAccessor21 (java.base@15.0.1)
7409:             1             16  jdk.internal.reflect.GeneratedMethodAccessor22 (java.base@15.0.1)
7410:             1             16  jdk.internal.reflect.GeneratedMethodAccessor23 (java.base@15.0.1)
7411:             1             16  jdk.internal.reflect.GeneratedMethodAccessor24 (java.base@15.0.1)
7412:             1             16  jdk.internal.reflect.GeneratedMethodAccessor25 (java.base@15.0.1)
7413:             1             16  jdk.internal.reflect.GeneratedMethodAccessor26 (java.base@15.0.1)
7414:             1             16  jdk.internal.reflect.GeneratedMethodAccessor27 (java.base@15.0.1)
7415:             1             16  jdk.internal.reflect.GeneratedMethodAccessor3
7416:             1             16  jdk.internal.reflect.GeneratedMethodAccessor4 (java.base@15.0.1)
7417:             1             16  jdk.internal.reflect.GeneratedMethodAccessor5
7418:             1             16  jdk.internal.reflect.GeneratedMethodAccessor6
7419:             1             16  jdk.internal.reflect.GeneratedMethodAccessor7
7420:             1             16  jdk.internal.reflect.GeneratedMethodAccessor8
7421:             1             16  jdk.internal.reflect.GeneratedMethodAccessor9
7422:             1             16  jdk.internal.reflect.ReflectionFactory (java.base@15.0.1)
7423:             1             16  jdk.net.LinuxSocketOptions (jdk.net@15.0.1)
7424:             1             16  jdk.net.LinuxSocketOptions$$Lambda$2937/0x000000080133db70 (jdk.net@15.0.1)
7425:             1             16  jdk.xml.internal.SecuritySupport$$Lambda$2987/0x0000000801382278 (java.xml@15.0.1)
7426:             1             16  joptsimple.OptionParserState$2
7427:             1             16  joptsimple.util.PathConverter
7428:             1             16  net.shibboleth.utilities.java.support.logic.TrimOrNullStringFunction
7429:             1             16  org.antlr.v4.runtime.CommonTokenFactory
7430:             1             16  org.antlr.v4.runtime.ConsoleErrorListener
7431:             1             16  org.antlr.v4.runtime.atn.ATNConfigSet$ConfigEqualityComparator
7432:             1             16  org.antlr.v4.runtime.atn.ATNDeserializationOptions
7433:             1             16  org.antlr.v4.runtime.atn.LexerSkipAction
7434:             1             16  org.antlr.v4.runtime.atn.PredictionMode$AltAndContextConfigEqualityComparator
7435:             1             16  org.antlr.v4.runtime.misc.ObjectEqualityComparator
7436:             1             16  org.apache.http.client.entity.DeflateInputStreamFactory
7437:             1             16  org.apache.http.client.entity.GZIPInputStreamFactory
7438:             1             16  org.apache.http.client.protocol.RequestAcceptEncoding
7439:             1             16  org.apache.http.client.protocol.RequestAddCookies
7440:             1             16  org.apache.http.client.protocol.RequestAddCookies
7441:             1             16  org.apache.http.client.protocol.RequestAuthCache
7442:             1             16  org.apache.http.client.protocol.RequestAuthCache
7443:             1             16  org.apache.http.client.protocol.RequestClientConnControl
7444:             1             16  org.apache.http.client.protocol.RequestClientConnControl
7445:             1             16  org.apache.http.client.protocol.RequestDefaultHeaders
7446:             1             16  org.apache.http.client.protocol.RequestDefaultHeaders
7447:             1             16  org.apache.http.client.protocol.RequestExpectContinue
7448:             1             16  org.apache.http.client.protocol.RequestExpectContinue
7449:             1             16  org.apache.http.client.protocol.ResponseProcessCookies
7450:             1             16  org.apache.http.client.protocol.ResponseProcessCookies
7451:             1             16  org.apache.http.conn.routing.BasicRouteDirector
7452:             1             16  org.apache.http.conn.routing.BasicRouteDirector
7453:             1             16  org.apache.http.conn.socket.PlainConnectionSocketFactory
7454:             1             16  org.apache.http.conn.socket.PlainConnectionSocketFactory
7455:             1             16  org.apache.http.conn.ssl.AllowAllHostnameVerifier
7456:             1             16  org.apache.http.conn.ssl.AllowAllHostnameVerifier
7457:             1             16  org.apache.http.conn.ssl.BrowserCompatHostnameVerifier
7458:             1             16  org.apache.http.conn.ssl.BrowserCompatHostnameVerifier
7459:             1             16  org.apache.http.conn.ssl.StrictHostnameVerifier
7460:             1             16  org.apache.http.conn.ssl.StrictHostnameVerifier
7461:             1             16  org.apache.http.cookie.CookieIdentityComparator
7462:             1             16  org.apache.http.cookie.CookieIdentityComparator
7463:             1             16  org.apache.http.impl.DefaultConnectionReuseStrategy
7464:             1             16  org.apache.http.impl.DefaultConnectionReuseStrategy
7465:             1             16  org.apache.http.impl.DefaultHttpResponseFactory
7466:             1             16  org.apache.http.impl.DefaultHttpResponseFactory
7467:             1             16  org.apache.http.impl.EnglishReasonPhraseCatalog
7468:             1             16  org.apache.http.impl.EnglishReasonPhraseCatalog
7469:             1             16  org.apache.http.impl.auth.BasicSchemeFactory
7470:             1             16  org.apache.http.impl.auth.BasicSchemeFactory
7471:             1             16  org.apache.http.impl.auth.DigestSchemeFactory
7472:             1             16  org.apache.http.impl.auth.DigestSchemeFactory
7473:             1             16  org.apache.http.impl.auth.HttpAuthenticator
7474:             1             16  org.apache.http.impl.auth.HttpAuthenticator
7475:             1             16  org.apache.http.impl.auth.KerberosSchemeFactory
7476:             1             16  org.apache.http.impl.auth.KerberosSchemeFactory
7477:             1             16  org.apache.http.impl.auth.NTLMSchemeFactory
7478:             1             16  org.apache.http.impl.auth.NTLMSchemeFactory
7479:             1             16  org.apache.http.impl.auth.SPNegoSchemeFactory
7480:             1             16  org.apache.http.impl.auth.SPNegoSchemeFactory
7481:             1             16  org.apache.http.impl.client.BasicCredentialsProvider
7482:             1             16  org.apache.http.impl.client.BasicCredentialsProvider
7483:             1             16  org.apache.http.impl.client.DefaultClientConnectionReuseStrategy
7484:             1             16  org.apache.http.impl.client.DefaultClientConnectionReuseStrategy
7485:             1             16  org.apache.http.impl.client.DefaultConnectionKeepAliveStrategy
7486:             1             16  org.apache.http.impl.client.DefaultConnectionKeepAliveStrategy
7487:             1             16  org.apache.http.impl.client.DefaultUserTokenHandler
7488:             1             16  org.apache.http.impl.client.DefaultUserTokenHandler
7489:             1             16  org.apache.http.impl.client.IdleConnectionEvictor$DefaultThreadFactory
7490:             1             16  org.apache.http.impl.conn.DefaultRoutePlanner
7491:             1             16  org.apache.http.impl.conn.DefaultRoutePlanner
7492:             1             16  org.apache.http.impl.conn.DefaultSchemePortResolver
7493:             1             16  org.apache.http.impl.conn.DefaultSchemePortResolver
7494:             1             16  org.apache.http.impl.conn.SystemDefaultDnsResolver
7495:             1             16  org.apache.http.impl.cookie.BasicDomainHandler
7496:             1             16  org.apache.http.impl.cookie.BasicExpiresHandler
7497:             1             16  org.apache.http.impl.cookie.IgnoreSpecProvider
7498:             1             16  org.apache.http.impl.cookie.IgnoreSpecProvider
7499:             1             16  org.apache.http.impl.cookie.NetscapeDraftSpec
7500:             1             16  org.apache.http.impl.cookie.RFC2109DomainHandler
7501:             1             16  org.apache.http.impl.cookie.RFC2109VersionHandler
7502:             1             16  org.apache.http.impl.cookie.RFC2965CommentUrlAttributeHandler
7503:             1             16  org.apache.http.impl.cookie.RFC2965DiscardAttributeHandler
7504:             1             16  org.apache.http.impl.cookie.RFC2965DomainAttributeHandler
7505:             1             16  org.apache.http.impl.cookie.RFC2965PortAttributeHandler
7506:             1             16  org.apache.http.impl.cookie.RFC2965VersionAttributeHandler
7507:             1             16  org.apache.http.impl.entity.LaxContentLengthStrategy
7508:             1             16  org.apache.http.impl.entity.LaxContentLengthStrategy
7509:             1             16  org.apache.http.impl.entity.StrictContentLengthStrategy
7510:             1             16  org.apache.http.impl.entity.StrictContentLengthStrategy
7511:             1             16  org.apache.http.impl.io.DefaultHttpRequestWriterFactory
7512:             1             16  org.apache.http.impl.io.DefaultHttpRequestWriterFactory
7513:             1             16  org.apache.http.impl.io.EmptyInputStream
7514:             1             16  org.apache.http.message.TokenParser
7515:             1             16  org.apache.http.protocol.HttpRequestExecutor
7516:             1             16  org.apache.http.protocol.RequestContent
7517:             1             16  org.apache.http.protocol.RequestContent
7518:             1             16  org.apache.logging.log4j.ThreadContext$EmptyIterator
7519:             1             16  org.apache.logging.log4j.ThreadContext$EmptyThreadContextStack
7520:             1             16  org.apache.logging.log4j.core.appender.ConsoleAppender$ConsoleManagerFactory
7521:             1             16  org.apache.logging.log4j.core.appender.FileManager$FileManagerFactory
7522:             1             16  org.apache.logging.log4j.core.appender.rolling.RollingFileManager$RollingFileManagerFactory
7523:             1             16  org.apache.logging.log4j.core.config.ConfigurationFactory$Factory
7524:             1             16  org.apache.logging.log4j.core.config.composite.DefaultMergeStrategy
7525:             1             16  org.apache.logging.log4j.core.config.plugins.convert.TypeConverterRegistry
7526:             1             16  org.apache.logging.log4j.core.config.plugins.convert.TypeConverters$BigDecimalConverter
7527:             1             16  org.apache.logging.log4j.core.config.plugins.convert.TypeConverters$BigIntegerConverter
7528:             1             16  org.apache.logging.log4j.core.config.plugins.convert.TypeConverters$BooleanConverter
7529:             1             16  org.apache.logging.log4j.core.config.plugins.convert.TypeConverters$ByteArrayConverter
7530:             1             16  org.apache.logging.log4j.core.config.plugins.convert.TypeConverters$ByteConverter
7531:             1             16  org.apache.logging.log4j.core.config.plugins.convert.TypeConverters$CharArrayConverter
7532:             1             16  org.apache.logging.log4j.core.config.plugins.convert.TypeConverters$CharacterConverter
7533:             1             16  org.apache.logging.log4j.core.config.plugins.convert.TypeConverters$CharsetConverter
7534:             1             16  org.apache.logging.log4j.core.config.plugins.convert.TypeConverters$ClassConverter
7535:             1             16  org.apache.logging.log4j.core.config.plugins.convert.TypeConverters$CronExpressionConverter
7536:             1             16  org.apache.logging.log4j.core.config.plugins.convert.TypeConverters$DoubleConverter
7537:             1             16  org.apache.logging.log4j.core.config.plugins.convert.TypeConverters$DurationConverter
7538:             1             16  org.apache.logging.log4j.core.config.plugins.convert.TypeConverters$FileConverter
7539:             1             16  org.apache.logging.log4j.core.config.plugins.convert.TypeConverters$FloatConverter
7540:             1             16  org.apache.logging.log4j.core.config.plugins.convert.TypeConverters$InetAddressConverter
7541:             1             16  org.apache.logging.log4j.core.config.plugins.convert.TypeConverters$IntegerConverter
7542:             1             16  org.apache.logging.log4j.core.config.plugins.convert.TypeConverters$LevelConverter
7543:             1             16  org.apache.logging.log4j.core.config.plugins.convert.TypeConverters$LongConverter
7544:             1             16  org.apache.logging.log4j.core.config.plugins.convert.TypeConverters$PathConverter
7545:             1             16  org.apache.logging.log4j.core.config.plugins.convert.TypeConverters$PatternConverter
7546:             1             16  org.apache.logging.log4j.core.config.plugins.convert.TypeConverters$SecurityProviderConverter
7547:             1             16  org.apache.logging.log4j.core.config.plugins.convert.TypeConverters$ShortConverter
7548:             1             16  org.apache.logging.log4j.core.config.plugins.convert.TypeConverters$StringConverter
7549:             1             16  org.apache.logging.log4j.core.config.plugins.convert.TypeConverters$UriConverter
7550:             1             16  org.apache.logging.log4j.core.config.plugins.convert.TypeConverters$UrlConverter
7551:             1             16  org.apache.logging.log4j.core.config.plugins.convert.TypeConverters$UuidConverter
7552:             1             16  org.apache.logging.log4j.core.impl.ReusableLogEventFactory
7553:             1             16  org.apache.logging.log4j.core.lookup.MainMapLookup
7554:             1             16  org.apache.logging.log4j.core.lookup.ResourceBundleLookup
7555:             1             16  org.apache.logging.log4j.core.lookup.StrMatcher$NoMatcher
7556:             1             16  org.apache.logging.log4j.core.lookup.StrMatcher$TrimMatcher
7557:             1             16  org.apache.logging.log4j.core.lookup.StructuredDataLookup
7558:             1             16  org.apache.logging.log4j.core.pattern.NameAbbreviator$NOPAbbreviator
7559:             1             16  org.apache.logging.log4j.core.pattern.PlainTextRenderer
7560:             1             16  org.apache.logging.log4j.core.selector.ClassLoaderContextSelector
7561:             1             16  org.apache.logging.log4j.core.util.CloseShieldOutputStream
7562:             1             16  org.apache.logging.log4j.core.util.datetime.FastDateFormat$1
7563:             1             16  org.apache.logging.log4j.core.util.datetime.FastDateParser$1
7564:             1             16  org.apache.logging.log4j.core.util.datetime.FastDateParser$2
7565:             1             16  org.apache.logging.log4j.core.util.datetime.FastDateParser$3
7566:             1             16  org.apache.logging.log4j.core.util.datetime.FastDateParser$4
7567:             1             16  org.apache.logging.log4j.core.util.datetime.FastDateParser$5
7568:             1             16  org.apache.logging.log4j.core.util.datetime.FastDateParser$6
7569:             1             16  org.apache.logging.log4j.core.util.datetime.FastDatePrinter$TwoDigitMonthField
7570:             1             16  org.apache.logging.log4j.message.ParameterizedNoReferenceMessageFactory
7571:             1             16  org.apache.logging.log4j.message.ReusableSimpleMessage
7572:             1             16  org.apache.logging.log4j.spi.CopyOnWriteSortedArrayThreadContextMap
7573:             1             16  org.apache.logging.log4j.spi.DefaultThreadContextStack
7574:             1             16  org.apache.logging.log4j.spi.LoggerRegistry$ConcurrentMapFactory
7575:             1             16  org.apache.logging.log4j.util.LoaderUtil$ThreadContextClassLoaderGetter
7576:             1             16  org.apache.logging.log4j.util.ProviderUtil
7577:             1             16  org.apache.logging.log4j.util.SortedArrayStringMap$1
7578:             1             16  org.apache.logging.log4j.util.StackLocator
7579:             1             16  org.apache.logging.log4j.util.StackLocator$$Lambda$243/0x0000000800c843f0
7580:             1             16  org.apache.logging.log4j.util.StackLocator$$Lambda$2984/0x000000080136b978
7581:             1             16  org.apache.logging.log4j.util.StackLocator$$Lambda$422/0x0000000800d84cb8
7582:             1             16  org.apache.logging.log4j.util.StackLocator$$Lambda$6013/0x0000000801bfee38
7583:             1             16  org.apache.logging.log4j.util.StackLocator$$Lambda$6014/0x0000000801bff078
7584:             1             16  org.apache.logging.slf4j.Log4jMarkerFactory
7585:             1             16  org.apache.lucene.analysis.Analyzer$1
7586:             1             16  org.apache.lucene.analysis.Analyzer$2
7587:             1             16  org.apache.lucene.analysis.ar.ArabicStemmer
7588:             1             16  org.apache.lucene.analysis.bg.BulgarianStemmer
7589:             1             16  org.apache.lucene.analysis.bn.BengaliNormalizer
7590:             1             16  org.apache.lucene.analysis.bn.BengaliStemmer
7591:             1             16  org.apache.lucene.analysis.ckb.SoraniNormalizer
7592:             1             16  org.apache.lucene.analysis.ckb.SoraniStemmer
7593:             1             16  org.apache.lucene.analysis.cz.CzechStemmer
7594:             1             16  org.apache.lucene.analysis.de.GermanLightStemmer
7595:             1             16  org.apache.lucene.analysis.el.GreekStemmer
7596:             1             16  org.apache.lucene.analysis.es.SpanishLightStemmer
7597:             1             16  org.apache.lucene.analysis.fa.PersianNormalizer
7598:             1             16  org.apache.lucene.analysis.fr.FrenchLightStemmer
7599:             1             16  org.apache.lucene.analysis.gl.GalicianStemmer
7600:             1             16  org.apache.lucene.analysis.hi.HindiNormalizer
7601:             1             16  org.apache.lucene.analysis.hi.HindiStemmer
7602:             1             16  org.apache.lucene.analysis.it.ItalianLightStemmer
7603:             1             16  org.apache.lucene.analysis.lv.LatvianStemmer
7604:             1             16  org.apache.lucene.analysis.pt.PortugueseLightStemmer
7605:             1             16  org.apache.lucene.codecs.PointsFormat$1
7606:             1             16  org.apache.lucene.codecs.compressing.CompressionMode$1
7607:             1             16  org.apache.lucene.codecs.compressing.CompressionMode$2
7608:             1             16  org.apache.lucene.codecs.compressing.CompressionMode$3
7609:             1             16  org.apache.lucene.codecs.compressing.CompressionMode$4
7610:             1             16  org.apache.lucene.codecs.lucene50.Lucene50PostingsFormat
7611:             1             16  org.apache.lucene.codecs.lucene70.Lucene70DocValuesFormat
7612:             1             16  org.apache.lucene.codecs.lucene70.Lucene70NormsFormat
7613:             1             16  org.apache.lucene.codecs.lucene80.Lucene80DocValuesFormat
7614:             1             16  org.apache.lucene.codecs.lucene84.ForDeltaUtil
7615:             1             16  org.apache.lucene.codecs.lucene84.ForUtil
7616:             1             16  org.apache.lucene.codecs.lucene84.PForUtil
7617:             1             16  org.apache.lucene.codecs.lucene87.DeflateWithPresetDictCompressionMode
7618:             1             16  org.apache.lucene.codecs.lucene87.LZ4WithPresetDictCompressionMode
7619:             1             16  org.apache.lucene.codecs.perfield.PerFieldPostingsFormat$FieldsWriter$$Lambda$6104/0x0000000801c294c0
7620:             1             16  org.apache.lucene.codecs.perfield.PerFieldPostingsFormat$FieldsWriter$$Lambda$6105/0x0000000801c29700
7621:             1             16  org.apache.lucene.index.DocumentsWriter$$Lambda$4588/0x00000008018c0ae0
7622:             1             16  org.apache.lucene.index.DocumentsWriter$$Lambda$5534/0x0000000801b5f768
7623:             1             16  org.apache.lucene.index.DocumentsWriterDeleteQueue$$Lambda$4582/0x00000008018bd7e0
7624:             1             16  org.apache.lucene.index.DocumentsWriterPerThread$1
7625:             1             16  org.apache.lucene.index.FrozenBufferedUpdates$$Lambda$4601/0x00000008018d48d8
7626:             1             16  org.apache.lucene.index.IndexWriter$1$$Lambda$4606/0x00000008018dd588
7627:             1             16  org.apache.lucene.index.KeepOnlyLastCommitDeletionPolicy
7628:             1             16  org.apache.lucene.index.MergePolicy$OneMerge$$Lambda$6101/0x0000000801c256c8
7629:             1             16  org.apache.lucene.index.MergePolicy$OneMergeProgress$$Lambda$6123/0x0000000801c374d0
7630:             1             16  org.apache.lucene.index.MergePolicy$OneMergeProgress$$Lambda$6124/0x0000000801c37710
7631:             1             16  org.apache.lucene.index.MultiTermsEnum$1
7632:             1             16  org.apache.lucene.index.ReadersAndUpdates$$Lambda$6232/0x0000000801c83f20
7633:             1             16  org.apache.lucene.index.ReadersAndUpdates$$Lambda$6233/0x0000000801c84160
7634:             1             16  org.apache.lucene.index.SerialMergeScheduler
7635:             1             16  org.apache.lucene.index.SlowImpactsEnum$1
7636:             1             16  org.apache.lucene.index.StandardDirectoryReader$$Lambda$6072/0x0000000801c1e370
7637:             1             16  org.apache.lucene.index.TermStates$1
7638:             1             16  org.apache.lucene.index.TermsEnum$1
7639:             1             16  org.apache.lucene.index.TieredMergePolicy$$Lambda$4609/0x00000008018dea98
7640:             1             16  org.apache.lucene.index.TieredMergePolicy$$Lambda$4610/0x00000008018df170
7641:             1             16  org.apache.lucene.search.Boolean2ScorerSupplier$$Lambda$6076/0x0000000801c1fcd8
7642:             1             16  org.apache.lucene.search.Boolean2ScorerSupplier$$Lambda$6168/0x0000000801c53688
7643:             1             16  org.apache.lucene.search.ConjunctionDISI$$Lambda$6080/0x0000000801c21010
7644:             1             16  org.apache.lucene.search.ConjunctionDISI$BitSetConjunctionDISI$$Lambda$6615/0x0000000801d10690
7645:             1             16  org.apache.lucene.search.DocIdSet$1
7646:             1             16  org.apache.lucene.search.DoubleValues$2
7647:             1             16  org.apache.lucene.search.MinShouldMatchSumScorer$$Lambda$6170/0x0000000801c543f8
7648:             1             16  org.apache.lucene.search.MultiTermQuery$1
7649:             1             16  org.apache.lucene.search.QueryVisitor$2
7650:             1             16  org.apache.lucene.search.ScoringRewrite$1
7651:             1             16  org.apache.lucene.search.ScoringRewrite$2
7652:             1             16  org.apache.lucene.search.SortField$1
7653:             1             16  org.apache.lucene.search.SortField$2
7654:             1             16  org.apache.lucene.search.similarities.AfterEffectB
7655:             1             16  org.apache.lucene.search.similarities.AfterEffectL
7656:             1             16  org.apache.lucene.search.similarities.BasicModelG
7657:             1             16  org.apache.lucene.search.similarities.BasicModelIF
7658:             1             16  org.apache.lucene.search.similarities.BasicModelIn
7659:             1             16  org.apache.lucene.search.similarities.BasicModelIne
7660:             1             16  org.apache.lucene.search.similarities.DistributionLL
7661:             1             16  org.apache.lucene.search.similarities.DistributionSPL
7662:             1             16  org.apache.lucene.search.similarities.IndependenceChiSquared
7663:             1             16  org.apache.lucene.search.similarities.IndependenceSaturated
7664:             1             16  org.apache.lucene.search.similarities.IndependenceStandardized
7665:             1             16  org.apache.lucene.search.similarities.LambdaDF
7666:             1             16  org.apache.lucene.search.similarities.LambdaTTF
7667:             1             16  org.apache.lucene.store.ByteBuffersDataOutput$$Lambda$4595/0x00000008018ce5a8
7668:             1             16  org.apache.lucene.store.ByteBuffersDataOutput$$Lambda$4596/0x00000008018ce7c8
7669:             1             16  org.apache.lucene.store.MMapDirectory$$Lambda$518/0x0000000800e5c3d0
7670:             1             16  org.apache.lucene.store.NativeFSLockFactory
7671:             1             16  org.apache.lucene.util.Accountable$$Lambda$431/0x0000000800da5050
7672:             1             16  org.apache.lucene.util.AttributeFactory$DefaultAttributeFactory
7673:             1             16  org.apache.lucene.util.CharsRef$UTF16SortedAsUTF8Comparator
7674:             1             16  org.apache.lucene.util.CharsRefBuilder
7675:             1             16  org.apache.lucene.util.IOUtils$$Lambda$4590/0x00000008018c1150
7676:             1             16  org.apache.lucene.util.InfoStream$NoOutput
7677:             1             16  org.apache.lucene.util.LongValues$1
7678:             1             16  org.apache.lucene.util.LongValues$2
7679:             1             16  org.apache.lucene.util.PriorityQueue$$Lambda$5577/0x0000000801b772b8
7680:             1             16  org.apache.lucene.util.fst.ByteSequenceOutputs
7681:             1             16  org.apache.lucene.util.packed.DirectMonotonicReader$1
7682:             1             16  org.apache.xml.security.Init$$Lambda$3005/0x000000080150d288
7683:             1             16  org.apache.xml.security.utils.XMLUtils$$Lambda$3008/0x000000080150e090
7684:             1             16  org.apache.xml.security.utils.XMLUtils$$Lambda$3009/0x000000080150e2b0
7685:             1             16  org.apache.xml.security.utils.resolver.implementations.ResolverDirectHTTP
7686:             1             16  org.apache.xml.security.utils.resolver.implementations.ResolverFragment
7687:             1             16  org.apache.xml.security.utils.resolver.implementations.ResolverLocalFilesystem
7688:             1             16  org.apache.xml.security.utils.resolver.implementations.ResolverXPointer
7689:             1             16  org.elasticsearch.ElasticsearchException$$Lambda$1544/0x00000008010f4b18
7690:             1             16  org.elasticsearch.ElasticsearchException$$Lambda$1545/0x00000008010f4d58
7691:             1             16  org.elasticsearch.ElasticsearchException$$Lambda$1546/0x00000008010f4f98
7692:             1             16  org.elasticsearch.ElasticsearchException$$Lambda$1547/0x00000008010f51d8
7693:             1             16  org.elasticsearch.ElasticsearchException$$Lambda$4778/0x0000000801978040
7694:             1             16  org.elasticsearch.ElasticsearchException$$Lambda$4779/0x0000000801978260
7695:             1             16  org.elasticsearch.ElasticsearchException$$Lambda$4780/0x0000000801978480
7696:             1             16  org.elasticsearch.ElasticsearchException$$Lambda$4781/0x00000008019786a0
7697:             1             16  org.elasticsearch.ElasticsearchException$$Lambda$4782/0x00000008019788c0
7698:             1             16  org.elasticsearch.ElasticsearchException$$Lambda$4783/0x0000000801978ae0
7699:             1             16  org.elasticsearch.ElasticsearchException$$Lambda$5137/0x0000000801a418c0
7700:             1             16  org.elasticsearch.ElasticsearchException$$Lambda$5138/0x0000000801a41ae0
7701:             1             16  org.elasticsearch.ElasticsearchException$$Lambda$5139/0x0000000801a41d00
7702:             1             16  org.elasticsearch.ElasticsearchException$$Lambda$5140/0x0000000801a41f20
7703:             1             16  org.elasticsearch.ElasticsearchException$$Lambda$5142/0x0000000801a42368
7704:             1             16  org.elasticsearch.ElasticsearchException$$Lambda$5143/0x0000000801a42588
7705:             1             16  org.elasticsearch.ElasticsearchException$ElasticsearchExceptionHandle$$Lambda$1408/0x00000008010d0d78
7706:             1             16  org.elasticsearch.ElasticsearchException$ElasticsearchExceptionHandle$$Lambda$1409/0x00000008010d1350
7707:             1             16  org.elasticsearch.ElasticsearchException$ElasticsearchExceptionHandle$$Lambda$1410/0x00000008010d1570
7708:             1             16  org.elasticsearch.ElasticsearchException$ElasticsearchExceptionHandle$$Lambda$1411/0x00000008010d1b28
7709:             1             16  org.elasticsearch.ElasticsearchException$ElasticsearchExceptionHandle$$Lambda$1412/0x00000008010d1d48
7710:             1             16  org.elasticsearch.ElasticsearchException$ElasticsearchExceptionHandle$$Lambda$1413/0x00000008010d1f68
7711:             1             16  org.elasticsearch.ElasticsearchException$ElasticsearchExceptionHandle$$Lambda$1414/0x00000008010d2520
7712:             1             16  org.elasticsearch.ElasticsearchException$ElasticsearchExceptionHandle$$Lambda$1415/0x00000008010d2740
7713:             1             16  org.elasticsearch.ElasticsearchException$ElasticsearchExceptionHandle$$Lambda$1416/0x00000008010d35b8
7714:             1             16  org.elasticsearch.ElasticsearchException$ElasticsearchExceptionHandle$$Lambda$1417/0x00000008010d3b70
7715:             1             16  org.elasticsearch.ElasticsearchException$ElasticsearchExceptionHandle$$Lambda$1418/0x00000008010d4128
7716:             1             16  org.elasticsearch.ElasticsearchException$ElasticsearchExceptionHandle$$Lambda$1419/0x00000008010d4348
7717:             1             16  org.elasticsearch.ElasticsearchException$ElasticsearchExceptionHandle$$Lambda$1420/0x00000008010d4568
7718:             1             16  org.elasticsearch.ElasticsearchException$ElasticsearchExceptionHandle$$Lambda$1421/0x00000008010d4b20
7719:             1             16  org.elasticsearch.ElasticsearchException$ElasticsearchExceptionHandle$$Lambda$1422/0x00000008010d50d8
7720:             1             16  org.elasticsearch.ElasticsearchException$ElasticsearchExceptionHandle$$Lambda$1423/0x00000008010d56a8
7721:             1             16  org.elasticsearch.ElasticsearchException$ElasticsearchExceptionHandle$$Lambda$1424/0x00000008010d58c8
7722:             1             16  org.elasticsearch.ElasticsearchException$ElasticsearchExceptionHandle$$Lambda$1425/0x00000008010d6220
7723:             1             16  org.elasticsearch.ElasticsearchException$ElasticsearchExceptionHandle$$Lambda$1426/0x00000008010d67f0
7724:             1             16  org.elasticsearch.ElasticsearchException$ElasticsearchExceptionHandle$$Lambda$1427/0x00000008010d6a10
7725:             1             16  org.elasticsearch.ElasticsearchException$ElasticsearchExceptionHandle$$Lambda$1428/0x00000008010d6c30
7726:             1             16  org.elasticsearch.ElasticsearchException$ElasticsearchExceptionHandle$$Lambda$1429/0x00000008010d6e50
7727:             1             16  org.elasticsearch.ElasticsearchException$ElasticsearchExceptionHandle$$Lambda$1430/0x00000008010d7410
7728:             1             16  org.elasticsearch.ElasticsearchException$ElasticsearchExceptionHandle$$Lambda$1431/0x00000008010d7630
7729:             1             16  org.elasticsearch.ElasticsearchException$ElasticsearchExceptionHandle$$Lambda$1432/0x00000008010d7850
7730:             1             16  org.elasticsearch.ElasticsearchException$ElasticsearchExceptionHandle$$Lambda$1433/0x00000008010d7a70
7731:             1             16  org.elasticsearch.ElasticsearchException$ElasticsearchExceptionHandle$$Lambda$1434/0x00000008010d7c90
7732:             1             16  org.elasticsearch.ElasticsearchException$ElasticsearchExceptionHandle$$Lambda$1435/0x00000008010d8040
7733:             1             16  org.elasticsearch.ElasticsearchException$ElasticsearchExceptionHandle$$Lambda$1436/0x00000008010d85f8
7734:             1             16  org.elasticsearch.ElasticsearchException$ElasticsearchExceptionHandle$$Lambda$1437/0x00000008010d8bb0
7735:             1             16  org.elasticsearch.ElasticsearchException$ElasticsearchExceptionHandle$$Lambda$1438/0x00000008010d9168
7736:             1             16  org.elasticsearch.ElasticsearchException$ElasticsearchExceptionHandle$$Lambda$1439/0x00000008010d9388
7737:             1             16  org.elasticsearch.ElasticsearchException$ElasticsearchExceptionHandle$$Lambda$1440/0x00000008010d95a8
7738:             1             16  org.elasticsearch.ElasticsearchException$ElasticsearchExceptionHandle$$Lambda$1441/0x00000008010d97c8
7739:             1             16  org.elasticsearch.ElasticsearchException$ElasticsearchExceptionHandle$$Lambda$1442/0x00000008010d99e8
7740:             1             16  org.elasticsearch.ElasticsearchException$ElasticsearchExceptionHandle$$Lambda$1443/0x00000008010d9c08
7741:             1             16  org.elasticsearch.ElasticsearchException$ElasticsearchExceptionHandle$$Lambda$1444/0x00000008010da1d0
7742:             1             16  org.elasticsearch.ElasticsearchException$ElasticsearchExceptionHandle$$Lambda$1445/0x00000008010da3f0
7743:             1             16  org.elasticsearch.ElasticsearchException$ElasticsearchExceptionHandle$$Lambda$1446/0x00000008010da9b0
7744:             1             16  org.elasticsearch.ElasticsearchException$ElasticsearchExceptionHandle$$Lambda$1447/0x00000008010daf98
7745:             1             16  org.elasticsearch.ElasticsearchException$ElasticsearchExceptionHandle$$Lambda$1448/0x00000008010db1b8
7746:             1             16  org.elasticsearch.ElasticsearchException$ElasticsearchExceptionHandle$$Lambda$1449/0x00000008010db770
7747:             1             16  org.elasticsearch.ElasticsearchException$ElasticsearchExceptionHandle$$Lambda$1450/0x00000008010dbd30
7748:             1             16  org.elasticsearch.ElasticsearchException$ElasticsearchExceptionHandle$$Lambda$1451/0x00000008010dc6b0
7749:             1             16  org.elasticsearch.ElasticsearchException$ElasticsearchExceptionHandle$$Lambda$1452/0x00000008010dc8d0
7750:             1             16  org.elasticsearch.ElasticsearchException$ElasticsearchExceptionHandle$$Lambda$1453/0x00000008010dce98
7751:             1             16  org.elasticsearch.ElasticsearchException$ElasticsearchExceptionHandle$$Lambda$1454/0x00000008010dd470
7752:             1             16  org.elasticsearch.ElasticsearchException$ElasticsearchExceptionHandle$$Lambda$1455/0x00000008010dd690
7753:             1             16  org.elasticsearch.ElasticsearchException$ElasticsearchExceptionHandle$$Lambda$1456/0x00000008010dd8b0
7754:             1             16  org.elasticsearch.ElasticsearchException$ElasticsearchExceptionHandle$$Lambda$1457/0x00000008010dde70
7755:             1             16  org.elasticsearch.ElasticsearchException$ElasticsearchExceptionHandle$$Lambda$1458/0x00000008010de090
7756:             1             16  org.elasticsearch.ElasticsearchException$ElasticsearchExceptionHandle$$Lambda$1459/0x00000008010de650
7757:             1             16  org.elasticsearch.ElasticsearchException$ElasticsearchExceptionHandle$$Lambda$1460/0x00000008010dec30
7758:             1             16  org.elasticsearch.ElasticsearchException$ElasticsearchExceptionHandle$$Lambda$1461/0x00000008010dee50
7759:             1             16  org.elasticsearch.ElasticsearchException$ElasticsearchExceptionHandle$$Lambda$1462/0x00000008010df408
7760:             1             16  org.elasticsearch.ElasticsearchException$ElasticsearchExceptionHandle$$Lambda$1463/0x00000008010df9c0
7761:             1             16  org.elasticsearch.ElasticsearchException$ElasticsearchExceptionHandle$$Lambda$1464/0x00000008010e0040
7762:             1             16  org.elasticsearch.ElasticsearchException$ElasticsearchExceptionHandle$$Lambda$1465/0x00000008010e0260
7763:             1             16  org.elasticsearch.ElasticsearchException$ElasticsearchExceptionHandle$$Lambda$1466/0x00000008010e0480
7764:             1             16  org.elasticsearch.ElasticsearchException$ElasticsearchExceptionHandle$$Lambda$1467/0x00000008010e06a0
7765:             1             16  org.elasticsearch.ElasticsearchException$ElasticsearchExceptionHandle$$Lambda$1468/0x00000008010e0c58
7766:             1             16  org.elasticsearch.ElasticsearchException$ElasticsearchExceptionHandle$$Lambda$1469/0x00000008010e0e78
7767:             1             16  org.elasticsearch.ElasticsearchException$ElasticsearchExceptionHandle$$Lambda$1470/0x00000008010e1460
7768:             1             16  org.elasticsearch.ElasticsearchException$ElasticsearchExceptionHandle$$Lambda$1471/0x00000008010e1680
7769:             1             16  org.elasticsearch.ElasticsearchException$ElasticsearchExceptionHandle$$Lambda$1472/0x00000008010e1c38
7770:             1             16  org.elasticsearch.ElasticsearchException$ElasticsearchExceptionHandle$$Lambda$1473/0x00000008010e21f0
7771:             1             16  org.elasticsearch.ElasticsearchException$ElasticsearchExceptionHandle$$Lambda$1474/0x00000008010e27b0
7772:             1             16  org.elasticsearch.ElasticsearchException$ElasticsearchExceptionHandle$$Lambda$1475/0x00000008010e29d0
7773:             1             16  org.elasticsearch.ElasticsearchException$ElasticsearchExceptionHandle$$Lambda$1476/0x00000008010e2f90
7774:             1             16  org.elasticsearch.ElasticsearchException$ElasticsearchExceptionHandle$$Lambda$1477/0x00000008010e3558
7775:             1             16  org.elasticsearch.ElasticsearchException$ElasticsearchExceptionHandle$$Lambda$1478/0x00000008010e3778
7776:             1             16  org.elasticsearch.ElasticsearchException$ElasticsearchExceptionHandle$$Lambda$1479/0x00000008010e3998
7777:             1             16  org.elasticsearch.ElasticsearchException$ElasticsearchExceptionHandle$$Lambda$1480/0x00000008010e3f60
7778:             1             16  org.elasticsearch.ElasticsearchException$ElasticsearchExceptionHandle$$Lambda$1481/0x00000008010e4530
7779:             1             16  org.elasticsearch.ElasticsearchException$ElasticsearchExceptionHandle$$Lambda$1482/0x00000008010e4ae8
7780:             1             16  org.elasticsearch.ElasticsearchException$ElasticsearchExceptionHandle$$Lambda$1483/0x00000008010e50a8
7781:             1             16  org.elasticsearch.ElasticsearchException$ElasticsearchExceptionHandle$$Lambda$1484/0x00000008010e5660
7782:             1             16  org.elasticsearch.ElasticsearchException$ElasticsearchExceptionHandle$$Lambda$1485/0x00000008010e5880
7783:             1             16  org.elasticsearch.ElasticsearchException$ElasticsearchExceptionHandle$$Lambda$1486/0x00000008010e5e38
7784:             1             16  org.elasticsearch.ElasticsearchException$ElasticsearchExceptionHandle$$Lambda$1487/0x00000008010e63f0
7785:             1             16  org.elasticsearch.ElasticsearchException$ElasticsearchExceptionHandle$$Lambda$1488/0x00000008010e6610
7786:             1             16  org.elasticsearch.ElasticsearchException$ElasticsearchExceptionHandle$$Lambda$1489/0x00000008010e6830
7787:             1             16  org.elasticsearch.ElasticsearchException$ElasticsearchExceptionHandle$$Lambda$1490/0x00000008010e6a50
7788:             1             16  org.elasticsearch.ElasticsearchException$ElasticsearchExceptionHandle$$Lambda$1491/0x00000008010e7010
7789:             1             16  org.elasticsearch.ElasticsearchException$ElasticsearchExceptionHandle$$Lambda$1492/0x00000008010e7230
7790:             1             16  org.elasticsearch.ElasticsearchException$ElasticsearchExceptionHandle$$Lambda$1493/0x00000008010e77f0
7791:             1             16  org.elasticsearch.ElasticsearchException$ElasticsearchExceptionHandle$$Lambda$1494/0x00000008010e7da8
7792:             1             16  org.elasticsearch.ElasticsearchException$ElasticsearchExceptionHandle$$Lambda$1495/0x00000008010e8400
7793:             1             16  org.elasticsearch.ElasticsearchException$ElasticsearchExceptionHandle$$Lambda$1496/0x00000008010e89b8
7794:             1             16  org.elasticsearch.ElasticsearchException$ElasticsearchExceptionHandle$$Lambda$1497/0x00000008010e8bd8
7795:             1             16  org.elasticsearch.ElasticsearchException$ElasticsearchExceptionHandle$$Lambda$1498/0x00000008010e9190
7796:             1             16  org.elasticsearch.ElasticsearchException$ElasticsearchExceptionHandle$$Lambda$1499/0x00000008010e93b0
7797:             1             16  org.elasticsearch.ElasticsearchException$ElasticsearchExceptionHandle$$Lambda$1500/0x00000008010e9968
7798:             1             16  org.elasticsearch.ElasticsearchException$ElasticsearchExceptionHandle$$Lambda$1501/0x00000008010e9f20
7799:             1             16  org.elasticsearch.ElasticsearchException$ElasticsearchExceptionHandle$$Lambda$1502/0x00000008010ea140
7800:             1             16  org.elasticsearch.ElasticsearchException$ElasticsearchExceptionHandle$$Lambda$1503/0x00000008010ea6f8
7801:             1             16  org.elasticsearch.ElasticsearchException$ElasticsearchExceptionHandle$$Lambda$1504/0x00000008010eacb8
7802:             1             16  org.elasticsearch.ElasticsearchException$ElasticsearchExceptionHandle$$Lambda$1505/0x00000008010eaed8
7803:             1             16  org.elasticsearch.ElasticsearchException$ElasticsearchExceptionHandle$$Lambda$1506/0x00000008010eb0f8
7804:             1             16  org.elasticsearch.ElasticsearchException$ElasticsearchExceptionHandle$$Lambda$1507/0x00000008010eb6b0
7805:             1             16  org.elasticsearch.ElasticsearchException$ElasticsearchExceptionHandle$$Lambda$1508/0x00000008010eb8d0
7806:             1             16  org.elasticsearch.ElasticsearchException$ElasticsearchExceptionHandle$$Lambda$1509/0x00000008010ebea8
7807:             1             16  org.elasticsearch.ElasticsearchException$ElasticsearchExceptionHandle$$Lambda$1510/0x00000008010ec0c8
7808:             1             16  org.elasticsearch.ElasticsearchException$ElasticsearchExceptionHandle$$Lambda$1511/0x00000008010ec680
7809:             1             16  org.elasticsearch.ElasticsearchException$ElasticsearchExceptionHandle$$Lambda$1512/0x00000008010ec8a0
7810:             1             16  org.elasticsearch.ElasticsearchException$ElasticsearchExceptionHandle$$Lambda$1513/0x00000008010ecac0
7811:             1             16  org.elasticsearch.ElasticsearchException$ElasticsearchExceptionHandle$$Lambda$1514/0x00000008010ecce0
7812:             1             16  org.elasticsearch.ElasticsearchException$ElasticsearchExceptionHandle$$Lambda$1515/0x00000008010ed298
7813:             1             16  org.elasticsearch.ElasticsearchException$ElasticsearchExceptionHandle$$Lambda$1516/0x00000008010ed850
7814:             1             16  org.elasticsearch.ElasticsearchException$ElasticsearchExceptionHandle$$Lambda$1517/0x00000008010ede08
7815:             1             16  org.elasticsearch.ElasticsearchException$ElasticsearchExceptionHandle$$Lambda$1518/0x00000008010ee3c0
7816:             1             16  org.elasticsearch.ElasticsearchException$ElasticsearchExceptionHandle$$Lambda$1519/0x00000008010ee828
7817:             1             16  org.elasticsearch.ElasticsearchException$ElasticsearchExceptionHandle$$Lambda$1520/0x00000008010eea48
7818:             1             16  org.elasticsearch.ElasticsearchException$ElasticsearchExceptionHandle$$Lambda$1521/0x00000008010ef000
7819:             1             16  org.elasticsearch.ElasticsearchException$ElasticsearchExceptionHandle$$Lambda$1522/0x00000008010ef5b8
7820:             1             16  org.elasticsearch.ElasticsearchException$ElasticsearchExceptionHandle$$Lambda$1523/0x00000008010efb70
7821:             1             16  org.elasticsearch.ElasticsearchException$ElasticsearchExceptionHandle$$Lambda$1524/0x00000008010efd90
7822:             1             16  org.elasticsearch.ElasticsearchException$ElasticsearchExceptionHandle$$Lambda$1525/0x00000008010f03d8
7823:             1             16  org.elasticsearch.ElasticsearchException$ElasticsearchExceptionHandle$$Lambda$1526/0x00000008010f0990
7824:             1             16  org.elasticsearch.ElasticsearchException$ElasticsearchExceptionHandle$$Lambda$1527/0x00000008010f0bb0
7825:             1             16  org.elasticsearch.ElasticsearchException$ElasticsearchExceptionHandle$$Lambda$1528/0x00000008010f0dd0
7826:             1             16  org.elasticsearch.ElasticsearchException$ElasticsearchExceptionHandle$$Lambda$1529/0x00000008010f0ff0
7827:             1             16  org.elasticsearch.ElasticsearchException$ElasticsearchExceptionHandle$$Lambda$1530/0x00000008010f1210
7828:             1             16  org.elasticsearch.ElasticsearchException$ElasticsearchExceptionHandle$$Lambda$1531/0x00000008010f1430
7829:             1             16  org.elasticsearch.ElasticsearchException$ElasticsearchExceptionHandle$$Lambda$1532/0x00000008010f19f0
7830:             1             16  org.elasticsearch.ElasticsearchException$ElasticsearchExceptionHandle$$Lambda$1533/0x00000008010f1c10
7831:             1             16  org.elasticsearch.ElasticsearchException$ElasticsearchExceptionHandle$$Lambda$1534/0x00000008010f1e30
7832:             1             16  org.elasticsearch.ElasticsearchException$ElasticsearchExceptionHandle$$Lambda$1535/0x00000008010f2050
7833:             1             16  org.elasticsearch.ElasticsearchException$ElasticsearchExceptionHandle$$Lambda$1536/0x00000008010f2608
7834:             1             16  org.elasticsearch.ElasticsearchException$ElasticsearchExceptionHandle$$Lambda$1537/0x00000008010f2bc0
7835:             1             16  org.elasticsearch.ElasticsearchException$ElasticsearchExceptionHandle$$Lambda$1538/0x00000008010f3180
7836:             1             16  org.elasticsearch.ElasticsearchException$ElasticsearchExceptionHandle$$Lambda$1539/0x00000008010f3738
7837:             1             16  org.elasticsearch.ElasticsearchException$ElasticsearchExceptionHandle$$Lambda$1540/0x00000008010f3d08
7838:             1             16  org.elasticsearch.ElasticsearchException$ElasticsearchExceptionHandle$$Lambda$1541/0x00000008010f42c0
7839:             1             16  org.elasticsearch.ElasticsearchException$ElasticsearchExceptionHandle$$Lambda$1542/0x00000008010f44e0
7840:             1             16  org.elasticsearch.ElasticsearchException$ElasticsearchExceptionHandle$$Lambda$1543/0x00000008010f4700
7841:             1             16  org.elasticsearch.ExceptionsHelper$$Lambda$5042/0x0000000801a19e68
7842:             1             16  org.elasticsearch.ExceptionsHelper$$Lambda$5043/0x0000000801a1a0b8
7843:             1             16  org.elasticsearch.action.ActionModule$$Lambda$3431/0x0000000801683318
7844:             1             16  org.elasticsearch.action.ActionModule$$Lambda$3659/0x00000008016e02c0
7845:             1             16  org.elasticsearch.action.ActionModule$$Lambda$3661/0x00000008016e0be0
7846:             1             16  org.elasticsearch.action.ActionModule$$Lambda$3663/0x00000008016e1248
7847:             1             16  org.elasticsearch.action.ActionModule$$Lambda$3666/0x00000008016e1688
7848:             1             16  org.elasticsearch.action.admin.cluster.allocation.ClusterAllocationExplainAction$$Lambda$3342/0x000000080165afe0
7849:             1             16  org.elasticsearch.action.admin.cluster.allocation.TransportClusterAllocationExplainAction$$Lambda$4325/0x00000008017eeb80
7850:             1             16  org.elasticsearch.action.admin.cluster.configuration.AddVotingConfigExclusionsAction$$Lambda$3340/0x000000080165a458
7851:             1             16  org.elasticsearch.action.admin.cluster.configuration.ClearVotingConfigExclusionsAction$$Lambda$3341/0x000000080165a908
7852:             1             16  org.elasticsearch.action.admin.cluster.configuration.TransportAddVotingConfigExclusionsAction$$Lambda$4254/0x00000008017ea8f0
7853:             1             16  org.elasticsearch.action.admin.cluster.configuration.TransportAddVotingConfigExclusionsAction$$Lambda$4255/0x00000008017eab10
7854:             1             16  org.elasticsearch.action.admin.cluster.configuration.TransportClearVotingConfigExclusionsAction$$Lambda$4296/0x00000008017ecfe0
7855:             1             16  org.elasticsearch.action.admin.cluster.health.ClusterHealthAction$$Lambda$3345/0x000000080165c8a8
7856:             1             16  org.elasticsearch.action.admin.cluster.health.ClusterHealthResponse$$Lambda$5169/0x0000000801a46348
7857:             1             16  org.elasticsearch.action.admin.cluster.health.ClusterHealthResponse$$Lambda$5170/0x0000000801a46830
7858:             1             16  org.elasticsearch.action.admin.cluster.health.TransportClusterHealthAction$$Lambda$4292/0x00000008017ec738
7859:             1             16  org.elasticsearch.action.admin.cluster.node.hotthreads.NodesHotThreadsAction$$Lambda$3336/0x0000000801658540
7860:             1             16  org.elasticsearch.action.admin.cluster.node.hotthreads.TransportNodesHotThreadsAction$$Lambda$4290/0x00000008017ec2f8
7861:             1             16  org.elasticsearch.action.admin.cluster.node.hotthreads.TransportNodesHotThreadsAction$$Lambda$4291/0x00000008017ec518
7862:             1             16  org.elasticsearch.action.admin.cluster.node.info.NodeInfo$$Lambda$5058/0x0000000801a1d980
7863:             1             16  org.elasticsearch.action.admin.cluster.node.info.NodeInfo$$Lambda$5059/0x0000000801a1dba0
7864:             1             16  org.elasticsearch.action.admin.cluster.node.info.NodeInfo$$Lambda$5060/0x0000000801a1ddc0
7865:             1             16  org.elasticsearch.action.admin.cluster.node.info.NodeInfo$$Lambda$5063/0x0000000801a1e420
7866:             1             16  org.elasticsearch.action.admin.cluster.node.info.NodeInfo$$Lambda$5066/0x0000000801a1ea80
7867:             1             16  org.elasticsearch.action.admin.cluster.node.info.NodeInfo$$Lambda$5067/0x0000000801a1eca0
7868:             1             16  org.elasticsearch.action.admin.cluster.node.info.NodeInfo$$Lambda$5068/0x0000000801a1eec0
7869:             1             16  org.elasticsearch.action.admin.cluster.node.info.NodeInfo$$Lambda$5071/0x0000000801a1f520
7870:             1             16  org.elasticsearch.action.admin.cluster.node.info.NodeInfo$$Lambda$5072/0x0000000801a1f740
7871:             1             16  org.elasticsearch.action.admin.cluster.node.info.NodesInfoAction$$Lambda$3332/0x00000008015be4a8
7872:             1             16  org.elasticsearch.action.admin.cluster.node.info.NodesInfoRequest$Metric$$Lambda$4358/0x000000080180bbf8
7873:             1             16  org.elasticsearch.action.admin.cluster.node.info.PluginsAndModules$$Lambda$482/0x0000000800e502e0
7874:             1             16  org.elasticsearch.action.admin.cluster.node.info.PluginsAndModules$$Lambda$485/0x0000000800e50ae8
7875:             1             16  org.elasticsearch.action.admin.cluster.node.info.PluginsAndModules$$Lambda$5069/0x0000000801a1f0e0
7876:             1             16  org.elasticsearch.action.admin.cluster.node.info.PluginsAndModules$$Lambda$5070/0x0000000801a1f300
7877:             1             16  org.elasticsearch.action.admin.cluster.node.info.TransportNodesInfoAction$$Lambda$4001/0x00000008017c5048
7878:             1             16  org.elasticsearch.action.admin.cluster.node.info.TransportNodesInfoAction$$Lambda$4002/0x00000008017c5268
7879:             1             16  org.elasticsearch.action.admin.cluster.node.liveness.TransportLivenessAction
7880:             1             16  org.elasticsearch.action.admin.cluster.node.liveness.TransportLivenessAction$$Lambda$3890/0x00000008017bab28
7881:             1             16  org.elasticsearch.action.admin.cluster.node.reload.NodesReloadSecureSettingsAction$$Lambda$3418/0x000000080167e008
7882:             1             16  org.elasticsearch.action.admin.cluster.node.reload.TransportNodesReloadSecureSettingsAction$$Lambda$4301/0x00000008017ed420
7883:             1             16  org.elasticsearch.action.admin.cluster.node.reload.TransportNodesReloadSecureSettingsAction$$Lambda$4302/0x00000008017ed640
7884:             1             16  org.elasticsearch.action.admin.cluster.node.stats.NodeStats$$Lambda$6670/0x0000000801d1ce68
7885:             1             16  org.elasticsearch.action.admin.cluster.node.stats.NodeStats$$Lambda$6672/0x0000000801d1d2a8
7886:             1             16  org.elasticsearch.action.admin.cluster.node.stats.NodeStats$$Lambda$6675/0x0000000801d1d908
7887:             1             16  org.elasticsearch.action.admin.cluster.node.stats.NodeStats$$Lambda$6680/0x0000000801d1e3a8
7888:             1             16  org.elasticsearch.action.admin.cluster.node.stats.NodeStats$$Lambda$6681/0x0000000801d1e5c8
7889:             1             16  org.elasticsearch.action.admin.cluster.node.stats.NodeStats$$Lambda$6683/0x0000000801d1ea08
7890:             1             16  org.elasticsearch.action.admin.cluster.node.stats.NodeStats$$Lambda$6684/0x0000000801d1ec28
7891:             1             16  org.elasticsearch.action.admin.cluster.node.stats.NodeStats$$Lambda$6685/0x0000000801d1ee48
7892:             1             16  org.elasticsearch.action.admin.cluster.node.stats.NodeStats$$Lambda$6686/0x0000000801d1f068
7893:             1             16  org.elasticsearch.action.admin.cluster.node.stats.NodeStats$$Lambda$6687/0x0000000801d1f288
7894:             1             16  org.elasticsearch.action.admin.cluster.node.stats.NodeStats$$Lambda$6688/0x0000000801d1f4a8
7895:             1             16  org.elasticsearch.action.admin.cluster.node.stats.NodeStats$$Lambda$6689/0x0000000801d1f6c8
7896:             1             16  org.elasticsearch.action.admin.cluster.node.stats.NodeStats$$Lambda$6690/0x0000000801d1f8e8
7897:             1             16  org.elasticsearch.action.admin.cluster.node.stats.NodesStatsAction$$Lambda$3334/0x00000008015bf530
7898:             1             16  org.elasticsearch.action.admin.cluster.node.stats.NodesStatsRequest$Metric$$Lambda$5033/0x0000000801a153d8
7899:             1             16  org.elasticsearch.action.admin.cluster.node.stats.TransportNodesStatsAction$$Lambda$4328/0x00000008017eefc0
7900:             1             16  org.elasticsearch.action.admin.cluster.node.stats.TransportNodesStatsAction$$Lambda$4329/0x00000008017ef1e0
7901:             1             16  org.elasticsearch.action.admin.cluster.node.tasks.cancel.CancelTasksAction$$Lambda$3339/0x0000000801659fd0
7902:             1             16  org.elasticsearch.action.admin.cluster.node.tasks.cancel.TransportCancelTasksAction$$Lambda$4074/0x00000008017daf08
7903:             1             16  org.elasticsearch.action.admin.cluster.node.tasks.cancel.TransportCancelTasksAction$$Lambda$4075/0x00000008017db128
7904:             1             16  org.elasticsearch.action.admin.cluster.node.tasks.cancel.TransportCancelTasksAction$$Lambda$4076/0x00000008017db348
7905:             1             16  org.elasticsearch.action.admin.cluster.node.tasks.get.GetTaskAction$$Lambda$3338/0x0000000801659890
7906:             1             16  org.elasticsearch.action.admin.cluster.node.tasks.get.TransportGetTaskAction$$Lambda$4251/0x00000008017ea4b0
7907:             1             16  org.elasticsearch.action.admin.cluster.node.tasks.list.ListTasksAction$$Lambda$3337/0x0000000801658f20
7908:             1             16  org.elasticsearch.action.admin.cluster.node.tasks.list.TransportListTasksAction$$Lambda$3944/0x00000008017c1f38
7909:             1             16  org.elasticsearch.action.admin.cluster.node.tasks.list.TransportListTasksAction$$Lambda$3945/0x00000008017c2158
7910:             1             16  org.elasticsearch.action.admin.cluster.node.tasks.list.TransportListTasksAction$$Lambda$3946/0x00000008017c2378
7911:             1             16  org.elasticsearch.action.admin.cluster.node.usage.NodesUsageAction$$Lambda$3335/0x00000008015bfc98
7912:             1             16  org.elasticsearch.action.admin.cluster.node.usage.TransportNodesUsageAction$$Lambda$4171/0x00000008017df418
7913:             1             16  org.elasticsearch.action.admin.cluster.node.usage.TransportNodesUsageAction$$Lambda$4172/0x00000008017df638
7914:             1             16  org.elasticsearch.action.admin.cluster.remote.RemoteInfoAction$$Lambda$3333/0x00000008015bee30
7915:             1             16  org.elasticsearch.action.admin.cluster.remote.TransportRemoteInfoAction$$Lambda$3973/0x00000008017c36c8
7916:             1             16  org.elasticsearch.action.admin.cluster.repositories.cleanup.CleanupRepositoryAction$$Lambda$3354/0x00000008016602b0
7917:             1             16  org.elasticsearch.action.admin.cluster.repositories.cleanup.TransportCleanupRepositoryAction$$Lambda$4341/0x0000000801808260
7918:             1             16  org.elasticsearch.action.admin.cluster.repositories.cleanup.TransportCleanupRepositoryAction$$Lambda$4342/0x0000000801808480
7919:             1             16  org.elasticsearch.action.admin.cluster.repositories.delete.DeleteRepositoryAction$$Lambda$3352/0x000000080165f608
7920:             1             16  org.elasticsearch.action.admin.cluster.repositories.delete.TransportDeleteRepositoryAction$$Lambda$4070/0x00000008017dace8
7921:             1             16  org.elasticsearch.action.admin.cluster.repositories.get.GetRepositoriesAction$$Lambda$3351/0x000000080165f178
7922:             1             16  org.elasticsearch.action.admin.cluster.repositories.get.TransportGetRepositoriesAction$$Lambda$4154/0x00000008017de978
7923:             1             16  org.elasticsearch.action.admin.cluster.repositories.put.PutRepositoryAction$$Lambda$3350/0x000000080165ea50
7924:             1             16  org.elasticsearch.action.admin.cluster.repositories.put.TransportPutRepositoryAction$$Lambda$4101/0x00000008017dcf60
7925:             1             16  org.elasticsearch.action.admin.cluster.repositories.verify.TransportVerifyRepositoryAction$$Lambda$4236/0x00000008017e9e50
7926:             1             16  org.elasticsearch.action.admin.cluster.repositories.verify.VerifyRepositoryAction$$Lambda$3353/0x000000080165fd38
7927:             1             16  org.elasticsearch.action.admin.cluster.reroute.ClusterRerouteAction$$Lambda$3347/0x000000080165d718
7928:             1             16  org.elasticsearch.action.admin.cluster.reroute.TransportClusterRerouteAction$$Lambda$4213/0x00000008017e8d50
7929:             1             16  org.elasticsearch.action.admin.cluster.settings.ClusterGetSettingsResponse$$Lambda$5263/0x0000000801a545f0
7930:             1             16  org.elasticsearch.action.admin.cluster.settings.ClusterGetSettingsResponse$$Lambda$5264/0x0000000801a54830
7931:             1             16  org.elasticsearch.action.admin.cluster.settings.ClusterGetSettingsResponse$$Lambda$5265/0x0000000801a54a50
7932:             1             16  org.elasticsearch.action.admin.cluster.settings.ClusterGetSettingsResponse$$Lambda$5266/0x0000000801a54c70
7933:             1             16  org.elasticsearch.action.admin.cluster.settings.ClusterUpdateSettingsAction$$Lambda$3346/0x000000080165cfe0
7934:             1             16  org.elasticsearch.action.admin.cluster.settings.ClusterUpdateSettingsRequest$$Lambda$5144/0x0000000801a429f0
7935:             1             16  org.elasticsearch.action.admin.cluster.settings.ClusterUpdateSettingsRequest$$Lambda$5145/0x0000000801a42c10
7936:             1             16  org.elasticsearch.action.admin.cluster.settings.ClusterUpdateSettingsRequest$$Lambda$5146/0x0000000801a42e40
7937:             1             16  org.elasticsearch.action.admin.cluster.settings.ClusterUpdateSettingsRequest$$Lambda$5147/0x0000000801a43060
7938:             1             16  org.elasticsearch.action.admin.cluster.settings.ClusterUpdateSettingsRequest$$Lambda$5148/0x0000000801a43290
7939:             1             16  org.elasticsearch.action.admin.cluster.settings.ClusterUpdateSettingsResponse$$Lambda$5163/0x0000000801a44f98
7940:             1             16  org.elasticsearch.action.admin.cluster.settings.ClusterUpdateSettingsResponse$$Lambda$5165/0x0000000801a453f8
7941:             1             16  org.elasticsearch.action.admin.cluster.settings.ClusterUpdateSettingsResponse$$Lambda$5166/0x0000000801a45618
7942:             1             16  org.elasticsearch.action.admin.cluster.settings.TransportClusterUpdateSettingsAction$$Lambda$4306/0x00000008017edca0
7943:             1             16  org.elasticsearch.action.admin.cluster.shards.ClusterSearchShardsAction$$Lambda$3348/0x000000080165de50
7944:             1             16  org.elasticsearch.action.admin.cluster.shards.TransportClusterSearchShardsAction$$Lambda$4216/0x00000008017e8f70
7945:             1             16  org.elasticsearch.action.admin.cluster.snapshots.clone.CloneSnapshotAction$$Lambda$3358/0x0000000801661a10
7946:             1             16  org.elasticsearch.action.admin.cluster.snapshots.clone.TransportCloneSnapshotAction$$Lambda$4081/0x00000008017db788
7947:             1             16  org.elasticsearch.action.admin.cluster.snapshots.create.CreateSnapshotAction$$Lambda$3357/0x0000000801661580
7948:             1             16  org.elasticsearch.action.admin.cluster.snapshots.create.TransportCreateSnapshotAction$$Lambda$3995/0x00000008017c49e8
7949:             1             16  org.elasticsearch.action.admin.cluster.snapshots.delete.DeleteSnapshotAction$$Lambda$3356/0x0000000801660e50
7950:             1             16  org.elasticsearch.action.admin.cluster.snapshots.delete.TransportDeleteSnapshotAction$$Lambda$3975/0x00000008017c38e8
7951:             1             16  org.elasticsearch.action.admin.cluster.snapshots.get.GetSnapshotsAction$$Lambda$3355/0x00000008016609c0
7952:             1             16  org.elasticsearch.action.admin.cluster.snapshots.get.TransportGetSnapshotsAction$$Lambda$4217/0x00000008017e9190
7953:             1             16  org.elasticsearch.action.admin.cluster.snapshots.restore.RestoreSnapshotAction$$Lambda$3359/0x0000000801662128
7954:             1             16  org.elasticsearch.action.admin.cluster.snapshots.restore.TransportRestoreSnapshotAction$$Lambda$4165/0x00000008017df1f8
7955:             1             16  org.elasticsearch.action.admin.cluster.snapshots.status.SnapshotsStatusAction$$Lambda$3360/0x0000000801662850
7956:             1             16  org.elasticsearch.action.admin.cluster.snapshots.status.TransportNodesSnapshotsStatus$$Lambda$3723/0x000000080171e388
7957:             1             16  org.elasticsearch.action.admin.cluster.snapshots.status.TransportNodesSnapshotsStatus$$Lambda$3724/0x000000080171e878
7958:             1             16  org.elasticsearch.action.admin.cluster.snapshots.status.TransportNodesSnapshotsStatus$$Lambda$3725/0x000000080171ea98
7959:             1             16  org.elasticsearch.action.admin.cluster.snapshots.status.TransportSnapshotsStatusAction$$Lambda$4127/0x00000008017ddc38
7960:             1             16  org.elasticsearch.action.admin.cluster.state.ClusterStateAction$$Lambda$3344/0x000000080165be68
7961:             1             16  org.elasticsearch.action.admin.cluster.state.ClusterStateResponse$$Lambda$5135/0x0000000801a40040
7962:             1             16  org.elasticsearch.action.admin.cluster.state.TransportClusterStateAction$$Lambda$4037/0x00000008017d8678
7963:             1             16  org.elasticsearch.action.admin.cluster.state.TransportClusterStateAction$$Lambda$5005/0x0000000801a118b0
7964:             1             16  org.elasticsearch.action.admin.cluster.stats.AnalysisStats$$Lambda$6703/0x0000000801d23a90
7965:             1             16  org.elasticsearch.action.admin.cluster.stats.AnalysisStats$$Lambda$6704/0x0000000801d23cd0
7966:             1             16  org.elasticsearch.action.admin.cluster.stats.AnalysisStats$$Lambda$6705/0x0000000801d23f10
7967:             1             16  org.elasticsearch.action.admin.cluster.stats.AnalysisStats$$Lambda$6706/0x0000000801d24150
7968:             1             16  org.elasticsearch.action.admin.cluster.stats.AnalysisStats$$Lambda$6707/0x0000000801d24390
7969:             1             16  org.elasticsearch.action.admin.cluster.stats.AnalysisStats$$Lambda$6708/0x0000000801d245d0
7970:             1             16  org.elasticsearch.action.admin.cluster.stats.ClusterStatsAction$$Lambda$3343/0x000000080165b768
7971:             1             16  org.elasticsearch.action.admin.cluster.stats.ClusterStatsNodeResponse$$Lambda$6691/0x0000000801d1fb08
7972:             1             16  org.elasticsearch.action.admin.cluster.stats.ClusterStatsNodeResponse$$Lambda$6692/0x0000000801d1fd28
7973:             1             16  org.elasticsearch.action.admin.cluster.stats.ClusterStatsNodes$Counts$$Lambda$6693/0x0000000801d20548
7974:             1             16  org.elasticsearch.action.admin.cluster.stats.ClusterStatsNodes$DiscoveryTypes$$Lambda$6696/0x0000000801d21a40
7975:             1             16  org.elasticsearch.action.admin.cluster.stats.ClusterStatsNodes$NetworkTypes$$Lambda$6694/0x0000000801d21360
7976:             1             16  org.elasticsearch.action.admin.cluster.stats.ClusterStatsNodes$NetworkTypes$$Lambda$6695/0x0000000801d215a0
7977:             1             16  org.elasticsearch.action.admin.cluster.stats.ClusterStatsNodes$PackagingTypes$$Lambda$6697/0x0000000801d21ee0
7978:             1             16  org.elasticsearch.action.admin.cluster.stats.MappingStats$$Lambda$6700/0x0000000801d23168
7979:             1             16  org.elasticsearch.action.admin.cluster.stats.MappingStats$$Lambda$6701/0x0000000801d233a8
7980:             1             16  org.elasticsearch.action.admin.cluster.stats.TransportClusterStatsAction$$Lambda$3999/0x00000008017c4c08
7981:             1             16  org.elasticsearch.action.admin.cluster.stats.TransportClusterStatsAction$$Lambda$4000/0x00000008017c4e28
7982:             1             16  org.elasticsearch.action.admin.cluster.storedscripts.DeleteStoredScriptAction$$Lambda$3423/0x000000080167fbf8
7983:             1             16  org.elasticsearch.action.admin.cluster.storedscripts.GetScriptContextAction$$Lambda$3424/0x0000000801680568
7984:             1             16  org.elasticsearch.action.admin.cluster.storedscripts.GetScriptLanguageAction$$Lambda$3425/0x0000000801680c60
7985:             1             16  org.elasticsearch.action.admin.cluster.storedscripts.GetStoredScriptAction$$Lambda$3422/0x000000080167f768
7986:             1             16  org.elasticsearch.action.admin.cluster.storedscripts.PutStoredScriptAction$$Lambda$3421/0x000000080167f010
7987:             1             16  org.elasticsearch.action.admin.cluster.storedscripts.TransportDeleteStoredScriptAction$$Lambda$4055/0x00000008017d9e00
7988:             1             16  org.elasticsearch.action.admin.cluster.storedscripts.TransportGetScriptContextAction$$Lambda$3957/0x00000008017c3288
7989:             1             16  org.elasticsearch.action.admin.cluster.storedscripts.TransportGetScriptLanguageAction$$Lambda$3938/0x00000008017c1618
7990:             1             16  org.elasticsearch.action.admin.cluster.storedscripts.TransportGetStoredScriptAction$$Lambda$4308/0x00000008017ee0e0
7991:             1             16  org.elasticsearch.action.admin.cluster.storedscripts.TransportPutStoredScriptAction$$Lambda$4280/0x00000008017ec0d8
7992:             1             16  org.elasticsearch.action.admin.cluster.tasks.PendingClusterTasksAction$$Lambda$3349/0x000000080165e5c0
7993:             1             16  org.elasticsearch.action.admin.cluster.tasks.TransportPendingClusterTasksAction$$Lambda$4300/0x00000008017ed200
7994:             1             16  org.elasticsearch.action.admin.indices.alias.IndicesAliasesAction$$Lambda$3378/0x000000080166a850
7995:             1             16  org.elasticsearch.action.admin.indices.alias.IndicesAliasesRequest$$Lambda$5617/0x0000000801b84058
7996:             1             16  org.elasticsearch.action.admin.indices.alias.IndicesAliasesRequest$$Lambda$5618/0x0000000801b84278
7997:             1             16  org.elasticsearch.action.admin.indices.alias.IndicesAliasesRequest$AliasActions$$Lambda$5619/0x0000000801b848a8
7998:             1             16  org.elasticsearch.action.admin.indices.alias.IndicesAliasesRequest$AliasActions$$Lambda$5620/0x0000000801b84ac8
7999:             1             16  org.elasticsearch.action.admin.indices.alias.IndicesAliasesRequest$AliasActions$$Lambda$5621/0x0000000801b84cf8
8000:             1             16  org.elasticsearch.action.admin.indices.alias.IndicesAliasesRequest$AliasActions$$Lambda$5623/0x0000000801b85160
8001:             1             16  org.elasticsearch.action.admin.indices.alias.IndicesAliasesRequest$AliasActions$$Lambda$5624/0x0000000801b85390
8002:             1             16  org.elasticsearch.action.admin.indices.alias.IndicesAliasesRequest$AliasActions$$Lambda$5625/0x0000000801b855c0
8003:             1             16  org.elasticsearch.action.admin.indices.alias.IndicesAliasesRequest$AliasActions$$Lambda$5626/0x0000000801b857f0
8004:             1             16  org.elasticsearch.action.admin.indices.alias.IndicesAliasesRequest$AliasActions$$Lambda$5627/0x0000000801b85a10
8005:             1             16  org.elasticsearch.action.admin.indices.alias.IndicesAliasesRequest$AliasActions$$Lambda$5628/0x0000000801b85c40
8006:             1             16  org.elasticsearch.action.admin.indices.alias.IndicesAliasesRequest$AliasActions$$Lambda$5629/0x0000000801b85e60
8007:             1             16  org.elasticsearch.action.admin.indices.alias.IndicesAliasesRequest$AliasActions$$Lambda$5630/0x0000000801b86090
8008:             1             16  org.elasticsearch.action.admin.indices.alias.IndicesAliasesRequest$AliasActions$$Lambda$5631/0x0000000801b862b0
8009:             1             16  org.elasticsearch.action.admin.indices.alias.IndicesAliasesRequest$AliasActions$$Lambda$5632/0x0000000801b864e0
8010:             1             16  org.elasticsearch.action.admin.indices.alias.IndicesAliasesRequest$AliasActions$$Lambda$5633/0x0000000801b86700
8011:             1             16  org.elasticsearch.action.admin.indices.alias.IndicesAliasesRequest$AliasActions$$Lambda$5634/0x0000000801b86930
8012:             1             16  org.elasticsearch.action.admin.indices.alias.IndicesAliasesRequest$AliasActions$$Lambda$5635/0x0000000801b86b50
8013:             1             16  org.elasticsearch.action.admin.indices.alias.IndicesAliasesRequest$AliasActions$$Lambda$5636/0x0000000801b86d80
8014:             1             16  org.elasticsearch.action.admin.indices.alias.IndicesAliasesRequest$AliasActions$$Lambda$5637/0x0000000801b86fa0
8015:             1             16  org.elasticsearch.action.admin.indices.alias.IndicesAliasesRequest$AliasActions$$Lambda$5638/0x0000000801b871d0
8016:             1             16  org.elasticsearch.action.admin.indices.alias.IndicesAliasesRequest$AliasActions$$Lambda$5639/0x0000000801b873f0
8017:             1             16  org.elasticsearch.action.admin.indices.alias.IndicesAliasesRequest$AliasActions$$Lambda$5640/0x0000000801b87610
8018:             1             16  org.elasticsearch.action.admin.indices.alias.IndicesAliasesRequest$AliasActions$$Lambda$5641/0x0000000801b87830
8019:             1             16  org.elasticsearch.action.admin.indices.alias.TransportIndicesAliasesAction$$Lambda$4321/0x00000008017ee740
8020:             1             16  org.elasticsearch.action.admin.indices.alias.exists.AliasesExistAction$$Lambda$3402/0x00000008016743e8
8021:             1             16  org.elasticsearch.action.admin.indices.alias.exists.TransportAliasesExistAction$$Lambda$4036/0x00000008017d8458
8022:             1             16  org.elasticsearch.action.admin.indices.alias.get.GetAliasesAction$$Lambda$3401/0x0000000801673d08
8023:             1             16  org.elasticsearch.action.admin.indices.alias.get.GetAliasesResponse$$Lambda$5270/0x0000000801a55328
8024:             1             16  org.elasticsearch.action.admin.indices.alias.get.GetAliasesResponse$$Lambda$5271/0x0000000801a55548
8025:             1             16  org.elasticsearch.action.admin.indices.alias.get.GetAliasesResponse$$Lambda$6088/0x0000000801c23600
8026:             1             16  org.elasticsearch.action.admin.indices.alias.get.TransportGetAliasesAction$$Lambda$4326/0x00000008017eeda0
8027:             1             16  org.elasticsearch.action.admin.indices.analyze.AnalyzeAction$$Lambda$3380/0x000000080166b410
8028:             1             16  org.elasticsearch.action.admin.indices.analyze.TransportAnalyzeAction$$Lambda$4058/0x00000008017da020
8029:             1             16  org.elasticsearch.action.admin.indices.cache.clear.ClearIndicesCacheAction$$Lambda$3400/0x0000000801673608
8030:             1             16  org.elasticsearch.action.admin.indices.cache.clear.TransportClearIndicesCacheAction$$Lambda$4052/0x00000008017d99c0
8031:             1             16  org.elasticsearch.action.admin.indices.close.CloseIndexAction$$Lambda$3370/0x00000008016673f8
8032:             1             16  org.elasticsearch.action.admin.indices.close.TransportCloseIndexAction$$Lambda$4204/0x00000008017e88f8
8033:             1             16  org.elasticsearch.action.admin.indices.close.TransportCloseIndexAction$$Lambda$4205/0x00000008017e8b18
8034:             1             16  org.elasticsearch.action.admin.indices.close.TransportVerifyShardBeforeCloseAction$$Lambda$3850/0x00000008017b2f38
8035:             1             16  org.elasticsearch.action.admin.indices.close.TransportVerifyShardBeforeCloseAction$$Lambda$3851/0x00000008017b3158
8036:             1             16  org.elasticsearch.action.admin.indices.create.AutoCreateAction$$Lambda$3419/0x000000080167e4b0
8037:             1             16  org.elasticsearch.action.admin.indices.create.AutoCreateAction$TransportAction$$Lambda$3964/0x00000008017c34a8
8038:             1             16  org.elasticsearch.action.admin.indices.create.CreateIndexAction$$Lambda$3364/0x0000000801664b28
8039:             1             16  org.elasticsearch.action.admin.indices.create.CreateIndexResponse$$Lambda$5303/0x0000000801afe0a0
8040:             1             16  org.elasticsearch.action.admin.indices.create.CreateIndexResponse$$Lambda$5305/0x0000000801afe500
8041:             1             16  org.elasticsearch.action.admin.indices.create.TransportCreateIndexAction$$Lambda$4234/0x00000008017e9c30
8042:             1             16  org.elasticsearch.action.admin.indices.dangling.delete.DeleteDanglingIndexAction$$Lambda$3657/0x0000000801687640
8043:             1             16  org.elasticsearch.action.admin.indices.dangling.delete.TransportDeleteDanglingIndexAction$$Lambda$4331/0x00000008017ef400
8044:             1             16  org.elasticsearch.action.admin.indices.dangling.find.FindDanglingIndexAction$$Lambda$3658/0x0000000801687d48
8045:             1             16  org.elasticsearch.action.admin.indices.dangling.find.TransportFindDanglingIndexAction$$Lambda$4095/0x00000008017dc498
8046:             1             16  org.elasticsearch.action.admin.indices.dangling.find.TransportFindDanglingIndexAction$$Lambda$4096/0x00000008017dc6b8
8047:             1             16  org.elasticsearch.action.admin.indices.dangling.import_index.ImportDanglingIndexAction$$Lambda$3656/0x0000000801687200
8048:             1             16  org.elasticsearch.action.admin.indices.dangling.import_index.TransportImportDanglingIndexAction$$Lambda$4136/0x00000008017de538
8049:             1             16  org.elasticsearch.action.admin.indices.dangling.list.ListDanglingIndicesAction$$Lambda$3655/0x0000000801686d60
8050:             1             16  org.elasticsearch.action.admin.indices.dangling.list.TransportListDanglingIndicesAction$$Lambda$4317/0x00000008017ee300
8051:             1             16  org.elasticsearch.action.admin.indices.dangling.list.TransportListDanglingIndicesAction$$Lambda$4318/0x00000008017ee520
8052:             1             16  org.elasticsearch.action.admin.indices.delete.DeleteIndexAction$$Lambda$3367/0x0000000801665e38
8053:             1             16  org.elasticsearch.action.admin.indices.delete.TransportDeleteIndexAction$$Lambda$4293/0x00000008017ec958
8054:             1             16  org.elasticsearch.action.admin.indices.exists.indices.IndicesExistsAction$$Lambda$3371/0x0000000801667860
8055:             1             16  org.elasticsearch.action.admin.indices.exists.indices.TransportIndicesExistsAction$$Lambda$4303/0x00000008017ed860
8056:             1             16  org.elasticsearch.action.admin.indices.exists.types.TransportTypesExistsAction$$Lambda$4094/0x00000008017dc278
8057:             1             16  org.elasticsearch.action.admin.indices.exists.types.TypesExistsAction$$Lambda$3372/0x0000000801668040
8058:             1             16  org.elasticsearch.action.admin.indices.flush.FlushAction$$Lambda$3394/0x0000000801670c90
8059:             1             16  org.elasticsearch.action.admin.indices.flush.SyncedFlushAction$$Lambda$3395/0x00000008016713c0
8060:             1             16  org.elasticsearch.action.admin.indices.flush.TransportFlushAction$$Lambda$3951/0x00000008017c29d8
8061:             1             16  org.elasticsearch.action.admin.indices.flush.TransportShardFlushAction$$Lambda$3949/0x00000008017c2598
8062:             1             16  org.elasticsearch.action.admin.indices.flush.TransportShardFlushAction$$Lambda$3950/0x00000008017c27b8
8063:             1             16  org.elasticsearch.action.admin.indices.flush.TransportSyncedFlushAction$$Lambda$4276/0x00000008017eba78
8064:             1             16  org.elasticsearch.action.admin.indices.forcemerge.ForceMergeAction$$Lambda$3396/0x0000000801671ac8
8065:             1             16  org.elasticsearch.action.admin.indices.forcemerge.TransportForceMergeAction$$Lambda$4237/0x00000008017ea070
8066:             1             16  org.elasticsearch.action.admin.indices.get.GetIndexAction$$Lambda$3368/0x00000008016665c0
8067:             1             16  org.elasticsearch.action.admin.indices.get.GetIndexRequest$$Lambda$5273/0x0000000801a55de0
8068:             1             16  org.elasticsearch.action.admin.indices.get.TransportGetIndexAction$$Lambda$4155/0x00000008017deb98
8069:             1             16  org.elasticsearch.action.admin.indices.mapping.get.GetFieldMappingsAction$$Lambda$3375/0x00000008016695f8
8070:             1             16  org.elasticsearch.action.admin.indices.mapping.get.GetMappingsAction$$Lambda$3374/0x0000000801668ec0
8071:             1             16  org.elasticsearch.action.admin.indices.mapping.get.TransportGetFieldMappingsAction$$Lambda$4260/0x00000008017eb858
8072:             1             16  org.elasticsearch.action.admin.indices.mapping.get.TransportGetFieldMappingsIndexAction$$Lambda$4259/0x00000008017eb638
8073:             1             16  org.elasticsearch.action.admin.indices.mapping.get.TransportGetFieldMappingsIndexAction$1
8074:             1             16  org.elasticsearch.action.admin.indices.mapping.get.TransportGetMappingsAction$$Lambda$3994/0x00000008017c47c8
8075:             1             16  org.elasticsearch.action.admin.indices.mapping.put.AutoPutMappingAction$$Lambda$3377/0x000000080166a3b8
8076:             1             16  org.elasticsearch.action.admin.indices.mapping.put.PutMappingAction$$Lambda$3376/0x0000000801669f28
8077:             1             16  org.elasticsearch.action.admin.indices.mapping.put.TransportAutoPutMappingAction$$Lambda$4228/0x00000008017e9a10
8078:             1             16  org.elasticsearch.action.admin.indices.mapping.put.TransportPutMappingAction$$Lambda$3934/0x00000008017c11d8
8079:             1             16  org.elasticsearch.action.admin.indices.open.OpenIndexAction$$Lambda$3369/0x0000000801666f60
8080:             1             16  org.elasticsearch.action.admin.indices.open.TransportOpenIndexAction$$Lambda$4054/0x00000008017d9be0
8081:             1             16  org.elasticsearch.action.admin.indices.readonly.AddIndexBlockAction$$Lambda$3373/0x0000000801668780
8082:             1             16  org.elasticsearch.action.admin.indices.readonly.TransportAddIndexBlockAction$$Lambda$4222/0x00000008017e95d0
8083:             1             16  org.elasticsearch.action.admin.indices.readonly.TransportVerifyShardIndexBlockAction$$Lambda$3859/0x00000008017b42b0
8084:             1             16  org.elasticsearch.action.admin.indices.readonly.TransportVerifyShardIndexBlockAction$$Lambda$3860/0x00000008017b44d0
8085:             1             16  org.elasticsearch.action.admin.indices.readonly.TransportVerifyShardIndexBlockAction$$Lambda$3861/0x00000008017b46f0
8086:             1             16  org.elasticsearch.action.admin.indices.recovery.RecoveryAction$$Lambda$3417/0x000000080167d888
8087:             1             16  org.elasticsearch.action.admin.indices.recovery.TransportRecoveryAction$$Lambda$4005/0x00000008017c5e40
8088:             1             16  org.elasticsearch.action.admin.indices.refresh.RefreshAction$$Lambda$3393/0x0000000801670308
8089:             1             16  org.elasticsearch.action.admin.indices.refresh.RefreshResponse$$Lambda$5669/0x0000000801b8c940
8090:             1             16  org.elasticsearch.action.admin.indices.refresh.TransportRefreshAction$$Lambda$3990/0x00000008017c4168
8091:             1             16  org.elasticsearch.action.admin.indices.refresh.TransportShardRefreshAction$$Lambda$3988/0x00000008017c3d28
8092:             1             16  org.elasticsearch.action.admin.indices.refresh.TransportShardRefreshAction$$Lambda$3989/0x00000008017c3f48
8093:             1             16  org.elasticsearch.action.admin.indices.resolve.ResolveIndexAction$$Lambda$3420/0x000000080167ebd0
8094:             1             16  org.elasticsearch.action.admin.indices.resolve.ResolveIndexAction$TransportAction$$Lambda$3935/0x00000008017c13f8
8095:             1             16  org.elasticsearch.action.admin.indices.rollover.RolloverAction$$Lambda$3366/0x00000008016659a0
8096:             1             16  org.elasticsearch.action.admin.indices.rollover.TransportRolloverAction$$Lambda$4035/0x00000008017d8238
8097:             1             16  org.elasticsearch.action.admin.indices.segments.IndicesSegmentsAction$$Lambda$3362/0x0000000801663c90
8098:             1             16  org.elasticsearch.action.admin.indices.segments.TransportIndicesSegmentsAction$$Lambda$4123/0x00000008017dda18
8099:             1             16  org.elasticsearch.action.admin.indices.settings.get.GetSettingsAction$$Lambda$3403/0x0000000801674b20
8100:             1             16  org.elasticsearch.action.admin.indices.settings.get.GetSettingsResponse$$Lambda$6460/0x0000000801ce3598
8101:             1             16  org.elasticsearch.action.admin.indices.settings.get.GetSettingsResponse$$Lambda$6461/0x0000000801ce37b8
8102:             1             16  org.elasticsearch.action.admin.indices.settings.get.GetSettingsResponse$$Lambda$6462/0x0000000801ce39d8
8103:             1             16  org.elasticsearch.action.admin.indices.settings.get.GetSettingsResponse$$Lambda$6463/0x0000000801ce3bf8
8104:             1             16  org.elasticsearch.action.admin.indices.settings.get.TransportGetSettingsAction$$Lambda$4324/0x00000008017ee960
8105:             1             16  org.elasticsearch.action.admin.indices.settings.put.TransportUpdateSettingsAction$$Lambda$3977/0x00000008017c3b08
8106:             1             16  org.elasticsearch.action.admin.indices.settings.put.UpdateSettingsAction$$Lambda$3379/0x000000080166ace0
8107:             1             16  org.elasticsearch.action.admin.indices.shards.IndicesShardStoresAction$$Lambda$3363/0x00000008016643e8
8108:             1             16  org.elasticsearch.action.admin.indices.shards.TransportIndicesShardStoresAction$$Lambda$4191/0x00000008017e8040
8109:             1             16  org.elasticsearch.action.admin.indices.shrink.ResizeAction$$Lambda$3365/0x0000000801665268
8110:             1             16  org.elasticsearch.action.admin.indices.shrink.TransportResizeAction$$Lambda$4100/0x00000008017dcd40
8111:             1             16  org.elasticsearch.action.admin.indices.stats.CommonStats$$Lambda$5040/0x0000000801a199d0
8112:             1             16  org.elasticsearch.action.admin.indices.stats.CommonStats$$Lambda$6475/0x0000000801ce6ce0
8113:             1             16  org.elasticsearch.action.admin.indices.stats.CommonStats$$Lambda$6476/0x0000000801ce6f00
8114:             1             16  org.elasticsearch.action.admin.indices.stats.CommonStats$$Lambda$6477/0x0000000801ce7120
8115:             1             16  org.elasticsearch.action.admin.indices.stats.CommonStats$$Lambda$6478/0x0000000801ce7340
8116:             1             16  org.elasticsearch.action.admin.indices.stats.CommonStats$$Lambda$6479/0x0000000801ce7560
8117:             1             16  org.elasticsearch.action.admin.indices.stats.CommonStats$$Lambda$6480/0x0000000801ce7780
8118:             1             16  org.elasticsearch.action.admin.indices.stats.CommonStats$$Lambda$6481/0x0000000801ce79a0
8119:             1             16  org.elasticsearch.action.admin.indices.stats.CommonStats$$Lambda$6482/0x0000000801ce7bc0
8120:             1             16  org.elasticsearch.action.admin.indices.stats.CommonStats$$Lambda$6483/0x0000000801ce7de0
8121:             1             16  org.elasticsearch.action.admin.indices.stats.CommonStats$$Lambda$6484/0x0000000801ce8040
8122:             1             16  org.elasticsearch.action.admin.indices.stats.CommonStats$$Lambda$6485/0x0000000801ce8260
8123:             1             16  org.elasticsearch.action.admin.indices.stats.CommonStats$$Lambda$6487/0x0000000801ce86a0
8124:             1             16  org.elasticsearch.action.admin.indices.stats.CommonStats$$Lambda$6489/0x0000000801ce8ae0
8125:             1             16  org.elasticsearch.action.admin.indices.stats.CommonStats$$Lambda$6490/0x0000000801ce8d00
8126:             1             16  org.elasticsearch.action.admin.indices.stats.CommonStats$$Lambda$6491/0x0000000801ce8f20
8127:             1             16  org.elasticsearch.action.admin.indices.stats.CommonStats$$Lambda$6492/0x0000000801ce9140
8128:             1             16  org.elasticsearch.action.admin.indices.stats.IndicesStatsAction$$Lambda$3361/0x00000008016632a8
8129:             1             16  org.elasticsearch.action.admin.indices.stats.IndicesStatsResponse$$Lambda$5132/0x0000000801a2f278
8130:             1             16  org.elasticsearch.action.admin.indices.stats.IndicesStatsResponse$$Lambda$5133/0x0000000801a2f738
8131:             1             16  org.elasticsearch.action.admin.indices.stats.ShardStats$$Lambda$6494/0x0000000801ce9580
8132:             1             16  org.elasticsearch.action.admin.indices.stats.ShardStats$$Lambda$6495/0x0000000801ce97a0
8133:             1             16  org.elasticsearch.action.admin.indices.stats.TransportIndicesStatsAction$$Lambda$4103/0x00000008017dd180
8134:             1             16  org.elasticsearch.action.admin.indices.template.delete.DeleteComponentTemplateAction$$Lambda$3386/0x000000080166d4b0
8135:             1             16  org.elasticsearch.action.admin.indices.template.delete.DeleteComposableIndexTemplateAction$$Lambda$3389/0x000000080166e4f8
8136:             1             16  org.elasticsearch.action.admin.indices.template.delete.DeleteIndexTemplateAction$$Lambda$3383/0x000000080166c468
8137:             1             16  org.elasticsearch.action.admin.indices.template.delete.TransportDeleteComponentTemplateAction$$Lambda$4178/0x00000008017df858
8138:             1             16  org.elasticsearch.action.admin.indices.template.delete.TransportDeleteComposableIndexTemplateAction$$Lambda$4046/0x00000008017d97a0
8139:             1             16  org.elasticsearch.action.admin.indices.template.delete.TransportDeleteIndexTemplateAction$$Lambda$4223/0x00000008017e97f0
8140:             1             16  org.elasticsearch.action.admin.indices.template.get.GetComponentTemplateAction$$Lambda$3385/0x000000080166d020
8141:             1             16  org.elasticsearch.action.admin.indices.template.get.GetComposableIndexTemplateAction$$Lambda$3388/0x000000080166e068
8142:             1             16  org.elasticsearch.action.admin.indices.template.get.GetIndexTemplatesAction$$Lambda$3382/0x000000080166bfd8
8143:             1             16  org.elasticsearch.action.admin.indices.template.get.TransportGetComponentTemplateAction$$Lambda$4160/0x00000008017dedb8
8144:             1             16  org.elasticsearch.action.admin.indices.template.get.TransportGetComposableIndexTemplateAction$$Lambda$4014/0x00000008017c64e0
8145:             1             16  org.elasticsearch.action.admin.indices.template.get.TransportGetIndexTemplatesAction$$Lambda$4098/0x00000008017dc8d8
8146:             1             16  org.elasticsearch.action.admin.indices.template.post.SimulateIndexTemplateAction$$Lambda$3390/0x000000080166ec18
8147:             1             16  org.elasticsearch.action.admin.indices.template.post.SimulateTemplateAction$$Lambda$3391/0x000000080166f0a8
8148:             1             16  org.elasticsearch.action.admin.indices.template.post.TransportSimulateIndexTemplateAction$$Lambda$4129/0x00000008017dde58
8149:             1             16  org.elasticsearch.action.admin.indices.template.post.TransportSimulateTemplateAction$$Lambda$4218/0x00000008017e93b0
8150:             1             16  org.elasticsearch.action.admin.indices.template.put.PutComponentTemplateAction$$Lambda$3384/0x000000080166c8f8
8151:             1             16  org.elasticsearch.action.admin.indices.template.put.PutComposableIndexTemplateAction$$Lambda$3387/0x000000080166d940
8152:             1             16  org.elasticsearch.action.admin.indices.template.put.PutIndexTemplateAction$$Lambda$3381/0x000000080166b8b0
8153:             1             16  org.elasticsearch.action.admin.indices.template.put.PutIndexTemplateRequest$$Lambda$5209/0x0000000801a53400
8154:             1             16  org.elasticsearch.action.admin.indices.template.put.TransportPutComponentTemplateAction$$Lambda$4010/0x00000008017c6060
8155:             1             16  org.elasticsearch.action.admin.indices.template.put.TransportPutComposableIndexTemplateAction$$Lambda$4152/0x00000008017de758
8156:             1             16  org.elasticsearch.action.admin.indices.template.put.TransportPutIndexTemplateAction$$Lambda$4025/0x00000008017c6b40
8157:             1             16  org.elasticsearch.action.admin.indices.upgrade.get.TransportUpgradeStatusAction$$Lambda$4033/0x00000008017c7818
8158:             1             16  org.elasticsearch.action.admin.indices.upgrade.get.UpgradeStatusAction$$Lambda$3398/0x00000008016729f8
8159:             1             16  org.elasticsearch.action.admin.indices.upgrade.post.TransportUpgradeAction$$Lambda$4340/0x0000000801808040
8160:             1             16  org.elasticsearch.action.admin.indices.upgrade.post.TransportUpgradeSettingsAction$$Lambda$4181/0x00000008017dfa78
8161:             1             16  org.elasticsearch.action.admin.indices.upgrade.post.UpgradeAction$$Lambda$3397/0x0000000801672250
8162:             1             16  org.elasticsearch.action.admin.indices.upgrade.post.UpgradeSettingsAction$$Lambda$3399/0x0000000801672eb0
8163:             1             16  org.elasticsearch.action.admin.indices.validate.query.TransportValidateQueryAction$$Lambda$4121/0x00000008017dd3a0
8164:             1             16  org.elasticsearch.action.admin.indices.validate.query.TransportValidateQueryAction$$Lambda$4122/0x00000008017dd5c0
8165:             1             16  org.elasticsearch.action.admin.indices.validate.query.ValidateQueryAction$$Lambda$3392/0x000000080166f818
8166:             1             16  org.elasticsearch.action.bulk.BackoffPolicy$NoBackoff
8167:             1             16  org.elasticsearch.action.bulk.BulkAction$$Lambda$3411/0x000000080167a658
8168:             1             16  org.elasticsearch.action.bulk.BulkItemResponse$Failure$$Lambda$6601/0x0000000801d0d118
8169:             1             16  org.elasticsearch.action.bulk.BulkItemResponse$Failure$$Lambda$6602/0x0000000801d0d358
8170:             1             16  org.elasticsearch.action.bulk.BulkPrimaryExecutionContext$$Lambda$6017/0x0000000801c03398
8171:             1             16  org.elasticsearch.action.bulk.BulkPrimaryExecutionContext$$Lambda$6018/0x0000000801c039c8
8172:             1             16  org.elasticsearch.action.bulk.BulkRequest$$Lambda$5928/0x0000000801bd6cd8
8173:             1             16  org.elasticsearch.action.bulk.BulkShardRequest$$Lambda$5967/0x0000000801bf1ef0
8174:             1             16  org.elasticsearch.action.bulk.BulkShardRequest$$Lambda$6005/0x0000000801bfcfa8
8175:             1             16  org.elasticsearch.action.bulk.BulkShardRequest$$Lambda$6020/0x0000000801c044c0
8176:             1             16  org.elasticsearch.action.bulk.BulkShardResponse$$Lambda$6130/0x0000000801c386e0
8177:             1             16  org.elasticsearch.action.bulk.Retry$RetryHandler$$Lambda$6216/0x0000000801c80478
8178:             1             16  org.elasticsearch.action.bulk.TransportBulkAction$$Lambda$4043/0x00000008017d8f18
8179:             1             16  org.elasticsearch.action.bulk.TransportBulkAction$$Lambda$4044/0x00000008017d9138
8180:             1             16  org.elasticsearch.action.bulk.TransportBulkAction$$Lambda$5935/0x0000000801bd8998
8181:             1             16  org.elasticsearch.action.bulk.TransportBulkAction$$Lambda$5936/0x0000000801bd8be8
8182:             1             16  org.elasticsearch.action.bulk.TransportBulkAction$$Lambda$5937/0x0000000801bd8e28
8183:             1             16  org.elasticsearch.action.bulk.TransportBulkAction$$Lambda$5939/0x0000000801bd9288
8184:             1             16  org.elasticsearch.action.bulk.TransportBulkAction$BulkOperation$$Lambda$5943/0x0000000801bda8a0
8185:             1             16  org.elasticsearch.action.bulk.TransportShardBulkAction$$Lambda$4040/0x00000008017d8898
8186:             1             16  org.elasticsearch.action.bulk.TransportShardBulkAction$$Lambda$4041/0x00000008017d8ad8
8187:             1             16  org.elasticsearch.action.bulk.TransportShardBulkAction$$Lambda$4042/0x00000008017d8cf8
8188:             1             16  org.elasticsearch.action.delete.DeleteAction$$Lambda$3408/0x0000000801678830
8189:             1             16  org.elasticsearch.action.delete.TransportDeleteAction$$Lambda$4045/0x00000008017d9580
8190:             1             16  org.elasticsearch.action.explain.ExplainAction$$Lambda$3415/0x000000080167c9e8
8191:             1             16  org.elasticsearch.action.explain.TransportExplainAction$$Lambda$3954/0x00000008017c2bf8
8192:             1             16  org.elasticsearch.action.fieldcaps.FieldCapabilitiesAction$$Lambda$3426/0x0000000801681350
8193:             1             16  org.elasticsearch.action.fieldcaps.TransportFieldCapabilitiesAction$$Lambda$4030/0x00000008017c75f8
8194:             1             16  org.elasticsearch.action.fieldcaps.TransportFieldCapabilitiesIndexAction$$Lambda$4027/0x00000008017c6d60
8195:             1             16  org.elasticsearch.action.fieldcaps.TransportFieldCapabilitiesIndexAction$$Lambda$4028/0x00000008017c6f80
8196:             1             16  org.elasticsearch.action.fieldcaps.TransportFieldCapabilitiesIndexAction$$Lambda$4029/0x00000008017c71a0
8197:             1             16  org.elasticsearch.action.fieldcaps.TransportFieldCapabilitiesIndexAction$ShardTransportHandler
8198:             1             16  org.elasticsearch.action.get.GetAction$$Lambda$3405/0x0000000801676938
8199:             1             16  org.elasticsearch.action.get.GetRequest$$Lambda$5843/0x0000000801bb6f38
8200:             1             16  org.elasticsearch.action.get.MultiGetAction$$Lambda$3410/0x0000000801679c48
8201:             1             16  org.elasticsearch.action.get.TransportGetAction$$Lambda$4347/0x00000008018086a8
8202:             1             16  org.elasticsearch.action.get.TransportGetAction$$Lambda$5891/0x0000000801bcbd60
8203:             1             16  org.elasticsearch.action.get.TransportMultiGetAction$$Lambda$4063/0x00000008017daac8
8204:             1             16  org.elasticsearch.action.get.TransportShardMultiGetAction$$Lambda$4062/0x00000008017da8a8
8205:             1             16  org.elasticsearch.action.index.IndexAction$$Lambda$3404/0x0000000801675f88
8206:             1             16  org.elasticsearch.action.index.TransportIndexAction$$Lambda$4161/0x00000008017defd8
8207:             1             16  org.elasticsearch.action.ingest.DeletePipelineAction$$Lambda$3429/0x0000000801682598
8208:             1             16  org.elasticsearch.action.ingest.DeletePipelineTransportAction$$Lambda$4015/0x00000008017c6700
8209:             1             16  org.elasticsearch.action.ingest.GetPipelineAction$$Lambda$3428/0x0000000801682108
8210:             1             16  org.elasticsearch.action.ingest.GetPipelineTransportAction$$Lambda$4334/0x00000008017efa60
8211:             1             16  org.elasticsearch.action.ingest.PutPipelineAction$$Lambda$3427/0x00000008016819b0
8212:             1             16  org.elasticsearch.action.ingest.PutPipelineTransportAction$$Lambda$4304/0x00000008017eda80
8213:             1             16  org.elasticsearch.action.ingest.SimulateExecutionService
8214:             1             16  org.elasticsearch.action.ingest.SimulatePipelineAction$$Lambda$3430/0x0000000801682ed8
8215:             1             16  org.elasticsearch.action.ingest.SimulatePipelineTransportAction$$Lambda$3993/0x00000008017c4388
8216:             1             16  org.elasticsearch.action.main.MainAction$$Lambda$3331/0x00000008015bd918
8217:             1             16  org.elasticsearch.action.main.MainResponse$$Lambda$5019/0x0000000801a13550
8218:             1             16  org.elasticsearch.action.main.MainResponse$$Lambda$5020/0x0000000801a13770
8219:             1             16  org.elasticsearch.action.main.MainResponse$$Lambda$5021/0x0000000801a139a0
8220:             1             16  org.elasticsearch.action.main.MainResponse$$Lambda$5022/0x0000000801a13bd0
8221:             1             16  org.elasticsearch.action.main.MainResponse$$Lambda$5023/0x0000000801a13e00
8222:             1             16  org.elasticsearch.action.main.MainResponse$$Lambda$5024/0x0000000801a14030
8223:             1             16  org.elasticsearch.action.main.MainResponse$$Lambda$5025/0x0000000801a14260
8224:             1             16  org.elasticsearch.action.main.TransportMainAction$$Lambda$4333/0x00000008017ef840
8225:             1             16  org.elasticsearch.action.resync.TransportResyncReplicationAction$$Lambda$3869/0x00000008017b7610
8226:             1             16  org.elasticsearch.action.resync.TransportResyncReplicationAction$$Lambda$3870/0x00000008017b7850
8227:             1             16  org.elasticsearch.action.resync.TransportResyncReplicationAction$$Lambda$3871/0x00000008017b7a70
8228:             1             16  org.elasticsearch.action.search.ClearScrollAction$$Lambda$3416/0x000000080167d170
8229:             1             16  org.elasticsearch.action.search.ClearScrollResponse$$Lambda$6065/0x0000000801c1a770
8230:             1             16  org.elasticsearch.action.search.ClearScrollResponse$$Lambda$6066/0x0000000801c1abc8
8231:             1             16  org.elasticsearch.action.search.ClearScrollResponse$$Lambda$6067/0x0000000801c1b000
8232:             1             16  org.elasticsearch.action.search.FetchSearchPhase$$Lambda$6352/0x0000000801cb1ac0
8233:             1             16  org.elasticsearch.action.search.MultiSearchAction$$Lambda$3414/0x000000080167c298
8234:             1             16  org.elasticsearch.action.search.ParsedScrollId$$Lambda$6222/0x0000000801c80b28
8235:             1             16  org.elasticsearch.action.search.QueryPhaseResultConsumer$$Lambda$5883/0x0000000801bc7620
8236:             1             16  org.elasticsearch.action.search.QueryPhaseResultConsumer$PendingMerges$$Lambda$5894/0x0000000801bcf168
8237:             1             16  org.elasticsearch.action.search.QueryPhaseResultConsumer$PendingMerges$$Lambda$6331/0x0000000801c99968
8238:             1             16  org.elasticsearch.action.search.SearchAction$$Lambda$3412/0x000000080167b950
8239:             1             16  org.elasticsearch.action.search.SearchExecutionStatsCollector$$Lambda$3702/0x0000000801718040
8240:             1             16  org.elasticsearch.action.search.SearchPhaseController$$Lambda$5896/0x0000000801bcf388
8241:             1             16  org.elasticsearch.action.search.SearchProgressListener$$Lambda$5822/0x0000000801bb1400
8242:             1             16  org.elasticsearch.action.search.SearchProgressListener$$Lambda$5897/0x0000000801bcf7e8
8243:             1             16  org.elasticsearch.action.search.SearchProgressListener$$Lambda$5898/0x0000000801bcfa38
8244:             1             16  org.elasticsearch.action.search.SearchProgressListener$$Lambda$5899/0x0000000801bcfc78
8245:             1             16  org.elasticsearch.action.search.SearchProgressListener$1
8246:             1             16  org.elasticsearch.action.search.SearchScrollAction$$Lambda$3413/0x000000080167bb70
8247:             1             16  org.elasticsearch.action.search.SearchShardIterator$$Lambda$5781/0x0000000801ba8610
8248:             1             16  org.elasticsearch.action.search.SearchShardIterator$$Lambda$6322/0x0000000801c96f88
8249:             1             16  org.elasticsearch.action.search.SearchShardIterator$$Lambda$6323/0x0000000801c973d8
8250:             1             16  org.elasticsearch.action.search.SearchShardIterator$$Lambda$6324/0x0000000801c97618
8251:             1             16  org.elasticsearch.action.search.SearchTransportService$$Lambda$3893/0x00000008017baf68
8252:             1             16  org.elasticsearch.action.search.SearchTransportService$$Lambda$3894/0x00000008017bb188
8253:             1             16  org.elasticsearch.action.search.SearchTransportService$$Lambda$3895/0x00000008017bb3b0
8254:             1             16  org.elasticsearch.action.search.SearchTransportService$$Lambda$3898/0x00000008017bc120
8255:             1             16  org.elasticsearch.action.search.SearchTransportService$$Lambda$3899/0x00000008017bc340
8256:             1             16  org.elasticsearch.action.search.SearchTransportService$$Lambda$3900/0x00000008017bc568
8257:             1             16  org.elasticsearch.action.search.SearchTransportService$$Lambda$3901/0x00000008017bc788
8258:             1             16  org.elasticsearch.action.search.SearchTransportService$$Lambda$3902/0x00000008017bc9a8
8259:             1             16  org.elasticsearch.action.search.SearchTransportService$$Lambda$3903/0x00000008017bcbd0
8260:             1             16  org.elasticsearch.action.search.SearchTransportService$$Lambda$3904/0x00000008017bcdf0
8261:             1             16  org.elasticsearch.action.search.SearchTransportService$$Lambda$3905/0x00000008017bd010
8262:             1             16  org.elasticsearch.action.search.SearchTransportService$$Lambda$3906/0x00000008017bd518
8263:             1             16  org.elasticsearch.action.search.SearchTransportService$$Lambda$3907/0x00000008017bd738
8264:             1             16  org.elasticsearch.action.search.SearchTransportService$$Lambda$3908/0x00000008017bd958
8265:             1             16  org.elasticsearch.action.search.SearchTransportService$$Lambda$3909/0x00000008017bdb80
8266:             1             16  org.elasticsearch.action.search.SearchTransportService$$Lambda$3911/0x00000008017bdfe8
8267:             1             16  org.elasticsearch.action.search.SearchTransportService$$Lambda$3912/0x00000008017be208
8268:             1             16  org.elasticsearch.action.search.SearchTransportService$$Lambda$3913/0x00000008017be430
8269:             1             16  org.elasticsearch.action.search.SearchTransportService$$Lambda$3914/0x00000008017be650
8270:             1             16  org.elasticsearch.action.search.SearchTransportService$$Lambda$3915/0x00000008017be870
8271:             1             16  org.elasticsearch.action.search.SearchTransportService$$Lambda$3916/0x00000008017bed38
8272:             1             16  org.elasticsearch.action.search.SearchTransportService$$Lambda$3917/0x00000008017bef58
8273:             1             16  org.elasticsearch.action.search.SearchTransportService$$Lambda$3918/0x00000008017bf178
8274:             1             16  org.elasticsearch.action.search.SearchTransportService$$Lambda$3919/0x00000008017bf640
8275:             1             16  org.elasticsearch.action.search.SearchTransportService$$Lambda$3920/0x00000008017bfa70
8276:             1             16  org.elasticsearch.action.search.SearchTransportService$$Lambda$3921/0x00000008017bfc90
8277:             1             16  org.elasticsearch.action.search.SearchTransportService$$Lambda$3922/0x00000008017c02e8
8278:             1             16  org.elasticsearch.action.search.SearchTransportService$$Lambda$3923/0x00000008017c0508
8279:             1             16  org.elasticsearch.action.search.SearchTransportService$$Lambda$3924/0x00000008017c0728
8280:             1             16  org.elasticsearch.action.search.SearchTransportService$$Lambda$3925/0x00000008017c0950
8281:             1             16  org.elasticsearch.action.search.SearchTransportService$$Lambda$3926/0x00000008017c0b70
8282:             1             16  org.elasticsearch.action.search.SearchTransportService$$Lambda$3927/0x00000008017c0d90
8283:             1             16  org.elasticsearch.action.search.SearchTransportService$$Lambda$3928/0x00000008017c0fb8
8284:             1             16  org.elasticsearch.action.search.SearchTransportService$$Lambda$5825/0x0000000801bb23f8
8285:             1             16  org.elasticsearch.action.search.SearchTransportService$$Lambda$6063/0x0000000801c137c0
8286:             1             16  org.elasticsearch.action.search.SearchTransportService$$Lambda$6225/0x0000000801c81440
8287:             1             16  org.elasticsearch.action.search.SearchTransportService$$Lambda$6330/0x0000000801c99278
8288:             1             16  org.elasticsearch.action.search.SearchTransportService$$Lambda$6342/0x0000000801ca3008
8289:             1             16  org.elasticsearch.action.search.SearchTransportService$ConnectionCountingHandler$$Lambda$5827/0x0000000801bb2d20
8290:             1             16  org.elasticsearch.action.search.SearchTransportService$ConnectionCountingHandler$$Lambda$5885/0x0000000801bc8960
8291:             1             16  org.elasticsearch.action.search.SearchTransportService$ConnectionCountingHandler$$Lambda$6443/0x0000000801cc6db0
8292:             1             16  org.elasticsearch.action.search.TransportClearScrollAction$$Lambda$4332/0x00000008017ef620
8293:             1             16  org.elasticsearch.action.search.TransportMultiSearchAction$$Lambda$4084/0x00000008017dbc38
8294:             1             16  org.elasticsearch.action.search.TransportMultiSearchAction$$Lambda$4085/0x00000008017dbe58
8295:             1             16  org.elasticsearch.action.search.TransportSearchAction$$Lambda$3892/0x00000008017bad48
8296:             1             16  org.elasticsearch.action.search.TransportSearchAction$$Lambda$5756/0x0000000801b9bfe8
8297:             1             16  org.elasticsearch.action.search.TransportSearchAction$$Lambda$5778/0x0000000801b9f288
8298:             1             16  org.elasticsearch.action.search.TransportSearchScrollAction$$Lambda$4253/0x00000008017ea6d0
8299:             1             16  org.elasticsearch.action.support.ActionFilters
8300:             1             16  org.elasticsearch.action.support.AutoCreateIndex$$Lambda$1294/0x000000080106a128
8301:             1             16  org.elasticsearch.action.support.AutoCreateIndex$$Lambda$3660/0x00000008016e09a8
8302:             1             16  org.elasticsearch.action.support.TransportAction$$Lambda$4969/0x0000000801a10728
8303:             1             16  org.elasticsearch.action.support.broadcast.BroadcastResponse$$Lambda$5670/0x0000000801b8cb80
8304:             1             16  org.elasticsearch.action.support.broadcast.BroadcastResponse$$Lambda$5671/0x0000000801b8cdc0
8305:             1             16  org.elasticsearch.action.support.broadcast.TransportBroadcastAction$ShardTransportHandler
8306:             1             16  org.elasticsearch.action.support.broadcast.node.TransportBroadcastByNodeAction$NodeRequest$$Lambda$6453/0x0000000801ce10c8
8307:             1             16  org.elasticsearch.action.support.broadcast.node.TransportBroadcastByNodeAction$NodeResponse$$Lambda$6496/0x0000000801ce99c0
8308:             1             16  org.elasticsearch.action.support.master.AcknowledgedResponse$$Lambda$5161/0x0000000801a44b38
8309:             1             16  org.elasticsearch.action.support.master.AcknowledgedResponse$$Lambda$5162/0x0000000801a44d78
8310:             1             16  org.elasticsearch.action.support.master.AcknowledgedResponse$$Lambda$5164/0x0000000801a451d8
8311:             1             16  org.elasticsearch.action.support.master.ShardsAcknowledgedResponse$$Lambda$5304/0x0000000801afe2e0
8312:             1             16  org.elasticsearch.action.support.nodes.BaseNodesRequest$$Lambda$4816/0x00000008019806a0
8313:             1             16  org.elasticsearch.action.support.nodes.BaseNodesRequest$$Lambda$4817/0x00000008019808c0
8314:             1             16  org.elasticsearch.action.support.nodes.BaseNodesResponse$$Lambda$5100/0x0000000801a2d940
8315:             1             16  org.elasticsearch.action.support.nodes.TransportNodesAction$$Lambda$5036/0x0000000801a166a8
8316:             1             16  org.elasticsearch.action.support.replication.PendingReplicationActions$$Lambda$5612/0x0000000801b83318
8317:             1             16  org.elasticsearch.action.support.replication.ReplicationRequest$$Lambda$6003/0x0000000801bfcb60
8318:             1             16  org.elasticsearch.action.support.replication.TransportReplicationAction$$Lambda$5655/0x0000000801b88e38
8319:             1             16  org.elasticsearch.action.support.replication.TransportReplicationAction$$Lambda$6120/0x0000000801c311d0
8320:             1             16  org.elasticsearch.action.support.replication.TransportReplicationAction$$Lambda$6613/0x0000000801d0f650
8321:             1             16  org.elasticsearch.action.support.replication.TransportReplicationAction$AsyncPrimaryAction$$Lambda$5663/0x0000000801b8b070
8322:             1             16  org.elasticsearch.action.support.replication.TransportReplicationAction$ReplicasProxy$$Lambda$6019/0x0000000801c042a0
8323:             1             16  org.elasticsearch.action.support.replication.TransportWriteAction$$Lambda$6008/0x0000000801bfd618
8324:             1             16  org.elasticsearch.action.support.single.instance.TransportInstanceSingleOperationAction$ShardTransportHandler
8325:             1             16  org.elasticsearch.action.termvectors.MultiTermVectorsAction$$Lambda$3407/0x0000000801677d58
8326:             1             16  org.elasticsearch.action.termvectors.TermVectorsAction$$Lambda$3406/0x00000008016775c8
8327:             1             16  org.elasticsearch.action.termvectors.TransportMultiTermVectorsAction$$Lambda$4279/0x00000008017ebeb8
8328:             1             16  org.elasticsearch.action.termvectors.TransportShardMultiTermsVectorAction$$Lambda$4278/0x00000008017ebc98
8329:             1             16  org.elasticsearch.action.termvectors.TransportTermVectorsAction$$Lambda$4294/0x00000008017ecdc0
8330:             1             16  org.elasticsearch.action.update.TransportUpdateAction$$Lambda$4200/0x00000008017e84a0
8331:             1             16  org.elasticsearch.action.update.UpdateAction$$Lambda$3409/0x0000000801679250
8332:             1             16  org.elasticsearch.action.update.UpdateHelper
8333:             1             16  org.elasticsearch.action.update.UpdateRequest$$Lambda$6286/0x0000000801c8cd00
8334:             1             16  org.elasticsearch.action.update.UpdateRequest$$Lambda$6287/0x0000000801c8cf30
8335:             1             16  org.elasticsearch.action.update.UpdateRequest$$Lambda$6288/0x0000000801c8d150
8336:             1             16  org.elasticsearch.action.update.UpdateRequest$$Lambda$6289/0x0000000801c8d380
8337:             1             16  org.elasticsearch.action.update.UpdateRequest$$Lambda$6290/0x0000000801c8d5b0
8338:             1             16  org.elasticsearch.action.update.UpdateRequest$$Lambda$6291/0x0000000801c8d7d0
8339:             1             16  org.elasticsearch.action.update.UpdateRequest$$Lambda$6292/0x0000000801c8da00
8340:             1             16  org.elasticsearch.action.update.UpdateRequest$$Lambda$6293/0x0000000801c8dc20
8341:             1             16  org.elasticsearch.action.update.UpdateRequest$$Lambda$6294/0x0000000801c8de50
8342:             1             16  org.elasticsearch.action.update.UpdateRequest$$Lambda$6295/0x0000000801c8e080
8343:             1             16  org.elasticsearch.action.update.UpdateRequest$$Lambda$6296/0x0000000801c8e2b0
8344:             1             16  org.elasticsearch.action.update.UpdateRequest$$Lambda$6297/0x0000000801c8e4d0
8345:             1             16  org.elasticsearch.action.update.UpdateRequest$$Lambda$6298/0x0000000801c8e700
8346:             1             16  org.elasticsearch.action.update.UpdateRequest$$Lambda$6319/0x0000000801c946f8
8347:             1             16  org.elasticsearch.analysis.common.CommonAnalysisPlugin
8348:             1             16  org.elasticsearch.analysis.common.CommonAnalysisPlugin$$Lambda$1000/0x0000000800fe3eb0
8349:             1             16  org.elasticsearch.analysis.common.CommonAnalysisPlugin$$Lambda$1001/0x0000000800fe43d8
8350:             1             16  org.elasticsearch.analysis.common.CommonAnalysisPlugin$$Lambda$1002/0x0000000800fe4b98
8351:             1             16  org.elasticsearch.analysis.common.CommonAnalysisPlugin$$Lambda$1003/0x0000000800fe4dd8
8352:             1             16  org.elasticsearch.analysis.common.CommonAnalysisPlugin$$Lambda$1004/0x0000000800fe5598
8353:             1             16  org.elasticsearch.analysis.common.CommonAnalysisPlugin$$Lambda$1005/0x0000000800fe5a90
8354:             1             16  org.elasticsearch.analysis.common.CommonAnalysisPlugin$$Lambda$1006/0x0000000800fe5f88
8355:             1             16  org.elasticsearch.analysis.common.CommonAnalysisPlugin$$Lambda$1007/0x0000000800fe61c8
8356:             1             16  org.elasticsearch.analysis.common.CommonAnalysisPlugin$$Lambda$1008/0x0000000800fe66e8
8357:             1             16  org.elasticsearch.analysis.common.CommonAnalysisPlugin$$Lambda$1009/0x0000000800fe6be0
8358:             1             16  org.elasticsearch.analysis.common.CommonAnalysisPlugin$$Lambda$1010/0x0000000800fe70d8
8359:             1             16  org.elasticsearch.analysis.common.CommonAnalysisPlugin$$Lambda$1011/0x0000000800fe75d0
8360:             1             16  org.elasticsearch.analysis.common.CommonAnalysisPlugin$$Lambda$1012/0x0000000800fe7af0
8361:             1             16  org.elasticsearch.analysis.common.CommonAnalysisPlugin$$Lambda$1013/0x0000000800fe8040
8362:             1             16  org.elasticsearch.analysis.common.CommonAnalysisPlugin$$Lambda$1014/0x0000000800fe8560
8363:             1             16  org.elasticsearch.analysis.common.CommonAnalysisPlugin$$Lambda$1015/0x0000000800fe8a60
8364:             1             16  org.elasticsearch.analysis.common.CommonAnalysisPlugin$$Lambda$1016/0x0000000800fe8f80
8365:             1             16  org.elasticsearch.analysis.common.CommonAnalysisPlugin$$Lambda$1017/0x0000000800fe9478
8366:             1             16  org.elasticsearch.analysis.common.CommonAnalysisPlugin$$Lambda$1018/0x0000000800fe9970
8367:             1             16  org.elasticsearch.analysis.common.CommonAnalysisPlugin$$Lambda$1019/0x0000000800fe9e68
8368:             1             16  org.elasticsearch.analysis.common.CommonAnalysisPlugin$$Lambda$1020/0x0000000800fea360
8369:             1             16  org.elasticsearch.analysis.common.CommonAnalysisPlugin$$Lambda$1021/0x0000000800fea858
8370:             1             16  org.elasticsearch.analysis.common.CommonAnalysisPlugin$$Lambda$1022/0x0000000800fead50
8371:             1             16  org.elasticsearch.analysis.common.CommonAnalysisPlugin$$Lambda$1023/0x0000000800feb270
8372:             1             16  org.elasticsearch.analysis.common.CommonAnalysisPlugin$$Lambda$1024/0x0000000800feb768
8373:             1             16  org.elasticsearch.analysis.common.CommonAnalysisPlugin$$Lambda$1025/0x0000000800febc68
8374:             1             16  org.elasticsearch.analysis.common.CommonAnalysisPlugin$$Lambda$1026/0x0000000800fec160
8375:             1             16  org.elasticsearch.analysis.common.CommonAnalysisPlugin$$Lambda$1027/0x0000000800fec3a0
8376:             1             16  org.elasticsearch.analysis.common.CommonAnalysisPlugin$$Lambda$1028/0x0000000800fec8a8
8377:             1             16  org.elasticsearch.analysis.common.CommonAnalysisPlugin$$Lambda$1029/0x0000000800fecda8
8378:             1             16  org.elasticsearch.analysis.common.CommonAnalysisPlugin$$Lambda$1030/0x0000000800fed2c8
8379:             1             16  org.elasticsearch.analysis.common.CommonAnalysisPlugin$$Lambda$1031/0x0000000800fed7c0
8380:             1             16  org.elasticsearch.analysis.common.CommonAnalysisPlugin$$Lambda$1032/0x0000000800feda00
8381:             1             16  org.elasticsearch.analysis.common.CommonAnalysisPlugin$$Lambda$1033/0x0000000800fedf00
8382:             1             16  org.elasticsearch.analysis.common.CommonAnalysisPlugin$$Lambda$1034/0x0000000800fee3f8
8383:             1             16  org.elasticsearch.analysis.common.CommonAnalysisPlugin$$Lambda$1035/0x0000000800fee8f0
8384:             1             16  org.elasticsearch.analysis.common.CommonAnalysisPlugin$$Lambda$1036/0x0000000800feee10
8385:             1             16  org.elasticsearch.analysis.common.CommonAnalysisPlugin$$Lambda$1037/0x0000000800fef330
8386:             1             16  org.elasticsearch.analysis.common.CommonAnalysisPlugin$$Lambda$1038/0x0000000800fef850
8387:             1             16  org.elasticsearch.analysis.common.CommonAnalysisPlugin$$Lambda$1039/0x0000000800fefd48
8388:             1             16  org.elasticsearch.analysis.common.CommonAnalysisPlugin$$Lambda$1040/0x0000000800ff0320
8389:             1             16  org.elasticsearch.analysis.common.CommonAnalysisPlugin$$Lambda$1041/0x0000000800ff0818
8390:             1             16  org.elasticsearch.analysis.common.CommonAnalysisPlugin$$Lambda$1042/0x0000000800ff0d10
8391:             1             16  org.elasticsearch.analysis.common.CommonAnalysisPlugin$$Lambda$1043/0x0000000800ff1688
8392:             1             16  org.elasticsearch.analysis.common.CommonAnalysisPlugin$$Lambda$1044/0x0000000800ff1ba0
8393:             1             16  org.elasticsearch.analysis.common.CommonAnalysisPlugin$$Lambda$1045/0x0000000800ff20c0
8394:             1             16  org.elasticsearch.analysis.common.CommonAnalysisPlugin$$Lambda$1046/0x0000000800ff25b8
8395:             1             16  org.elasticsearch.analysis.common.CommonAnalysisPlugin$$Lambda$1047/0x0000000800ff2d18
8396:             1             16  org.elasticsearch.analysis.common.CommonAnalysisPlugin$$Lambda$1048/0x0000000800ff3238
8397:             1             16  org.elasticsearch.analysis.common.CommonAnalysisPlugin$$Lambda$1049/0x0000000800ff3738
8398:             1             16  org.elasticsearch.analysis.common.CommonAnalysisPlugin$$Lambda$1050/0x0000000800ff3c40
8399:             1             16  org.elasticsearch.analysis.common.CommonAnalysisPlugin$$Lambda$1054/0x0000000800ff40e8
8400:             1             16  org.elasticsearch.analysis.common.CommonAnalysisPlugin$$Lambda$1055/0x0000000800ff4590
8401:             1             16  org.elasticsearch.analysis.common.CommonAnalysisPlugin$$Lambda$1056/0x0000000800ff4a38
8402:             1             16  org.elasticsearch.analysis.common.CommonAnalysisPlugin$$Lambda$1057/0x0000000800ff4c78
8403:             1             16  org.elasticsearch.analysis.common.CommonAnalysisPlugin$$Lambda$1058/0x0000000800ff55a0
8404:             1             16  org.elasticsearch.analysis.common.CommonAnalysisPlugin$$Lambda$1059/0x0000000800ff57e0
8405:             1             16  org.elasticsearch.analysis.common.CommonAnalysisPlugin$$Lambda$1060/0x0000000800ff5f08
8406:             1             16  org.elasticsearch.analysis.common.CommonAnalysisPlugin$$Lambda$1061/0x0000000800ff6630
8407:             1             16  org.elasticsearch.analysis.common.CommonAnalysisPlugin$$Lambda$1062/0x0000000800ff6ad8
8408:             1             16  org.elasticsearch.analysis.common.CommonAnalysisPlugin$$Lambda$1063/0x0000000800ff6f80
8409:             1             16  org.elasticsearch.analysis.common.CommonAnalysisPlugin$$Lambda$1064/0x0000000800ff7698
8410:             1             16  org.elasticsearch.analysis.common.CommonAnalysisPlugin$$Lambda$1065/0x0000000800ff7b40
8411:             1             16  org.elasticsearch.analysis.common.CommonAnalysisPlugin$$Lambda$1066/0x0000000800ff7d80
8412:             1             16  org.elasticsearch.analysis.common.CommonAnalysisPlugin$$Lambda$1067/0x00000008010002b0
8413:             1             16  org.elasticsearch.analysis.common.CommonAnalysisPlugin$$Lambda$1068/0x0000000801000758
8414:             1             16  org.elasticsearch.analysis.common.CommonAnalysisPlugin$$Lambda$1069/0x0000000801000c00
8415:             1             16  org.elasticsearch.analysis.common.CommonAnalysisPlugin$$Lambda$1070/0x00000008010010a8
8416:             1             16  org.elasticsearch.analysis.common.CommonAnalysisPlugin$$Lambda$1078/0x0000000801001818
8417:             1             16  org.elasticsearch.analysis.common.CommonAnalysisPlugin$$Lambda$1079/0x0000000801001cf0
8418:             1             16  org.elasticsearch.analysis.common.CommonAnalysisPlugin$$Lambda$1080/0x00000008010021c8
8419:             1             16  org.elasticsearch.analysis.common.CommonAnalysisPlugin$$Lambda$1081/0x00000008010026a0
8420:             1             16  org.elasticsearch.analysis.common.CommonAnalysisPlugin$$Lambda$1082/0x0000000801002b78
8421:             1             16  org.elasticsearch.analysis.common.CommonAnalysisPlugin$$Lambda$1083/0x0000000801003050
8422:             1             16  org.elasticsearch.analysis.common.CommonAnalysisPlugin$$Lambda$1084/0x0000000801003528
8423:             1             16  org.elasticsearch.analysis.common.CommonAnalysisPlugin$$Lambda$1085/0x0000000801003a00
8424:             1             16  org.elasticsearch.analysis.common.CommonAnalysisPlugin$$Lambda$1086/0x0000000801003ed8
8425:             1             16  org.elasticsearch.analysis.common.CommonAnalysisPlugin$$Lambda$1087/0x00000008010043b0
8426:             1             16  org.elasticsearch.analysis.common.CommonAnalysisPlugin$$Lambda$1088/0x0000000801004888
8427:             1             16  org.elasticsearch.analysis.common.CommonAnalysisPlugin$$Lambda$1089/0x0000000801004d60
8428:             1             16  org.elasticsearch.analysis.common.CommonAnalysisPlugin$$Lambda$1090/0x0000000801005238
8429:             1             16  org.elasticsearch.analysis.common.CommonAnalysisPlugin$$Lambda$1091/0x0000000801005710
8430:             1             16  org.elasticsearch.analysis.common.CommonAnalysisPlugin$$Lambda$1092/0x0000000801005be8
8431:             1             16  org.elasticsearch.analysis.common.CommonAnalysisPlugin$$Lambda$1093/0x00000008010060c0
8432:             1             16  org.elasticsearch.analysis.common.CommonAnalysisPlugin$$Lambda$1094/0x0000000801006598
8433:             1             16  org.elasticsearch.analysis.common.CommonAnalysisPlugin$$Lambda$1095/0x0000000801006a70
8434:             1             16  org.elasticsearch.analysis.common.CommonAnalysisPlugin$$Lambda$1096/0x0000000801006f48
8435:             1             16  org.elasticsearch.analysis.common.CommonAnalysisPlugin$$Lambda$1097/0x0000000801007420
8436:             1             16  org.elasticsearch.analysis.common.CommonAnalysisPlugin$$Lambda$1098/0x00000008010078f8
8437:             1             16  org.elasticsearch.analysis.common.CommonAnalysisPlugin$$Lambda$1099/0x0000000801010040
8438:             1             16  org.elasticsearch.analysis.common.CommonAnalysisPlugin$$Lambda$1100/0x0000000801010518
8439:             1             16  org.elasticsearch.analysis.common.CommonAnalysisPlugin$$Lambda$1101/0x00000008010109f0
8440:             1             16  org.elasticsearch.analysis.common.CommonAnalysisPlugin$$Lambda$1102/0x0000000801010ec8
8441:             1             16  org.elasticsearch.analysis.common.CommonAnalysisPlugin$$Lambda$1103/0x00000008010113a0
8442:             1             16  org.elasticsearch.analysis.common.CommonAnalysisPlugin$$Lambda$1104/0x0000000801011878
8443:             1             16  org.elasticsearch.analysis.common.CommonAnalysisPlugin$$Lambda$1105/0x0000000801011d50
8444:             1             16  org.elasticsearch.analysis.common.CommonAnalysisPlugin$$Lambda$1106/0x0000000801012228
8445:             1             16  org.elasticsearch.analysis.common.CommonAnalysisPlugin$$Lambda$1107/0x0000000801012700
8446:             1             16  org.elasticsearch.analysis.common.CommonAnalysisPlugin$$Lambda$1108/0x0000000801012bd8
8447:             1             16  org.elasticsearch.analysis.common.CommonAnalysisPlugin$$Lambda$1109/0x00000008010130b0
8448:             1             16  org.elasticsearch.analysis.common.CommonAnalysisPlugin$$Lambda$1110/0x0000000801013588
8449:             1             16  org.elasticsearch.analysis.common.CommonAnalysisPlugin$$Lambda$1111/0x0000000801013a60
8450:             1             16  org.elasticsearch.analysis.common.CommonAnalysisPlugin$$Lambda$1112/0x0000000801013f38
8451:             1             16  org.elasticsearch.analysis.common.CommonAnalysisPlugin$$Lambda$1113/0x0000000801014410
8452:             1             16  org.elasticsearch.analysis.common.CommonAnalysisPlugin$$Lambda$1114/0x00000008010148e8
8453:             1             16  org.elasticsearch.analysis.common.CommonAnalysisPlugin$$Lambda$1115/0x0000000801014dc0
8454:             1             16  org.elasticsearch.analysis.common.CommonAnalysisPlugin$$Lambda$1116/0x0000000801015298
8455:             1             16  org.elasticsearch.analysis.common.CommonAnalysisPlugin$$Lambda$1117/0x0000000801015770
8456:             1             16  org.elasticsearch.analysis.common.CommonAnalysisPlugin$$Lambda$1119/0x00000008010159b0
8457:             1             16  org.elasticsearch.analysis.common.CommonAnalysisPlugin$$Lambda$1121/0x0000000801015bf0
8458:             1             16  org.elasticsearch.analysis.common.CommonAnalysisPlugin$$Lambda$1125/0x0000000801015e20
8459:             1             16  org.elasticsearch.analysis.common.CommonAnalysisPlugin$$Lambda$1126/0x0000000801016060
8460:             1             16  org.elasticsearch.analysis.common.CommonAnalysisPlugin$$Lambda$1127/0x00000008010162a0
8461:             1             16  org.elasticsearch.analysis.common.CommonAnalysisPlugin$$Lambda$1128/0x00000008010164e0
8462:             1             16  org.elasticsearch.analysis.common.CommonAnalysisPlugin$$Lambda$1129/0x0000000801016720
8463:             1             16  org.elasticsearch.analysis.common.CommonAnalysisPlugin$$Lambda$1130/0x0000000801016960
8464:             1             16  org.elasticsearch.analysis.common.CommonAnalysisPlugin$$Lambda$1131/0x0000000801016ba0
8465:             1             16  org.elasticsearch.analysis.common.CommonAnalysisPlugin$$Lambda$1132/0x0000000801016de0
8466:             1             16  org.elasticsearch.analysis.common.CommonAnalysisPlugin$$Lambda$1133/0x0000000801017020
8467:             1             16  org.elasticsearch.analysis.common.CommonAnalysisPlugin$$Lambda$1134/0x0000000801017260
8468:             1             16  org.elasticsearch.analysis.common.CommonAnalysisPlugin$$Lambda$1136/0x00000008010174a0
8469:             1             16  org.elasticsearch.analysis.common.CommonAnalysisPlugin$$Lambda$1137/0x00000008010176e0
8470:             1             16  org.elasticsearch.analysis.common.CommonAnalysisPlugin$$Lambda$1138/0x0000000801017920
8471:             1             16  org.elasticsearch.analysis.common.CommonAnalysisPlugin$$Lambda$1139/0x0000000801017b50
8472:             1             16  org.elasticsearch.analysis.common.CommonAnalysisPlugin$$Lambda$1140/0x0000000801017d90
8473:             1             16  org.elasticsearch.analysis.common.CommonAnalysisPlugin$$Lambda$1141/0x0000000801018040
8474:             1             16  org.elasticsearch.analysis.common.CommonAnalysisPlugin$$Lambda$1142/0x0000000801018280
8475:             1             16  org.elasticsearch.analysis.common.CommonAnalysisPlugin$$Lambda$1143/0x00000008010184b0
8476:             1             16  org.elasticsearch.analysis.common.CommonAnalysisPlugin$$Lambda$1144/0x00000008010186f0
8477:             1             16  org.elasticsearch.analysis.common.CommonAnalysisPlugin$$Lambda$1145/0x0000000801018930
8478:             1             16  org.elasticsearch.analysis.common.CommonAnalysisPlugin$$Lambda$1146/0x0000000801018b70
8479:             1             16  org.elasticsearch.analysis.common.CommonAnalysisPlugin$$Lambda$1147/0x0000000801018db0
8480:             1             16  org.elasticsearch.analysis.common.CommonAnalysisPlugin$$Lambda$1148/0x0000000801018ff0
8481:             1             16  org.elasticsearch.analysis.common.CommonAnalysisPlugin$$Lambda$1149/0x0000000801019230
8482:             1             16  org.elasticsearch.analysis.common.CommonAnalysisPlugin$$Lambda$1150/0x0000000801019470
8483:             1             16  org.elasticsearch.analysis.common.CommonAnalysisPlugin$$Lambda$1151/0x00000008010196b0
8484:             1             16  org.elasticsearch.analysis.common.CommonAnalysisPlugin$$Lambda$1152/0x00000008010198f0
8485:             1             16  org.elasticsearch.analysis.common.CommonAnalysisPlugin$$Lambda$1153/0x0000000801019b30
8486:             1             16  org.elasticsearch.analysis.common.CommonAnalysisPlugin$$Lambda$1154/0x0000000801019d70
8487:             1             16  org.elasticsearch.analysis.common.CommonAnalysisPlugin$$Lambda$1155/0x0000000801019fa0
8488:             1             16  org.elasticsearch.analysis.common.CommonAnalysisPlugin$$Lambda$1156/0x000000080101a1e0
8489:             1             16  org.elasticsearch.analysis.common.CommonAnalysisPlugin$$Lambda$1157/0x000000080101a420
8490:             1             16  org.elasticsearch.analysis.common.CommonAnalysisPlugin$$Lambda$1158/0x000000080101a660
8491:             1             16  org.elasticsearch.analysis.common.CommonAnalysisPlugin$$Lambda$1159/0x000000080101a8a0
8492:             1             16  org.elasticsearch.analysis.common.CommonAnalysisPlugin$$Lambda$1160/0x000000080101aae0
8493:             1             16  org.elasticsearch.analysis.common.CommonAnalysisPlugin$$Lambda$1161/0x000000080101ad20
8494:             1             16  org.elasticsearch.analysis.common.CommonAnalysisPlugin$$Lambda$1162/0x000000080101af60
8495:             1             16  org.elasticsearch.analysis.common.CommonAnalysisPlugin$$Lambda$1163/0x000000080101b1a0
8496:             1             16  org.elasticsearch.analysis.common.CommonAnalysisPlugin$$Lambda$1164/0x000000080101b3e0
8497:             1             16  org.elasticsearch.analysis.common.CommonAnalysisPlugin$$Lambda$1165/0x000000080101b620
8498:             1             16  org.elasticsearch.analysis.common.CommonAnalysisPlugin$$Lambda$1166/0x000000080101b860
8499:             1             16  org.elasticsearch.analysis.common.CommonAnalysisPlugin$$Lambda$1167/0x000000080101baa0
8500:             1             16  org.elasticsearch.analysis.common.CommonAnalysisPlugin$$Lambda$1168/0x000000080101bce0
8501:             1             16  org.elasticsearch.analysis.common.CommonAnalysisPlugin$$Lambda$1169/0x000000080101bf20
8502:             1             16  org.elasticsearch.analysis.common.CommonAnalysisPlugin$$Lambda$1170/0x000000080101c160
8503:             1             16  org.elasticsearch.analysis.common.CommonAnalysisPlugin$$Lambda$1171/0x000000080101c3a0
8504:             1             16  org.elasticsearch.analysis.common.CommonAnalysisPlugin$$Lambda$1172/0x000000080101c5e0
8505:             1             16  org.elasticsearch.analysis.common.CommonAnalysisPlugin$$Lambda$1175/0x000000080101c810
8506:             1             16  org.elasticsearch.analysis.common.CommonAnalysisPlugin$$Lambda$1176/0x000000080101ca30
8507:             1             16  org.elasticsearch.analysis.common.CommonAnalysisPlugin$$Lambda$1177/0x000000080101cc50
8508:             1             16  org.elasticsearch.analysis.common.CommonAnalysisPlugin$$Lambda$1178/0x000000080101ce70
8509:             1             16  org.elasticsearch.analysis.common.CommonAnalysisPlugin$$Lambda$1179/0x000000080101d090
8510:             1             16  org.elasticsearch.analysis.common.CommonAnalysisPlugin$$Lambda$1180/0x000000080101d2b0
8511:             1             16  org.elasticsearch.analysis.common.CommonAnalysisPlugin$$Lambda$1181/0x000000080101d4d0
8512:             1             16  org.elasticsearch.analysis.common.CommonAnalysisPlugin$$Lambda$1182/0x000000080101d6f0
8513:             1             16  org.elasticsearch.analysis.common.CommonAnalysisPlugin$$Lambda$1183/0x000000080101d930
8514:             1             16  org.elasticsearch.analysis.common.CommonAnalysisPlugin$$Lambda$1184/0x000000080101db50
8515:             1             16  org.elasticsearch.analysis.common.CommonAnalysisPlugin$$Lambda$1185/0x000000080101dd70
8516:             1             16  org.elasticsearch.analysis.common.CommonAnalysisPlugin$$Lambda$1186/0x000000080101df90
8517:             1             16  org.elasticsearch.analysis.common.CommonAnalysisPlugin$$Lambda$1187/0x000000080101e1d0
8518:             1             16  org.elasticsearch.analysis.common.CommonAnalysisPlugin$$Lambda$1188/0x000000080101e410
8519:             1             16  org.elasticsearch.analysis.common.CommonAnalysisPlugin$$Lambda$1189/0x000000080101e630
8520:             1             16  org.elasticsearch.analysis.common.CommonAnalysisPlugin$$Lambda$1191/0x000000080101e850
8521:             1             16  org.elasticsearch.analysis.common.CommonAnalysisPlugin$$Lambda$1192/0x000000080101ea70
8522:             1             16  org.elasticsearch.analysis.common.CommonAnalysisPlugin$$Lambda$1193/0x000000080101ec90
8523:             1             16  org.elasticsearch.analysis.common.CommonAnalysisPlugin$$Lambda$1194/0x000000080101eeb0
8524:             1             16  org.elasticsearch.analysis.common.CommonAnalysisPlugin$$Lambda$1195/0x000000080101f0d0
8525:             1             16  org.elasticsearch.analysis.common.CommonAnalysisPlugin$$Lambda$1196/0x000000080101f2f0
8526:             1             16  org.elasticsearch.analysis.common.CommonAnalysisPlugin$$Lambda$1197/0x000000080101f510
8527:             1             16  org.elasticsearch.analysis.common.CommonAnalysisPlugin$$Lambda$1198/0x000000080101f730
8528:             1             16  org.elasticsearch.analysis.common.CommonAnalysisPlugin$$Lambda$1199/0x000000080101f950
8529:             1             16  org.elasticsearch.analysis.common.CommonAnalysisPlugin$$Lambda$1200/0x000000080101fb70
8530:             1             16  org.elasticsearch.analysis.common.CommonAnalysisPlugin$$Lambda$1201/0x000000080101fd90
8531:             1             16  org.elasticsearch.analysis.common.CommonAnalysisPlugin$$Lambda$1202/0x0000000801028040
8532:             1             16  org.elasticsearch.analysis.common.CommonAnalysisPlugin$$Lambda$1203/0x0000000801028260
8533:             1             16  org.elasticsearch.analysis.common.CommonAnalysisPlugin$$Lambda$1204/0x0000000801028480
8534:             1             16  org.elasticsearch.analysis.common.CommonAnalysisPlugin$$Lambda$1205/0x00000008010286a0
8535:             1             16  org.elasticsearch.analysis.common.CommonAnalysisPlugin$$Lambda$1206/0x00000008010288c0
8536:             1             16  org.elasticsearch.analysis.common.CommonAnalysisPlugin$$Lambda$1207/0x0000000801028ae0
8537:             1             16  org.elasticsearch.analysis.common.CommonAnalysisPlugin$$Lambda$1208/0x0000000801028d00
8538:             1             16  org.elasticsearch.analysis.common.CommonAnalysisPlugin$$Lambda$1209/0x0000000801028f20
8539:             1             16  org.elasticsearch.analysis.common.CommonAnalysisPlugin$$Lambda$1210/0x0000000801029140
8540:             1             16  org.elasticsearch.analysis.common.CommonAnalysisPlugin$$Lambda$1211/0x0000000801029360
8541:             1             16  org.elasticsearch.analysis.common.CommonAnalysisPlugin$$Lambda$1212/0x0000000801029580
8542:             1             16  org.elasticsearch.analysis.common.CommonAnalysisPlugin$$Lambda$1213/0x00000008010297a0
8543:             1             16  org.elasticsearch.analysis.common.CommonAnalysisPlugin$$Lambda$1214/0x00000008010299c0
8544:             1             16  org.elasticsearch.analysis.common.CommonAnalysisPlugin$$Lambda$1215/0x0000000801029be0
8545:             1             16  org.elasticsearch.analysis.common.CommonAnalysisPlugin$$Lambda$1216/0x0000000801029e00
8546:             1             16  org.elasticsearch.analysis.common.CommonAnalysisPlugin$$Lambda$1217/0x000000080102a020
8547:             1             16  org.elasticsearch.analysis.common.CommonAnalysisPlugin$$Lambda$1218/0x000000080102a240
8548:             1             16  org.elasticsearch.analysis.common.CommonAnalysisPlugin$$Lambda$1219/0x000000080102a460
8549:             1             16  org.elasticsearch.analysis.common.CommonAnalysisPlugin$$Lambda$1220/0x000000080102a680
8550:             1             16  org.elasticsearch.analysis.common.CommonAnalysisPlugin$$Lambda$1221/0x000000080102a8a0
8551:             1             16  org.elasticsearch.analysis.common.CommonAnalysisPlugin$$Lambda$1222/0x000000080102aac0
8552:             1             16  org.elasticsearch.analysis.common.CommonAnalysisPlugin$$Lambda$1223/0x000000080102ace0
8553:             1             16  org.elasticsearch.analysis.common.CommonAnalysisPlugin$$Lambda$1224/0x000000080102af00
8554:             1             16  org.elasticsearch.analysis.common.CommonAnalysisPlugin$$Lambda$1225/0x000000080102b120
8555:             1             16  org.elasticsearch.analysis.common.CommonAnalysisPlugin$$Lambda$1226/0x000000080102b340
8556:             1             16  org.elasticsearch.analysis.common.CommonAnalysisPlugin$$Lambda$1227/0x000000080102b560
8557:             1             16  org.elasticsearch.analysis.common.CommonAnalysisPlugin$$Lambda$1228/0x000000080102b780
8558:             1             16  org.elasticsearch.analysis.common.CommonAnalysisPlugin$$Lambda$980/0x0000000800fbdab8
8559:             1             16  org.elasticsearch.analysis.common.CommonAnalysisPlugin$$Lambda$981/0x0000000800fe0040
8560:             1             16  org.elasticsearch.analysis.common.CommonAnalysisPlugin$$Lambda$982/0x0000000800fe0520
8561:             1             16  org.elasticsearch.analysis.common.CommonAnalysisPlugin$$Lambda$989/0x0000000800fe0a18
8562:             1             16  org.elasticsearch.analysis.common.CommonAnalysisPlugin$$Lambda$990/0x0000000800fe0f38
8563:             1             16  org.elasticsearch.analysis.common.CommonAnalysisPlugin$$Lambda$991/0x0000000800fe1430
8564:             1             16  org.elasticsearch.analysis.common.CommonAnalysisPlugin$$Lambda$992/0x0000000800fe1950
8565:             1             16  org.elasticsearch.analysis.common.CommonAnalysisPlugin$$Lambda$993/0x0000000800fe1e70
8566:             1             16  org.elasticsearch.analysis.common.CommonAnalysisPlugin$$Lambda$994/0x0000000800fe2368
8567:             1             16  org.elasticsearch.analysis.common.CommonAnalysisPlugin$$Lambda$995/0x0000000800fe2860
8568:             1             16  org.elasticsearch.analysis.common.CommonAnalysisPlugin$$Lambda$996/0x0000000800fe2d80
8569:             1             16  org.elasticsearch.analysis.common.CommonAnalysisPlugin$$Lambda$997/0x0000000800fe3278
8570:             1             16  org.elasticsearch.analysis.common.CommonAnalysisPlugin$$Lambda$998/0x0000000800fe3770
8571:             1             16  org.elasticsearch.analysis.common.CommonAnalysisPlugin$$Lambda$999/0x0000000800fe3c70
8572:             1             16  org.elasticsearch.bootstrap.$Proxy18
8573:             1             16  org.elasticsearch.bootstrap.Bootstrap$$Lambda$200/0x0000000800c0b030
8574:             1             16  org.elasticsearch.bootstrap.Bootstrap$1
8575:             1             16  org.elasticsearch.bootstrap.BootstrapCheck$BootstrapCheckResult
8576:             1             16  org.elasticsearch.bootstrap.BootstrapChecks$$Lambda$4617/0x00000008018e3478
8577:             1             16  org.elasticsearch.bootstrap.BootstrapInfo$1
8578:             1             16  org.elasticsearch.bootstrap.ESPolicy$$Lambda$297/0x0000000800cddf98
8579:             1             16  org.elasticsearch.bootstrap.ESPolicy$$Lambda$298/0x0000000800cde1e8
8580:             1             16  org.elasticsearch.bootstrap.Elasticsearch$$Lambda$19/0x0000000800ba48f0
8581:             1             16  org.elasticsearch.bootstrap.Elasticsearch$1
8582:             1             16  org.elasticsearch.bootstrap.ElasticsearchUncaughtExceptionHandler
8583:             1             16  org.elasticsearch.bootstrap.JNAKernel32Library
8584:             1             16  org.elasticsearch.cli.EnvironmentAwareCommand$$Lambda$21/0x0000000800bae698
8585:             1             16  org.elasticsearch.client.Client$$Lambda$314/0x0000000800cee850
8586:             1             16  org.elasticsearch.cluster.AbstractDiffable$CompleteDiff
8587:             1             16  org.elasticsearch.cluster.ClusterChangedEvent$$Lambda$4819/0x0000000801981268
8588:             1             16  org.elasticsearch.cluster.ClusterModule$$Lambda$2358/0x000000080126e190
8589:             1             16  org.elasticsearch.cluster.ClusterModule$$Lambda$2359/0x000000080126e3b0
8590:             1             16  org.elasticsearch.cluster.ClusterModule$$Lambda$2360/0x000000080126e998
8591:             1             16  org.elasticsearch.cluster.ClusterModule$$Lambda$2361/0x000000080126ebb8
8592:             1             16  org.elasticsearch.cluster.ClusterModule$$Lambda$2362/0x000000080126f168
8593:             1             16  org.elasticsearch.cluster.ClusterModule$$Lambda$2363/0x000000080126f388
8594:             1             16  org.elasticsearch.cluster.ClusterModule$$Lambda$2364/0x000000080126f908
8595:             1             16  org.elasticsearch.cluster.ClusterModule$$Lambda$2365/0x000000080126fb28
8596:             1             16  org.elasticsearch.cluster.ClusterModule$$Lambda$2366/0x0000000800e87dd8
8597:             1             16  org.elasticsearch.cluster.ClusterModule$$Lambda$2367/0x00000008012703d0
8598:             1             16  org.elasticsearch.cluster.ClusterModule$$Lambda$2368/0x0000000801270920
8599:             1             16  org.elasticsearch.cluster.ClusterModule$$Lambda$2369/0x0000000801270b40
8600:             1             16  org.elasticsearch.cluster.ClusterModule$$Lambda$2370/0x0000000801271090
8601:             1             16  org.elasticsearch.cluster.ClusterModule$$Lambda$2371/0x00000008012712b0
8602:             1             16  org.elasticsearch.cluster.ClusterModule$$Lambda$2372/0x00000008012714d0
8603:             1             16  org.elasticsearch.cluster.ClusterModule$$Lambda$2373/0x00000008012716f0
8604:             1             16  org.elasticsearch.cluster.ClusterModule$$Lambda$2374/0x0000000801271c68
8605:             1             16  org.elasticsearch.cluster.ClusterModule$$Lambda$2375/0x0000000801271e88
8606:             1             16  org.elasticsearch.cluster.ClusterModule$$Lambda$2376/0x0000000801272418
8607:             1             16  org.elasticsearch.cluster.ClusterModule$$Lambda$2377/0x0000000801272638
8608:             1             16  org.elasticsearch.cluster.ClusterModule$$Lambda$2378/0x0000000801272bc8
8609:             1             16  org.elasticsearch.cluster.ClusterModule$$Lambda$2379/0x0000000801272de8
8610:             1             16  org.elasticsearch.cluster.ClusterModule$$Lambda$2380/0x0000000801273378
8611:             1             16  org.elasticsearch.cluster.ClusterModule$$Lambda$2381/0x0000000801273598
8612:             1             16  org.elasticsearch.cluster.ClusterModule$$Lambda$2382/0x0000000801273a80
8613:             1             16  org.elasticsearch.cluster.ClusterModule$$Lambda$2617/0x00000008012773a0
8614:             1             16  org.elasticsearch.cluster.ClusterModule$$Lambda$2618/0x00000008012775c0
8615:             1             16  org.elasticsearch.cluster.ClusterModule$$Lambda$2619/0x00000008012777e0
8616:             1             16  org.elasticsearch.cluster.ClusterModule$$Lambda$2620/0x0000000801277a00
8617:             1             16  org.elasticsearch.cluster.ClusterModule$$Lambda$2621/0x0000000801277c20
8618:             1             16  org.elasticsearch.cluster.ClusterModule$$Lambda$2622/0x00000008012d8040
8619:             1             16  org.elasticsearch.cluster.ClusterModule$$Lambda$2623/0x0000000800d27dd0
8620:             1             16  org.elasticsearch.cluster.ClusterModule$$Lambda$2624/0x00000008012d8260
8621:             1             16  org.elasticsearch.cluster.ClusterName$$Lambda$126/0x0000000800bedc68
8622:             1             16  org.elasticsearch.cluster.ClusterState$Builder$$Lambda$4853/0x00000008019865f8
8623:             1             16  org.elasticsearch.cluster.ClusterStateObserver$$Lambda$4646/0x00000008018e8b40
8624:             1             16  org.elasticsearch.cluster.DiffableUtils$DiffableValueSerializer$1
8625:             1             16  org.elasticsearch.cluster.DiffableUtils$StringKeySerializer
8626:             1             16  org.elasticsearch.cluster.DiffableUtils$StringSetValueSerializer
8627:             1             16  org.elasticsearch.cluster.InternalClusterInfoService$$Lambda$1358/0x0000000801097198
8628:             1             16  org.elasticsearch.cluster.InternalClusterInfoService$$Lambda$1359/0x00000008010973d0
8629:             1             16  org.elasticsearch.cluster.InternalClusterInfoService$$Lambda$1360/0x0000000801097608
8630:             1             16  org.elasticsearch.cluster.NodeConnectionsService$$Lambda$4804/0x000000080197f060
8631:             1             16  org.elasticsearch.cluster.NodeConnectionsService$$Lambda$4806/0x000000080197f4b8
8632:             1             16  org.elasticsearch.cluster.NodeConnectionsService$$Lambda$5028/0x0000000801a148d0
8633:             1             16  org.elasticsearch.cluster.NodeConnectionsService$ConnectionChecker
8634:             1             16  org.elasticsearch.cluster.RepositoryCleanupInProgress
8635:             1             16  org.elasticsearch.cluster.SnapshotDeletionsInProgress
8636:             1             16  org.elasticsearch.cluster.SnapshotsInProgress$$Lambda$6619/0x0000000801d13128
8637:             1             16  org.elasticsearch.cluster.SnapshotsInProgress$Entry$$Lambda$6620/0x0000000801d13c80
8638:             1             16  org.elasticsearch.cluster.SnapshotsInProgress$Entry$$Lambda$6621/0x0000000801d13ea0
8639:             1             16  org.elasticsearch.cluster.SnapshotsInProgress$Entry$$Lambda$6622/0x0000000801d14318
8640:             1             16  org.elasticsearch.cluster.SnapshotsInProgress$Entry$$Lambda$6644/0x0000000801d18040
8641:             1             16  org.elasticsearch.cluster.SnapshotsInProgress$Entry$$Lambda$6645/0x0000000801d18488
8642:             1             16  org.elasticsearch.cluster.SnapshotsInProgress$Entry$$Lambda$6646/0x0000000801d186a8
8643:             1             16  org.elasticsearch.cluster.action.index.MappingUpdatedAction$$Lambda$3863/0x00000008017b54c0
8644:             1             16  org.elasticsearch.cluster.action.index.MappingUpdatedAction$$Lambda$3864/0x00000008017b56f8
8645:             1             16  org.elasticsearch.cluster.action.index.NodeMappingRefreshAction$$Lambda$3862/0x00000008017b4dd0
8646:             1             16  org.elasticsearch.cluster.action.index.NodeMappingRefreshAction$NodeMappingRefreshTransportHandler
8647:             1             16  org.elasticsearch.cluster.action.shard.ShardStateAction$$Lambda$1254/0x0000000801052e28
8648:             1             16  org.elasticsearch.cluster.action.shard.ShardStateAction$$Lambda$3845/0x00000008017b1af8
8649:             1             16  org.elasticsearch.cluster.action.shard.ShardStateAction$$Lambda$3846/0x00000008017b1d30
8650:             1             16  org.elasticsearch.cluster.action.shard.ShardStateAction$$Lambda$3847/0x00000008017b2428
8651:             1             16  org.elasticsearch.cluster.action.shard.ShardStateAction$$Lambda$3848/0x00000008017b2650
8652:             1             16  org.elasticsearch.cluster.action.shard.ShardStateAction$$Lambda$3849/0x00000008017b2d10
8653:             1             16  org.elasticsearch.cluster.block.ClusterBlocks$$Lambda$4792/0x000000080197aa18
8654:             1             16  org.elasticsearch.cluster.block.ClusterBlocks$$Lambda$4793/0x000000080197ae30
8655:             1             16  org.elasticsearch.cluster.block.ClusterBlocks$$Lambda$4794/0x000000080197b050
8656:             1             16  org.elasticsearch.cluster.block.ClusterBlocks$$Lambda$4851/0x00000008019861a8
8657:             1             16  org.elasticsearch.cluster.coordination.ClusterBootstrapService$$Lambda$4632/0x00000008018e60c0
8658:             1             16  org.elasticsearch.cluster.coordination.ClusterBootstrapService$$Lambda$4751/0x0000000801953400
8659:             1             16  org.elasticsearch.cluster.coordination.ClusterBootstrapService$$Lambda$4752/0x0000000801953640
8660:             1             16  org.elasticsearch.cluster.coordination.CoordinationMetadata$$Lambda$4788/0x000000080197a198
8661:             1             16  org.elasticsearch.cluster.coordination.CoordinationMetadata$$Lambda$538/0x0000000800e6b3d8
8662:             1             16  org.elasticsearch.cluster.coordination.CoordinationMetadata$VotingConfigExclusion$$Lambda$545/0x0000000800e6c9e0
8663:             1             16  org.elasticsearch.cluster.coordination.Coordinator$$Lambda$3739/0x0000000801729c58
8664:             1             16  org.elasticsearch.cluster.coordination.Coordinator$$Lambda$3740/0x0000000801729e80
8665:             1             16  org.elasticsearch.cluster.coordination.Coordinator$$Lambda$3741/0x000000080172a0a8
8666:             1             16  org.elasticsearch.cluster.coordination.Coordinator$$Lambda$3742/0x000000080172a548
8667:             1             16  org.elasticsearch.cluster.coordination.Coordinator$$Lambda$3760/0x000000080172d568
8668:             1             16  org.elasticsearch.cluster.coordination.Coordinator$$Lambda$3761/0x000000080172d790
8669:             1             16  org.elasticsearch.cluster.coordination.Coordinator$$Lambda$3767/0x000000080172fbc8
8670:             1             16  org.elasticsearch.cluster.coordination.Coordinator$$Lambda$3768/0x00000008017302f8
8671:             1             16  org.elasticsearch.cluster.coordination.Coordinator$$Lambda$3777/0x0000000801731dd8
8672:             1             16  org.elasticsearch.cluster.coordination.Coordinator$$Lambda$3782/0x00000008017332f8
8673:             1             16  org.elasticsearch.cluster.coordination.Coordinator$$Lambda$3783/0x0000000801733530
8674:             1             16  org.elasticsearch.cluster.coordination.Coordinator$$Lambda$3788/0x0000000801734b68
8675:             1             16  org.elasticsearch.cluster.coordination.Coordinator$$Lambda$3790/0x0000000801734fc8
8676:             1             16  org.elasticsearch.cluster.coordination.Coordinator$$Lambda$3791/0x00000008017351f0
8677:             1             16  org.elasticsearch.cluster.coordination.Coordinator$$Lambda$3792/0x0000000801735418
8678:             1             16  org.elasticsearch.cluster.coordination.Coordinator$$Lambda$3794/0x00000008017358a8
8679:             1             16  org.elasticsearch.cluster.coordination.Coordinator$$Lambda$3795/0x0000000801735ad0
8680:             1             16  org.elasticsearch.cluster.coordination.Coordinator$$Lambda$3796/0x0000000801735cf8
8681:             1             16  org.elasticsearch.cluster.coordination.Coordinator$$Lambda$3797/0x0000000801735f30
8682:             1             16  org.elasticsearch.cluster.coordination.Coordinator$$Lambda$3798/0x0000000801736168
8683:             1             16  org.elasticsearch.cluster.coordination.Coordinator$$Lambda$3799/0x00000008017365b0
8684:             1             16  org.elasticsearch.cluster.coordination.Coordinator$$Lambda$3800/0x00000008017367d8
8685:             1             16  org.elasticsearch.cluster.coordination.Coordinator$$Lambda$4754/0x0000000801953ab8
8686:             1             16  org.elasticsearch.cluster.coordination.Coordinator$6$$Lambda$4775/0x000000080196ec50
8687:             1             16  org.elasticsearch.cluster.coordination.ElectionStrategy$1
8688:             1             16  org.elasticsearch.cluster.coordination.FollowersChecker$$Lambda$3784/0x0000000801733db8
8689:             1             16  org.elasticsearch.cluster.coordination.FollowersChecker$$Lambda$3785/0x0000000801733fd8
8690:             1             16  org.elasticsearch.cluster.coordination.FollowersChecker$$Lambda$3786/0x00000008017344c8
8691:             1             16  org.elasticsearch.cluster.coordination.FollowersChecker$$Lambda$3787/0x00000008017346e8
8692:             1             16  org.elasticsearch.cluster.coordination.FollowersChecker$1
8693:             1             16  org.elasticsearch.cluster.coordination.JoinHelper$$Lambda$3744/0x000000080172a9b8
8694:             1             16  org.elasticsearch.cluster.coordination.JoinHelper$$Lambda$3746/0x000000080172ae00
8695:             1             16  org.elasticsearch.cluster.coordination.JoinHelper$$Lambda$3748/0x000000080172b248
8696:             1             16  org.elasticsearch.cluster.coordination.JoinHelper$$Lambda$3750/0x000000080172b690
8697:             1             16  org.elasticsearch.cluster.coordination.JoinHelper$$Lambda$3752/0x000000080172bad8
8698:             1             16  org.elasticsearch.cluster.coordination.JoinHelper$$Lambda$3754/0x000000080172bf20
8699:             1             16  org.elasticsearch.cluster.coordination.JoinHelper$$Lambda$3755/0x000000080172c140
8700:             1             16  org.elasticsearch.cluster.coordination.JoinHelper$$Lambda$3756/0x000000080172c600
8701:             1             16  org.elasticsearch.cluster.coordination.JoinHelper$$Lambda$3757/0x000000080172c820
8702:             1             16  org.elasticsearch.cluster.coordination.JoinHelper$$Lambda$4773/0x000000080196e560
8703:             1             16  org.elasticsearch.cluster.coordination.JoinHelper$CandidateJoinAccumulator$$Lambda$4786/0x0000000801979398
8704:             1             16  org.elasticsearch.cluster.coordination.JoinHelper$FollowerJoinAccumulator
8705:             1             16  org.elasticsearch.cluster.coordination.JoinTaskExecutor$$Lambda$3738/0x0000000801729a28
8706:             1             16  org.elasticsearch.cluster.coordination.LeaderChecker$$Lambda$3778/0x00000008017322b8
8707:             1             16  org.elasticsearch.cluster.coordination.LeaderChecker$$Lambda$3779/0x00000008017324d8
8708:             1             16  org.elasticsearch.cluster.coordination.LeaderChecker$$Lambda$3780/0x00000008017329a0
8709:             1             16  org.elasticsearch.cluster.coordination.LeaderChecker$$Lambda$3781/0x0000000801732bc0
8710:             1             16  org.elasticsearch.cluster.coordination.LeaderChecker$1
8711:             1             16  org.elasticsearch.cluster.coordination.LeaderChecker$CheckScheduler$3
8712:             1             16  org.elasticsearch.cluster.coordination.NoMasterBlockService
8713:             1             16  org.elasticsearch.cluster.coordination.NoMasterBlockService$$Lambda$1258/0x0000000801054cd0
8714:             1             16  org.elasticsearch.cluster.coordination.NoMasterBlockService$$Lambda$1259/0x0000000801054f10
8715:             1             16  org.elasticsearch.cluster.coordination.NoMasterBlockService$$Lambda$3758/0x000000080172ca40
8716:             1             16  org.elasticsearch.cluster.coordination.NoMasterBlockService$$Lambda$3759/0x000000080172cc78
8717:             1             16  org.elasticsearch.cluster.coordination.PeersResponse$$Lambda$4755/0x0000000801953cf8
8718:             1             16  org.elasticsearch.cluster.coordination.PeersResponse$$Lambda$4756/0x0000000801953f18
8719:             1             16  org.elasticsearch.cluster.coordination.PreVoteCollector$$Lambda$3762/0x000000080172dc78
8720:             1             16  org.elasticsearch.cluster.coordination.PreVoteCollector$$Lambda$3763/0x000000080172de98
8721:             1             16  org.elasticsearch.cluster.coordination.PublicationTransportHandler$$Lambda$3769/0x0000000801730a18
8722:             1             16  org.elasticsearch.cluster.coordination.PublicationTransportHandler$$Lambda$3770/0x0000000801730c38
8723:             1             16  org.elasticsearch.cluster.coordination.PublicationTransportHandler$$Lambda$3771/0x0000000801730e60
8724:             1             16  org.elasticsearch.cluster.coordination.PublicationTransportHandler$$Lambda$3772/0x0000000801731080
8725:             1             16  org.elasticsearch.cluster.coordination.PublicationTransportHandler$$Lambda$3773/0x00000008017312a8
8726:             1             16  org.elasticsearch.cluster.coordination.PublicationTransportHandler$$Lambda$3775/0x0000000801731990
8727:             1             16  org.elasticsearch.cluster.coordination.Reconfigurator
8728:             1             16  org.elasticsearch.cluster.coordination.Reconfigurator$$Lambda$3789/0x0000000801734d90
8729:             1             16  org.elasticsearch.cluster.coordination.VotingOnlyNodeFeatureSet
8730:             1             16  org.elasticsearch.cluster.coordination.VotingOnlyNodePlugin$$Lambda$1382/0x00000008010ba040
8731:             1             16  org.elasticsearch.cluster.coordination.VotingOnlyNodePlugin$VotingOnlyNodeElectionStrategy
8732:             1             16  org.elasticsearch.cluster.health.ClusterIndexHealth$$Lambda$6010/0x0000000801bfda70
8733:             1             16  org.elasticsearch.cluster.health.ClusterIndexHealth$$Lambda$6011/0x0000000801bfdf10
8734:             1             16  org.elasticsearch.cluster.health.ClusterShardHealth$$Lambda$6012/0x0000000801bfe130
8735:             1             16  org.elasticsearch.cluster.metadata.AutoExpandReplicas$$Lambda$884/0x0000000800faae88
8736:             1             16  org.elasticsearch.cluster.metadata.ComponentTemplate$$Lambda$4858/0x00000008019870c8
8737:             1             16  org.elasticsearch.cluster.metadata.ComponentTemplate$$Lambda$4863/0x0000000801987ba8
8738:             1             16  org.elasticsearch.cluster.metadata.ComponentTemplateMetadata
8739:             1             16  org.elasticsearch.cluster.metadata.ComponentTemplateMetadata$$Lambda$4854/0x0000000801986828
8740:             1             16  org.elasticsearch.cluster.metadata.ComponentTemplateMetadata$$Lambda$4855/0x0000000801986a68
8741:             1             16  org.elasticsearch.cluster.metadata.ComponentTemplateMetadata$$Lambda$4856/0x0000000801986c88
8742:             1             16  org.elasticsearch.cluster.metadata.ComponentTemplateMetadata$$Lambda$4857/0x0000000801986ea8
8743:             1             16  org.elasticsearch.cluster.metadata.ComponentTemplateMetadata$ComponentTemplateMetadataDiff$$Lambda$4864/0x0000000801987dc8
8744:             1             16  org.elasticsearch.cluster.metadata.ComponentTemplateMetadata$ComponentTemplateMetadataDiff$$Lambda$4865/0x00000008019902f0
8745:             1             16  org.elasticsearch.cluster.metadata.ComposableIndexTemplate$$Lambda$4872/0x0000000801990db0
8746:             1             16  org.elasticsearch.cluster.metadata.ComposableIndexTemplate$$Lambda$4873/0x0000000801990ff0
8747:             1             16  org.elasticsearch.cluster.metadata.ComposableIndexTemplate$$Lambda$4876/0x00000008019918d8
8748:             1             16  org.elasticsearch.cluster.metadata.ComposableIndexTemplate$DataStreamTemplate$$Lambda$4874/0x0000000801991498
8749:             1             16  org.elasticsearch.cluster.metadata.ComposableIndexTemplateMetadata
8750:             1             16  org.elasticsearch.cluster.metadata.ComposableIndexTemplateMetadata$$Lambda$4868/0x0000000801990510
8751:             1             16  org.elasticsearch.cluster.metadata.ComposableIndexTemplateMetadata$$Lambda$4869/0x0000000801990750
8752:             1             16  org.elasticsearch.cluster.metadata.ComposableIndexTemplateMetadata$$Lambda$4870/0x0000000801990970
8753:             1             16  org.elasticsearch.cluster.metadata.ComposableIndexTemplateMetadata$$Lambda$4871/0x0000000801990b90
8754:             1             16  org.elasticsearch.cluster.metadata.ComposableIndexTemplateMetadata$ComposableIndexTemplateMetadataDiff$$Lambda$4877/0x0000000801991da8
8755:             1             16  org.elasticsearch.cluster.metadata.ComposableIndexTemplateMetadata$ComposableIndexTemplateMetadataDiff$$Lambda$4878/0x0000000801991fc8
8756:             1             16  org.elasticsearch.cluster.metadata.DiffableStringMap$DiffableStringMapDiff$$Lambda$4849/0x0000000801985d68
8757:             1             16  org.elasticsearch.cluster.metadata.DiffableStringMap$DiffableStringMapDiff$$Lambda$4850/0x0000000801985f88
8758:             1             16  org.elasticsearch.cluster.metadata.IndexAbstraction$Alias$$Lambda$5930/0x0000000801bd73f8
8759:             1             16  org.elasticsearch.cluster.metadata.IndexGraveyard$$Lambda$4791/0x000000080197a7f8
8760:             1             16  org.elasticsearch.cluster.metadata.IndexGraveyard$$Lambda$547/0x0000000800e6d760
8761:             1             16  org.elasticsearch.cluster.metadata.IndexGraveyard$$Lambda$549/0x0000000800e6dbc8
8762:             1             16  org.elasticsearch.cluster.metadata.IndexGraveyard$Tombstone$$Lambda$550/0x0000000800e6e278
8763:             1             16  org.elasticsearch.cluster.metadata.IndexGraveyard$Tombstone$$Lambda$551/0x0000000800e6e728
8764:             1             16  org.elasticsearch.cluster.metadata.IndexGraveyard$Tombstone$$Lambda$552/0x0000000800e6e958
8765:             1             16  org.elasticsearch.cluster.metadata.IndexGraveyard$Tombstone$$Lambda$554/0x0000000800e6eda0
8766:             1             16  org.elasticsearch.cluster.metadata.IndexGraveyard$Tombstone$$Lambda$555/0x0000000800e6efd0
8767:             1             16  org.elasticsearch.cluster.metadata.IndexGraveyard$Tombstone$$Lambda$558/0x0000000800e6f690
8768:             1             16  org.elasticsearch.cluster.metadata.IndexMetadata$$Lambda$887/0x0000000800fab9a8
8769:             1             16  org.elasticsearch.cluster.metadata.IndexMetadata$$Lambda$889/0x0000000800fabe40
8770:             1             16  org.elasticsearch.cluster.metadata.IndexMetadata$$Lambda$891/0x0000000800fac2d8
8771:             1             16  org.elasticsearch.cluster.metadata.IndexMetadata$$Lambda$893/0x0000000800fac770
8772:             1             16  org.elasticsearch.cluster.metadata.IndexMetadata$$Lambda$894/0x0000000800facbd0
8773:             1             16  org.elasticsearch.cluster.metadata.IndexMetadata$1
8774:             1             16  org.elasticsearch.cluster.metadata.IndexMetadata$IndexMetadataDiff$$Lambda$5294/0x0000000801afc668
8775:             1             16  org.elasticsearch.cluster.metadata.IndexMetadata$IndexMetadataDiff$$Lambda$5295/0x0000000801afc888
8776:             1             16  org.elasticsearch.cluster.metadata.IndexMetadata$IndexMetadataDiff$$Lambda$5296/0x0000000801afcaa8
8777:             1             16  org.elasticsearch.cluster.metadata.IndexMetadata$IndexMetadataDiff$$Lambda$5297/0x0000000801afccc8
8778:             1             16  org.elasticsearch.cluster.metadata.IndexMetadata$IndexMetadataDiff$$Lambda$5298/0x0000000801afcee8
8779:             1             16  org.elasticsearch.cluster.metadata.IndexMetadata$IndexMetadataDiff$$Lambda$5299/0x0000000801afd108
8780:             1             16  org.elasticsearch.cluster.metadata.IndexMetadata$IndexMetadataDiff$$Lambda$5300/0x0000000801afd5f0
8781:             1             16  org.elasticsearch.cluster.metadata.IndexMetadata$IndexMetadataDiff$$Lambda$5301/0x0000000801afd810
8782:             1             16  org.elasticsearch.cluster.metadata.IndexNameExpressionResolver$$Lambda$5784/0x0000000801ba8e90
8783:             1             16  org.elasticsearch.cluster.metadata.IndexNameExpressionResolver$$Lambda$5786/0x0000000801ba90e0
8784:             1             16  org.elasticsearch.cluster.metadata.IndexNameExpressionResolver$$Lambda$5788/0x0000000801ba9d78
8785:             1             16  org.elasticsearch.cluster.metadata.IndexNameExpressionResolver$DateMathExpressionResolver
8786:             1             16  org.elasticsearch.cluster.metadata.IndexNameExpressionResolver$WildcardExpressionResolver
8787:             1             16  org.elasticsearch.cluster.metadata.Manifest$$Lambda$2765/0x00000008012d8e88
8788:             1             16  org.elasticsearch.cluster.metadata.Manifest$$Lambda$4615/0x00000008018e02c0
8789:             1             16  org.elasticsearch.cluster.metadata.Manifest$IndexEntry$$Lambda$2766/0x00000008012d9320
8790:             1             16  org.elasticsearch.cluster.metadata.Manifest$IndexEntry$$Lambda$2767/0x00000008012d9560
8791:             1             16  org.elasticsearch.cluster.metadata.MappingMetadata$$Lambda$6091/0x0000000801c23c98
8792:             1             16  org.elasticsearch.cluster.metadata.Metadata$$Lambda$5205/0x0000000801a52910
8793:             1             16  org.elasticsearch.cluster.metadata.Metadata$Builder$$Lambda$4852/0x00000008019863c8
8794:             1             16  org.elasticsearch.cluster.metadata.Metadata$Builder$$Lambda$559/0x0000000800e78ec8
8795:             1             16  org.elasticsearch.cluster.metadata.Metadata$Builder$$Lambda$560/0x0000000800e79118
8796:             1             16  org.elasticsearch.cluster.metadata.Metadata$MetadataDiff$$Lambda$4845/0x0000000801985278
8797:             1             16  org.elasticsearch.cluster.metadata.Metadata$MetadataDiff$$Lambda$4846/0x0000000801985498
8798:             1             16  org.elasticsearch.cluster.metadata.Metadata$MetadataDiff$$Lambda$4847/0x00000008019856b8
8799:             1             16  org.elasticsearch.cluster.metadata.Metadata$MetadataDiff$$Lambda$4848/0x00000008019858d8
8800:             1             16  org.elasticsearch.cluster.metadata.MetadataMappingService$PutMappingExecutor
8801:             1             16  org.elasticsearch.cluster.metadata.MetadataMappingService$RefreshTaskExecutor
8802:             1             16  org.elasticsearch.cluster.metadata.RepositoriesMetadata
8803:             1             16  org.elasticsearch.cluster.metadata.RepositoriesMetadata$$Lambda$5171/0x0000000801a46ea8
8804:             1             16  org.elasticsearch.cluster.metadata.Template$$Lambda$4859/0x0000000801987308
8805:             1             16  org.elasticsearch.cluster.metadata.Template$$Lambda$4860/0x0000000801987548
8806:             1             16  org.elasticsearch.cluster.metadata.Template$$Lambda$4861/0x0000000801987768
8807:             1             16  org.elasticsearch.cluster.metadata.Template$$Lambda$4862/0x0000000801987988
8808:             1             16  org.elasticsearch.cluster.metadata.TemplateUpgradeService$$Lambda$3682/0x00000008016e4c78
8809:             1             16  org.elasticsearch.cluster.node.DiscoveryNode$$Lambda$435/0x0000000800da7c40
8810:             1             16  org.elasticsearch.cluster.node.DiscoveryNode$$Lambda$4540/0x0000000801824d38
8811:             1             16  org.elasticsearch.cluster.node.DiscoveryNode$$Lambda$4576/0x00000008018aa268
8812:             1             16  org.elasticsearch.cluster.node.DiscoveryNode$$Lambda$4796/0x000000080197b928
8813:             1             16  org.elasticsearch.cluster.node.DiscoveryNode$$Lambda$515/0x0000000800e5a900
8814:             1             16  org.elasticsearch.cluster.node.DiscoveryNode$$Lambda$533/0x0000000800e5e110
8815:             1             16  org.elasticsearch.cluster.node.DiscoveryNodeFilters$$Lambda$1400/0x00000008010c7330
8816:             1             16  org.elasticsearch.cluster.node.DiscoveryNodes$$Lambda$4638/0x00000008018e7720
8817:             1             16  org.elasticsearch.cluster.node.DiscoveryNodes$$Lambda$4639/0x00000008018e7960
8818:             1             16  org.elasticsearch.cluster.node.DiscoveryNodes$$Lambda$5054/0x0000000801a1cb18
8819:             1             16  org.elasticsearch.cluster.node.DiscoveryNodes$$Lambda$5055/0x0000000801a1cd58
8820:             1             16  org.elasticsearch.cluster.node.DiscoveryNodes$Delta$$Lambda$4802/0x000000080197d720
8821:             1             16  org.elasticsearch.cluster.routing.AllocationId$$Lambda$5284/0x0000000801af8b30
8822:             1             16  org.elasticsearch.cluster.routing.AllocationId$$Lambda$5285/0x0000000801af8d60
8823:             1             16  org.elasticsearch.cluster.routing.IndexRoutingTable$$Lambda$5302/0x0000000801afde80
8824:             1             16  org.elasticsearch.cluster.routing.OperationRouting$$Lambda$1315/0x000000080108af88
8825:             1             16  org.elasticsearch.cluster.routing.OperationRouting$$Lambda$1316/0x000000080108b1c0
8826:             1             16  org.elasticsearch.cluster.routing.RecoverySource$EmptyStoreRecoverySource
8827:             1             16  org.elasticsearch.cluster.routing.RecoverySource$PeerRecoverySource
8828:             1             16  org.elasticsearch.cluster.routing.RoutingNode$$Lambda$5293/0x0000000801afc1d0
8829:             1             16  org.elasticsearch.cluster.routing.RoutingNodes$$Lambda$5291/0x0000000801afbb48
8830:             1             16  org.elasticsearch.cluster.routing.RoutingNodes$$Lambda$5292/0x0000000801afbd88
8831:             1             16  org.elasticsearch.cluster.routing.RoutingTable$$Lambda$4541/0x0000000801825ca0
8832:             1             16  org.elasticsearch.cluster.routing.RoutingTable$$Lambda$4542/0x0000000801825ef0
8833:             1             16  org.elasticsearch.cluster.routing.RoutingTable$$Lambda$5131/0x0000000801a2e6a8
8834:             1             16  org.elasticsearch.cluster.routing.RoutingTable$RoutingTableDiff$$Lambda$4841/0x00000008019837a0
8835:             1             16  org.elasticsearch.cluster.routing.RoutingTable$RoutingTableDiff$$Lambda$4842/0x00000008019839c0
8836:             1             16  org.elasticsearch.cluster.routing.ShardRouting$$Lambda$5281/0x0000000801a57728
8837:             1             16  org.elasticsearch.cluster.routing.ShardRouting$$Lambda$5283/0x0000000801af86e8
8838:             1             16  org.elasticsearch.cluster.routing.UnassignedInfo$$Lambda$5282/0x0000000801af8238
8839:             1             16  org.elasticsearch.cluster.routing.allocation.DiskThresholdSettings$$Lambda$1251/0x0000000801051078
8840:             1             16  org.elasticsearch.cluster.routing.allocation.DiskThresholdSettings$$Lambda$1252/0x00000008010514f8
8841:             1             16  org.elasticsearch.cluster.routing.allocation.DiskThresholdSettings$$Lambda$1253/0x0000000801051978
8842:             1             16  org.elasticsearch.cluster.routing.allocation.DiskThresholdSettings$FloodStageValidator
8843:             1             16  org.elasticsearch.cluster.routing.allocation.DiskThresholdSettings$HighDiskWatermarkValidator
8844:             1             16  org.elasticsearch.cluster.routing.allocation.DiskThresholdSettings$LowDiskWatermarkValidator
8845:             1             16  org.elasticsearch.cluster.routing.allocation.allocator.BalancedShardsAllocator$$Lambda$1568/0x00000008010f8488
8846:             1             16  org.elasticsearch.cluster.routing.allocation.allocator.BalancedShardsAllocator$$Lambda$1569/0x00000008010f86c0
8847:             1             16  org.elasticsearch.cluster.routing.allocation.command.AbstractAllocateAllocationCommand$$Lambda$494/0x0000000800e54d18
8848:             1             16  org.elasticsearch.cluster.routing.allocation.command.AbstractAllocateAllocationCommand$$Lambda$498/0x0000000800e55e10
8849:             1             16  org.elasticsearch.cluster.routing.allocation.command.AbstractAllocateAllocationCommand$$Lambda$500/0x0000000800e56260
8850:             1             16  org.elasticsearch.cluster.routing.allocation.command.BasePrimaryAllocationCommand$$Lambda$503/0x0000000800e576c8
8851:             1             16  org.elasticsearch.cluster.routing.allocation.decider.AllocationDeciders
8852:             1             16  org.elasticsearch.cluster.routing.allocation.decider.AwarenessAllocationDecider$$Lambda$1558/0x00000008010f6a48
8853:             1             16  org.elasticsearch.cluster.routing.allocation.decider.AwarenessAllocationDecider$$Lambda$1559/0x00000008010f6c80
8854:             1             16  org.elasticsearch.cluster.routing.allocation.decider.ClusterRebalanceAllocationDecider
8855:             1             16  org.elasticsearch.cluster.routing.allocation.decider.ClusterRebalanceAllocationDecider$$Lambda$1239/0x000000080104a7f0
8856:             1             16  org.elasticsearch.cluster.routing.allocation.decider.ClusterRebalanceAllocationDecider$$Lambda$1396/0x00000008010c63f8
8857:             1             16  org.elasticsearch.cluster.routing.allocation.decider.ConcurrentRebalanceAllocationDecider
8858:             1             16  org.elasticsearch.cluster.routing.allocation.decider.ConcurrentRebalanceAllocationDecider$$Lambda$1397/0x00000008010c6630
8859:             1             16  org.elasticsearch.cluster.routing.allocation.decider.EnableAllocationDecider$$Lambda$1398/0x00000008010c6868
8860:             1             16  org.elasticsearch.cluster.routing.allocation.decider.EnableAllocationDecider$$Lambda$1399/0x00000008010c6aa0
8861:             1             16  org.elasticsearch.cluster.routing.allocation.decider.EnableAllocationDecider$$Lambda$917/0x0000000800fc7a30
8862:             1             16  org.elasticsearch.cluster.routing.allocation.decider.EnableAllocationDecider$$Lambda$918/0x0000000800fc7c70
8863:             1             16  org.elasticsearch.cluster.routing.allocation.decider.EnableAllocationDecider$$Lambda$919/0x0000000800fc8480
8864:             1             16  org.elasticsearch.cluster.routing.allocation.decider.EnableAllocationDecider$$Lambda$920/0x0000000800fc86c0
8865:             1             16  org.elasticsearch.cluster.routing.allocation.decider.FilterAllocationDecider$$Lambda$1240/0x000000080104b138
8866:             1             16  org.elasticsearch.cluster.routing.allocation.decider.FilterAllocationDecider$$Lambda$1242/0x000000080104b5d0
8867:             1             16  org.elasticsearch.cluster.routing.allocation.decider.FilterAllocationDecider$$Lambda$1244/0x000000080104ba68
8868:             1             16  org.elasticsearch.cluster.routing.allocation.decider.FilterAllocationDecider$$Lambda$1401/0x00000008010c7560
8869:             1             16  org.elasticsearch.cluster.routing.allocation.decider.FilterAllocationDecider$$Lambda$1402/0x00000008010c7798
8870:             1             16  org.elasticsearch.cluster.routing.allocation.decider.FilterAllocationDecider$$Lambda$1403/0x00000008010c7c48
8871:             1             16  org.elasticsearch.cluster.routing.allocation.decider.FilterAllocationDecider$$Lambda$1404/0x00000008010d0040
8872:             1             16  org.elasticsearch.cluster.routing.allocation.decider.FilterAllocationDecider$$Lambda$1405/0x00000008010d0270
8873:             1             16  org.elasticsearch.cluster.routing.allocation.decider.FilterAllocationDecider$$Lambda$1406/0x00000008010d04a8
8874:             1             16  org.elasticsearch.cluster.routing.allocation.decider.MaxRetryAllocationDecider
8875:             1             16  org.elasticsearch.cluster.routing.allocation.decider.NodeVersionAllocationDecider
8876:             1             16  org.elasticsearch.cluster.routing.allocation.decider.RebalanceOnlyWhenActiveAllocationDecider
8877:             1             16  org.elasticsearch.cluster.routing.allocation.decider.ReplicaAfterPrimaryActiveAllocationDecider
8878:             1             16  org.elasticsearch.cluster.routing.allocation.decider.ResizeAllocationDecider
8879:             1             16  org.elasticsearch.cluster.routing.allocation.decider.RestoreInProgressAllocationDecider
8880:             1             16  org.elasticsearch.cluster.routing.allocation.decider.SameShardAllocationDecider
8881:             1             16  org.elasticsearch.cluster.routing.allocation.decider.SameShardAllocationDecider$$Lambda$1407/0x00000008010d06d8
8882:             1             16  org.elasticsearch.cluster.routing.allocation.decider.ShardsLimitAllocationDecider$$Lambda$1557/0x00000008010f6810
8883:             1             16  org.elasticsearch.cluster.routing.allocation.decider.SnapshotInProgressAllocationDecider
8884:             1             16  org.elasticsearch.cluster.routing.allocation.decider.ThrottlingAllocationDecider$$Lambda$1248/0x00000008010504d0
8885:             1             16  org.elasticsearch.cluster.routing.allocation.decider.ThrottlingAllocationDecider$$Lambda$1249/0x0000000801050710
8886:             1             16  org.elasticsearch.cluster.routing.allocation.decider.ThrottlingAllocationDecider$$Lambda$1250/0x0000000801050950
8887:             1             16  org.elasticsearch.cluster.routing.allocation.decider.ThrottlingAllocationDecider$$Lambda$1554/0x00000008010f6168
8888:             1             16  org.elasticsearch.cluster.routing.allocation.decider.ThrottlingAllocationDecider$$Lambda$1555/0x00000008010f63a0
8889:             1             16  org.elasticsearch.cluster.routing.allocation.decider.ThrottlingAllocationDecider$$Lambda$1556/0x00000008010f65d8
8890:             1             16  org.elasticsearch.cluster.service.ClusterApplierService$$Lambda$1314/0x000000080108ad50
8891:             1             16  org.elasticsearch.cluster.service.ClusterService$$Lambda$1265/0x0000000801057248
8892:             1             16  org.elasticsearch.cluster.service.ClusterService$$Lambda$1317/0x000000080108b3f8
8893:             1             16  org.elasticsearch.cluster.service.ClusterService$$Lambda$1318/0x000000080108b628
8894:             1             16  org.elasticsearch.cluster.service.MasterService$$Lambda$1313/0x000000080108ab18
8895:             1             16  org.elasticsearch.common.ParseField$$Lambda$3061/0x0000000801545c28
8896:             1             16  org.elasticsearch.common.RandomBasedUUIDGenerator
8897:             1             16  org.elasticsearch.common.Strings$$Lambda$5032/0x0000000801a151b8
8898:             1             16  org.elasticsearch.common.Strings$$Lambda$5045/0x0000000801a1ab08
8899:             1             16  org.elasticsearch.common.blobstore.BlobPath
8900:             1             16  org.elasticsearch.common.bytes.ReleasableBytesReference$$Lambda$4709/0x0000000801902e08
8901:             1             16  org.elasticsearch.common.cache.Cache$$Lambda$432/0x0000000800da5980
8902:             1             16  org.elasticsearch.common.cache.Cache$$Lambda$433/0x0000000800da5dc8
8903:             1             16  org.elasticsearch.common.cache.Cache$$Lambda$4823/0x00000008019816e0
8904:             1             16  org.elasticsearch.common.cache.Cache$$Lambda$4948/0x0000000801996a00
8905:             1             16  org.elasticsearch.common.cache.Cache$$Lambda$6841/0x0000000801d39f38
8906:             1             16  org.elasticsearch.common.cache.Cache$CacheIterator$$Lambda$6606/0x0000000801d0e568
8907:             1             16  org.elasticsearch.common.cache.Cache$CacheSegment$$Lambda$5015/0x0000000801a12e90
8908:             1             16  org.elasticsearch.common.compress.DeflateCompressor
8909:             1             16  org.elasticsearch.common.compress.DeflateCompressor$$Lambda$4547/0x00000008018a87e0
8910:             1             16  org.elasticsearch.common.compress.DeflateCompressor$$Lambda$4548/0x00000008018a8a00
8911:             1             16  org.elasticsearch.common.compress.DeflateCompressor$$Lambda$4549/0x00000008018a8c20
8912:             1             16  org.elasticsearch.common.compress.DeflateCompressor$$Lambda$4550/0x00000008018a8e40
8913:             1             16  org.elasticsearch.common.compress.DeflateCompressor$$Lambda$4551/0x00000008018a9060
8914:             1             16  org.elasticsearch.common.geo.GeoJson$$Lambda$856/0x0000000800f41758
8915:             1             16  org.elasticsearch.common.geo.GeoJson$$Lambda$857/0x0000000800f41c38
8916:             1             16  org.elasticsearch.common.geo.GeoJson$$Lambda$858/0x0000000800f42098
8917:             1             16  org.elasticsearch.common.geo.GeoShapeType$$Lambda$2318/0x00000008012640d0
8918:             1             16  org.elasticsearch.common.geo.GeoShapeType$$Lambda$2319/0x00000008012642f0
8919:             1             16  org.elasticsearch.common.geo.GeoShapeType$$Lambda$2320/0x0000000801264510
8920:             1             16  org.elasticsearch.common.geo.GeoShapeType$$Lambda$2321/0x0000000801264730
8921:             1             16  org.elasticsearch.common.geo.GeoShapeType$$Lambda$2322/0x0000000801264950
8922:             1             16  org.elasticsearch.common.geo.GeoShapeType$$Lambda$2323/0x0000000801264b70
8923:             1             16  org.elasticsearch.common.geo.GeoShapeType$$Lambda$2324/0x0000000801265180
8924:             1             16  org.elasticsearch.common.geo.GeoShapeType$$Lambda$2325/0x00000008012653a0
8925:             1             16  org.elasticsearch.common.geo.GeoShapeType$$Lambda$2326/0x0000000801265928
8926:             1             16  org.elasticsearch.common.geo.builders.ShapeBuilder$IntersectionOrder
8927:             1             16  org.elasticsearch.common.inject.InjectorImpl$BindingsMultimap
8928:             1             16  org.elasticsearch.common.inject.InjectorShell$InjectorFactory
8929:             1             16  org.elasticsearch.common.inject.MembersInjectorImpl$$Lambda$3835/0x0000000801781538
8930:             1             16  org.elasticsearch.common.inject.Scopes$1
8931:             1             16  org.elasticsearch.common.inject.Scopes$2
8932:             1             16  org.elasticsearch.common.inject.State$1
8933:             1             16  org.elasticsearch.common.inject.TypeConverterBindingProcessor$1
8934:             1             16  org.elasticsearch.common.inject.TypeConverterBindingProcessor$2
8935:             1             16  org.elasticsearch.common.inject.TypeConverterBindingProcessor$3
8936:             1             16  org.elasticsearch.common.inject.TypeConverterBindingProcessor$4
8937:             1             16  org.elasticsearch.common.inject.WeakKeySet
8938:             1             16  org.elasticsearch.common.inject.internal.Errors$2
8939:             1             16  org.elasticsearch.common.inject.internal.Errors$3
8940:             1             16  org.elasticsearch.common.inject.internal.Errors$4
8941:             1             16  org.elasticsearch.common.inject.internal.Scoping$1
8942:             1             16  org.elasticsearch.common.inject.internal.Scoping$2
8943:             1             16  org.elasticsearch.common.inject.internal.Scoping$3
8944:             1             16  org.elasticsearch.common.inject.internal.Scoping$4
8945:             1             16  org.elasticsearch.common.inject.internal.SourceProvider
8946:             1             16  org.elasticsearch.common.inject.matcher.Matchers$Any
8947:             1             16  org.elasticsearch.common.inject.matcher.Matchers$SubclassesOf
8948:             1             16  org.elasticsearch.common.inject.spi.InjectionPoint$Factory$1
8949:             1             16  org.elasticsearch.common.inject.spi.InjectionPoint$Factory$2
8950:             1             16  org.elasticsearch.common.inject.util.Modules$1
8951:             1             16  org.elasticsearch.common.io.DiskIoBufferPool$$Lambda$5567/0x0000000801b6e460
8952:             1             16  org.elasticsearch.common.io.FileSystemUtils$$Lambda$2817/0x00000008013053f0
8953:             1             16  org.elasticsearch.common.io.Streams$1
8954:             1             16  org.elasticsearch.common.io.stream.NamedWriteableRegistry
8955:             1             16  org.elasticsearch.common.io.stream.NamedWriteableRegistry$$Lambda$2612/0x0000000801276670
8956:             1             16  org.elasticsearch.common.io.stream.StreamInput$$Lambda$2861/0x0000000801307778
8957:             1             16  org.elasticsearch.common.io.stream.StreamInput$$Lambda$2862/0x0000000801307998
8958:             1             16  org.elasticsearch.common.io.stream.StreamInput$$Lambda$4747/0x0000000801952410
8959:             1             16  org.elasticsearch.common.io.stream.StreamInput$$Lambda$4789/0x000000080197a3b8
8960:             1             16  org.elasticsearch.common.io.stream.StreamInput$$Lambda$4790/0x000000080197a5d8
8961:             1             16  org.elasticsearch.common.io.stream.StreamInput$$Lambda$4875/0x00000008019916b8
8962:             1             16  org.elasticsearch.common.io.stream.StreamOutput$$Lambda$1323/0x000000080108efa8
8963:             1             16  org.elasticsearch.common.io.stream.StreamOutput$$Lambda$1324/0x000000080108f3c8
8964:             1             16  org.elasticsearch.common.io.stream.StreamOutput$$Lambda$1325/0x000000080108f5e8
8965:             1             16  org.elasticsearch.common.io.stream.StreamOutput$$Lambda$1326/0x000000080108f808
8966:             1             16  org.elasticsearch.common.io.stream.StreamOutput$$Lambda$1327/0x000000080108fa28
8967:             1             16  org.elasticsearch.common.io.stream.StreamOutput$$Lambda$1328/0x000000080108fc48
8968:             1             16  org.elasticsearch.common.io.stream.StreamOutput$$Lambda$1329/0x0000000801090040
8969:             1             16  org.elasticsearch.common.io.stream.StreamOutput$$Lambda$1330/0x0000000801090260
8970:             1             16  org.elasticsearch.common.io.stream.StreamOutput$$Lambda$1331/0x0000000801090480
8971:             1             16  org.elasticsearch.common.io.stream.StreamOutput$$Lambda$1332/0x00000008010906a0
8972:             1             16  org.elasticsearch.common.io.stream.StreamOutput$$Lambda$1333/0x00000008010908c0
8973:             1             16  org.elasticsearch.common.io.stream.StreamOutput$$Lambda$1334/0x0000000801090ae0
8974:             1             16  org.elasticsearch.common.io.stream.StreamOutput$$Lambda$1335/0x0000000801090d00
8975:             1             16  org.elasticsearch.common.io.stream.StreamOutput$$Lambda$1336/0x0000000801090f20
8976:             1             16  org.elasticsearch.common.io.stream.StreamOutput$$Lambda$1337/0x0000000801091140
8977:             1             16  org.elasticsearch.common.io.stream.StreamOutput$$Lambda$1338/0x00000008010915d0
8978:             1             16  org.elasticsearch.common.io.stream.StreamOutput$$Lambda$1339/0x00000008010917f0
8979:             1             16  org.elasticsearch.common.io.stream.StreamOutput$$Lambda$1340/0x0000000801091a10
8980:             1             16  org.elasticsearch.common.io.stream.StreamOutput$$Lambda$1341/0x0000000801091c30
8981:             1             16  org.elasticsearch.common.io.stream.StreamOutput$$Lambda$1342/0x0000000801091e50
8982:             1             16  org.elasticsearch.common.io.stream.StreamOutput$$Lambda$1343/0x0000000801092070
8983:             1             16  org.elasticsearch.common.io.stream.StreamOutput$$Lambda$1344/0x0000000801092290
8984:             1             16  org.elasticsearch.common.io.stream.StreamOutput$$Lambda$1345/0x00000008010924b0
8985:             1             16  org.elasticsearch.common.io.stream.StreamOutput$$Lambda$1346/0x00000008010926d0
8986:             1             16  org.elasticsearch.common.io.stream.StreamOutput$$Lambda$1347/0x00000008010928f0
8987:             1             16  org.elasticsearch.common.io.stream.StreamOutput$$Lambda$1348/0x0000000801092b10
8988:             1             16  org.elasticsearch.common.io.stream.StreamOutput$$Lambda$1349/0x0000000801092d30
8989:             1             16  org.elasticsearch.common.io.stream.StreamOutput$$Lambda$4748/0x0000000801952d68
8990:             1             16  org.elasticsearch.common.io.stream.StreamOutput$$Lambda$5056/0x0000000801a1cf78
8991:             1             16  org.elasticsearch.common.io.stream.StreamOutput$$Lambda$5085/0x0000000801a2b200
8992:             1             16  org.elasticsearch.common.io.stream.StreamOutput$$Lambda$5211/0x0000000801a53c88
8993:             1             16  org.elasticsearch.common.joda.Joda$$Lambda$5471/0x0000000801b3c8b8
8994:             1             16  org.elasticsearch.common.joda.Joda$1
8995:             1             16  org.elasticsearch.common.joda.Joda$2
8996:             1             16  org.elasticsearch.common.logging.HeaderWarning$$Lambda$312/0x0000000800ced200
8997:             1             16  org.elasticsearch.common.logging.HeaderWarning$$Lambda$313/0x0000000800ced450
8998:             1             16  org.elasticsearch.common.logging.LogConfigurator$$Lambda$260/0x0000000800cabc68
8999:             1             16  org.elasticsearch.common.logging.Loggers$$Lambda$254/0x0000000800caaec0
9000:             1             16  org.elasticsearch.common.logging.Loggers$$Lambda$255/0x0000000800cab100
9001:             1             16  org.elasticsearch.common.logging.Loggers$$Lambda$256/0x0000000800cab340
9002:             1             16  org.elasticsearch.common.logging.NodeAndClusterIdStateListener$$Lambda$4648/0x00000008018e9698
9003:             1             16  org.elasticsearch.common.lucene.Lucene$$Lambda$5973/0x0000000801bf4d70
9004:             1             16  org.elasticsearch.common.lucene.Lucene$$Lambda$6262/0x0000000801c89f98
9005:             1             16  org.elasticsearch.common.lucene.Lucene$$Lambda$6263/0x0000000801c8a1b8
9006:             1             16  org.elasticsearch.common.lucene.search.Queries$$Lambda$5853/0x0000000801bbc480
9007:             1             16  org.elasticsearch.common.lucene.uid.VersionsAndSeqNoResolver$$Lambda$5888/0x0000000801bc9bb8
9008:             1             16  org.elasticsearch.common.network.NetworkModule$$Lambda$486/0x0000000800e51be8
9009:             1             16  org.elasticsearch.common.network.NetworkModule$$Lambda$487/0x0000000800e51e08
9010:             1             16  org.elasticsearch.common.network.NetworkModule$$Lambda$489/0x0000000800e52be0
9011:             1             16  org.elasticsearch.common.network.NetworkModule$$Lambda$490/0x0000000800e52e00
9012:             1             16  org.elasticsearch.common.network.NetworkModule$$Lambda$491/0x0000000800e53a38
9013:             1             16  org.elasticsearch.common.network.NetworkModule$$Lambda$492/0x0000000800e53c58
9014:             1             16  org.elasticsearch.common.network.NetworkModule$$Lambda$501/0x0000000800e57040
9015:             1             16  org.elasticsearch.common.network.NetworkModule$$Lambda$502/0x0000000800e57260
9016:             1             16  org.elasticsearch.common.network.NetworkModule$$Lambda$505/0x0000000800e582d0
9017:             1             16  org.elasticsearch.common.network.NetworkModule$$Lambda$506/0x0000000800e584f0
9018:             1             16  org.elasticsearch.common.network.NetworkModule$$Lambda$507/0x0000000800e58bd8
9019:             1             16  org.elasticsearch.common.network.NetworkModule$$Lambda$508/0x0000000800e590c8
9020:             1             16  org.elasticsearch.common.network.NetworkModule$$Lambda$509/0x0000000800e595b0
9021:             1             16  org.elasticsearch.common.network.NetworkModule$CompositeTransportInterceptor
9022:             1             16  org.elasticsearch.common.network.NetworkService
9023:             1             16  org.elasticsearch.common.network.NetworkUtils$$Lambda$4535/0x0000000801823078
9024:             1             16  org.elasticsearch.common.settings.AbstractScopedSettings$$Lambda$2347/0x000000080126aee0
9025:             1             16  org.elasticsearch.common.settings.AbstractScopedSettings$$Lambda$2348/0x000000080126b110
9026:             1             16  org.elasticsearch.common.settings.AbstractScopedSettings$$Lambda$2349/0x000000080126b340
9027:             1             16  org.elasticsearch.common.settings.AbstractScopedSettings$$Lambda$2350/0x000000080126b570
9028:             1             16  org.elasticsearch.common.settings.AbstractScopedSettings$$Lambda$2948/0x000000080136a5a0
9029:             1             16  org.elasticsearch.common.settings.AbstractScopedSettings$$Lambda$2949/0x000000080136a7d0
9030:             1             16  org.elasticsearch.common.settings.AbstractScopedSettings$$Lambda$927/0x0000000800fcfa88
9031:             1             16  org.elasticsearch.common.settings.AbstractScopedSettings$$Lambda$931/0x0000000800fd11f8
9032:             1             16  org.elasticsearch.common.settings.AbstractScopedSettings$$Lambda$940/0x0000000800fd2840
9033:             1             16  org.elasticsearch.common.settings.AbstractScopedSettings$SettingUpdater$$Lambda$5150/0x0000000801a436e8
9034:             1             16  org.elasticsearch.common.settings.ClusterSettings$LoggingSettingUpdater$$Lambda$1300/0x0000000801085488
9035:             1             16  org.elasticsearch.common.settings.IndexScopedSettings$$Lambda$905/0x0000000800fc2a98
9036:             1             16  org.elasticsearch.common.settings.IndexScopedSettings$$Lambda$926/0x0000000800fcf858
9037:             1             16  org.elasticsearch.common.settings.SecureSetting$InsecureStringSetting$$Lambda$839/0x0000000800efefc0
9038:             1             16  org.elasticsearch.common.settings.Setting$$Lambda$1284/0x0000000801062f20
9039:             1             16  org.elasticsearch.common.settings.Setting$$Lambda$1310/0x000000080108a1f8
9040:             1             16  org.elasticsearch.common.settings.Setting$$Lambda$133/0x0000000800bf2d78
9041:             1             16  org.elasticsearch.common.settings.Setting$$Lambda$156/0x0000000800bf92e8
9042:             1             16  org.elasticsearch.common.settings.Setting$$Lambda$175/0x0000000800bfbfe0
9043:             1             16  org.elasticsearch.common.settings.Setting$$Lambda$176/0x0000000800bfc228
9044:             1             16  org.elasticsearch.common.settings.Setting$$Lambda$24/0x0000000800bb0f58
9045:             1             16  org.elasticsearch.common.settings.Setting$$Lambda$25/0x0000000800bb15c8
9046:             1             16  org.elasticsearch.common.settings.Setting$$Lambda$27/0x0000000800bb1a60
9047:             1             16  org.elasticsearch.common.settings.Setting$$Lambda$33/0x0000000800bb2800
9048:             1             16  org.elasticsearch.common.settings.Setting$$Lambda$603/0x0000000800e92418
9049:             1             16  org.elasticsearch.common.settings.Setting$$Lambda$885/0x0000000800fab520
9050:             1             16  org.elasticsearch.common.settings.Setting$$Lambda$886/0x0000000800fab768
9051:             1             16  org.elasticsearch.common.settings.Setting$$Lambda$941/0x0000000800fd2a70
9052:             1             16  org.elasticsearch.common.settings.Setting$GroupSetting$$Lambda$157/0x0000000800bf9748
9053:             1             16  org.elasticsearch.common.settings.Setting$GroupSetting$$Lambda$158/0x0000000800bf9988
9054:             1             16  org.elasticsearch.common.settings.Settings$$Lambda$308/0x0000000800ceaec0
9055:             1             16  org.elasticsearch.common.settings.Settings$$Lambda$311/0x0000000800cebeb8
9056:             1             16  org.elasticsearch.common.settings.Settings$Builder$$Lambda$23/0x0000000800baeac0
9057:             1             16  org.elasticsearch.common.settings.Settings$PrefixedSecureSettings$$Lambda$309/0x0000000800ceb118
9058:             1             16  org.elasticsearch.common.settings.Settings$PrefixedSecureSettings$$Lambda$310/0x0000000800ceb378
9059:             1             16  org.elasticsearch.common.ssl.DefaultJdkTrustConfig$$Lambda$2950/0x0000000801390270
9060:             1             16  org.elasticsearch.common.ssl.DiagnosticTrustManager$$Lambda$2829/0x0000000801312188
9061:             1             16  org.elasticsearch.common.ssl.DiagnosticTrustManager$$Lambda$2830/0x00000008013123c8
9062:             1             16  org.elasticsearch.common.ssl.DiagnosticTrustManager$$Lambda$2831/0x0000000801312608
9063:             1             16  org.elasticsearch.common.ssl.EmptyKeyConfig
9064:             1             16  org.elasticsearch.common.ssl.SslConfigurationLoader$$Lambda$2951/0x0000000801391d78
9065:             1             16  org.elasticsearch.common.ssl.SslConfigurationLoader$$Lambda$2952/0x0000000801391fb8
9066:             1             16  org.elasticsearch.common.time.DateFormatter$$Lambda$57/0x0000000800bc8248
9067:             1             16  org.elasticsearch.common.time.DateFormatters$$Lambda$62/0x0000000800bc8898
9068:             1             16  org.elasticsearch.common.time.DateFormatters$1
9069:             1             16  org.elasticsearch.common.time.EpochTime$$Lambda$859/0x0000000800f44650
9070:             1             16  org.elasticsearch.common.time.EpochTime$$Lambda$860/0x0000000800f44880
9071:             1             16  org.elasticsearch.common.time.FormatNames$$Lambda$72/0x0000000800bca668
9072:             1             16  org.elasticsearch.common.time.IsoCalendarDataProvider
9073:             1             16  org.elasticsearch.common.time.JavaDateFormatter$$Lambda$68/0x0000000800bc9710
9074:             1             16  org.elasticsearch.common.time.JavaDateFormatter$$Lambda$69/0x0000000800bc9940
9075:             1             16  org.elasticsearch.common.time.JavaDateFormatter$$Lambda$70/0x0000000800bc9b80
9076:             1             16  org.elasticsearch.common.transport.PortsRange
9077:             1             16  org.elasticsearch.common.util.LazyInitializable$$Lambda$63/0x0000000800bc8ab8
9078:             1             16  org.elasticsearch.common.util.LazyInitializable$$Lambda$64/0x0000000800bc8ce8
9079:             1             16  org.elasticsearch.common.util.PageCacheRecycler$$Lambda$1295/0x000000080106d888
9080:             1             16  org.elasticsearch.common.util.concurrent.EsExecutors$$Lambda$570/0x0000000800e7f518
9081:             1             16  org.elasticsearch.common.util.concurrent.EsExecutors$$Lambda$577/0x0000000800e86f90
9082:             1             16  org.elasticsearch.common.util.concurrent.EsExecutors$DirectExecutorService
9083:             1             16  org.elasticsearch.common.util.concurrent.PrioritizedRunnable$$Lambda$4650/0x00000008018eab68
9084:             1             16  org.elasticsearch.common.util.concurrent.ThreadContext$$Lambda$4712/0x0000000801903770
9085:             1             16  org.elasticsearch.common.util.concurrent.ThreadContext$$Lambda$4713/0x0000000801903990
9086:             1             16  org.elasticsearch.common.util.concurrent.ThreadContext$$Lambda$4714/0x0000000801903bb0
9087:             1             16  org.elasticsearch.common.util.concurrent.ThreadContext$$Lambda$4715/0x0000000801903dd0
9088:             1             16  org.elasticsearch.common.util.concurrent.ThreadContext$$Lambda$576/0x0000000800e82b30
9089:             1             16  org.elasticsearch.common.util.concurrent.ThreadContext$LinkedHashSetCollector
9090:             1             16  org.elasticsearch.common.util.concurrent.ThreadContext$ThreadContextStruct$$Lambda$4687/0x0000000801901bc8
9091:             1             16  org.elasticsearch.common.util.concurrent.ThreadContext$ThreadContextStruct$$Lambda$4688/0x0000000801901de8
9092:             1             16  org.elasticsearch.common.util.iterable.Iterables$ConcatenatedIterable$$Lambda$5524/0x0000000801b5c178
9093:             1             16  org.elasticsearch.common.util.iterable.Iterables$ConcatenatedIterable$$Lambda$5525/0x0000000801b5c3b8
9094:             1             16  org.elasticsearch.common.util.iterable.Iterables$ConcatenatedIterable$$Lambda$5526/0x0000000801b5c600
9095:             1             16  org.elasticsearch.common.util.iterable.Iterables$FlattenedIterables$$Lambda$4258/0x00000008017eb1a0
9096:             1             16  org.elasticsearch.common.xcontent.AbstractObjectParser$$Lambda$1848/0x000000080119db38
9097:             1             16  org.elasticsearch.common.xcontent.AbstractObjectParser$$Lambda$1867/0x00000008011a5e60
9098:             1             16  org.elasticsearch.common.xcontent.AbstractObjectParser$$Lambda$2049/0x00000008011f3e58
9099:             1             16  org.elasticsearch.common.xcontent.AbstractObjectParser$$Lambda$2439/0x0000000801274d90
9100:             1             16  org.elasticsearch.common.xcontent.AbstractObjectParser$$Lambda$4382/0x00000008018206f8
9101:             1             16  org.elasticsearch.common.xcontent.AbstractObjectParser$$Lambda$495/0x0000000800e54f48
9102:             1             16  org.elasticsearch.common.xcontent.AbstractObjectParser$$Lambda$499/0x0000000800e56040
9103:             1             16  org.elasticsearch.common.xcontent.AbstractObjectParser$$Lambda$504/0x0000000800e578f8
9104:             1             16  org.elasticsearch.common.xcontent.AbstractObjectParser$$Lambda$541/0x0000000800e6ba98
9105:             1             16  org.elasticsearch.common.xcontent.AbstractObjectParser$$Lambda$543/0x0000000800e6c308
9106:             1             16  org.elasticsearch.common.xcontent.AbstractObjectParser$$Lambda$5691/0x0000000801b90518
9107:             1             16  org.elasticsearch.common.xcontent.ConstructingObjectParser$$Lambda$536/0x0000000800e6af78
9108:             1             16  org.elasticsearch.common.xcontent.ConstructingObjectParser$$Lambda$537/0x0000000800e6b1a8
9109:             1             16  org.elasticsearch.common.xcontent.DeprecationHandler$1
9110:             1             16  org.elasticsearch.common.xcontent.DeprecationHandler$2
9111:             1             16  org.elasticsearch.common.xcontent.LoggingDeprecationHandler
9112:             1             16  org.elasticsearch.common.xcontent.NamedXContentRegistry$$Lambda$2764/0x00000008012d8480
9113:             1             16  org.elasticsearch.common.xcontent.ObjectParser$$Lambda$1965/0x00000008011d2308
9114:             1             16  org.elasticsearch.common.xcontent.ObjectParser$$Lambda$493/0x0000000800e548b8
9115:             1             16  org.elasticsearch.common.xcontent.ObjectParser$$Lambda$6181/0x0000000801c71c30
9116:             1             16  org.elasticsearch.common.xcontent.ObjectParser$$Lambda$6182/0x0000000801c71e58
9117:             1             16  org.elasticsearch.common.xcontent.ObjectParser$$Lambda$818/0x0000000800efe660
9118:             1             16  org.elasticsearch.common.xcontent.ToXContent$1
9119:             1             16  org.elasticsearch.common.xcontent.XContentBuilder$$Lambda$117/0x0000000800bd42f0
9120:             1             16  org.elasticsearch.common.xcontent.XContentBuilder$$Lambda$118/0x0000000800bd4520
9121:             1             16  org.elasticsearch.common.xcontent.XContentBuilder$$Lambda$119/0x0000000800bd4750
9122:             1             16  org.elasticsearch.common.xcontent.XContentBuilder$$Lambda$34/0x0000000800bbe4b8
9123:             1             16  org.elasticsearch.common.xcontent.XContentBuilder$$Lambda$35/0x0000000800bbe6d8
9124:             1             16  org.elasticsearch.common.xcontent.XContentBuilder$$Lambda$36/0x0000000800bbe8f8
9125:             1             16  org.elasticsearch.common.xcontent.XContentBuilder$$Lambda$37/0x0000000800bbeb18
9126:             1             16  org.elasticsearch.common.xcontent.XContentBuilder$$Lambda$38/0x0000000800bbed38
9127:             1             16  org.elasticsearch.common.xcontent.XContentBuilder$$Lambda$39/0x0000000800bbef58
9128:             1             16  org.elasticsearch.common.xcontent.XContentBuilder$$Lambda$40/0x0000000800bbf178
9129:             1             16  org.elasticsearch.common.xcontent.XContentBuilder$$Lambda$41/0x0000000800bbf398
9130:             1             16  org.elasticsearch.common.xcontent.XContentBuilder$$Lambda$42/0x0000000800bbf5b8
9131:             1             16  org.elasticsearch.common.xcontent.XContentBuilder$$Lambda$43/0x0000000800bbf7d8
9132:             1             16  org.elasticsearch.common.xcontent.XContentBuilder$$Lambda$44/0x0000000800bbf9f8
9133:             1             16  org.elasticsearch.common.xcontent.XContentBuilder$$Lambda$45/0x0000000800bbfc18
9134:             1             16  org.elasticsearch.common.xcontent.XContentBuilder$$Lambda$46/0x0000000800bc0040
9135:             1             16  org.elasticsearch.common.xcontent.XContentBuilder$$Lambda$47/0x0000000800bc0260
9136:             1             16  org.elasticsearch.common.xcontent.XContentBuilder$$Lambda$48/0x0000000800bc0480
9137:             1             16  org.elasticsearch.common.xcontent.XContentBuilder$$Lambda$49/0x0000000800bc06a0
9138:             1             16  org.elasticsearch.common.xcontent.XContentBuilder$$Lambda$50/0x0000000800bc08c0
9139:             1             16  org.elasticsearch.common.xcontent.XContentBuilder$$Lambda$51/0x0000000800bc0ae0
9140:             1             16  org.elasticsearch.common.xcontent.XContentBuilder$$Lambda$52/0x0000000800bc0d00
9141:             1             16  org.elasticsearch.common.xcontent.XContentBuilder$$Lambda$53/0x0000000800bc0f20
9142:             1             16  org.elasticsearch.common.xcontent.XContentBuilder$$Lambda$54/0x0000000800bc1140
9143:             1             16  org.elasticsearch.common.xcontent.XContentBuilder$$Lambda$55/0x0000000800bc1360
9144:             1             16  org.elasticsearch.common.xcontent.XContentBuilder$$Lambda$56/0x0000000800bc1580
9145:             1             16  org.elasticsearch.common.xcontent.XContentElasticsearchExtension$$Lambda$100/0x0000000800bd1960
9146:             1             16  org.elasticsearch.common.xcontent.XContentElasticsearchExtension$$Lambda$101/0x0000000800bd1b80
9147:             1             16  org.elasticsearch.common.xcontent.XContentElasticsearchExtension$$Lambda$102/0x0000000800bd1dc0
9148:             1             16  org.elasticsearch.common.xcontent.XContentElasticsearchExtension$$Lambda$103/0x0000000800bd2000
9149:             1             16  org.elasticsearch.common.xcontent.XContentElasticsearchExtension$$Lambda$104/0x0000000800bd2240
9150:             1             16  org.elasticsearch.common.xcontent.XContentElasticsearchExtension$$Lambda$105/0x0000000800bd2480
9151:             1             16  org.elasticsearch.common.xcontent.XContentElasticsearchExtension$$Lambda$106/0x0000000800bd26c0
9152:             1             16  org.elasticsearch.common.xcontent.XContentElasticsearchExtension$$Lambda$107/0x0000000800bd2900
9153:             1             16  org.elasticsearch.common.xcontent.XContentElasticsearchExtension$$Lambda$108/0x0000000800bd2eb0
9154:             1             16  org.elasticsearch.common.xcontent.XContentElasticsearchExtension$$Lambda$109/0x0000000800bd30f0
9155:             1             16  org.elasticsearch.common.xcontent.XContentElasticsearchExtension$$Lambda$110/0x0000000800bd3330
9156:             1             16  org.elasticsearch.common.xcontent.XContentElasticsearchExtension$$Lambda$111/0x0000000800bd3570
9157:             1             16  org.elasticsearch.common.xcontent.XContentElasticsearchExtension$$Lambda$112/0x0000000800bd37b0
9158:             1             16  org.elasticsearch.common.xcontent.XContentElasticsearchExtension$$Lambda$113/0x0000000800bd39f0
9159:             1             16  org.elasticsearch.common.xcontent.XContentElasticsearchExtension$$Lambda$114/0x0000000800bd3c30
9160:             1             16  org.elasticsearch.common.xcontent.XContentElasticsearchExtension$$Lambda$115/0x0000000800bd3e70
9161:             1             16  org.elasticsearch.common.xcontent.XContentElasticsearchExtension$$Lambda$116/0x0000000800bd40b0
9162:             1             16  org.elasticsearch.common.xcontent.XContentElasticsearchExtension$$Lambda$76/0x0000000800bcaab0
9163:             1             16  org.elasticsearch.common.xcontent.XContentElasticsearchExtension$$Lambda$77/0x0000000800bcacd0
9164:             1             16  org.elasticsearch.common.xcontent.XContentElasticsearchExtension$$Lambda$78/0x0000000800bcb198
9165:             1             16  org.elasticsearch.common.xcontent.XContentElasticsearchExtension$$Lambda$79/0x0000000800bcb3b8
9166:             1             16  org.elasticsearch.common.xcontent.XContentElasticsearchExtension$$Lambda$80/0x0000000800bcd190
9167:             1             16  org.elasticsearch.common.xcontent.XContentElasticsearchExtension$$Lambda$81/0x0000000800bcd8b8
9168:             1             16  org.elasticsearch.common.xcontent.XContentElasticsearchExtension$$Lambda$82/0x0000000800bcde00
9169:             1             16  org.elasticsearch.common.xcontent.XContentElasticsearchExtension$$Lambda$83/0x0000000800bce020
9170:             1             16  org.elasticsearch.common.xcontent.XContentElasticsearchExtension$$Lambda$84/0x0000000800bce240
9171:             1             16  org.elasticsearch.common.xcontent.XContentElasticsearchExtension$$Lambda$85/0x0000000800bce460
9172:             1             16  org.elasticsearch.common.xcontent.XContentElasticsearchExtension$$Lambda$86/0x0000000800bce680
9173:             1             16  org.elasticsearch.common.xcontent.XContentElasticsearchExtension$$Lambda$87/0x0000000800bce8a0
9174:             1             16  org.elasticsearch.common.xcontent.XContentElasticsearchExtension$$Lambda$88/0x0000000800bceac0
9175:             1             16  org.elasticsearch.common.xcontent.XContentElasticsearchExtension$$Lambda$89/0x0000000800bcece0
9176:             1             16  org.elasticsearch.common.xcontent.XContentElasticsearchExtension$$Lambda$90/0x0000000800bcef00
9177:             1             16  org.elasticsearch.common.xcontent.XContentElasticsearchExtension$$Lambda$91/0x0000000800bcf120
9178:             1             16  org.elasticsearch.common.xcontent.XContentElasticsearchExtension$$Lambda$92/0x0000000800bcf340
9179:             1             16  org.elasticsearch.common.xcontent.XContentElasticsearchExtension$$Lambda$93/0x0000000800bcf560
9180:             1             16  org.elasticsearch.common.xcontent.XContentElasticsearchExtension$$Lambda$94/0x0000000800bcf780
9181:             1             16  org.elasticsearch.common.xcontent.XContentElasticsearchExtension$$Lambda$95/0x0000000800bcf9a0
9182:             1             16  org.elasticsearch.common.xcontent.XContentElasticsearchExtension$$Lambda$96/0x0000000800bd0798
9183:             1             16  org.elasticsearch.common.xcontent.XContentElasticsearchExtension$$Lambda$97/0x0000000800bd0bb8
9184:             1             16  org.elasticsearch.common.xcontent.XContentElasticsearchExtension$$Lambda$98/0x0000000800bd1000
9185:             1             16  org.elasticsearch.common.xcontent.XContentElasticsearchExtension$$Lambda$99/0x0000000800bd1420
9186:             1             16  org.elasticsearch.common.xcontent.json.JsonXContent
9187:             1             16  org.elasticsearch.common.xcontent.smile.SmileXContent
9188:             1             16  org.elasticsearch.common.xcontent.support.AbstractXContentParser$$Lambda$120/0x0000000800bda6f0
9189:             1             16  org.elasticsearch.common.xcontent.support.AbstractXContentParser$$Lambda$121/0x0000000800bda910
9190:             1             16  org.elasticsearch.common.xcontent.support.filtering.FilterPathBasedFilter$1
9191:             1             16  org.elasticsearch.common.xcontent.support.filtering.FilterPathBasedFilter$2
9192:             1             16  org.elasticsearch.common.xcontent.yaml.YamlXContent
9193:             1             16  org.elasticsearch.core.internal.io.Streams$$Lambda$1350/0x0000000801095aa8
9194:             1             16  org.elasticsearch.discovery.DiscoveryModule$$Lambda$3735/0x0000000801728f68
9195:             1             16  org.elasticsearch.discovery.DiscoveryModule$$Lambda$3736/0x00000008017295d8
9196:             1             16  org.elasticsearch.discovery.DiscoveryModule$$Lambda$3737/0x0000000801729800
9197:             1             16  org.elasticsearch.discovery.DiscoverySettings$$Lambda$1257/0x0000000801054878
9198:             1             16  org.elasticsearch.discovery.FileBasedSeedHostsProvider
9199:             1             16  org.elasticsearch.discovery.FileBasedSeedHostsProvider$$Lambda$4634/0x00000008018e69d0
9200:             1             16  org.elasticsearch.discovery.PeerFinder$$Lambda$3764/0x000000080172e7b0
9201:             1             16  org.elasticsearch.discovery.PeerFinder$$Lambda$3765/0x000000080172e9d0
9202:             1             16  org.elasticsearch.discovery.PeerFinder$$Lambda$3766/0x000000080172eea0
9203:             1             16  org.elasticsearch.discovery.PeerFinder$$Lambda$4624/0x00000008018e4820
9204:             1             16  org.elasticsearch.discovery.PeerFinder$$Lambda$4627/0x00000008018e5370
9205:             1             16  org.elasticsearch.discovery.PeerFinder$$Lambda$4628/0x00000008018e55b0
9206:             1             16  org.elasticsearch.discovery.PeerFinder$$Lambda$4749/0x0000000801952f88
9207:             1             16  org.elasticsearch.discovery.PeerFinder$Peer$2$$Lambda$4757/0x0000000801954138
9208:             1             16  org.elasticsearch.discovery.PeerFinder$Peer$2$$Lambda$4759/0x00000008019545b0
9209:             1             16  org.elasticsearch.discovery.PeerFinder$Zen1UnicastPingRequestHandler
9210:             1             16  org.elasticsearch.discovery.PeersRequest$$Lambda$4745/0x0000000801951fb8
9211:             1             16  org.elasticsearch.discovery.SettingsBasedSeedHostsProvider
9212:             1             16  org.elasticsearch.discovery.zen.ElectMasterService
9213:             1             16  org.elasticsearch.discovery.zen.ZenDiscovery$$Lambda$1292/0x0000000801068b90
9214:             1             16  org.elasticsearch.discovery.zen.ZenDiscovery$$Lambda$1293/0x0000000801068dd0
9215:             1             16  org.elasticsearch.env.Environment$$Lambda$122/0x0000000800bde4e8
9216:             1             16  org.elasticsearch.env.NodeEnvironment$$Lambda$4530/0x0000000801821968
9217:             1             16  org.elasticsearch.env.NodeEnvironment$$Lambda$522/0x0000000800e5cef8
9218:             1             16  org.elasticsearch.env.NodeEnvironment$$Lambda$534/0x0000000800e5e360
9219:             1             16  org.elasticsearch.env.NodeEnvironment$$Lambda$535/0x0000000800e5e5a0
9220:             1             16  org.elasticsearch.env.NodeMetadata$NodeMetadataStateFormat$$Lambda$561/0x0000000800e7b550
9221:             1             16  org.elasticsearch.env.NodeMetadata$NodeMetadataStateFormat$$Lambda$562/0x0000000800e7b770
9222:             1             16  org.elasticsearch.env.NodeMetadata$NodeMetadataStateFormat$$Lambda$563/0x0000000800e7b9a0
9223:             1             16  org.elasticsearch.gateway.ClusterStateUpdaters$$Lambda$4577/0x00000008018aa4b8
9224:             1             16  org.elasticsearch.gateway.ClusterStateUpdaters$$Lambda$4578/0x00000008018aa6e8
9225:             1             16  org.elasticsearch.gateway.ClusterStateUpdaters$$Lambda$4579/0x00000008018aa918
9226:             1             16  org.elasticsearch.gateway.ClusterStateUpdaters$$Lambda$4580/0x00000008018aab48
9227:             1             16  org.elasticsearch.gateway.GatewayMetaState
9228:             1             16  org.elasticsearch.gateway.GatewayMetaState$$Lambda$4571/0x00000008018a96e8
9229:             1             16  org.elasticsearch.gateway.GatewayMetaState$$Lambda$4575/0x00000008018a9db8
9230:             1             16  org.elasticsearch.gateway.LocalAllocateDangledIndices$$Lambda$3885/0x00000008017b9e48
9231:             1             16  org.elasticsearch.gateway.LocalAllocateDangledIndices$AllocateDangledRequestHandler
9232:             1             16  org.elasticsearch.gateway.PersistedClusterStateService$$Lambda$2769/0x00000008012d99a8
9233:             1             16  org.elasticsearch.gateway.PersistedClusterStateService$$Lambda$4585/0x00000008018c0040
9234:             1             16  org.elasticsearch.gateway.PersistedClusterStateService$Writer$$Lambda$4612/0x00000008018df598
9235:             1             16  org.elasticsearch.gateway.PersistedClusterStateService$Writer$$Lambda$4613/0x00000008018df7d8
9236:             1             16  org.elasticsearch.gateway.PrimaryShardAllocator$$Lambda$3843/0x00000008017b1470
9237:             1             16  org.elasticsearch.gateway.PrimaryShardAllocator$$Lambda$3844/0x00000008017b16b0
9238:             1             16  org.elasticsearch.gateway.TransportNodesListGatewayMetaState$$Lambda$3886/0x00000008017ba2a0
9239:             1             16  org.elasticsearch.gateway.TransportNodesListGatewayMetaState$$Lambda$3887/0x00000008017ba4c0
9240:             1             16  org.elasticsearch.gateway.TransportNodesListGatewayMetaState$$Lambda$3888/0x00000008017ba6e0
9241:             1             16  org.elasticsearch.gateway.TransportNodesListGatewayStartedShards$$Lambda$3837/0x00000008017b0290
9242:             1             16  org.elasticsearch.gateway.TransportNodesListGatewayStartedShards$$Lambda$3838/0x00000008017b04b0
9243:             1             16  org.elasticsearch.gateway.TransportNodesListGatewayStartedShards$$Lambda$3839/0x00000008017b06d0
9244:             1             16  org.elasticsearch.http.AbstractHttpServerTransport$$Lambda$640/0x0000000800ea8900
9245:             1             16  org.elasticsearch.http.CorsHandler
9246:             1             16  org.elasticsearch.http.CorsHandler$Config$$Lambda$3703/0x0000000801718b80
9247:             1             16  org.elasticsearch.http.HttpPipeliningAggregator$$Lambda$4931/0x00000008019952d8
9248:             1             16  org.elasticsearch.http.HttpTracer$$Lambda$3704/0x0000000801718fe0
9249:             1             16  org.elasticsearch.http.HttpTracer$$Lambda$3705/0x0000000801719218
9250:             1             16  org.elasticsearch.http.HttpTransportSettings$$Lambda$299/0x0000000800cde848
9251:             1             16  org.elasticsearch.http.HttpTransportSettings$$Lambda$300/0x0000000800cdea88
9252:             1             16  org.elasticsearch.http.HttpTransportSettings$$Lambda$301/0x0000000800cdecc8
9253:             1             16  org.elasticsearch.http.HttpTransportSettings$$Lambda$302/0x0000000800cdf330
9254:             1             16  org.elasticsearch.http.HttpTransportSettings$$Lambda$303/0x0000000800cdf570
9255:             1             16  org.elasticsearch.http.HttpTransportSettings$$Lambda$304/0x0000000800cdf7b0
9256:             1             16  org.elasticsearch.http.netty4.Netty4HttpServerTransport$$Lambda$3685/0x00000008016f7cb0
9257:             1             16  org.elasticsearch.http.netty4.Netty4HttpServerTransport$$Lambda$3686/0x00000008016f8040
9258:             1             16  org.elasticsearch.http.netty4.Netty4HttpServerTransport$$Lambda$643/0x0000000800e74440
9259:             1             16  org.elasticsearch.http.netty4.Netty4HttpServerTransport$$Lambda$644/0x0000000800e73040
9260:             1             16  org.elasticsearch.index.Index$$Lambda$895/0x0000000800fad988
9261:             1             16  org.elasticsearch.index.Index$$Lambda$896/0x0000000800fadba8
9262:             1             16  org.elasticsearch.index.Index$$Lambda$897/0x0000000800faddd8
9263:             1             16  org.elasticsearch.index.IndexModule$$Lambda$924/0x0000000800fcea20
9264:             1             16  org.elasticsearch.index.IndexService$$Lambda$5356/0x0000000801b1d350
9265:             1             16  org.elasticsearch.index.IndexService$$Lambda$6585/0x0000000801d08480
9266:             1             16  org.elasticsearch.index.IndexService$$Lambda$6586/0x0000000801d086b0
9267:             1             16  org.elasticsearch.index.IndexSettings$$Lambda$898/0x0000000800fae658
9268:             1             16  org.elasticsearch.index.IndexSettings$$Lambda$899/0x0000000800fae898
9269:             1             16  org.elasticsearch.index.IndexSettings$$Lambda$900/0x0000000800fc1988
9270:             1             16  org.elasticsearch.index.IndexSettings$$Lambda$901/0x0000000800fc1bc8
9271:             1             16  org.elasticsearch.index.IndexSettings$$Lambda$902/0x0000000800fc1e08
9272:             1             16  org.elasticsearch.index.IndexSortConfig$$Lambda$914/0x0000000800fc5ce8
9273:             1             16  org.elasticsearch.index.IndexSortConfig$$Lambda$915/0x0000000800fc6210
9274:             1             16  org.elasticsearch.index.IndexSortConfig$$Lambda$916/0x0000000800fc6450
9275:             1             16  org.elasticsearch.index.IndexSortConfig$$Lambda$928/0x0000000800fd0968
9276:             1             16  org.elasticsearch.index.IndexSortConfig$$Lambda$929/0x0000000800fd0da0
9277:             1             16  org.elasticsearch.index.IndexingSlowLog$$Lambda$911/0x0000000800fc45f8
9278:             1             16  org.elasticsearch.index.IndexingSlowLog$$Lambda$912/0x0000000800fc4838
9279:             1             16  org.elasticsearch.index.MergePolicyConfig$$Lambda$913/0x0000000800fc53d8
9280:             1             16  org.elasticsearch.index.MergeSchedulerConfig$$Lambda$906/0x0000000800fc3138
9281:             1             16  org.elasticsearch.index.MergeSchedulerConfig$$Lambda$907/0x0000000800fc3378
9282:             1             16  org.elasticsearch.index.MergeSchedulerConfig$$Lambda$908/0x0000000800fc35b8
9283:             1             16  org.elasticsearch.index.MergeSchedulerConfig$$Lambda$909/0x0000000800fc37f8
9284:             1             16  org.elasticsearch.index.SearchSlowLog$$Lambda$910/0x0000000800fc4140
9285:             1             16  org.elasticsearch.index.analysis.AnalysisRegistry$$Lambda$5336/0x0000000801b13ea8
9286:             1             16  org.elasticsearch.index.analysis.AnalysisRegistry$$Lambda$5337/0x0000000801b14358
9287:             1             16  org.elasticsearch.index.analysis.NamedAnalyzer$1
9288:             1             16  org.elasticsearch.index.analysis.PreConfiguredCharFilter$$Lambda$1120/0x000000080100cc68
9289:             1             16  org.elasticsearch.index.analysis.TokenFilterFactory$1
9290:             1             16  org.elasticsearch.index.engine.CommitStats$$Lambda$6493/0x0000000801ce9360
9291:             1             16  org.elasticsearch.index.engine.Engine$1$$Lambda$5574/0x0000000801b70b20
9292:             1             16  org.elasticsearch.index.engine.Engine$NoOpLock
9293:             1             16  org.elasticsearch.index.engine.EngineConfig$$Lambda$925/0x0000000800fcee50
9294:             1             16  org.elasticsearch.index.engine.InternalEngine$$Lambda$5540/0x0000000801b64618
9295:             1             16  org.elasticsearch.index.engine.InternalEngine$$Lambda$6041/0x0000000801c06298
9296:             1             16  org.elasticsearch.index.engine.LuceneChangesSnapshot$$Lambda$6081/0x0000000801c22450
9297:             1             16  org.elasticsearch.index.engine.LuceneChangesSnapshot$$Lambda$6082/0x0000000801c22b20
9298:             1             16  org.elasticsearch.index.engine.SoftDeletesPolicy$$Lambda$6084/0x0000000801c22f90
9299:             1             16  org.elasticsearch.index.fielddata.FieldDataStats$$Lambda$6486/0x0000000801ce8480
9300:             1             16  org.elasticsearch.index.fielddata.IndexFieldDataService$$Lambda$921/0x0000000800fc91c8
9301:             1             16  org.elasticsearch.index.fielddata.IndexFieldDataService$$Lambda$922/0x0000000800fc9408
9302:             1             16  org.elasticsearch.index.fielddata.IndexFieldDataService$1
9303:             1             16  org.elasticsearch.index.fielddata.plain.AbstractLeafOrdinalsFieldData$$Lambda$5958/0x0000000801bf0b60
9304:             1             16  org.elasticsearch.index.fielddata.plain.AbstractLeafOrdinalsFieldData$$Lambda$5960/0x0000000801bf0da0
9305:             1             16  org.elasticsearch.index.get.ShardGetService$$Lambda$6614/0x0000000801d0f8a0
9306:             1             16  org.elasticsearch.index.mapper.AllFieldMapper$$Lambda$1605/0x0000000801116500
9307:             1             16  org.elasticsearch.index.mapper.AllFieldMapper$$Lambda$1606/0x0000000801116740
9308:             1             16  org.elasticsearch.index.mapper.BinaryFieldMapper$$Lambda$1585/0x000000080110c7c0
9309:             1             16  org.elasticsearch.index.mapper.BinaryFieldMapper$Builder$$Lambda$5588/0x0000000801b7da18
9310:             1             16  org.elasticsearch.index.mapper.BinaryFieldMapper$Builder$$Lambda$5589/0x0000000801b7dc58
9311:             1             16  org.elasticsearch.index.mapper.BooleanFieldMapper$$Lambda$1584/0x000000080110c008
9312:             1             16  org.elasticsearch.index.mapper.BooleanFieldMapper$Builder$$Lambda$5394/0x0000000801b2fac0
9313:             1             16  org.elasticsearch.index.mapper.BooleanFieldMapper$Builder$$Lambda$5395/0x0000000801b2fd00
9314:             1             16  org.elasticsearch.index.mapper.BooleanFieldMapper$Builder$$Lambda$5396/0x0000000801b30040
9315:             1             16  org.elasticsearch.index.mapper.BooleanFieldMapper$Builder$$Lambda$5397/0x0000000801b30280
9316:             1             16  org.elasticsearch.index.mapper.BooleanFieldMapper$Builder$$Lambda$5398/0x0000000801b304a0
9317:             1             16  org.elasticsearch.index.mapper.BooleanFieldMapper$Builder$$Lambda$5399/0x0000000801b306c0
9318:             1             16  org.elasticsearch.index.mapper.CompletionFieldMapper$$Lambda$1589/0x0000000801111238
9319:             1             16  org.elasticsearch.index.mapper.DateFieldMapper$$Lambda$861/0x0000000800f45150
9320:             1             16  org.elasticsearch.index.mapper.DateFieldMapper$$Lambda$862/0x0000000800f45380
9321:             1             16  org.elasticsearch.index.mapper.DateFieldMapper$Builder$$Lambda$5416/0x0000000801b318d0
9322:             1             16  org.elasticsearch.index.mapper.DateFieldMapper$Builder$$Lambda$5417/0x0000000801b31b10
9323:             1             16  org.elasticsearch.index.mapper.DateFieldMapper$Builder$$Lambda$5418/0x0000000801b31d50
9324:             1             16  org.elasticsearch.index.mapper.DateFieldMapper$Builder$$Lambda$5419/0x0000000801b31f90
9325:             1             16  org.elasticsearch.index.mapper.DateFieldMapper$Builder$$Lambda$5420/0x0000000801b321d0
9326:             1             16  org.elasticsearch.index.mapper.DateFieldMapper$Builder$$Lambda$5421/0x0000000801b323f0
9327:             1             16  org.elasticsearch.index.mapper.DateFieldMapper$Builder$$Lambda$5422/0x0000000801b32610
9328:             1             16  org.elasticsearch.index.mapper.DateFieldMapper$Builder$$Lambda$5423/0x0000000801b32850
9329:             1             16  org.elasticsearch.index.mapper.DateFieldMapper$Builder$$Lambda$5424/0x0000000801b32a90
9330:             1             16  org.elasticsearch.index.mapper.DocumentMapper$$Lambda$5491/0x0000000801b446b0
9331:             1             16  org.elasticsearch.index.mapper.DocumentMapper$$Lambda$5493/0x0000000801b44b28
9332:             1             16  org.elasticsearch.index.mapper.DocumentParser$$Lambda$5980/0x0000000801bf8fe8
9333:             1             16  org.elasticsearch.index.mapper.DynamicKeyFieldTypeLookup$$Lambda$5578/0x0000000801b7a6f0
9334:             1             16  org.elasticsearch.index.mapper.FieldAliasMapper$TypeParser
9335:             1             16  org.elasticsearch.index.mapper.FieldMapper$CopyTo
9336:             1             16  org.elasticsearch.index.mapper.FieldMapper$MultiFields$$Lambda$5475/0x0000000801b413e8
9337:             1             16  org.elasticsearch.index.mapper.FieldNamesFieldMapper$$Lambda$1580/0x0000000801101738
9338:             1             16  org.elasticsearch.index.mapper.FieldNamesFieldMapper$$Lambda$1581/0x0000000801101978
9339:             1             16  org.elasticsearch.index.mapper.FieldNamesFieldMapper$Builder$$Lambda$5478/0x0000000801b42288
9340:             1             16  org.elasticsearch.index.mapper.GeoPointFieldMapper$Builder$$Lambda$5472/0x0000000801b3e328
9341:             1             16  org.elasticsearch.index.mapper.GeoPointFieldMapper$TypeParser
9342:             1             16  org.elasticsearch.index.mapper.IdFieldMapper$$Lambda$1571/0x00000008010fc668
9343:             1             16  org.elasticsearch.index.mapper.IgnoredFieldMapper$$Lambda$1570/0x00000008010fbb98
9344:             1             16  org.elasticsearch.index.mapper.IndexFieldMapper$$Lambda$1574/0x00000008010fdf08
9345:             1             16  org.elasticsearch.index.mapper.IpFieldMapper$$Lambda$1586/0x000000080110d5c0
9346:             1             16  org.elasticsearch.index.mapper.IpFieldMapper$Builder$$Lambda$5465/0x0000000801b3b2d8
9347:             1             16  org.elasticsearch.index.mapper.IpFieldMapper$Builder$$Lambda$5466/0x0000000801b3b518
9348:             1             16  org.elasticsearch.index.mapper.IpFieldMapper$Builder$$Lambda$5467/0x0000000801b3b758
9349:             1             16  org.elasticsearch.index.mapper.IpFieldMapper$Builder$$Lambda$5468/0x0000000801b3b998
9350:             1             16  org.elasticsearch.index.mapper.IpFieldMapper$Builder$$Lambda$5469/0x0000000801b3bbd8
9351:             1             16  org.elasticsearch.index.mapper.KeywordFieldMapper$$Lambda$1588/0x00000008011102a8
9352:             1             16  org.elasticsearch.index.mapper.KeywordFieldMapper$Builder$$Lambda$5361/0x0000000801b23e78
9353:             1             16  org.elasticsearch.index.mapper.KeywordFieldMapper$Builder$$Lambda$5368/0x0000000801b253f0
9354:             1             16  org.elasticsearch.index.mapper.KeywordFieldMapper$Builder$$Lambda$5369/0x0000000801b25630
9355:             1             16  org.elasticsearch.index.mapper.KeywordFieldMapper$Builder$$Lambda$5370/0x0000000801b25870
9356:             1             16  org.elasticsearch.index.mapper.KeywordFieldMapper$Builder$$Lambda$5373/0x0000000801b25ef8
9357:             1             16  org.elasticsearch.index.mapper.KeywordFieldMapper$Builder$$Lambda$5374/0x0000000801b26138
9358:             1             16  org.elasticsearch.index.mapper.KeywordFieldMapper$Builder$$Lambda$5377/0x0000000801b267b8
9359:             1             16  org.elasticsearch.index.mapper.KeywordFieldMapper$Builder$$Lambda$5379/0x0000000801b26c30
9360:             1             16  org.elasticsearch.index.mapper.KeywordFieldMapper$Builder$$Lambda$5381/0x0000000801b272c8
9361:             1             16  org.elasticsearch.index.mapper.KeywordFieldMapper$Builder$$Lambda$5386/0x0000000801b27da8
9362:             1             16  org.elasticsearch.index.mapper.KeywordFieldMapper$Builder$$Lambda$5387/0x0000000801b28040
9363:             1             16  org.elasticsearch.index.mapper.MapperExtrasPlugin
9364:             1             16  org.elasticsearch.index.mapper.MapperExtrasPlugin$$Lambda$1748/0x0000000801123318
9365:             1             16  org.elasticsearch.index.mapper.MapperExtrasPlugin$$Lambda$1749/0x0000000801123538
9366:             1             16  org.elasticsearch.index.mapper.MapperService$$Lambda$5353/0x0000000801b1ca58
9367:             1             16  org.elasticsearch.index.mapper.MapperService$$Lambda$5354/0x0000000801b1cc98
9368:             1             16  org.elasticsearch.index.mapper.MapperService$$Lambda$5355/0x0000000801b1ced8
9369:             1             16  org.elasticsearch.index.mapper.MappingLookup$$Lambda$5981/0x0000000801bf9b48
9370:             1             16  org.elasticsearch.index.mapper.MappingLookup$$Lambda$5982/0x0000000801bf9d90
9371:             1             16  org.elasticsearch.index.mapper.MetadataFieldMapper$$Lambda$5480/0x0000000801b426f0
9372:             1             16  org.elasticsearch.index.mapper.MetadataFieldMapper$$Lambda$5481/0x0000000801b42910
9373:             1             16  org.elasticsearch.index.mapper.MetadataFieldMapper$$Lambda$5482/0x0000000801b42b30
9374:             1             16  org.elasticsearch.index.mapper.NumberFieldMapper$Builder$$Lambda$5425/0x0000000801b33110
9375:             1             16  org.elasticsearch.index.mapper.NumberFieldMapper$Builder$$Lambda$5426/0x0000000801b33350
9376:             1             16  org.elasticsearch.index.mapper.NumberFieldMapper$Builder$$Lambda$5427/0x0000000801b33590
9377:             1             16  org.elasticsearch.index.mapper.NumberFieldMapper$Builder$$Lambda$5428/0x0000000801b337d0
9378:             1             16  org.elasticsearch.index.mapper.NumberFieldMapper$Builder$$Lambda$5429/0x0000000801b33a10
9379:             1             16  org.elasticsearch.index.mapper.NumberFieldMapper$Builder$$Lambda$5430/0x0000000801b33c50
9380:             1             16  org.elasticsearch.index.mapper.NumberFieldMapper$Builder$$Lambda$5432/0x0000000801b34098
9381:             1             16  org.elasticsearch.index.mapper.ObjectMapper$$Lambda$5489/0x0000000801b43ab8
9382:             1             16  org.elasticsearch.index.mapper.ParametrizedFieldMapper$Parameter$$Lambda$5363/0x0000000801b24500
9383:             1             16  org.elasticsearch.index.mapper.ParametrizedFieldMapper$Parameter$$Lambda$5364/0x0000000801b24920
9384:             1             16  org.elasticsearch.index.mapper.ParametrizedFieldMapper$Parameter$$Lambda$5365/0x0000000801b24d40
9385:             1             16  org.elasticsearch.index.mapper.ParametrizedFieldMapper$Parameter$$Lambda$5366/0x0000000801b24f60
9386:             1             16  org.elasticsearch.index.mapper.ParametrizedFieldMapper$Parameter$$Lambda$5372/0x0000000801b25cd8
9387:             1             16  org.elasticsearch.index.mapper.ParametrizedFieldMapper$Parameter$$Lambda$5376/0x0000000801b26598
9388:             1             16  org.elasticsearch.index.mapper.ParametrizedFieldMapper$Parameter$$Lambda$5388/0x0000000801b28280
9389:             1             16  org.elasticsearch.index.mapper.ParametrizedFieldMapper$Parameter$$Lambda$5389/0x0000000801b284a0
9390:             1             16  org.elasticsearch.index.mapper.ParametrizedFieldMapper$Parameter$$Lambda$5390/0x0000000801b286c0
9391:             1             16  org.elasticsearch.index.mapper.ParametrizedFieldMapper$Parameter$$Lambda$5391/0x0000000801b28900
9392:             1             16  org.elasticsearch.index.mapper.ParametrizedFieldMapper$Parameter$$Lambda$5393/0x0000000801b28d60
9393:             1             16  org.elasticsearch.index.mapper.ParametrizedFieldMapper$Parameter$$Lambda$5412/0x0000000801b30b28
9394:             1             16  org.elasticsearch.index.mapper.ParametrizedFieldMapper$Parameter$$Lambda$5413/0x0000000801b30d48
9395:             1             16  org.elasticsearch.index.mapper.ParametrizedFieldMapper$Parameter$$Lambda$5414/0x0000000801b30f68
9396:             1             16  org.elasticsearch.index.mapper.ParametrizedFieldMapper$Parameter$$Lambda$5452/0x0000000801b37340
9397:             1             16  org.elasticsearch.index.mapper.ParametrizedFieldMapper$Parameter$$Lambda$5453/0x0000000801b37560
9398:             1             16  org.elasticsearch.index.mapper.ParametrizedFieldMapper$Parameter$$Lambda$5454/0x0000000801b37780
9399:             1             16  org.elasticsearch.index.mapper.ParametrizedFieldMapper$Parameter$$Lambda$5487/0x0000000801b43658
9400:             1             16  org.elasticsearch.index.mapper.RankFeatureFieldMapper$$Lambda$1596/0x00000008011205b8
9401:             1             16  org.elasticsearch.index.mapper.RankFeatureMetaFieldMapper$$Lambda$1601/0x0000000801122490
9402:             1             16  org.elasticsearch.index.mapper.RankFeaturesFieldMapper$$Lambda$1597/0x00000008011210b0
9403:             1             16  org.elasticsearch.index.mapper.RoutingFieldMapper$$Lambda$1572/0x00000008010fd400
9404:             1             16  org.elasticsearch.index.mapper.RoutingFieldMapper$$Lambda$1573/0x00000008010fd640
9405:             1             16  org.elasticsearch.index.mapper.RoutingFieldMapper$Builder$$Lambda$5483/0x0000000801b42d70
9406:             1             16  org.elasticsearch.index.mapper.ScaledFloatFieldMapper$$Lambda$1594/0x00000008010bddd0
9407:             1             16  org.elasticsearch.index.mapper.ScaledFloatFieldMapper$Builder$$Lambda$5400/0x0000000801123758
9408:             1             16  org.elasticsearch.index.mapper.ScaledFloatFieldMapper$Builder$$Lambda$5401/0x0000000801123998
9409:             1             16  org.elasticsearch.index.mapper.ScaledFloatFieldMapper$Builder$$Lambda$5402/0x0000000801123bd8
9410:             1             16  org.elasticsearch.index.mapper.ScaledFloatFieldMapper$Builder$$Lambda$5403/0x0000000801123e18
9411:             1             16  org.elasticsearch.index.mapper.ScaledFloatFieldMapper$Builder$$Lambda$5404/0x0000000801124038
9412:             1             16  org.elasticsearch.index.mapper.ScaledFloatFieldMapper$Builder$$Lambda$5405/0x0000000801124258
9413:             1             16  org.elasticsearch.index.mapper.ScaledFloatFieldMapper$Builder$$Lambda$5406/0x0000000801124498
9414:             1             16  org.elasticsearch.index.mapper.ScaledFloatFieldMapper$Builder$$Lambda$5407/0x00000008011246c8
9415:             1             16  org.elasticsearch.index.mapper.ScaledFloatFieldMapper$Builder$$Lambda$5408/0x00000008011248e8
9416:             1             16  org.elasticsearch.index.mapper.ScaledFloatFieldMapper$Builder$$Lambda$5409/0x0000000801124b08
9417:             1             16  org.elasticsearch.index.mapper.ScaledFloatFieldMapper$Builder$$Lambda$5410/0x0000000801124d48
9418:             1             16  org.elasticsearch.index.mapper.ScaledFloatFieldMapper$Builder$$Lambda$5415/0x0000000801124f88
9419:             1             16  org.elasticsearch.index.mapper.SearchAsYouTypeFieldMapper$$Lambda$1598/0x0000000801121be0
9420:             1             16  org.elasticsearch.index.mapper.SeqNoFieldMapper$$Lambda$1579/0x0000000801100c08
9421:             1             16  org.elasticsearch.index.mapper.SourceFieldMapper$$Lambda$1575/0x00000008010fea40
9422:             1             16  org.elasticsearch.index.mapper.SourceFieldMapper$$Lambda$1576/0x00000008010fec80
9423:             1             16  org.elasticsearch.index.mapper.SourceFieldMapper$Builder$$Lambda$5484/0x0000000801b42fb0
9424:             1             16  org.elasticsearch.index.mapper.SourceFieldMapper$Builder$$Lambda$5485/0x0000000801b431f0
9425:             1             16  org.elasticsearch.index.mapper.SourceFieldMapper$Builder$$Lambda$5488/0x0000000801b43878
9426:             1             16  org.elasticsearch.index.mapper.TextFieldMapper$$Lambda$1587/0x000000080110f5c0
9427:             1             16  org.elasticsearch.index.mapper.TextFieldMapper$Builder$$Lambda$5434/0x0000000801b34718
9428:             1             16  org.elasticsearch.index.mapper.TextFieldMapper$Builder$$Lambda$5435/0x0000000801b34958
9429:             1             16  org.elasticsearch.index.mapper.TextFieldMapper$Builder$$Lambda$5436/0x0000000801b34b98
9430:             1             16  org.elasticsearch.index.mapper.TextFieldMapper$Builder$$Lambda$5437/0x0000000801b34dd8
9431:             1             16  org.elasticsearch.index.mapper.TextFieldMapper$Builder$$Lambda$5438/0x0000000801b35018
9432:             1             16  org.elasticsearch.index.mapper.TextFieldMapper$Builder$$Lambda$5439/0x0000000801b35258
9433:             1             16  org.elasticsearch.index.mapper.TextFieldMapper$Builder$$Lambda$5440/0x0000000801b35498
9434:             1             16  org.elasticsearch.index.mapper.TextFieldMapper$Builder$$Lambda$5441/0x0000000801b356d8
9435:             1             16  org.elasticsearch.index.mapper.TextFieldMapper$Builder$$Lambda$5442/0x0000000801b35918
9436:             1             16  org.elasticsearch.index.mapper.TextFieldMapper$Builder$$Lambda$5443/0x0000000801b35b38
9437:             1             16  org.elasticsearch.index.mapper.TextFieldMapper$Builder$$Lambda$5444/0x0000000801b35d58
9438:             1             16  org.elasticsearch.index.mapper.TextFieldMapper$Builder$$Lambda$5445/0x0000000801b35f98
9439:             1             16  org.elasticsearch.index.mapper.TextFieldMapper$Builder$$Lambda$5446/0x0000000801b361d8
9440:             1             16  org.elasticsearch.index.mapper.TextFieldMapper$Builder$$Lambda$5447/0x0000000801b36648
9441:             1             16  org.elasticsearch.index.mapper.TextFieldMapper$Builder$$Lambda$5448/0x0000000801b36868
9442:             1             16  org.elasticsearch.index.mapper.TextFieldMapper$Builder$$Lambda$5449/0x0000000801b36a88
9443:             1             16  org.elasticsearch.index.mapper.TextParams$$Lambda$5380/0x0000000801b27078
9444:             1             16  org.elasticsearch.index.mapper.TextParams$$Lambda$5382/0x0000000801b27508
9445:             1             16  org.elasticsearch.index.mapper.TextParams$$Lambda$5383/0x0000000801b27728
9446:             1             16  org.elasticsearch.index.mapper.TextParams$$Lambda$5384/0x0000000801b27948
9447:             1             16  org.elasticsearch.index.mapper.TextParams$$Lambda$5385/0x0000000801b27b68
9448:             1             16  org.elasticsearch.index.mapper.TextParams$Analyzers$$Lambda$5450/0x0000000801b36ed8
9449:             1             16  org.elasticsearch.index.mapper.TextParams$Analyzers$$Lambda$5456/0x0000000801b37be8
9450:             1             16  org.elasticsearch.index.mapper.TextParams$Analyzers$$Lambda$5457/0x0000000801b38040
9451:             1             16  org.elasticsearch.index.mapper.TextParams$Analyzers$$Lambda$5460/0x0000000801b386d0
9452:             1             16  org.elasticsearch.index.mapper.TextParams$Analyzers$$Lambda$5461/0x0000000801b38900
9453:             1             16  org.elasticsearch.index.mapper.TextParams$Analyzers$$Lambda$5463/0x0000000801b38d68
9454:             1             16  org.elasticsearch.index.mapper.TokenCountFieldMapper$$Lambda$1595/0x00000008010bc840
9455:             1             16  org.elasticsearch.index.mapper.TypeFieldMapper$$Lambda$1577/0x00000008010ff210
9456:             1             16  org.elasticsearch.index.mapper.VersionFieldMapper$$Lambda$1578/0x0000000801100340
9457:             1             16  org.elasticsearch.index.query.AbstractQueryBuilder$$Lambda$6504/0x0000000801ceadb8
9458:             1             16  org.elasticsearch.index.query.AbstractQueryBuilder$$Lambda$6505/0x0000000801ceafe8
9459:             1             16  org.elasticsearch.index.query.BoolQueryBuilder$$Lambda$5674/0x0000000801b8db28
9460:             1             16  org.elasticsearch.index.query.BoolQueryBuilder$$Lambda$5675/0x0000000801b8dd48
9461:             1             16  org.elasticsearch.index.query.BoolQueryBuilder$$Lambda$5676/0x0000000801b8df78
9462:             1             16  org.elasticsearch.index.query.BoolQueryBuilder$$Lambda$5679/0x0000000801b8e5f8
9463:             1             16  org.elasticsearch.index.query.BoolQueryBuilder$$Lambda$5680/0x0000000801b8e828
9464:             1             16  org.elasticsearch.index.query.BoolQueryBuilder$$Lambda$5681/0x0000000801b8ea48
9465:             1             16  org.elasticsearch.index.query.BoolQueryBuilder$$Lambda$5682/0x0000000801b8ec78
9466:             1             16  org.elasticsearch.index.query.BoolQueryBuilder$$Lambda$5683/0x0000000801b8ee98
9467:             1             16  org.elasticsearch.index.query.BoolQueryBuilder$$Lambda$5684/0x0000000801b8f2d8
9468:             1             16  org.elasticsearch.index.query.BoolQueryBuilder$$Lambda$5686/0x0000000801b8f740
9469:             1             16  org.elasticsearch.index.query.BoolQueryBuilder$$Lambda$5687/0x0000000801b8f970
9470:             1             16  org.elasticsearch.index.query.BoolQueryBuilder$$Lambda$5688/0x0000000801b8fba0
9471:             1             16  org.elasticsearch.index.query.BoolQueryBuilder$$Lambda$5689/0x0000000801b8fdc0
9472:             1             16  org.elasticsearch.index.query.BoolQueryBuilder$$Lambda$5690/0x0000000801b90040
9473:             1             16  org.elasticsearch.index.query.BoolQueryBuilder$$Lambda$5772/0x0000000801b9e300
9474:             1             16  org.elasticsearch.index.query.BoolQueryBuilder$$Lambda$5773/0x0000000801b9e550
9475:             1             16  org.elasticsearch.index.query.MatchAllQueryBuilder$$Lambda$6503/0x0000000801ceab98
9476:             1             16  org.elasticsearch.index.query.MatchQueryBuilder$$Lambda$6535/0x0000000801cebde0
9477:             1             16  org.elasticsearch.index.query.NestedQueryBuilder$$Lambda$6318/0x0000000801c93b48
9478:             1             16  org.elasticsearch.index.query.TermsQueryBuilder$$Lambda$6036/0x0000000801c05690
9479:             1             16  org.elasticsearch.index.query.TermsQueryBuilder$$Lambda$6037/0x0000000801c058e0
9480:             1             16  org.elasticsearch.index.query.TermsQueryBuilder$$Lambda$6046/0x0000000801c0e8a8
9481:             1             16  org.elasticsearch.index.query.functionscore.ExponentialDecayFunctionBuilder$$Lambda$1634/0x000000080113fb38
9482:             1             16  org.elasticsearch.index.query.functionscore.ExponentialDecayFunctionBuilder$ExponentialDecayScoreFunction
9483:             1             16  org.elasticsearch.index.query.functionscore.GaussDecayFunctionBuilder$$Lambda$1630/0x000000080113e858
9484:             1             16  org.elasticsearch.index.query.functionscore.GaussDecayFunctionBuilder$GaussScoreFunction
9485:             1             16  org.elasticsearch.index.query.functionscore.LinearDecayFunctionBuilder$$Lambda$1632/0x000000080113f1c8
9486:             1             16  org.elasticsearch.index.query.functionscore.LinearDecayFunctionBuilder$LinearDecayScoreFunction
9487:             1             16  org.elasticsearch.index.rankeval.RankEvalAction$$Lambda$3560/0x00000008012d3d30
9488:             1             16  org.elasticsearch.index.rankeval.RankEvalNamedXContentProvider$$Lambda$2739/0x00000008012d2540
9489:             1             16  org.elasticsearch.index.rankeval.RankEvalNamedXContentProvider$$Lambda$2740/0x00000008012d2760
9490:             1             16  org.elasticsearch.index.rankeval.RankEvalNamedXContentProvider$$Lambda$2741/0x00000008012d2980
9491:             1             16  org.elasticsearch.index.rankeval.RankEvalNamedXContentProvider$$Lambda$2742/0x00000008012d2ba0
9492:             1             16  org.elasticsearch.index.rankeval.RankEvalNamedXContentProvider$$Lambda$2743/0x00000008012d2dc0
9493:             1             16  org.elasticsearch.index.rankeval.RankEvalNamedXContentProvider$$Lambda$2744/0x00000008012d2fe0
9494:             1             16  org.elasticsearch.index.rankeval.RankEvalNamedXContentProvider$$Lambda$2745/0x00000008012d3200
9495:             1             16  org.elasticsearch.index.rankeval.RankEvalNamedXContentProvider$$Lambda$2746/0x00000008012d3420
9496:             1             16  org.elasticsearch.index.rankeval.RankEvalNamedXContentProvider$$Lambda$2747/0x00000008012d3640
9497:             1             16  org.elasticsearch.index.rankeval.RankEvalNamedXContentProvider$$Lambda$2748/0x00000008012d3860
9498:             1             16  org.elasticsearch.index.rankeval.RankEvalPlugin
9499:             1             16  org.elasticsearch.index.rankeval.RankEvalPlugin$$Lambda$2601/0x00000008012b7548
9500:             1             16  org.elasticsearch.index.rankeval.RankEvalPlugin$$Lambda$2602/0x00000008012b6b40
9501:             1             16  org.elasticsearch.index.rankeval.RankEvalPlugin$$Lambda$2603/0x00000008012b6340
9502:             1             16  org.elasticsearch.index.rankeval.RankEvalPlugin$$Lambda$2604/0x00000008012d0350
9503:             1             16  org.elasticsearch.index.rankeval.RankEvalPlugin$$Lambda$2605/0x00000008012d0888
9504:             1             16  org.elasticsearch.index.rankeval.RankEvalPlugin$$Lambda$2606/0x00000008012d0d70
9505:             1             16  org.elasticsearch.index.rankeval.RankEvalPlugin$$Lambda$2607/0x00000008012d1258
9506:             1             16  org.elasticsearch.index.rankeval.RankEvalPlugin$$Lambda$2608/0x00000008012d1738
9507:             1             16  org.elasticsearch.index.rankeval.RankEvalPlugin$$Lambda$2609/0x00000008012d1c18
9508:             1             16  org.elasticsearch.index.rankeval.RankEvalPlugin$$Lambda$2610/0x00000008012d20f8
9509:             1             16  org.elasticsearch.index.rankeval.TransportRankEvalAction$$Lambda$4032/0x00000008012d44c0
9510:             1             16  org.elasticsearch.index.reindex.AbstractAsyncBulkByScrollAction$$Lambda$6304/0x0000000801c42ff8
9511:             1             16  org.elasticsearch.index.reindex.BulkByScrollResponse$$Lambda$6239/0x0000000801c86480
9512:             1             16  org.elasticsearch.index.reindex.BulkByScrollResponse$$Lambda$6240/0x0000000801c866a0
9513:             1             16  org.elasticsearch.index.reindex.BulkByScrollResponse$$Lambda$6241/0x0000000801c868d0
9514:             1             16  org.elasticsearch.index.reindex.BulkByScrollResponse$$Lambda$6242/0x0000000801c86b00
9515:             1             16  org.elasticsearch.index.reindex.BulkByScrollResponse$$Lambda$6243/0x0000000801c86d30
9516:             1             16  org.elasticsearch.index.reindex.BulkByScrollTask$Status$$Lambda$6244/0x0000000801c86f50
9517:             1             16  org.elasticsearch.index.reindex.BulkByScrollTask$Status$$Lambda$6245/0x0000000801c87190
9518:             1             16  org.elasticsearch.index.reindex.BulkByScrollTask$Status$$Lambda$6246/0x0000000801c873c0
9519:             1             16  org.elasticsearch.index.reindex.BulkByScrollTask$Status$$Lambda$6247/0x0000000801c875f0
9520:             1             16  org.elasticsearch.index.reindex.BulkByScrollTask$Status$$Lambda$6248/0x0000000801c87820
9521:             1             16  org.elasticsearch.index.reindex.BulkByScrollTask$Status$$Lambda$6249/0x0000000801c87a50
9522:             1             16  org.elasticsearch.index.reindex.BulkByScrollTask$Status$$Lambda$6250/0x0000000801c87c80
9523:             1             16  org.elasticsearch.index.reindex.BulkByScrollTask$Status$$Lambda$6251/0x0000000801c88040
9524:             1             16  org.elasticsearch.index.reindex.BulkByScrollTask$Status$$Lambda$6252/0x0000000801c88270
9525:             1             16  org.elasticsearch.index.reindex.BulkByScrollTask$Status$$Lambda$6253/0x0000000801c884a0
9526:             1             16  org.elasticsearch.index.reindex.BulkByScrollTask$Status$$Lambda$6254/0x0000000801c886d0
9527:             1             16  org.elasticsearch.index.reindex.BulkByScrollTask$Status$$Lambda$6255/0x0000000801c88900
9528:             1             16  org.elasticsearch.index.reindex.BulkByScrollTask$Status$$Lambda$6256/0x0000000801c88b30
9529:             1             16  org.elasticsearch.index.reindex.BulkByScrollTask$Status$$Lambda$6257/0x0000000801c88d60
9530:             1             16  org.elasticsearch.index.reindex.BulkByScrollTask$Status$$Lambda$6258/0x0000000801c88f90
9531:             1             16  org.elasticsearch.index.reindex.BulkByScrollTask$Status$$Lambda$6259/0x0000000801c89450
9532:             1             16  org.elasticsearch.index.reindex.DeleteByQueryAction$$Lambda$3563/0x00000008016840d8
9533:             1             16  org.elasticsearch.index.reindex.ReindexAction$$Lambda$3561/0x0000000801683c98
9534:             1             16  org.elasticsearch.index.reindex.ReindexPlugin
9535:             1             16  org.elasticsearch.index.reindex.ReindexPlugin$$Lambda$2611/0x0000000800ed8248
9536:             1             16  org.elasticsearch.index.reindex.RethrottleAction$$Lambda$3564/0x0000000801393638
9537:             1             16  org.elasticsearch.index.reindex.TransportDeleteByQueryAction$$Lambda$4016/0x0000000801393da8
9538:             1             16  org.elasticsearch.index.reindex.TransportReindexAction$$Lambda$4272/0x0000000801394848
9539:             1             16  org.elasticsearch.index.reindex.TransportRethrottleAction$$Lambda$4049/0x0000000801393fc8
9540:             1             16  org.elasticsearch.index.reindex.TransportRethrottleAction$$Lambda$4050/0x00000008013941e8
9541:             1             16  org.elasticsearch.index.reindex.TransportRethrottleAction$$Lambda$4051/0x0000000801394408
9542:             1             16  org.elasticsearch.index.reindex.TransportUpdateByQueryAction$$Lambda$4210/0x0000000801394628
9543:             1             16  org.elasticsearch.index.reindex.UpdateByQueryAction$$Lambda$3562/0x0000000801683eb8
9544:             1             16  org.elasticsearch.index.search.NestedHelper$$Lambda$5855/0x0000000801bbcd70
9545:             1             16  org.elasticsearch.index.search.NestedHelper$$Lambda$5856/0x0000000801bbcfc0
9546:             1             16  org.elasticsearch.index.search.NestedHelper$$Lambda$5857/0x0000000801bbd210
9547:             1             16  org.elasticsearch.index.search.NestedHelper$$Lambda$5859/0x0000000801bbd6a8
9548:             1             16  org.elasticsearch.index.search.NestedHelper$$Lambda$5860/0x0000000801bbd8f8
9549:             1             16  org.elasticsearch.index.search.NestedHelper$$Lambda$6360/0x0000000801cb6238
9550:             1             16  org.elasticsearch.index.search.NestedHelper$$Lambda$6361/0x0000000801cb6488
9551:             1             16  org.elasticsearch.index.search.NestedHelper$$Lambda$6362/0x0000000801cb66d8
9552:             1             16  org.elasticsearch.index.search.QueryParserHelper$$Lambda$5889/0x0000000801bca468
9553:             1             16  org.elasticsearch.index.search.stats.ShardSearchStats$$Lambda$5874/0x0000000801bc5b10
9554:             1             16  org.elasticsearch.index.seqno.GlobalCheckpointSyncAction$$Lambda$3872/0x00000008017b7c90
9555:             1             16  org.elasticsearch.index.seqno.GlobalCheckpointSyncAction$$Lambda$3873/0x00000008017b8040
9556:             1             16  org.elasticsearch.index.seqno.GlobalCheckpointSyncAction$$Lambda$6095/0x0000000801c249c8
9557:             1             16  org.elasticsearch.index.seqno.LocalCheckpointTracker$$Lambda$5514/0x0000000801b59688
9558:             1             16  org.elasticsearch.index.seqno.ReplicationTracker$$Lambda$5604/0x0000000801b81c68
9559:             1             16  org.elasticsearch.index.seqno.ReplicationTracker$$Lambda$5605/0x0000000801b81ea8
9560:             1             16  org.elasticsearch.index.seqno.ReplicationTracker$$Lambda$5607/0x0000000801b827d0
9561:             1             16  org.elasticsearch.index.seqno.ReplicationTracker$$Lambda$5608/0x0000000801b82a20
9562:             1             16  org.elasticsearch.index.seqno.ReplicationTracker$$Lambda$5609/0x0000000801b82c60
9563:             1             16  org.elasticsearch.index.seqno.ReplicationTracker$$Lambda$5610/0x0000000801b82eb0
9564:             1             16  org.elasticsearch.index.seqno.ReplicationTracker$$Lambda$5839/0x0000000801bb6178
9565:             1             16  org.elasticsearch.index.seqno.ReplicationTracker$$Lambda$6090/0x0000000801c23a48
9566:             1             16  org.elasticsearch.index.seqno.ReplicationTracker$$Lambda$6595/0x0000000801d097f8
9567:             1             16  org.elasticsearch.index.seqno.ReplicationTracker$$Lambda$6598/0x0000000801d09ef8
9568:             1             16  org.elasticsearch.index.seqno.RetentionLease$$Lambda$5559/0x0000000801b6d0a0
9569:             1             16  org.elasticsearch.index.seqno.RetentionLeaseActions$Add$$Lambda$3652/0x00000008016859a0
9570:             1             16  org.elasticsearch.index.seqno.RetentionLeaseActions$Add$TransportAction$$Lambda$4017/0x00000008017c6920
9571:             1             16  org.elasticsearch.index.seqno.RetentionLeaseActions$Remove$$Lambda$3654/0x00000008016865b0
9572:             1             16  org.elasticsearch.index.seqno.RetentionLeaseActions$Remove$TransportAction$$Lambda$4245/0x00000008017ea290
9573:             1             16  org.elasticsearch.index.seqno.RetentionLeaseActions$Renew$$Lambda$3653/0x00000008016860f0
9574:             1             16  org.elasticsearch.index.seqno.RetentionLeaseActions$Renew$TransportAction$$Lambda$4034/0x00000008017c7a38
9575:             1             16  org.elasticsearch.index.seqno.RetentionLeaseBackgroundSyncAction$$Lambda$3877/0x00000008017b88e0
9576:             1             16  org.elasticsearch.index.seqno.RetentionLeaseBackgroundSyncAction$$Lambda$3878/0x00000008017b8b00
9577:             1             16  org.elasticsearch.index.seqno.RetentionLeaseSyncAction$$Lambda$3874/0x00000008017b8260
9578:             1             16  org.elasticsearch.index.seqno.RetentionLeaseSyncAction$$Lambda$3875/0x00000008017b8480
9579:             1             16  org.elasticsearch.index.seqno.RetentionLeaseSyncAction$$Lambda$3876/0x00000008017b86a0
9580:             1             16  org.elasticsearch.index.seqno.RetentionLeaseSyncer$$Lambda$3879/0x00000008017b8d20
9581:             1             16  org.elasticsearch.index.seqno.RetentionLeaseSyncer$$Lambda$3880/0x00000008017b8f40
9582:             1             16  org.elasticsearch.index.seqno.RetentionLeaseSyncer$$Lambda$3881/0x00000008017b9160
9583:             1             16  org.elasticsearch.index.seqno.RetentionLeaseSyncer$$Lambda$3882/0x00000008017b9388
9584:             1             16  org.elasticsearch.index.seqno.RetentionLeases$$Lambda$5502/0x0000000801b54310
9585:             1             16  org.elasticsearch.index.seqno.RetentionLeases$$Lambda$5503/0x0000000801b54550
9586:             1             16  org.elasticsearch.index.seqno.RetentionLeases$$Lambda$5504/0x0000000801b54798
9587:             1             16  org.elasticsearch.index.seqno.RetentionLeases$$Lambda$5505/0x0000000801b549b8
9588:             1             16  org.elasticsearch.index.seqno.RetentionLeases$$Lambda$5506/0x0000000801b54bf8
9589:             1             16  org.elasticsearch.index.seqno.RetentionLeases$$Lambda$5558/0x0000000801b6ce80
9590:             1             16  org.elasticsearch.index.shard.IndexShard$5$$Lambda$6025/0x0000000801c04fb0
9591:             1             16  org.elasticsearch.index.similarity.ScriptedSimilarityProvider
9592:             1             16  org.elasticsearch.index.similarity.SimilarityService$$Lambda$5338/0x0000000801b167b0
9593:             1             16  org.elasticsearch.index.similarity.SimilarityService$$Lambda$5339/0x0000000801b169f0
9594:             1             16  org.elasticsearch.index.similarity.SimilarityService$$Lambda$5340/0x0000000801b16c30
9595:             1             16  org.elasticsearch.index.similarity.SimilarityService$$Lambda$5341/0x0000000801b16e70
9596:             1             16  org.elasticsearch.index.similarity.SimilarityService$$Lambda$5342/0x0000000801b17090
9597:             1             16  org.elasticsearch.index.similarity.SimilarityService$$Lambda$5343/0x0000000801b172b0
9598:             1             16  org.elasticsearch.index.similarity.SimilarityService$$Lambda$5344/0x0000000801b174d0
9599:             1             16  org.elasticsearch.index.similarity.SimilarityService$$Lambda$5345/0x0000000801b176f0
9600:             1             16  org.elasticsearch.index.similarity.SimilarityService$$Lambda$5346/0x0000000801b17910
9601:             1             16  org.elasticsearch.index.similarity.SimilarityService$$Lambda$5347/0x0000000801b17b30
9602:             1             16  org.elasticsearch.index.similarity.SimilarityService$$Lambda$5348/0x0000000801b17d50
9603:             1             16  org.elasticsearch.index.similarity.SimilarityService$$Lambda$5350/0x0000000801b1b8d0
9604:             1             16  org.elasticsearch.index.store.FsDirectoryFactory
9605:             1             16  org.elasticsearch.index.store.FsDirectoryFactory$$Lambda$923/0x0000000800fce088
9606:             1             16  org.elasticsearch.index.store.Store$$Lambda$5522/0x0000000801b5b578
9607:             1             16  org.elasticsearch.index.store.Store$$Lambda$5523/0x0000000801b5b810
9608:             1             16  org.elasticsearch.index.translog.BufferedChecksumStreamInput$$Lambda$5536/0x0000000801b5fbe0
9609:             1             16  org.elasticsearch.index.translog.MultiSnapshot$$Lambda$5601/0x0000000801b80d38
9610:             1             16  org.elasticsearch.index.translog.Translog$$Lambda$5527/0x0000000801b5cc30
9611:             1             16  org.elasticsearch.index.translog.Translog$$Lambda$5528/0x0000000801b5d530
9612:             1             16  org.elasticsearch.index.translog.Translog$$Lambda$5529/0x0000000801b5d750
9613:             1             16  org.elasticsearch.index.translog.Translog$$Lambda$5530/0x0000000801b5db90
9614:             1             16  org.elasticsearch.index.translog.Translog$$Lambda$5542/0x0000000801b66610
9615:             1             16  org.elasticsearch.index.translog.Translog$$Lambda$5555/0x0000000801b6c5c8
9616:             1             16  org.elasticsearch.index.translog.Translog$$Lambda$5570/0x0000000801b6ef08
9617:             1             16  org.elasticsearch.index.translog.Translog$$Lambda$5598/0x0000000801b80040
9618:             1             16  org.elasticsearch.index.translog.Translog$$Lambda$5599/0x0000000801b80670
9619:             1             16  org.elasticsearch.index.translog.Translog$$Lambda$5600/0x0000000801b80890
9620:             1             16  org.elasticsearch.index.translog.Translog$$Lambda$6026/0x0000000801c051f0
9621:             1             16  org.elasticsearch.index.translog.Translog$$Lambda$6456/0x0000000801ce19c0
9622:             1             16  org.elasticsearch.index.translog.TranslogDeletionPolicy$$Lambda$5566/0x0000000801b6e010
9623:             1             16  org.elasticsearch.indices.IndicesModule$$Lambda$1607/0x0000000801116980
9624:             1             16  org.elasticsearch.indices.IndicesModule$$Lambda$1608/0x0000000801116ba0
9625:             1             16  org.elasticsearch.indices.IndicesModule$$Lambda$1609/0x0000000801116dc0
9626:             1             16  org.elasticsearch.indices.IndicesModule$$Lambda$2613/0x0000000801276b00
9627:             1             16  org.elasticsearch.indices.IndicesModule$$Lambda$2614/0x0000000801276d20
9628:             1             16  org.elasticsearch.indices.IndicesModule$$Lambda$2615/0x0000000801276f40
9629:             1             16  org.elasticsearch.indices.IndicesRequestCache$$Lambda$2799/0x0000000801301108
9630:             1             16  org.elasticsearch.indices.IndicesService$$Lambda$2797/0x0000000801300a80
9631:             1             16  org.elasticsearch.indices.IndicesService$$Lambda$2798/0x0000000801300ca8
9632:             1             16  org.elasticsearch.indices.IndicesService$$Lambda$2800/0x0000000801302358
9633:             1             16  org.elasticsearch.indices.IndicesService$$Lambda$2801/0x00000008013027c8
9634:             1             16  org.elasticsearch.indices.IndicesService$$Lambda$2802/0x00000008013032f0
9635:             1             16  org.elasticsearch.indices.IndicesService$$Lambda$5309/0x0000000801aff520
9636:             1             16  org.elasticsearch.indices.ShardLimitValidator
9637:             1             16  org.elasticsearch.indices.ShardLimitValidator$$Lambda$2803/0x0000000801303768
9638:             1             16  org.elasticsearch.indices.SystemIndices$$Lambda$2786/0x00000008012dc958
9639:             1             16  org.elasticsearch.indices.SystemIndices$$Lambda$2787/0x00000008012dcb98
9640:             1             16  org.elasticsearch.indices.SystemIndices$$Lambda$2793/0x00000008012ddd00
9641:             1             16  org.elasticsearch.indices.SystemIndices$$Lambda$2794/0x00000008012ddf40
9642:             1             16  org.elasticsearch.indices.SystemIndices$$Lambda$2795/0x00000008012de180
9643:             1             16  org.elasticsearch.indices.analysis.AnalysisModule$$Lambda$1051/0x0000000800ff8510
9644:             1             16  org.elasticsearch.indices.analysis.AnalysisModule$$Lambda$1052/0x0000000800ff8750
9645:             1             16  org.elasticsearch.indices.analysis.AnalysisModule$$Lambda$1071/0x0000000800ffbeb8
9646:             1             16  org.elasticsearch.indices.analysis.AnalysisModule$$Lambda$1072/0x0000000800ffc0f8
9647:             1             16  org.elasticsearch.indices.analysis.AnalysisModule$$Lambda$1073/0x0000000800ffc860
9648:             1             16  org.elasticsearch.indices.analysis.AnalysisModule$$Lambda$1074/0x0000000800ffcfd0
9649:             1             16  org.elasticsearch.indices.analysis.AnalysisModule$$Lambda$1075/0x0000000800ffd738
9650:             1             16  org.elasticsearch.indices.analysis.AnalysisModule$$Lambda$1076/0x0000000800ffdc10
9651:             1             16  org.elasticsearch.indices.analysis.AnalysisModule$$Lambda$1077/0x0000000800ffde50
9652:             1             16  org.elasticsearch.indices.analysis.AnalysisModule$$Lambda$1118/0x000000080100c110
9653:             1             16  org.elasticsearch.indices.analysis.AnalysisModule$$Lambda$1122/0x000000080100d950
9654:             1             16  org.elasticsearch.indices.analysis.AnalysisModule$$Lambda$1124/0x000000080100e030
9655:             1             16  org.elasticsearch.indices.analysis.AnalysisModule$$Lambda$1173/0x000000080100ed58
9656:             1             16  org.elasticsearch.indices.analysis.AnalysisModule$$Lambda$979/0x0000000800fd84a0
9657:             1             16  org.elasticsearch.indices.analysis.AnalysisModule$$Lambda$983/0x0000000800fd8fa8
9658:             1             16  org.elasticsearch.indices.analysis.AnalysisModule$$Lambda$985/0x0000000800fd9e28
9659:             1             16  org.elasticsearch.indices.analysis.AnalysisModule$$Lambda$986/0x0000000800fda580
9660:             1             16  org.elasticsearch.indices.analysis.AnalysisModule$$Lambda$987/0x0000000800fda7c0
9661:             1             16  org.elasticsearch.indices.analysis.AnalysisModule$$Lambda$988/0x0000000800fdaa08
9662:             1             16  org.elasticsearch.indices.analysis.AnalysisModule$1
9663:             1             16  org.elasticsearch.indices.breaker.BreakerSettings$$Lambda$1234/0x00000008010493c8
9664:             1             16  org.elasticsearch.indices.breaker.BreakerSettings$$Lambda$1235/0x0000000801049608
9665:             1             16  org.elasticsearch.indices.breaker.BreakerSettings$$Lambda$1236/0x0000000801049848
9666:             1             16  org.elasticsearch.indices.breaker.BreakerSettings$$Lambda$1237/0x0000000801049cd0
9667:             1             16  org.elasticsearch.indices.breaker.BreakerSettings$$Lambda$1238/0x0000000801049f10
9668:             1             16  org.elasticsearch.indices.breaker.HierarchyCircuitBreakerService$$Lambda$1260/0x0000000801055a58
9669:             1             16  org.elasticsearch.indices.breaker.HierarchyCircuitBreakerService$$Lambda$1261/0x0000000801055c98
9670:             1             16  org.elasticsearch.indices.breaker.HierarchyCircuitBreakerService$$Lambda$1262/0x0000000801055ed8
9671:             1             16  org.elasticsearch.indices.breaker.HierarchyCircuitBreakerService$$Lambda$1263/0x0000000801056118
9672:             1             16  org.elasticsearch.indices.breaker.HierarchyCircuitBreakerService$$Lambda$1264/0x0000000801056358
9673:             1             16  org.elasticsearch.indices.breaker.HierarchyCircuitBreakerService$$Lambda$2336/0x0000000801268fd8
9674:             1             16  org.elasticsearch.indices.breaker.HierarchyCircuitBreakerService$$Lambda$2339/0x0000000801269d28
9675:             1             16  org.elasticsearch.indices.breaker.HierarchyCircuitBreakerService$$Lambda$2340/0x0000000801269f60
9676:             1             16  org.elasticsearch.indices.breaker.HierarchyCircuitBreakerService$$Lambda$2341/0x000000080126a198
9677:             1             16  org.elasticsearch.indices.breaker.HierarchyCircuitBreakerService$$Lambda$2342/0x000000080126a3d0
9678:             1             16  org.elasticsearch.indices.breaker.HierarchyCircuitBreakerService$$Lambda$2343/0x000000080126a608
9679:             1             16  org.elasticsearch.indices.breaker.HierarchyCircuitBreakerService$$Lambda$2344/0x000000080126a840
9680:             1             16  org.elasticsearch.indices.breaker.HierarchyCircuitBreakerService$$Lambda$2345/0x000000080126aa78
9681:             1             16  org.elasticsearch.indices.breaker.HierarchyCircuitBreakerService$$Lambda$2346/0x000000080126acb0
9682:             1             16  org.elasticsearch.indices.breaker.HierarchyCircuitBreakerService$$Lambda$2351/0x000000080126bc68
9683:             1             16  org.elasticsearch.indices.breaker.HierarchyCircuitBreakerService$$Lambda$2352/0x000000080126be88
9684:             1             16  org.elasticsearch.indices.breaker.HierarchyCircuitBreakerService$$Lambda$2353/0x000000080126c0d8
9685:             1             16  org.elasticsearch.indices.breaker.HierarchyCircuitBreakerService$$Lambda$2354/0x000000080126c300
9686:             1             16  org.elasticsearch.indices.cluster.IndicesClusterStateService$$Lambda$3883/0x00000008017b95b0
9687:             1             16  org.elasticsearch.indices.cluster.IndicesClusterStateService$$Lambda$3884/0x00000008017b97d0
9688:             1             16  org.elasticsearch.indices.cluster.IndicesClusterStateService$$Lambda$5306/0x0000000801afe720
9689:             1             16  org.elasticsearch.indices.cluster.IndicesClusterStateService$FailedShardHandler
9690:             1             16  org.elasticsearch.indices.flush.SyncedFlushService$$Lambda$3866/0x00000008017b6270
9691:             1             16  org.elasticsearch.indices.flush.SyncedFlushService$$Lambda$3867/0x00000008017b6900
9692:             1             16  org.elasticsearch.indices.flush.SyncedFlushService$$Lambda$3868/0x00000008017b6f88
9693:             1             16  org.elasticsearch.indices.flush.SyncedFlushService$InFlightOpCountTransportHandler
9694:             1             16  org.elasticsearch.indices.flush.SyncedFlushService$PreSyncedFlushTransportHandler
9695:             1             16  org.elasticsearch.indices.flush.SyncedFlushService$SyncedFlushTransportHandler
9696:             1             16  org.elasticsearch.indices.recovery.MultiChunkTransfer$$Lambda$5791/0x0000000801baaf18
9697:             1             16  org.elasticsearch.indices.recovery.MultiFileWriter$FileChunkWriter$$Lambda$5517/0x0000000801b5aed8
9698:             1             16  org.elasticsearch.indices.recovery.PeerRecoverySourceService$$Lambda$3825/0x000000080176e798
9699:             1             16  org.elasticsearch.indices.recovery.PeerRecoverySourceService$$Lambda$3826/0x000000080176eeb0
9700:             1             16  org.elasticsearch.indices.recovery.PeerRecoverySourceService$OngoingRecoveries$$Lambda$5700/0x0000000801b92b20
9701:             1             16  org.elasticsearch.indices.recovery.PeerRecoverySourceService$ReestablishRecoveryTransportRequestHandler
9702:             1             16  org.elasticsearch.indices.recovery.PeerRecoverySourceService$StartRecoveryTransportRequestHandler
9703:             1             16  org.elasticsearch.indices.recovery.PeerRecoveryTargetService$$Lambda$3827/0x000000080176fad0
9704:             1             16  org.elasticsearch.indices.recovery.PeerRecoveryTargetService$$Lambda$3828/0x00000008017702f0
9705:             1             16  org.elasticsearch.indices.recovery.PeerRecoveryTargetService$$Lambda$3829/0x0000000801770a20
9706:             1             16  org.elasticsearch.indices.recovery.PeerRecoveryTargetService$$Lambda$3830/0x0000000801771140
9707:             1             16  org.elasticsearch.indices.recovery.PeerRecoveryTargetService$$Lambda$3831/0x0000000801771888
9708:             1             16  org.elasticsearch.indices.recovery.PeerRecoveryTargetService$$Lambda$3832/0x00000008017721c8
9709:             1             16  org.elasticsearch.indices.recovery.PeerRecoveryTargetService$$Lambda$3833/0x00000008017728e0
9710:             1             16  org.elasticsearch.indices.recovery.PeerRecoveryTargetService$$Lambda$5513/0x0000000801b59238
9711:             1             16  org.elasticsearch.indices.recovery.PeerRecoveryTargetService$CleanFilesRequestHandler
9712:             1             16  org.elasticsearch.indices.recovery.PeerRecoveryTargetService$FilesInfoRequestHandler
9713:             1             16  org.elasticsearch.indices.recovery.PeerRecoveryTargetService$FinalizeRecoveryRequestHandler
9714:             1             16  org.elasticsearch.indices.recovery.PeerRecoveryTargetService$HandoffPrimaryContextRequestHandler
9715:             1             16  org.elasticsearch.indices.recovery.PeerRecoveryTargetService$PrepareForTranslogOperationsRequestHandler
9716:             1             16  org.elasticsearch.indices.recovery.PeerRecoveryTargetService$TranslogOperationsRequestHandler
9717:             1             16  org.elasticsearch.indices.recovery.RecoveryResponse$$Lambda$5581/0x0000000801b7b630
9718:             1             16  org.elasticsearch.indices.recovery.RecoveryResponse$$Lambda$5582/0x0000000801b7b850
9719:             1             16  org.elasticsearch.indices.recovery.RecoveryResponse$$Lambda$5999/0x0000000801bfc2c8
9720:             1             16  org.elasticsearch.indices.recovery.RecoveryResponse$$Lambda$6000/0x0000000801bfc4e8
9721:             1             16  org.elasticsearch.indices.recovery.RecoverySettings$$Lambda$1246/0x000000080104fcf0
9722:             1             16  org.elasticsearch.indices.recovery.RecoverySettings$$Lambda$1247/0x0000000801050040
9723:             1             16  org.elasticsearch.indices.recovery.RecoverySettings$$Lambda$3707/0x00000008017198b0
9724:             1             16  org.elasticsearch.indices.recovery.RecoverySettings$$Lambda$3708/0x0000000801719ae8
9725:             1             16  org.elasticsearch.indices.recovery.RecoverySettings$$Lambda$3709/0x0000000801719d20
9726:             1             16  org.elasticsearch.indices.recovery.RecoverySettings$$Lambda$3710/0x0000000801719f58
9727:             1             16  org.elasticsearch.indices.recovery.RecoverySettings$$Lambda$3711/0x000000080171a190
9728:             1             16  org.elasticsearch.indices.recovery.RecoverySettings$$Lambda$3712/0x000000080171a3c8
9729:             1             16  org.elasticsearch.indices.recovery.RecoverySettings$$Lambda$3713/0x000000080171a600
9730:             1             16  org.elasticsearch.indices.recovery.RecoverySettings$$Lambda$3714/0x000000080171a838
9731:             1             16  org.elasticsearch.indices.recovery.RecoverySourceHandler$$Lambda$5783/0x0000000801ba8c70
9732:             1             16  org.elasticsearch.indices.recovery.RemoteRecoveryTargetHandler$$Lambda$5738/0x0000000801b98f88
9733:             1             16  org.elasticsearch.indices.recovery.RemoteRecoveryTargetHandler$$Lambda$5741/0x0000000801b99608
9734:             1             16  org.elasticsearch.indices.recovery.RemoteRecoveryTargetHandler$$Lambda$5803/0x0000000801bace20
9735:             1             16  org.elasticsearch.indices.recovery.RemoteRecoveryTargetHandler$$Lambda$5804/0x0000000801bad040
9736:             1             16  org.elasticsearch.indices.recovery.RemoteRecoveryTargetHandler$$Lambda$5848/0x0000000801bb91d8
9737:             1             16  org.elasticsearch.indices.recovery.RemoteRecoveryTargetHandler$$Lambda$5849/0x0000000801bb9910
9738:             1             16  org.elasticsearch.indices.recovery.RemoteRecoveryTargetHandler$$Lambda$5877/0x0000000801bc6448
9739:             1             16  org.elasticsearch.indices.recovery.RemoteRecoveryTargetHandler$$Lambda$5878/0x0000000801bc6668
9740:             1             16  org.elasticsearch.indices.recovery.RemoteRecoveryTargetHandler$$Lambda$5913/0x0000000801bd3080
9741:             1             16  org.elasticsearch.indices.recovery.RemoteRecoveryTargetHandler$$Lambda$5915/0x0000000801bd34c0
9742:             1             16  org.elasticsearch.indices.recovery.RemoteRecoveryTargetHandler$$Lambda$5991/0x0000000801bfb160
9743:             1             16  org.elasticsearch.indices.recovery.RemoteRecoveryTargetHandler$$Lambda$5992/0x0000000801bfb380
9744:             1             16  org.elasticsearch.indices.store.IndicesStore$$Lambda$3865/0x00000008017b5bd0
9745:             1             16  org.elasticsearch.indices.store.IndicesStore$ShardActiveRequestHandler
9746:             1             16  org.elasticsearch.indices.store.TransportNodesListShardStoreMetadata$$Lambda$3840/0x00000008017b08f0
9747:             1             16  org.elasticsearch.indices.store.TransportNodesListShardStoreMetadata$$Lambda$3841/0x00000008017b0b10
9748:             1             16  org.elasticsearch.indices.store.TransportNodesListShardStoreMetadata$$Lambda$3842/0x00000008017b0d30
9749:             1             16  org.elasticsearch.ingest.CompoundProcessor$$Lambda$4909/0x0000000801993a60
9750:             1             16  org.elasticsearch.ingest.CompoundProcessor$$Lambda$6559/0x0000000801ced658
9751:             1             16  org.elasticsearch.ingest.ConditionalProcessor$$Lambda$6424/0x0000000801cc2ac0
9752:             1             16  org.elasticsearch.ingest.ConditionalProcessor$$Lambda$6425/0x0000000801cc2d00
9753:             1             16  org.elasticsearch.ingest.DropProcessor$Factory
9754:             1             16  org.elasticsearch.ingest.IngestMetadata
9755:             1             16  org.elasticsearch.ingest.IngestMetadata$$Lambda$4903/0x00000008019921e8
9756:             1             16  org.elasticsearch.ingest.IngestMetadata$$Lambda$4904/0x0000000801992408
9757:             1             16  org.elasticsearch.ingest.IngestMetadata$IngestMetadataDiff$$Lambda$4913/0x0000000801994598
9758:             1             16  org.elasticsearch.ingest.IngestMetadata$IngestMetadataDiff$$Lambda$4914/0x00000008019947b8
9759:             1             16  org.elasticsearch.ingest.IngestService$$Lambda$1319/0x000000080108c420
9760:             1             16  org.elasticsearch.ingest.IngestService$$Lambda$1320/0x000000080108c648
9761:             1             16  org.elasticsearch.ingest.IngestStats$Builder$$Lambda$5079/0x0000000801a29d68
9762:             1             16  org.elasticsearch.ingest.Pipeline$$Lambda$4911/0x0000000801993eb8
9763:             1             16  org.elasticsearch.ingest.PipelineConfiguration$$Lambda$4905/0x0000000801992b00
9764:             1             16  org.elasticsearch.ingest.PipelineConfiguration$$Lambda$4906/0x0000000801992d20
9765:             1             16  org.elasticsearch.ingest.PipelineConfiguration$$Lambda$4907/0x0000000801992f50
9766:             1             16  org.elasticsearch.ingest.PipelineConfiguration$$Lambda$4908/0x0000000801993170
9767:             1             16  org.elasticsearch.ingest.PipelineProcessor$Factory
9768:             1             16  org.elasticsearch.ingest.ValueSource$TemplatedValue
9769:             1             16  org.elasticsearch.ingest.common.AppendProcessor$Factory
9770:             1             16  org.elasticsearch.ingest.common.BytesProcessor$Factory
9771:             1             16  org.elasticsearch.ingest.common.ConvertProcessor$Factory
9772:             1             16  org.elasticsearch.ingest.common.CsvProcessor$Factory
9773:             1             16  org.elasticsearch.ingest.common.DateIndexNameProcessor$Factory
9774:             1             16  org.elasticsearch.ingest.common.DateProcessor$Factory
9775:             1             16  org.elasticsearch.ingest.common.DissectProcessor$Factory
9776:             1             16  org.elasticsearch.ingest.common.DotExpanderProcessor$Factory
9777:             1             16  org.elasticsearch.ingest.common.FailProcessor$Factory
9778:             1             16  org.elasticsearch.ingest.common.ForEachProcessor$Factory
9779:             1             16  org.elasticsearch.ingest.common.GrokProcessorGetAction$$Lambda$3520/0x00000008010b6eb0
9780:             1             16  org.elasticsearch.ingest.common.GrokProcessorGetAction$TransportAction$$Lambda$4188/0x00000008010b75a8
9781:             1             16  org.elasticsearch.ingest.common.GsubProcessor$Factory
9782:             1             16  org.elasticsearch.ingest.common.HtmlStripProcessor$Factory
9783:             1             16  org.elasticsearch.ingest.common.IngestCommonPlugin
9784:             1             16  org.elasticsearch.ingest.common.IngestCommonPlugin$$Lambda$1354/0x00000008010b4a28
9785:             1             16  org.elasticsearch.ingest.common.JoinProcessor$Factory
9786:             1             16  org.elasticsearch.ingest.common.JsonProcessor$Factory
9787:             1             16  org.elasticsearch.ingest.common.KeyValueProcessor$Factory
9788:             1             16  org.elasticsearch.ingest.common.LowercaseProcessor$Factory
9789:             1             16  org.elasticsearch.ingest.common.RemoveProcessor$Factory
9790:             1             16  org.elasticsearch.ingest.common.RenameProcessor$Factory
9791:             1             16  org.elasticsearch.ingest.common.ScriptProcessor$$Lambda$4930/0x00000008019e8040
9792:             1             16  org.elasticsearch.ingest.common.ScriptProcessor$Factory
9793:             1             16  org.elasticsearch.ingest.common.SetProcessor$Factory
9794:             1             16  org.elasticsearch.ingest.common.SortProcessor$Factory
9795:             1             16  org.elasticsearch.ingest.common.SplitProcessor$Factory
9796:             1             16  org.elasticsearch.ingest.common.TrimProcessor$Factory
9797:             1             16  org.elasticsearch.ingest.common.URLDecodeProcessor$Factory
9798:             1             16  org.elasticsearch.ingest.common.UppercaseProcessor$Factory
9799:             1             16  org.elasticsearch.ingest.geoip.IngestGeoIpPlugin
9800:             1             16  org.elasticsearch.ingest.geoip.IngestGeoIpPlugin$GeoIpCache
9801:             1             16  org.elasticsearch.ingest.useragent.IngestUserAgentPlugin
9802:             1             16  org.elasticsearch.ingest.useragent.UserAgentCache
9803:             1             16  org.elasticsearch.ingest.useragent.UserAgentProcessor$Factory
9804:             1             16  org.elasticsearch.join.ParentJoinPlugin
9805:             1             16  org.elasticsearch.join.ParentJoinPlugin$$Lambda$1740/0x000000080112fa70
9806:             1             16  org.elasticsearch.join.ParentJoinPlugin$$Lambda$1741/0x000000080112fc90
9807:             1             16  org.elasticsearch.join.ParentJoinPlugin$$Lambda$1742/0x000000080112f400
9808:             1             16  org.elasticsearch.join.ParentJoinPlugin$$Lambda$1743/0x0000000801178040
9809:             1             16  org.elasticsearch.join.ParentJoinPlugin$$Lambda$1744/0x00000008011785e0
9810:             1             16  org.elasticsearch.join.ParentJoinPlugin$$Lambda$1745/0x0000000801178800
9811:             1             16  org.elasticsearch.join.ParentJoinPlugin$$Lambda$2192/0x00000008011790a0
9812:             1             16  org.elasticsearch.join.ParentJoinPlugin$$Lambda$2193/0x00000008011792c0
9813:             1             16  org.elasticsearch.join.ParentJoinPlugin$$Lambda$2194/0x0000000801179ae8
9814:             1             16  org.elasticsearch.join.ParentJoinPlugin$$Lambda$2195/0x000000080117a388
9815:             1             16  org.elasticsearch.join.ParentJoinPlugin$$Lambda$2196/0x000000080117a5a8
9816:             1             16  org.elasticsearch.join.ParentJoinPlugin$$Lambda$2197/0x000000080117add0
9817:             1             16  org.elasticsearch.join.mapper.ParentJoinFieldMapper$TypeParser
9818:             1             16  org.elasticsearch.kibana.KibanaPlugin
9819:             1             16  org.elasticsearch.kibana.KibanaPlugin$$Lambda$2784/0x00000008012b3840
9820:             1             16  org.elasticsearch.kibana.KibanaPlugin$KibanaWrappedRestHandler$$Lambda$4479/0x0000000801721040
9821:             1             16  org.elasticsearch.license.DeleteLicenseAction$$Lambda$3437/0x0000000801631ca0
9822:             1             16  org.elasticsearch.license.GetBasicStatusAction$$Lambda$3441/0x0000000801634028
9823:             1             16  org.elasticsearch.license.GetLicenseAction$$Lambda$3436/0x0000000801631810
9824:             1             16  org.elasticsearch.license.GetTrialStatusAction$$Lambda$3439/0x0000000801632f48
9825:             1             16  org.elasticsearch.license.License$$Lambda$4897/0x000000080198c408
9826:             1             16  org.elasticsearch.license.LicenseService$$Lambda$2836/0x00000008013133c0
9827:             1             16  org.elasticsearch.license.LicenseService$$Lambda$4898/0x000000080198ccf8
9828:             1             16  org.elasticsearch.license.LicenseService$$Lambda$595/0x0000000800dc5f08
9829:             1             16  org.elasticsearch.license.LicenseService$$Lambda$596/0x0000000800dc6390
9830:             1             16  org.elasticsearch.license.LicenseService$$Lambda$597/0x0000000800dc67c8
9831:             1             16  org.elasticsearch.license.LicenseService$$Lambda$598/0x0000000800dc6a18
9832:             1             16  org.elasticsearch.license.LicenseService$$Lambda$599/0x0000000800dc6c58
9833:             1             16  org.elasticsearch.license.LicenseService$$Lambda$600/0x0000000800dc6e98
9834:             1             16  org.elasticsearch.license.Licensing
9835:             1             16  org.elasticsearch.license.PostStartBasicAction$$Lambda$3440/0x0000000801633900
9836:             1             16  org.elasticsearch.license.PostStartTrialAction$$Lambda$3438/0x0000000801632820
9837:             1             16  org.elasticsearch.license.PutLicenseAction$$Lambda$3435/0x0000000801631138
9838:             1             16  org.elasticsearch.license.TransportDeleteLicenseAction$$Lambda$3985/0x00000008017d0260
9839:             1             16  org.elasticsearch.license.TransportGetBasicStatusAction$$Lambda$4078/0x00000008017d1398
9840:             1             16  org.elasticsearch.license.TransportGetFeatureUsageAction$$Lambda$3442/0x0000000801634970
9841:             1             16  org.elasticsearch.license.TransportGetFeatureUsageAction$$Lambda$4224/0x00000008017d2750
9842:             1             16  org.elasticsearch.license.TransportGetLicenseAction$$Lambda$4087/0x00000008017d15b8
9843:             1             16  org.elasticsearch.license.TransportGetTrialStatusAction$$Lambda$3948/0x00000008017af600
9844:             1             16  org.elasticsearch.license.TransportPostStartBasicAction$$Lambda$4066/0x00000008017d0f58
9845:             1             16  org.elasticsearch.license.TransportPostStartTrialAction$$Lambda$4047/0x00000008017d0d38
9846:             1             16  org.elasticsearch.license.TransportPutLicenseAction$$Lambda$3958/0x00000008017af820
9847:             1             16  org.elasticsearch.license.XPackLicenseState$$Lambda$323/0x0000000800d4a448
9848:             1             16  org.elasticsearch.license.XPackLicenseState$$Lambda$324/0x0000000800d4a678
9849:             1             16  org.elasticsearch.license.XPackLicenseState$$Lambda$325/0x0000000800d4a8a8
9850:             1             16  org.elasticsearch.license.XPackLicenseState$$Lambda$326/0x0000000800d4aad8
9851:             1             16  org.elasticsearch.license.XPackLicenseState$$Lambda$327/0x0000000800d4ad08
9852:             1             16  org.elasticsearch.license.XPackLicenseState$$Lambda$328/0x0000000800d4af38
9853:             1             16  org.elasticsearch.license.XPackLicenseState$$Lambda$329/0x0000000800d4b168
9854:             1             16  org.elasticsearch.license.XPackLicenseState$$Lambda$330/0x0000000800d4b398
9855:             1             16  org.elasticsearch.license.XPackLicenseState$$Lambda$331/0x0000000800d4b5c8
9856:             1             16  org.elasticsearch.license.XPackLicenseState$$Lambda$400/0x0000000800d67530
9857:             1             16  org.elasticsearch.license.XPackLicenseState$$Lambda$4901/0x000000080198d7d8
9858:             1             16  org.elasticsearch.license.XPackLicenseState$$Lambda$4902/0x000000080198da08
9859:             1             16  org.elasticsearch.monitor.fs.FsHealthService$$Lambda$1390/0x00000008010c5398
9860:             1             16  org.elasticsearch.monitor.fs.FsHealthService$$Lambda$1391/0x00000008010c55c0
9861:             1             16  org.elasticsearch.monitor.fs.FsHealthService$$Lambda$1392/0x00000008010c57f8
9862:             1             16  org.elasticsearch.monitor.fs.FsInfo$$Lambda$6682/0x0000000801d1e7e8
9863:             1             16  org.elasticsearch.monitor.fs.FsProbe
9864:             1             16  org.elasticsearch.monitor.fs.FsService
9865:             1             16  org.elasticsearch.monitor.fs.FsService$$Lambda$1389/0x00000008010c5170
9866:             1             16  org.elasticsearch.monitor.jvm.JvmInfo$$Lambda$5061/0x0000000801a1dfe0
9867:             1             16  org.elasticsearch.monitor.jvm.JvmInfo$$Lambda$5062/0x0000000801a1e200
9868:             1             16  org.elasticsearch.monitor.jvm.JvmStats$$Lambda$6679/0x0000000801d1e188
9869:             1             16  org.elasticsearch.monitor.jvm.JvmStats$GarbageCollectors$$Lambda$6677/0x0000000801d1dd48
9870:             1             16  org.elasticsearch.monitor.jvm.JvmStats$GarbageCollectors$$Lambda$6678/0x0000000801d1df68
9871:             1             16  org.elasticsearch.monitor.jvm.JvmStats$Mem$$Lambda$6676/0x0000000801d1db28
9872:             1             16  org.elasticsearch.monitor.os.OsProbe
9873:             1             16  org.elasticsearch.monitor.os.OsProbe$$Lambda$1386/0x00000008010c0c00
9874:             1             16  org.elasticsearch.monitor.os.OsStats$$Lambda$6671/0x0000000801d1d088
9875:             1             16  org.elasticsearch.monitor.os.OsStats$Cpu$$Lambda$5081/0x0000000801a2a8b8
9876:             1             16  org.elasticsearch.monitor.process.ProcessProbe
9877:             1             16  org.elasticsearch.monitor.process.ProcessStats$$Lambda$6673/0x0000000801d1d4c8
9878:             1             16  org.elasticsearch.monitor.process.ProcessStats$$Lambda$6674/0x0000000801d1d6e8
9879:             1             16  org.elasticsearch.node.AdaptiveSelectionStats$$Lambda$5086/0x0000000801a2b420
9880:             1             16  org.elasticsearch.node.AdaptiveSelectionStats$$Lambda$5087/0x0000000801a2b640
9881:             1             16  org.elasticsearch.node.AdaptiveSelectionStats$$Lambda$5088/0x0000000801a2b860
9882:             1             16  org.elasticsearch.node.AdaptiveSelectionStats$$Lambda$5089/0x0000000801a2bcb8
9883:             1             16  org.elasticsearch.node.Node$$Lambda$1230/0x0000000801047390
9884:             1             16  org.elasticsearch.node.Node$$Lambda$1231/0x00000008010475d0
9885:             1             16  org.elasticsearch.node.Node$$Lambda$1393/0x00000008010c5d70
9886:             1             16  org.elasticsearch.node.Node$$Lambda$1394/0x00000008010c5f98
9887:             1             16  org.elasticsearch.node.Node$$Lambda$178/0x0000000800bfc6a0
9888:             1             16  org.elasticsearch.node.Node$$Lambda$180/0x0000000800bfcb18
9889:             1             16  org.elasticsearch.node.Node$$Lambda$181/0x0000000800bfcd60
9890:             1             16  org.elasticsearch.node.Node$$Lambda$2357/0x000000080126d958
9891:             1             16  org.elasticsearch.node.Node$$Lambda$2616/0x0000000801277160
9892:             1             16  org.elasticsearch.node.Node$$Lambda$2768/0x00000008012d9780
9893:             1             16  org.elasticsearch.node.Node$$Lambda$2770/0x00000008012d9be0
9894:             1             16  org.elasticsearch.node.Node$$Lambda$2772/0x00000008012da068
9895:             1             16  org.elasticsearch.node.Node$$Lambda$2773/0x00000008012da2a8
9896:             1             16  org.elasticsearch.node.Node$$Lambda$2774/0x00000008012da4e8
9897:             1             16  org.elasticsearch.node.Node$$Lambda$2775/0x00000008012da728
9898:             1             16  org.elasticsearch.node.Node$$Lambda$2777/0x00000008012dab78
9899:             1             16  org.elasticsearch.node.Node$$Lambda$2778/0x00000008012dadb8
9900:             1             16  org.elasticsearch.node.Node$$Lambda$2779/0x00000008012daff8
9901:             1             16  org.elasticsearch.node.Node$$Lambda$2780/0x00000008012db238
9902:             1             16  org.elasticsearch.node.Node$$Lambda$2782/0x00000008012dba30
9903:             1             16  org.elasticsearch.node.Node$$Lambda$2796/0x00000008012de7e8
9904:             1             16  org.elasticsearch.node.Node$$Lambda$2807/0x00000008013048e0
9905:             1             16  org.elasticsearch.node.Node$$Lambda$3675/0x00000008016e3c90
9906:             1             16  org.elasticsearch.node.Node$$Lambda$3691/0x0000000801700240
9907:             1             16  org.elasticsearch.node.Node$$Lambda$3726/0x000000080171f5e8
9908:             1             16  org.elasticsearch.node.Node$$Lambda$3727/0x000000080171f810
9909:             1             16  org.elasticsearch.node.Node$$Lambda$3728/0x000000080171fce8
9910:             1             16  org.elasticsearch.node.Node$$Lambda$3809/0x000000080173b600
9911:             1             16  org.elasticsearch.node.Node$$Lambda$3824/0x000000080176a2b0
9912:             1             16  org.elasticsearch.node.Node$$Lambda$4349/0x0000000801808db0
9913:             1             16  org.elasticsearch.node.Node$$Lambda$4350/0x0000000801809000
9914:             1             16  org.elasticsearch.node.Node$$Lambda$4352/0x0000000801809488
9915:             1             16  org.elasticsearch.node.Node$$Lambda$4353/0x00000008018096b0
9916:             1             16  org.elasticsearch.node.Node$$Lambda$4528/0x0000000801821508
9917:             1             16  org.elasticsearch.node.Node$$Lambda$4531/0x0000000801822538
9918:             1             16  org.elasticsearch.node.Node$$Lambda$4616/0x00000008018e0728
9919:             1             16  org.elasticsearch.node.Node$$Lambda$4651/0x00000008018eb680
9920:             1             16  org.elasticsearch.node.Node$$Lambda$4815/0x0000000801980268
9921:             1             16  org.elasticsearch.node.Node$$Lambda$513/0x0000000800e5a480
9922:             1             16  org.elasticsearch.node.Node$$Lambda$514/0x0000000800e5a6c0
9923:             1             16  org.elasticsearch.node.Node$$Lambda$564/0x0000000800e7cea0
9924:             1             16  org.elasticsearch.node.Node$$Lambda$565/0x0000000800e7d0e0
9925:             1             16  org.elasticsearch.node.NodeRoleSettings$$Lambda$523/0x0000000800e5d350
9926:             1             16  org.elasticsearch.node.NodeRoleSettings$$Lambda$524/0x0000000800e5d590
9927:             1             16  org.elasticsearch.node.NodeRoleSettings$$Lambda$525/0x0000000800e5d7d0
9928:             1             16  org.elasticsearch.node.NodeRoleSettings$$Lambda$527/0x0000000800e5dc78
9929:             1             16  org.elasticsearch.node.ResponseCollectorService
9930:             1             16  org.elasticsearch.painless.CompilerSettings$$Lambda$635/0x0000000800d73820
9931:             1             16  org.elasticsearch.painless.DefMath$$Lambda$6175/0x0000000801c48fa8
9932:             1             16  org.elasticsearch.painless.PainlessPlugin
9933:             1             16  org.elasticsearch.painless.PainlessPlugin$$Lambda$468/0x0000000800d72b20
9934:             1             16  org.elasticsearch.painless.PainlessPlugin$$Lambda$469/0x0000000800d72d60
9935:             1             16  org.elasticsearch.painless.PainlessPlugin$$Lambda$470/0x0000000800d72f90
9936:             1             16  org.elasticsearch.painless.PainlessScript$Script
9937:             1             16  org.elasticsearch.painless.PainlessScript$Script
9938:             1             16  org.elasticsearch.painless.PainlessScript$Script
9939:             1             16  org.elasticsearch.painless.action.PainlessContextAction$$Lambda$3451/0x0000000800f8dd28
9940:             1             16  org.elasticsearch.painless.action.PainlessContextAction$TransportAction$$Lambda$4057/0x0000000800f8e790
9941:             1             16  org.elasticsearch.painless.action.PainlessExecuteAction$$Lambda$3450/0x0000000800f8d5f8
9942:             1             16  org.elasticsearch.painless.action.PainlessExecuteAction$TransportAction$$Lambda$4289/0x0000000800f8e9b0
9943:             1             16  org.elasticsearch.painless.lookup.PainlessLookupBuilder$$Lambda$852/0x0000000800d75730
9944:             1             16  org.elasticsearch.painless.lookup.PainlessLookupBuilder$$Lambda$853/0x0000000800d75b80
9945:             1             16  org.elasticsearch.painless.lookup.PainlessLookupBuilder$$Lambda$854/0x0000000800d75fc8
9946:             1             16  org.elasticsearch.painless.lookup.PainlessLookupBuilder$$Lambda$855/0x0000000800d76418
9947:             1             16  org.elasticsearch.painless.lookup.PainlessLookupBuilder$$Lambda$863/0x0000000800f8ccd0
9948:             1             16  org.elasticsearch.painless.lookup.PainlessLookupBuilder$$Lambda$864/0x0000000800f8d120
9949:             1             16  org.elasticsearch.painless.spi.WhitelistClass$$Lambda$404/0x0000000800d70660
9950:             1             16  org.elasticsearch.painless.spi.WhitelistClass$$Lambda$405/0x0000000800d708a0
9951:             1             16  org.elasticsearch.painless.spi.WhitelistClass$$Lambda$406/0x0000000800d70ae0
9952:             1             16  org.elasticsearch.painless.spi.WhitelistConstructor$$Lambda$410/0x0000000800d71c18
9953:             1             16  org.elasticsearch.painless.spi.WhitelistConstructor$$Lambda$411/0x0000000800d71e58
9954:             1             16  org.elasticsearch.painless.spi.WhitelistConstructor$$Lambda$412/0x0000000800d72098
9955:             1             16  org.elasticsearch.painless.spi.WhitelistMethod$$Lambda$407/0x0000000800d71348
9956:             1             16  org.elasticsearch.painless.spi.WhitelistMethod$$Lambda$408/0x0000000800d71588
9957:             1             16  org.elasticsearch.painless.spi.WhitelistMethod$$Lambda$409/0x0000000800d717c8
9958:             1             16  org.elasticsearch.painless.spi.annotation.DeprecatedAnnotationParser
9959:             1             16  org.elasticsearch.painless.spi.annotation.InjectConstantAnnotationParser
9960:             1             16  org.elasticsearch.painless.spi.annotation.NoImportAnnotation
9961:             1             16  org.elasticsearch.painless.spi.annotation.NoImportAnnotationParser
9962:             1             16  org.elasticsearch.painless.spi.annotation.NonDeterministicAnnotation
9963:             1             16  org.elasticsearch.painless.spi.annotation.NonDeterministicAnnotationParser
9964:             1             16  org.elasticsearch.painless.spi.annotation.WhitelistAnnotationParser$$Lambda$402/0x0000000800d44268
9965:             1             16  org.elasticsearch.painless.spi.annotation.WhitelistAnnotationParser$$Lambda$403/0x0000000800d444a8
9966:             1             16  org.elasticsearch.painless.symbol.FunctionTable$LocalFunction$$Lambda$4920/0x00000008019cf388
9967:             1             16  org.elasticsearch.painless.symbol.FunctionTable$LocalFunction$$Lambda$4921/0x00000008019cf5c8
9968:             1             16  org.elasticsearch.percolator.PercolatorFieldMapper$TypeParser
9969:             1             16  org.elasticsearch.percolator.PercolatorHighlightSubFetchPhase
9970:             1             16  org.elasticsearch.percolator.PercolatorMatchedSlotSubFetchPhase
9971:             1             16  org.elasticsearch.percolator.PercolatorPlugin
9972:             1             16  org.elasticsearch.percolator.PercolatorPlugin$$Lambda$1750/0x000000080112e2f8
9973:             1             16  org.elasticsearch.percolator.PercolatorPlugin$$Lambda$1751/0x000000080112e518
9974:             1             16  org.elasticsearch.persistent.CompletionPersistentTaskAction$$Lambda$3650/0x0000000801684e50
9975:             1             16  org.elasticsearch.persistent.CompletionPersistentTaskAction$TransportAction$$Lambda$4080/0x00000008017db568
9976:             1             16  org.elasticsearch.persistent.NodePersistentTasksExecutor
9977:             1             16  org.elasticsearch.persistent.PersistentTasksClusterService$$Lambda$3822/0x000000080173dab0
9978:             1             16  org.elasticsearch.persistent.PersistentTasksExecutorRegistry
9979:             1             16  org.elasticsearch.persistent.RemovePersistentTaskAction$$Lambda$3651/0x00000008016852d8
9980:             1             16  org.elasticsearch.persistent.RemovePersistentTaskAction$TransportAction$$Lambda$4307/0x00000008017edec0
9981:             1             16  org.elasticsearch.persistent.StartPersistentTaskAction$$Lambda$3648/0x0000000801684540
9982:             1             16  org.elasticsearch.persistent.StartPersistentTaskAction$TransportAction$$Lambda$4060/0x00000008017da240
9983:             1             16  org.elasticsearch.persistent.UpdatePersistentTaskStatusAction$$Lambda$3649/0x00000008016849c8
9984:             1             16  org.elasticsearch.persistent.UpdatePersistentTaskStatusAction$TransportAction$$Lambda$4338/0x00000008017efc80
9985:             1             16  org.elasticsearch.persistent.decider.EnableAssignmentDecider
9986:             1             16  org.elasticsearch.persistent.decider.EnableAssignmentDecider$$Lambda$1298/0x0000000801074b98
9987:             1             16  org.elasticsearch.persistent.decider.EnableAssignmentDecider$$Lambda$3821/0x000000080173d328
9988:             1             16  org.elasticsearch.plugin.repository.url.URLRepositoryPlugin
9989:             1             16  org.elasticsearch.plugins.MapperPlugin$$Lambda$417/0x0000000800d3f888
9990:             1             16  org.elasticsearch.plugins.MapperPlugin$$Lambda$418/0x0000000800d3fad8
9991:             1             16  org.elasticsearch.plugins.MetadataUpgrader
9992:             1             16  org.elasticsearch.plugins.MetadataUpgrader$$Lambda$3681/0x00000008016e40e0
9993:             1             16  org.elasticsearch.plugins.PluginsService$$Lambda$315/0x0000000800cf0c58
9994:             1             16  org.elasticsearch.plugins.PluginsService$$Lambda$460/0x0000000800ddb860
9995:             1             16  org.elasticsearch.plugins.PluginsService$$Lambda$461/0x0000000800ddbaa0
9996:             1             16  org.elasticsearch.plugins.PluginsService$$Lambda$462/0x0000000800ddbce0
9997:             1             16  org.elasticsearch.plugins.PluginsService$$Lambda$484/0x0000000800e50520
9998:             1             16  org.elasticsearch.plugins.PluginsService$$Lambda$512/0x0000000800e5a240
9999:             1             16  org.elasticsearch.plugins.PluginsService$$Lambda$585/0x0000000800e8a020
10000:             1             16  org.elasticsearch.plugins.PluginsService$$Lambda$840/0x0000000800eff200
10001:             1             16  org.elasticsearch.protocol.xpack.XPackInfoResponse$BuildInfo$$Lambda$5202/0x0000000801a4dee8
10002:             1             16  org.elasticsearch.repositories.RepositoriesService$$Lambda$3720/0x000000080171bc40
10003:             1             16  org.elasticsearch.repositories.VerifyNodeRepositoryAction$$Lambda$3719/0x000000080171b5d8
10004:             1             16  org.elasticsearch.repositories.VerifyNodeRepositoryAction$VerifyNodeRepositoryRequestHandler
10005:             1             16  org.elasticsearch.repositories.blobstore.BlobStoreRepository$$Lambda$5174/0x0000000801a47c50
10006:             1             16  org.elasticsearch.repositories.blobstore.BlobStoreRepository$$Lambda$586/0x0000000800e8f5f0
10007:             1             16  org.elasticsearch.repositories.blobstore.BlobStoreRepository$$Lambda$587/0x0000000800e90040
10008:             1             16  org.elasticsearch.repositories.blobstore.BlobStoreRepository$$Lambda$588/0x0000000800e904c8
10009:             1             16  org.elasticsearch.repositories.blobstore.BlobStoreRepository$$Lambda$589/0x0000000800e90990
10010:             1             16  org.elasticsearch.repositories.blobstore.BlobStoreRepository$$Lambda$590/0x0000000800e90e70
10011:             1             16  org.elasticsearch.repositories.blobstore.BlobStoreRepository$$Lambda$6654/0x0000000801d1a898
10012:             1             16  org.elasticsearch.repositories.s3.S3BlobStore$1
10013:             1             16  org.elasticsearch.repositories.s3.S3BlobStore$2
10014:             1             16  org.elasticsearch.repositories.s3.S3BlobStore$3
10015:             1             16  org.elasticsearch.repositories.s3.S3BlobStore$4
10016:             1             16  org.elasticsearch.repositories.s3.S3ClientSettings$$Lambda$442/0x0000000800e47010
10017:             1             16  org.elasticsearch.repositories.s3.S3ClientSettings$$Lambda$443/0x0000000800e47250
10018:             1             16  org.elasticsearch.repositories.s3.S3ClientSettings$$Lambda$444/0x0000000800e47490
10019:             1             16  org.elasticsearch.repositories.s3.S3ClientSettings$$Lambda$445/0x0000000800e476d0
10020:             1             16  org.elasticsearch.repositories.s3.S3ClientSettings$$Lambda$446/0x0000000800e47910
10021:             1             16  org.elasticsearch.repositories.s3.S3ClientSettings$$Lambda$447/0x0000000800e47b50
10022:             1             16  org.elasticsearch.repositories.s3.S3ClientSettings$$Lambda$448/0x0000000800e48040
10023:             1             16  org.elasticsearch.repositories.s3.S3ClientSettings$$Lambda$449/0x0000000800e48280
10024:             1             16  org.elasticsearch.repositories.s3.S3ClientSettings$$Lambda$450/0x0000000800e484c0
10025:             1             16  org.elasticsearch.repositories.s3.S3ClientSettings$$Lambda$451/0x0000000800e48700
10026:             1             16  org.elasticsearch.repositories.s3.S3ClientSettings$$Lambda$452/0x0000000800e48940
10027:             1             16  org.elasticsearch.repositories.s3.S3ClientSettings$$Lambda$453/0x0000000800e48b80
10028:             1             16  org.elasticsearch.repositories.s3.S3ClientSettings$$Lambda$454/0x0000000800e48dc0
10029:             1             16  org.elasticsearch.repositories.s3.S3ClientSettings$$Lambda$455/0x0000000800e49000
10030:             1             16  org.elasticsearch.repositories.s3.S3ClientSettings$$Lambda$456/0x0000000800e49240
10031:             1             16  org.elasticsearch.repositories.s3.S3ClientSettings$$Lambda$457/0x0000000800e49480
10032:             1             16  org.elasticsearch.repositories.s3.S3ClientSettings$$Lambda$458/0x0000000800e496c0
10033:             1             16  org.elasticsearch.repositories.s3.S3ClientSettings$$Lambda$459/0x0000000800e49900
10034:             1             16  org.elasticsearch.repositories.s3.S3RepositoryPlugin
10035:             1             16  org.elasticsearch.repositories.s3.S3RepositoryPlugin$$Lambda$437/0x0000000800dd0360
10036:             1             16  org.elasticsearch.repositories.url.URLRepository$$Lambda$591/0x0000000800e76d48
10037:             1             16  org.elasticsearch.repositories.url.URLRepository$$Lambda$592/0x0000000800e76040
10038:             1             16  org.elasticsearch.repositories.url.URLRepository$$Lambda$593/0x0000000800e76280
10039:             1             16  org.elasticsearch.repositories.url.URLRepository$$Lambda$594/0x0000000800e764c0
10040:             1             16  org.elasticsearch.rest.AbstractRestChannel$$Lambda$4935/0x0000000801995ea8
10041:             1             16  org.elasticsearch.rest.AbstractRestChannel$$Lambda$5008/0x0000000801a11f80
10042:             1             16  org.elasticsearch.rest.BaseRestHandler$$Lambda$4968/0x0000000801997b60
10043:             1             16  org.elasticsearch.rest.RestController$$Lambda$3667/0x00000008016e35b8
10044:             1             16  org.elasticsearch.rest.RestController$$Lambda$4938/0x0000000801996580
10045:             1             16  org.elasticsearch.rest.RestUtils$1
10046:             1             16  org.elasticsearch.rest.action.RestStatusToXContentListener$$Lambda$5168/0x0000000801a46108
10047:             1             16  org.elasticsearch.rest.action.admin.cluster.RestClusterRerouteAction$$Lambda$4362/0x000000080180ed88
10048:             1             16  org.elasticsearch.rest.action.admin.cluster.RestClusterRerouteAction$$Lambda$4363/0x000000080180efa8
10049:             1             16  org.elasticsearch.rest.action.admin.cluster.RestNodesStatsAction$$Lambda$4360/0x000000080180ca10
10050:             1             16  org.elasticsearch.rest.action.admin.cluster.RestReloadSecureSettingsAction$$Lambda$4365/0x0000000801819d90
10051:             1             16  org.elasticsearch.rest.action.admin.cluster.RestReloadSecureSettingsAction$$Lambda$4366/0x0000000801819fb0
10052:             1             16  org.elasticsearch.rest.action.cat.RestIndicesAction$3$$Lambda$6498/0x0000000801ce9e38
10053:             1             16  org.elasticsearch.rest.action.cat.RestIndicesAction$3$$Lambda$6499/0x0000000801cea078
10054:             1             16  org.elasticsearch.rest.action.cat.RestIndicesAction$3$$Lambda$6500/0x0000000801cea2b8
10055:             1             16  org.elasticsearch.rest.action.cat.RestShardsAction$$Lambda$6724/0x0000000801d29000
10056:             1             16  org.elasticsearch.rest.action.cat.RestShardsAction$$Lambda$6725/0x0000000801d29240
10057:             1             16  org.elasticsearch.rest.action.cat.RestShardsAction$$Lambda$6726/0x0000000801d29480
10058:             1             16  org.elasticsearch.rest.action.cat.RestShardsAction$$Lambda$6727/0x0000000801d296c0
10059:             1             16  org.elasticsearch.rest.action.cat.RestShardsAction$$Lambda$6728/0x0000000801d29900
10060:             1             16  org.elasticsearch.rest.action.cat.RestShardsAction$$Lambda$6729/0x0000000801d29b40
10061:             1             16  org.elasticsearch.rest.action.cat.RestShardsAction$$Lambda$6730/0x0000000801d29d80
10062:             1             16  org.elasticsearch.rest.action.cat.RestShardsAction$$Lambda$6731/0x0000000801d29fc0
10063:             1             16  org.elasticsearch.rest.action.cat.RestShardsAction$$Lambda$6732/0x0000000801d2a200
10064:             1             16  org.elasticsearch.rest.action.cat.RestShardsAction$$Lambda$6733/0x0000000801d2a440
10065:             1             16  org.elasticsearch.rest.action.cat.RestShardsAction$$Lambda$6734/0x0000000801d2a680
10066:             1             16  org.elasticsearch.rest.action.cat.RestShardsAction$$Lambda$6735/0x0000000801d2a8c0
10067:             1             16  org.elasticsearch.rest.action.cat.RestShardsAction$$Lambda$6736/0x0000000801d2ab00
10068:             1             16  org.elasticsearch.rest.action.cat.RestShardsAction$$Lambda$6737/0x0000000801d2ad40
10069:             1             16  org.elasticsearch.rest.action.cat.RestShardsAction$$Lambda$6738/0x0000000801d2af80
10070:             1             16  org.elasticsearch.rest.action.cat.RestShardsAction$$Lambda$6739/0x0000000801d2b1c0
10071:             1             16  org.elasticsearch.rest.action.cat.RestShardsAction$$Lambda$6740/0x0000000801d2b400
10072:             1             16  org.elasticsearch.rest.action.cat.RestShardsAction$$Lambda$6741/0x0000000801d2b640
10073:             1             16  org.elasticsearch.rest.action.cat.RestShardsAction$$Lambda$6742/0x0000000801d2b880
10074:             1             16  org.elasticsearch.rest.action.cat.RestShardsAction$$Lambda$6743/0x0000000801d2bac0
10075:             1             16  org.elasticsearch.rest.action.cat.RestShardsAction$$Lambda$6744/0x0000000801d2bd00
10076:             1             16  org.elasticsearch.rest.action.cat.RestShardsAction$$Lambda$6745/0x0000000801d2bf40
10077:             1             16  org.elasticsearch.rest.action.cat.RestShardsAction$$Lambda$6746/0x0000000801d2c180
10078:             1             16  org.elasticsearch.rest.action.cat.RestShardsAction$$Lambda$6747/0x0000000801d2c3c0
10079:             1             16  org.elasticsearch.rest.action.cat.RestShardsAction$$Lambda$6748/0x0000000801d2c600
10080:             1             16  org.elasticsearch.rest.action.cat.RestShardsAction$$Lambda$6749/0x0000000801d2c840
10081:             1             16  org.elasticsearch.rest.action.cat.RestShardsAction$$Lambda$6750/0x0000000801d2ca80
10082:             1             16  org.elasticsearch.rest.action.cat.RestShardsAction$$Lambda$6751/0x0000000801d2ccc0
10083:             1             16  org.elasticsearch.rest.action.cat.RestShardsAction$$Lambda$6752/0x0000000801d2cf00
10084:             1             16  org.elasticsearch.rest.action.cat.RestShardsAction$$Lambda$6753/0x0000000801d2d140
10085:             1             16  org.elasticsearch.rest.action.cat.RestShardsAction$$Lambda$6754/0x0000000801d2d380
10086:             1             16  org.elasticsearch.rest.action.cat.RestShardsAction$$Lambda$6755/0x0000000801d2d5c0
10087:             1             16  org.elasticsearch.rest.action.cat.RestShardsAction$$Lambda$6756/0x0000000801d2d800
10088:             1             16  org.elasticsearch.rest.action.cat.RestShardsAction$$Lambda$6757/0x0000000801d2da40
10089:             1             16  org.elasticsearch.rest.action.cat.RestShardsAction$$Lambda$6758/0x0000000801d2dc80
10090:             1             16  org.elasticsearch.rest.action.cat.RestShardsAction$$Lambda$6759/0x0000000801d2dec0
10091:             1             16  org.elasticsearch.rest.action.cat.RestShardsAction$$Lambda$6760/0x0000000801d2e100
10092:             1             16  org.elasticsearch.rest.action.cat.RestShardsAction$$Lambda$6761/0x0000000801d2e340
10093:             1             16  org.elasticsearch.rest.action.cat.RestShardsAction$$Lambda$6762/0x0000000801d2e580
10094:             1             16  org.elasticsearch.rest.action.cat.RestShardsAction$$Lambda$6763/0x0000000801d2e7c0
10095:             1             16  org.elasticsearch.rest.action.cat.RestShardsAction$$Lambda$6764/0x0000000801d2ea00
10096:             1             16  org.elasticsearch.rest.action.cat.RestShardsAction$$Lambda$6765/0x0000000801d2ec40
10097:             1             16  org.elasticsearch.rest.action.cat.RestShardsAction$$Lambda$6766/0x0000000801d2ee80
10098:             1             16  org.elasticsearch.rest.action.cat.RestShardsAction$$Lambda$6767/0x0000000801d2f0c0
10099:             1             16  org.elasticsearch.rest.action.cat.RestShardsAction$$Lambda$6768/0x0000000801d2f300
10100:             1             16  org.elasticsearch.rest.action.cat.RestShardsAction$$Lambda$6769/0x0000000801d2f540
10101:             1             16  org.elasticsearch.rest.action.cat.RestShardsAction$$Lambda$6770/0x0000000801d2f780
10102:             1             16  org.elasticsearch.rest.action.cat.RestShardsAction$$Lambda$6771/0x0000000801d2f9c0
10103:             1             16  org.elasticsearch.rest.action.cat.RestShardsAction$$Lambda$6772/0x0000000801d2fc00
10104:             1             16  org.elasticsearch.rest.action.cat.RestShardsAction$$Lambda$6773/0x0000000801d30040
10105:             1             16  org.elasticsearch.rest.action.cat.RestShardsAction$$Lambda$6774/0x0000000801d30280
10106:             1             16  org.elasticsearch.rest.action.cat.RestShardsAction$$Lambda$6775/0x0000000801d304c0
10107:             1             16  org.elasticsearch.rest.action.cat.RestShardsAction$$Lambda$6776/0x0000000801d30700
10108:             1             16  org.elasticsearch.rest.action.cat.RestShardsAction$$Lambda$6777/0x0000000801d30940
10109:             1             16  org.elasticsearch.rest.action.cat.RestShardsAction$$Lambda$6778/0x0000000801d30b80
10110:             1             16  org.elasticsearch.rest.action.cat.RestShardsAction$$Lambda$6779/0x0000000801d30dc0
10111:             1             16  org.elasticsearch.rest.action.cat.RestShardsAction$$Lambda$6780/0x0000000801d31000
10112:             1             16  org.elasticsearch.rest.action.cat.RestShardsAction$$Lambda$6781/0x0000000801d31240
10113:             1             16  org.elasticsearch.rest.action.cat.RestShardsAction$$Lambda$6782/0x0000000801d31480
10114:             1             16  org.elasticsearch.rest.action.cat.RestShardsAction$$Lambda$6783/0x0000000801d316c0
10115:             1             16  org.elasticsearch.rest.action.cat.RestShardsAction$$Lambda$6784/0x0000000801d31900
10116:             1             16  org.elasticsearch.rest.action.cat.RestShardsAction$$Lambda$6785/0x0000000801d31b40
10117:             1             16  org.elasticsearch.rest.action.cat.RestShardsAction$$Lambda$6786/0x0000000801d31d80
10118:             1             16  org.elasticsearch.rest.action.cat.RestShardsAction$$Lambda$6787/0x0000000801d31fc0
10119:             1             16  org.elasticsearch.rest.action.cat.RestShardsAction$$Lambda$6788/0x0000000801d32200
10120:             1             16  org.elasticsearch.rest.action.cat.RestShardsAction$$Lambda$6789/0x0000000801d32440
10121:             1             16  org.elasticsearch.rest.action.cat.RestShardsAction$$Lambda$6790/0x0000000801d32680
10122:             1             16  org.elasticsearch.rest.action.cat.RestShardsAction$$Lambda$6791/0x0000000801d328c0
10123:             1             16  org.elasticsearch.rest.action.cat.RestShardsAction$$Lambda$6792/0x0000000801d32b00
10124:             1             16  org.elasticsearch.rest.action.cat.RestShardsAction$$Lambda$6793/0x0000000801d32d40
10125:             1             16  org.elasticsearch.rest.action.cat.RestShardsAction$$Lambda$6794/0x0000000801d32f80
10126:             1             16  org.elasticsearch.rest.action.cat.RestShardsAction$$Lambda$6795/0x0000000801d331c0
10127:             1             16  org.elasticsearch.rest.action.cat.RestShardsAction$$Lambda$6796/0x0000000801d33400
10128:             1             16  org.elasticsearch.rest.action.cat.RestShardsAction$$Lambda$6797/0x0000000801d33640
10129:             1             16  org.elasticsearch.rest.action.cat.RestShardsAction$$Lambda$6798/0x0000000801d33880
10130:             1             16  org.elasticsearch.rest.action.cat.RestShardsAction$$Lambda$6799/0x0000000801d33ac0
10131:             1             16  org.elasticsearch.rest.action.cat.RestShardsAction$$Lambda$6800/0x0000000801d33d00
10132:             1             16  org.elasticsearch.rest.action.cat.RestShardsAction$$Lambda$6801/0x0000000801d33f40
10133:             1             16  org.elasticsearch.rest.action.cat.RestShardsAction$$Lambda$6802/0x0000000801d34180
10134:             1             16  org.elasticsearch.rest.action.cat.RestShardsAction$$Lambda$6803/0x0000000801d343c0
10135:             1             16  org.elasticsearch.rest.action.cat.RestShardsAction$$Lambda$6804/0x0000000801d34600
10136:             1             16  org.elasticsearch.rest.action.cat.RestShardsAction$$Lambda$6805/0x0000000801d34840
10137:             1             16  org.elasticsearch.rest.action.cat.RestShardsAction$$Lambda$6806/0x0000000801d34a80
10138:             1             16  org.elasticsearch.rest.action.cat.RestShardsAction$$Lambda$6807/0x0000000801d34cc0
10139:             1             16  org.elasticsearch.rest.action.cat.RestShardsAction$$Lambda$6808/0x0000000801d34f00
10140:             1             16  org.elasticsearch.rest.action.cat.RestShardsAction$$Lambda$6809/0x0000000801d35140
10141:             1             16  org.elasticsearch.rest.action.cat.RestShardsAction$$Lambda$6810/0x0000000801d35380
10142:             1             16  org.elasticsearch.rest.action.cat.RestShardsAction$$Lambda$6811/0x0000000801d355c0
10143:             1             16  org.elasticsearch.rest.action.cat.RestShardsAction$$Lambda$6812/0x0000000801d35800
10144:             1             16  org.elasticsearch.rest.action.cat.RestShardsAction$$Lambda$6813/0x0000000801d35a40
10145:             1             16  org.elasticsearch.rest.action.cat.RestShardsAction$$Lambda$6814/0x0000000801d35c80
10146:             1             16  org.elasticsearch.rest.action.cat.RestShardsAction$$Lambda$6815/0x0000000801d35ec0
10147:             1             16  org.elasticsearch.rest.action.cat.RestShardsAction$$Lambda$6816/0x0000000801d36100
10148:             1             16  org.elasticsearch.rest.action.cat.RestShardsAction$$Lambda$6817/0x0000000801d36340
10149:             1             16  org.elasticsearch.rest.action.cat.RestShardsAction$$Lambda$6818/0x0000000801d36580
10150:             1             16  org.elasticsearch.rest.action.cat.RestShardsAction$$Lambda$6819/0x0000000801d367c0
10151:             1             16  org.elasticsearch.rest.action.cat.RestShardsAction$$Lambda$6820/0x0000000801d36a00
10152:             1             16  org.elasticsearch.rest.action.cat.RestShardsAction$$Lambda$6821/0x0000000801d36c40
10153:             1             16  org.elasticsearch.rest.action.cat.RestShardsAction$$Lambda$6822/0x0000000801d36e80
10154:             1             16  org.elasticsearch.rest.action.cat.RestShardsAction$$Lambda$6823/0x0000000801d370c0
10155:             1             16  org.elasticsearch.rest.action.cat.RestShardsAction$$Lambda$6824/0x0000000801d37300
10156:             1             16  org.elasticsearch.rest.action.cat.RestShardsAction$$Lambda$6825/0x0000000801d37540
10157:             1             16  org.elasticsearch.rest.action.cat.RestShardsAction$$Lambda$6826/0x0000000801d37780
10158:             1             16  org.elasticsearch.rest.action.cat.RestShardsAction$$Lambda$6827/0x0000000801d379c0
10159:             1             16  org.elasticsearch.rest.action.cat.RestShardsAction$$Lambda$6828/0x0000000801d37c00
10160:             1             16  org.elasticsearch.rest.action.cat.RestShardsAction$$Lambda$6829/0x0000000801d38040
10161:             1             16  org.elasticsearch.rest.action.cat.RestShardsAction$$Lambda$6830/0x0000000801d38280
10162:             1             16  org.elasticsearch.rest.action.cat.RestShardsAction$$Lambda$6831/0x0000000801d384c0
10163:             1             16  org.elasticsearch.rest.action.cat.RestShardsAction$$Lambda$6832/0x0000000801d38700
10164:             1             16  org.elasticsearch.rest.action.cat.RestShardsAction$$Lambda$6833/0x0000000801d38940
10165:             1             16  org.elasticsearch.rest.action.cat.RestShardsAction$$Lambda$6834/0x0000000801d38b80
10166:             1             16  org.elasticsearch.rest.action.cat.RestShardsAction$$Lambda$6835/0x0000000801d38dc0
10167:             1             16  org.elasticsearch.rest.action.cat.RestShardsAction$$Lambda$6836/0x0000000801d39000
10168:             1             16  org.elasticsearch.rest.action.cat.RestShardsAction$$Lambda$6837/0x0000000801d39240
10169:             1             16  org.elasticsearch.rest.action.cat.RestShardsAction$$Lambda$6838/0x0000000801d39480
10170:             1             16  org.elasticsearch.rest.action.cat.RestShardsAction$$Lambda$6839/0x0000000801d396c0
10171:             1             16  org.elasticsearch.script.AbstractSortScript$$Lambda$477/0x0000000800ddea88
10172:             1             16  org.elasticsearch.script.AbstractSortScript$$Lambda$478/0x0000000800ddecc8
10173:             1             16  org.elasticsearch.script.AbstractSortScript$$Lambda$479/0x0000000800ddef08
10174:             1             16  org.elasticsearch.script.AggregationScript$$Lambda$474/0x0000000800ddd8f8
10175:             1             16  org.elasticsearch.script.AggregationScript$$Lambda$475/0x0000000800dddb38
10176:             1             16  org.elasticsearch.script.AggregationScript$$Lambda$476/0x0000000800dddd78
10177:             1             16  org.elasticsearch.script.FieldScript$$Lambda$471/0x0000000800ddc5c0
10178:             1             16  org.elasticsearch.script.FieldScript$$Lambda$472/0x0000000800ddc800
10179:             1             16  org.elasticsearch.script.FieldScript$$Lambda$473/0x0000000800ddca40
10180:             1             16  org.elasticsearch.script.IngestConditionalScript$Factory$Factory
10181:             1             16  org.elasticsearch.script.IngestConditionalScript$Factory$Factory
10182:             1             16  org.elasticsearch.script.IngestScript$Factory$Factory
10183:             1             16  org.elasticsearch.script.NumberSortScript$Factory$Factory
10184:             1             16  org.elasticsearch.script.ScoreScript$$Lambda$414/0x0000000800d3caa8
10185:             1             16  org.elasticsearch.script.ScoreScript$$Lambda$415/0x0000000800d3cce8
10186:             1             16  org.elasticsearch.script.ScoreScript$$Lambda$416/0x0000000800d3cf28
10187:             1             16  org.elasticsearch.script.Script$$Lambda$1786/0x0000000801187b70
10188:             1             16  org.elasticsearch.script.Script$$Lambda$1787/0x0000000801187d90
10189:             1             16  org.elasticsearch.script.Script$$Lambda$1788/0x0000000801188040
10190:             1             16  org.elasticsearch.script.Script$$Lambda$1789/0x0000000801188260
10191:             1             16  org.elasticsearch.script.Script$$Lambda$1790/0x0000000801188490
10192:             1             16  org.elasticsearch.script.Script$$Lambda$1791/0x00000008011886c0
10193:             1             16  org.elasticsearch.script.Script$$Lambda$1792/0x00000008011888f0
10194:             1             16  org.elasticsearch.script.Script$$Lambda$1793/0x0000000801188b10
10195:             1             16  org.elasticsearch.script.Script$$Lambda$1794/0x0000000801188d40
10196:             1             16  org.elasticsearch.script.Script$$Lambda$1795/0x0000000801188f60
10197:             1             16  org.elasticsearch.script.ScriptModule$$Lambda$849/0x0000000800f3aa30
10198:             1             16  org.elasticsearch.script.ScriptService$$Lambda$1308/0x0000000801089d88
10199:             1             16  org.elasticsearch.script.ScriptService$$Lambda$1311/0x000000080108a6a8
10200:             1             16  org.elasticsearch.script.ScriptService$$Lambda$1312/0x000000080108a8e0
10201:             1             16  org.elasticsearch.script.ScriptService$$Lambda$874/0x0000000800fa8490
10202:             1             16  org.elasticsearch.script.ScriptService$$Lambda$875/0x0000000800fa86d0
10203:             1             16  org.elasticsearch.script.ScriptService$$Lambda$876/0x0000000800fa8910
10204:             1             16  org.elasticsearch.script.ScriptService$$Lambda$877/0x0000000800fa8b50
10205:             1             16  org.elasticsearch.script.ScriptService$$Lambda$878/0x0000000800fa8d90
10206:             1             16  org.elasticsearch.script.ScriptStats$$Lambda$5076/0x0000000801a28308
10207:             1             16  org.elasticsearch.script.ScriptedMetricAggContexts$CombineScript$Factory$Factory
10208:             1             16  org.elasticsearch.script.ScriptedMetricAggContexts$InitScript$Factory$Factory
10209:             1             16  org.elasticsearch.script.ScriptedMetricAggContexts$InitScript$Factory$Factory
10210:             1             16  org.elasticsearch.script.ScriptedMetricAggContexts$MapScript$$Lambda$845/0x0000000800f390d0
10211:             1             16  org.elasticsearch.script.ScriptedMetricAggContexts$MapScript$$Lambda$846/0x0000000800f39310
10212:             1             16  org.elasticsearch.script.ScriptedMetricAggContexts$MapScript$$Lambda$847/0x0000000800f39550
10213:             1             16  org.elasticsearch.script.ScriptedMetricAggContexts$MapScript$$Lambda$848/0x0000000800f39790
10214:             1             16  org.elasticsearch.script.ScriptedMetricAggContexts$MapScript$Factory$Factory
10215:             1             16  org.elasticsearch.script.ScriptedMetricAggContexts$MapScript$Factory$Factory
10216:             1             16  org.elasticsearch.script.ScriptedMetricAggContexts$MapScript$Factory$Factory
10217:             1             16  org.elasticsearch.script.ScriptedMetricAggContexts$ReduceScript$Factory$Factory
10218:             1             16  org.elasticsearch.script.ScriptedMetricAggContexts$ReduceScript$Factory$Factory
10219:             1             16  org.elasticsearch.script.ScriptedMetricAggContexts$ReduceScript$Factory$Factory
10220:             1             16  org.elasticsearch.script.ScriptedMetricAggContexts$ReduceScript$Factory$Factory
10221:             1             16  org.elasticsearch.script.TermsSetQueryScript$$Lambda$841/0x0000000800f36740
10222:             1             16  org.elasticsearch.script.TermsSetQueryScript$$Lambda$842/0x0000000800f36980
10223:             1             16  org.elasticsearch.script.TermsSetQueryScript$$Lambda$843/0x0000000800f36bc0
10224:             1             16  org.elasticsearch.script.UpdateScript$$Lambda$844/0x0000000800f37028
10225:             1             16  org.elasticsearch.script.UpdateScript$Factory$Factory
10226:             1             16  org.elasticsearch.script.expression.ExpressionPlugin
10227:             1             16  org.elasticsearch.script.expression.ExpressionScriptEngine
10228:             1             16  org.elasticsearch.script.expression.ExpressionScriptEngine$$Lambda$866/0x0000000800f94270
10229:             1             16  org.elasticsearch.script.expression.ExpressionScriptEngine$$Lambda$867/0x0000000800f944b0
10230:             1             16  org.elasticsearch.script.expression.ExpressionScriptEngine$$Lambda$868/0x0000000800f93840
10231:             1             16  org.elasticsearch.script.expression.ExpressionScriptEngine$$Lambda$869/0x0000000800f93a80
10232:             1             16  org.elasticsearch.script.expression.ExpressionScriptEngine$$Lambda$870/0x0000000800f93cc0
10233:             1             16  org.elasticsearch.script.expression.ExpressionScriptEngine$$Lambda$871/0x0000000800fb0040
10234:             1             16  org.elasticsearch.script.expression.ExpressionScriptEngine$$Lambda$872/0x0000000800fb0280
10235:             1             16  org.elasticsearch.script.expression.ExpressionScriptEngine$$Lambda$873/0x0000000800fb04c0
10236:             1             16  org.elasticsearch.script.mustache.CustomMustacheFactory$$Lambda$6417/0x00000008016a29d8
10237:             1             16  org.elasticsearch.script.mustache.CustomMustacheFactory$$Lambda$6418/0x00000008016a2bf8
10238:             1             16  org.elasticsearch.script.mustache.CustomMustacheFactory$$Lambda$6419/0x00000008016a3040
10239:             1             16  org.elasticsearch.script.mustache.CustomMustacheFactory$$Lambda$6420/0x00000008016a3488
10240:             1             16  org.elasticsearch.script.mustache.CustomMustacheFactory$JsonEscapeEncoder
10241:             1             16  org.elasticsearch.script.mustache.CustomReflectionObjectHandler
10242:             1             16  org.elasticsearch.script.mustache.MultiSearchTemplateAction$$Lambda$3519/0x00000008016a0040
10243:             1             16  org.elasticsearch.script.mustache.MustachePlugin
10244:             1             16  org.elasticsearch.script.mustache.MustacheScriptEngine
10245:             1             16  org.elasticsearch.script.mustache.SearchTemplateAction$$Lambda$3518/0x000000080163f840
10246:             1             16  org.elasticsearch.script.mustache.TransportMultiSearchTemplateAction$$Lambda$4322/0x00000008016a0ae8
10247:             1             16  org.elasticsearch.script.mustache.TransportSearchTemplateAction$$Lambda$4348/0x00000008016a0d08
10248:             1             16  org.elasticsearch.search.DocValueFormat$1
10249:             1             16  org.elasticsearch.search.DocValueFormat$2
10250:             1             16  org.elasticsearch.search.DocValueFormat$3
10251:             1             16  org.elasticsearch.search.DocValueFormat$4
10252:             1             16  org.elasticsearch.search.DocValueFormat$5
10253:             1             16  org.elasticsearch.search.DocValueFormat$6
10254:             1             16  org.elasticsearch.search.DocValueFormat$7
10255:             1             16  org.elasticsearch.search.RescoreDocIds
10256:             1             16  org.elasticsearch.search.RescoreDocIds$$Lambda$5975/0x0000000801bf55f8
10257:             1             16  org.elasticsearch.search.RescoreDocIds$$Lambda$5977/0x0000000801bf5a50
10258:             1             16  org.elasticsearch.search.RescoreDocIds$$Lambda$6047/0x0000000801c0ed08
10259:             1             16  org.elasticsearch.search.RescoreDocIds$$Lambda$6048/0x0000000801c0f3a8
10260:             1             16  org.elasticsearch.search.SearchHit$$Lambda$6179/0x0000000801c717f0
10261:             1             16  org.elasticsearch.search.SearchHit$$Lambda$6180/0x0000000801c71a10
10262:             1             16  org.elasticsearch.search.SearchHit$$Lambda$6183/0x0000000801c720a0
10263:             1             16  org.elasticsearch.search.SearchHit$$Lambda$6184/0x0000000801c722d0
10264:             1             16  org.elasticsearch.search.SearchHit$$Lambda$6185/0x0000000801c72500
10265:             1             16  org.elasticsearch.search.SearchHit$$Lambda$6186/0x0000000801c72730
10266:             1             16  org.elasticsearch.search.SearchHit$$Lambda$6187/0x0000000801c72960
10267:             1             16  org.elasticsearch.search.SearchHit$$Lambda$6188/0x0000000801c72b90
10268:             1             16  org.elasticsearch.search.SearchHit$$Lambda$6189/0x0000000801c72db0
10269:             1             16  org.elasticsearch.search.SearchHit$$Lambda$6190/0x0000000801c72fe0
10270:             1             16  org.elasticsearch.search.SearchHit$$Lambda$6191/0x0000000801c73210
10271:             1             16  org.elasticsearch.search.SearchHit$$Lambda$6192/0x0000000801c73440
10272:             1             16  org.elasticsearch.search.SearchHit$$Lambda$6193/0x0000000801c73670
10273:             1             16  org.elasticsearch.search.SearchHit$$Lambda$6194/0x0000000801c73890
10274:             1             16  org.elasticsearch.search.SearchHit$$Lambda$6195/0x0000000801c73ac0
10275:             1             16  org.elasticsearch.search.SearchHit$$Lambda$6196/0x0000000801c73ce0
10276:             1             16  org.elasticsearch.search.SearchHit$$Lambda$6197/0x0000000801c73f10
10277:             1             16  org.elasticsearch.search.SearchHit$$Lambda$6198/0x0000000801c74130
10278:             1             16  org.elasticsearch.search.SearchHit$$Lambda$6199/0x0000000801c74360
10279:             1             16  org.elasticsearch.search.SearchHit$$Lambda$6200/0x0000000801c74580
10280:             1             16  org.elasticsearch.search.SearchHit$$Lambda$6201/0x0000000801c747b0
10281:             1             16  org.elasticsearch.search.SearchHit$$Lambda$6202/0x0000000801c74c40
10282:             1             16  org.elasticsearch.search.SearchHit$$Lambda$6203/0x0000000801c74e70
10283:             1             16  org.elasticsearch.search.SearchHit$$Lambda$6204/0x0000000801c75090
10284:             1             16  org.elasticsearch.search.SearchHit$$Lambda$6205/0x0000000801c752c0
10285:             1             16  org.elasticsearch.search.SearchHit$$Lambda$6206/0x0000000801c754e0
10286:             1             16  org.elasticsearch.search.SearchHit$$Lambda$6207/0x0000000801c759a0
10287:             1             16  org.elasticsearch.search.SearchHit$$Lambda$6208/0x0000000801c75bd0
10288:             1             16  org.elasticsearch.search.SearchHit$$Lambda$6266/0x0000000801c8aa10
10289:             1             16  org.elasticsearch.search.SearchHit$$Lambda$6267/0x0000000801c8ac30
10290:             1             16  org.elasticsearch.search.SearchHit$$Lambda$6268/0x0000000801c8b128
10291:             1             16  org.elasticsearch.search.SearchHit$$Lambda$6269/0x0000000801c8b348
10292:             1             16  org.elasticsearch.search.SearchHit$$Lambda$6270/0x0000000801c8b568
10293:             1             16  org.elasticsearch.search.SearchHit$$Lambda$6275/0x0000000801c8c008
10294:             1             16  org.elasticsearch.search.SearchHit$$Lambda$6607/0x0000000801d0e798
10295:             1             16  org.elasticsearch.search.SearchHit$$Lambda$6608/0x0000000801d0e9b8
10296:             1             16  org.elasticsearch.search.SearchHit$$Lambda$6609/0x0000000801d0ebd8
10297:             1             16  org.elasticsearch.search.SearchHit$$Lambda$6610/0x0000000801d0eff0
10298:             1             16  org.elasticsearch.search.SearchHits$$Lambda$5978/0x0000000801bf5c70
10299:             1             16  org.elasticsearch.search.SearchHits$$Lambda$5979/0x0000000801bf60d0
10300:             1             16  org.elasticsearch.search.SearchHits$$Lambda$6049/0x0000000801c0f808
10301:             1             16  org.elasticsearch.search.SearchHits$$Lambda$6050/0x0000000801c0fc68
10302:             1             16  org.elasticsearch.search.SearchHits$$Lambda$6051/0x0000000801c10280
10303:             1             16  org.elasticsearch.search.SearchHits$$Lambda$6052/0x0000000801c106e0
10304:             1             16  org.elasticsearch.search.SearchModule$$Lambda$1610/0x0000000801130040
10305:             1             16  org.elasticsearch.search.SearchModule$$Lambda$1611/0x00000008011304a0
10306:             1             16  org.elasticsearch.search.SearchModule$$Lambda$1612/0x0000000801130bc0
10307:             1             16  org.elasticsearch.search.SearchModule$$Lambda$1613/0x0000000801131e68
10308:             1             16  org.elasticsearch.search.SearchModule$$Lambda$1614/0x0000000801132088
10309:             1             16  org.elasticsearch.search.SearchModule$$Lambda$1615/0x0000000801132f48
10310:             1             16  org.elasticsearch.search.SearchModule$$Lambda$1616/0x0000000801133908
10311:             1             16  org.elasticsearch.search.SearchModule$$Lambda$1617/0x0000000801133b28
10312:             1             16  org.elasticsearch.search.SearchModule$$Lambda$1618/0x00000008011343a8
10313:             1             16  org.elasticsearch.search.SearchModule$$Lambda$1619/0x0000000801134fb8
10314:             1             16  org.elasticsearch.search.SearchModule$$Lambda$1620/0x00000008011351d8
10315:             1             16  org.elasticsearch.search.SearchModule$$Lambda$1621/0x0000000801135a38
10316:             1             16  org.elasticsearch.search.SearchModule$$Lambda$1622/0x0000000801135c58
10317:             1             16  org.elasticsearch.search.SearchModule$$Lambda$1624/0x0000000801137d48
10318:             1             16  org.elasticsearch.search.SearchModule$$Lambda$1625/0x0000000801138cc8
10319:             1             16  org.elasticsearch.search.SearchModule$$Lambda$1626/0x0000000801139110
10320:             1             16  org.elasticsearch.search.SearchModule$$Lambda$1627/0x0000000801139530
10321:             1             16  org.elasticsearch.search.SearchModule$$Lambda$1629/0x000000080113a898
10322:             1             16  org.elasticsearch.search.SearchModule$$Lambda$1631/0x000000080113efa8
10323:             1             16  org.elasticsearch.search.SearchModule$$Lambda$1633/0x000000080113f918
10324:             1             16  org.elasticsearch.search.SearchModule$$Lambda$1635/0x0000000801140588
10325:             1             16  org.elasticsearch.search.SearchModule$$Lambda$1636/0x00000008011407a8
10326:             1             16  org.elasticsearch.search.SearchModule$$Lambda$1637/0x0000000801140f20
10327:             1             16  org.elasticsearch.search.SearchModule$$Lambda$1638/0x0000000801141140
10328:             1             16  org.elasticsearch.search.SearchModule$$Lambda$1639/0x0000000801141628
10329:             1             16  org.elasticsearch.search.SearchModule$$Lambda$1640/0x0000000801141848
10330:             1             16  org.elasticsearch.search.SearchModule$$Lambda$1642/0x0000000801142b28
10331:             1             16  org.elasticsearch.search.SearchModule$$Lambda$1643/0x0000000801142f48
10332:             1             16  org.elasticsearch.search.SearchModule$$Lambda$1645/0x0000000801143758
10333:             1             16  org.elasticsearch.search.SearchModule$$Lambda$1646/0x0000000801143978
10334:             1             16  org.elasticsearch.search.SearchModule$$Lambda$1647/0x0000000801143f70
10335:             1             16  org.elasticsearch.search.SearchModule$$Lambda$1648/0x0000000801144190
10336:             1             16  org.elasticsearch.search.SearchModule$$Lambda$1649/0x0000000801144870
10337:             1             16  org.elasticsearch.search.SearchModule$$Lambda$1650/0x0000000801144a90
10338:             1             16  org.elasticsearch.search.SearchModule$$Lambda$1651/0x0000000801145520
10339:             1             16  org.elasticsearch.search.SearchModule$$Lambda$1652/0x0000000801145740
10340:             1             16  org.elasticsearch.search.SearchModule$$Lambda$1653/0x0000000801145f70
10341:             1             16  org.elasticsearch.search.SearchModule$$Lambda$1654/0x0000000801146190
10342:             1             16  org.elasticsearch.search.SearchModule$$Lambda$1655/0x0000000801146750
10343:             1             16  org.elasticsearch.search.SearchModule$$Lambda$1656/0x0000000801146970
10344:             1             16  org.elasticsearch.search.SearchModule$$Lambda$1657/0x0000000801146f10
10345:             1             16  org.elasticsearch.search.SearchModule$$Lambda$1658/0x0000000801147130
10346:             1             16  org.elasticsearch.search.SearchModule$$Lambda$1659/0x0000000801147d30
10347:             1             16  org.elasticsearch.search.SearchModule$$Lambda$1660/0x0000000801148040
10348:             1             16  org.elasticsearch.search.SearchModule$$Lambda$1661/0x0000000801148838
10349:             1             16  org.elasticsearch.search.SearchModule$$Lambda$1662/0x0000000801148a58
10350:             1             16  org.elasticsearch.search.SearchModule$$Lambda$1663/0x0000000801149988
10351:             1             16  org.elasticsearch.search.SearchModule$$Lambda$1664/0x0000000801149ba8
10352:             1             16  org.elasticsearch.search.SearchModule$$Lambda$1665/0x000000080114a508
10353:             1             16  org.elasticsearch.search.SearchModule$$Lambda$1666/0x000000080114a728
10354:             1             16  org.elasticsearch.search.SearchModule$$Lambda$1667/0x000000080114ace8
10355:             1             16  org.elasticsearch.search.SearchModule$$Lambda$1668/0x000000080114af08
10356:             1             16  org.elasticsearch.search.SearchModule$$Lambda$1669/0x000000080114b770
10357:             1             16  org.elasticsearch.search.SearchModule$$Lambda$1670/0x000000080114b990
10358:             1             16  org.elasticsearch.search.SearchModule$$Lambda$1671/0x000000080114c760
10359:             1             16  org.elasticsearch.search.SearchModule$$Lambda$1672/0x000000080114c980
10360:             1             16  org.elasticsearch.search.SearchModule$$Lambda$1673/0x000000080114d048
10361:             1             16  org.elasticsearch.search.SearchModule$$Lambda$1674/0x000000080114d268
10362:             1             16  org.elasticsearch.search.SearchModule$$Lambda$1675/0x000000080114d8a0
10363:             1             16  org.elasticsearch.search.SearchModule$$Lambda$1676/0x000000080114dac0
10364:             1             16  org.elasticsearch.search.SearchModule$$Lambda$1677/0x000000080114e0f8
10365:             1             16  org.elasticsearch.search.SearchModule$$Lambda$1678/0x000000080114e318
10366:             1             16  org.elasticsearch.search.SearchModule$$Lambda$1679/0x000000080114e8c0
10367:             1             16  org.elasticsearch.search.SearchModule$$Lambda$1680/0x000000080114eae0
10368:             1             16  org.elasticsearch.search.SearchModule$$Lambda$1681/0x000000080114f2f8
10369:             1             16  org.elasticsearch.search.SearchModule$$Lambda$1682/0x000000080114f518
10370:             1             16  org.elasticsearch.search.SearchModule$$Lambda$1683/0x000000080114fd90
10371:             1             16  org.elasticsearch.search.SearchModule$$Lambda$1684/0x0000000801150040
10372:             1             16  org.elasticsearch.search.SearchModule$$Lambda$1685/0x0000000801150710
10373:             1             16  org.elasticsearch.search.SearchModule$$Lambda$1686/0x0000000801150930
10374:             1             16  org.elasticsearch.search.SearchModule$$Lambda$1687/0x0000000801151190
10375:             1             16  org.elasticsearch.search.SearchModule$$Lambda$1688/0x00000008011513b0
10376:             1             16  org.elasticsearch.search.SearchModule$$Lambda$1689/0x00000008011519c0
10377:             1             16  org.elasticsearch.search.SearchModule$$Lambda$1690/0x0000000801151be0
10378:             1             16  org.elasticsearch.search.SearchModule$$Lambda$1691/0x0000000801152900
10379:             1             16  org.elasticsearch.search.SearchModule$$Lambda$1692/0x0000000801152b20
10380:             1             16  org.elasticsearch.search.SearchModule$$Lambda$1693/0x0000000801153148
10381:             1             16  org.elasticsearch.search.SearchModule$$Lambda$1694/0x0000000801153368
10382:             1             16  org.elasticsearch.search.SearchModule$$Lambda$1695/0x0000000801153948
10383:             1             16  org.elasticsearch.search.SearchModule$$Lambda$1696/0x0000000801153b68
10384:             1             16  org.elasticsearch.search.SearchModule$$Lambda$1697/0x0000000801154170
10385:             1             16  org.elasticsearch.search.SearchModule$$Lambda$1698/0x0000000801154390
10386:             1             16  org.elasticsearch.search.SearchModule$$Lambda$1699/0x0000000801154d80
10387:             1             16  org.elasticsearch.search.SearchModule$$Lambda$1700/0x0000000801154fa0
10388:             1             16  org.elasticsearch.search.SearchModule$$Lambda$1701/0x0000000801155548
10389:             1             16  org.elasticsearch.search.SearchModule$$Lambda$1702/0x0000000801155768
10390:             1             16  org.elasticsearch.search.SearchModule$$Lambda$1703/0x0000000801156308
10391:             1             16  org.elasticsearch.search.SearchModule$$Lambda$1704/0x0000000801156528
10392:             1             16  org.elasticsearch.search.SearchModule$$Lambda$1705/0x0000000801157840
10393:             1             16  org.elasticsearch.search.SearchModule$$Lambda$1706/0x0000000801157a60
10394:             1             16  org.elasticsearch.search.SearchModule$$Lambda$1707/0x0000000801158668
10395:             1             16  org.elasticsearch.search.SearchModule$$Lambda$1708/0x0000000801158888
10396:             1             16  org.elasticsearch.search.SearchModule$$Lambda$1709/0x0000000801159070
10397:             1             16  org.elasticsearch.search.SearchModule$$Lambda$1710/0x0000000801159290
10398:             1             16  org.elasticsearch.search.SearchModule$$Lambda$1711/0x0000000801159918
10399:             1             16  org.elasticsearch.search.SearchModule$$Lambda$1712/0x0000000801159b38
10400:             1             16  org.elasticsearch.search.SearchModule$$Lambda$1713/0x000000080115a0e0
10401:             1             16  org.elasticsearch.search.SearchModule$$Lambda$1714/0x000000080115a300
10402:             1             16  org.elasticsearch.search.SearchModule$$Lambda$1715/0x000000080115aad8
10403:             1             16  org.elasticsearch.search.SearchModule$$Lambda$1716/0x000000080115acf8
10404:             1             16  org.elasticsearch.search.SearchModule$$Lambda$1717/0x000000080115b318
10405:             1             16  org.elasticsearch.search.SearchModule$$Lambda$1718/0x000000080115b538
10406:             1             16  org.elasticsearch.search.SearchModule$$Lambda$1719/0x000000080115bb68
10407:             1             16  org.elasticsearch.search.SearchModule$$Lambda$1720/0x000000080115bd88
10408:             1             16  org.elasticsearch.search.SearchModule$$Lambda$1721/0x000000080115c360
10409:             1             16  org.elasticsearch.search.SearchModule$$Lambda$1722/0x000000080115c580
10410:             1             16  org.elasticsearch.search.SearchModule$$Lambda$1723/0x000000080115cb28
10411:             1             16  org.elasticsearch.search.SearchModule$$Lambda$1724/0x000000080115cd48
10412:             1             16  org.elasticsearch.search.SearchModule$$Lambda$1725/0x000000080115d2e8
10413:             1             16  org.elasticsearch.search.SearchModule$$Lambda$1726/0x000000080115d508
10414:             1             16  org.elasticsearch.search.SearchModule$$Lambda$1727/0x000000080115e3f8
10415:             1             16  org.elasticsearch.search.SearchModule$$Lambda$1728/0x000000080115e618
10416:             1             16  org.elasticsearch.search.SearchModule$$Lambda$1729/0x000000080115edf8
10417:             1             16  org.elasticsearch.search.SearchModule$$Lambda$1730/0x000000080115f018
10418:             1             16  org.elasticsearch.search.SearchModule$$Lambda$1731/0x000000080115f5d0
10419:             1             16  org.elasticsearch.search.SearchModule$$Lambda$1732/0x000000080115f7f0
10420:             1             16  org.elasticsearch.search.SearchModule$$Lambda$1733/0x0000000801160040
10421:             1             16  org.elasticsearch.search.SearchModule$$Lambda$1734/0x0000000800cd7de0
10422:             1             16  org.elasticsearch.search.SearchModule$$Lambda$1736/0x0000000801164c48
10423:             1             16  org.elasticsearch.search.SearchModule$$Lambda$1737/0x0000000801164e68
10424:             1             16  org.elasticsearch.search.SearchModule$$Lambda$1738/0x0000000801165088
10425:             1             16  org.elasticsearch.search.SearchModule$$Lambda$1754/0x00000008011668b0
10426:             1             16  org.elasticsearch.search.SearchModule$$Lambda$1755/0x0000000801166ad0
10427:             1             16  org.elasticsearch.search.SearchModule$$Lambda$1756/0x0000000801166cf0
10428:             1             16  org.elasticsearch.search.SearchModule$$Lambda$1757/0x0000000801166f18
10429:             1             16  org.elasticsearch.search.SearchModule$$Lambda$1759/0x0000000801180830
10430:             1             16  org.elasticsearch.search.SearchModule$$Lambda$1760/0x0000000801181250
10431:             1             16  org.elasticsearch.search.SearchModule$$Lambda$1761/0x00000008011820e8
10432:             1             16  org.elasticsearch.search.SearchModule$$Lambda$1762/0x0000000801182308
10433:             1             16  org.elasticsearch.search.SearchModule$$Lambda$1763/0x0000000801182528
10434:             1             16  org.elasticsearch.search.SearchModule$$Lambda$1764/0x00000008011829e8
10435:             1             16  org.elasticsearch.search.SearchModule$$Lambda$1765/0x0000000801182ea8
10436:             1             16  org.elasticsearch.search.SearchModule$$Lambda$1766/0x00000008011830c8
10437:             1             16  org.elasticsearch.search.SearchModule$$Lambda$1767/0x00000008011832e8
10438:             1             16  org.elasticsearch.search.SearchModule$$Lambda$1768/0x0000000801183508
10439:             1             16  org.elasticsearch.search.SearchModule$$Lambda$1769/0x0000000801183728
10440:             1             16  org.elasticsearch.search.SearchModule$$Lambda$1770/0x0000000801183948
10441:             1             16  org.elasticsearch.search.SearchModule$$Lambda$1771/0x0000000801183b68
10442:             1             16  org.elasticsearch.search.SearchModule$$Lambda$1772/0x0000000801184808
10443:             1             16  org.elasticsearch.search.SearchModule$$Lambda$1776/0x0000000801185398
10444:             1             16  org.elasticsearch.search.SearchModule$$Lambda$1778/0x0000000801185ab0
10445:             1             16  org.elasticsearch.search.SearchModule$$Lambda$1780/0x00000008011861c8
10446:             1             16  org.elasticsearch.search.SearchModule$$Lambda$1782/0x00000008011868d0
10447:             1             16  org.elasticsearch.search.SearchModule$$Lambda$1784/0x0000000801187290
10448:             1             16  org.elasticsearch.search.SearchModule$$Lambda$1796/0x0000000801189180
10449:             1             16  org.elasticsearch.search.SearchModule$$Lambda$1798/0x000000080118b4f0
10450:             1             16  org.elasticsearch.search.SearchModule$$Lambda$1810/0x000000080118efc8
10451:             1             16  org.elasticsearch.search.SearchModule$$Lambda$1811/0x000000080118f1e8
10452:             1             16  org.elasticsearch.search.SearchModule$$Lambda$1815/0x0000000801192270
10453:             1             16  org.elasticsearch.search.SearchModule$$Lambda$1823/0x0000000801193e68
10454:             1             16  org.elasticsearch.search.SearchModule$$Lambda$1824/0x0000000801194088
10455:             1             16  org.elasticsearch.search.SearchModule$$Lambda$1825/0x0000000801194940
10456:             1             16  org.elasticsearch.search.SearchModule$$Lambda$1827/0x00000008011953b8
10457:             1             16  org.elasticsearch.search.SearchModule$$Lambda$1828/0x00000008011955d8
10458:             1             16  org.elasticsearch.search.SearchModule$$Lambda$1830/0x0000000801196648
10459:             1             16  org.elasticsearch.search.SearchModule$$Lambda$1832/0x00000008011970c0
10460:             1             16  org.elasticsearch.search.SearchModule$$Lambda$1833/0x00000008011972e0
10461:             1             16  org.elasticsearch.search.SearchModule$$Lambda$1835/0x00000008011984a8
10462:             1             16  org.elasticsearch.search.SearchModule$$Lambda$1837/0x0000000801198f20
10463:             1             16  org.elasticsearch.search.SearchModule$$Lambda$1838/0x0000000801199140
10464:             1             16  org.elasticsearch.search.SearchModule$$Lambda$1840/0x000000080119a1b0
10465:             1             16  org.elasticsearch.search.SearchModule$$Lambda$1842/0x000000080119b248
10466:             1             16  org.elasticsearch.search.SearchModule$$Lambda$1843/0x000000080119b468
10467:             1             16  org.elasticsearch.search.SearchModule$$Lambda$1845/0x000000080119c4f0
10468:             1             16  org.elasticsearch.search.SearchModule$$Lambda$1849/0x000000080119dd58
10469:             1             16  org.elasticsearch.search.SearchModule$$Lambda$1850/0x000000080119df78
10470:             1             16  org.elasticsearch.search.SearchModule$$Lambda$1852/0x000000080119ea50
10471:             1             16  org.elasticsearch.search.SearchModule$$Lambda$1854/0x000000080119f4c0
10472:             1             16  org.elasticsearch.search.SearchModule$$Lambda$1855/0x000000080119f6e0
10473:             1             16  org.elasticsearch.search.SearchModule$$Lambda$1857/0x00000008011a1a28
10474:             1             16  org.elasticsearch.search.SearchModule$$Lambda$1858/0x00000008011a1c48
10475:             1             16  org.elasticsearch.search.SearchModule$$Lambda$1860/0x00000008011a3620
10476:             1             16  org.elasticsearch.search.SearchModule$$Lambda$1861/0x00000008011a40c8
10477:             1             16  org.elasticsearch.search.SearchModule$$Lambda$1862/0x00000008011a42e8
10478:             1             16  org.elasticsearch.search.SearchModule$$Lambda$1874/0x00000008011a8730
10479:             1             16  org.elasticsearch.search.SearchModule$$Lambda$1875/0x00000008011a8950
10480:             1             16  org.elasticsearch.search.SearchModule$$Lambda$1876/0x00000008011a9200
10481:             1             16  org.elasticsearch.search.SearchModule$$Lambda$1877/0x00000008011a98b0
10482:             1             16  org.elasticsearch.search.SearchModule$$Lambda$1878/0x00000008011a9ad0
10483:             1             16  org.elasticsearch.search.SearchModule$$Lambda$1882/0x00000008011aa9f0
10484:             1             16  org.elasticsearch.search.SearchModule$$Lambda$1885/0x00000008011ab898
10485:             1             16  org.elasticsearch.search.SearchModule$$Lambda$1886/0x00000008011abab8
10486:             1             16  org.elasticsearch.search.SearchModule$$Lambda$1888/0x00000008011acb28
10487:             1             16  org.elasticsearch.search.SearchModule$$Lambda$1892/0x00000008011ae370
10488:             1             16  org.elasticsearch.search.SearchModule$$Lambda$1893/0x00000008011ae590
10489:             1             16  org.elasticsearch.search.SearchModule$$Lambda$1895/0x00000008011afd98
10490:             1             16  org.elasticsearch.search.SearchModule$$Lambda$1896/0x00000008011b0040
10491:             1             16  org.elasticsearch.search.SearchModule$$Lambda$1897/0x00000008011b1588
10492:             1             16  org.elasticsearch.search.SearchModule$$Lambda$1898/0x00000008011b1e38
10493:             1             16  org.elasticsearch.search.SearchModule$$Lambda$1900/0x00000008011b2aa0
10494:             1             16  org.elasticsearch.search.SearchModule$$Lambda$1901/0x00000008011b2cc0
10495:             1             16  org.elasticsearch.search.SearchModule$$Lambda$1903/0x00000008011b46f8
10496:             1             16  org.elasticsearch.search.SearchModule$$Lambda$1904/0x00000008011b4918
10497:             1             16  org.elasticsearch.search.SearchModule$$Lambda$1905/0x00000008011b5140
10498:             1             16  org.elasticsearch.search.SearchModule$$Lambda$1906/0x00000008011b5980
10499:             1             16  org.elasticsearch.search.SearchModule$$Lambda$1907/0x00000008011b5ba0
10500:             1             16  org.elasticsearch.search.SearchModule$$Lambda$1908/0x00000008011b7348
10501:             1             16  org.elasticsearch.search.SearchModule$$Lambda$1909/0x00000008011b7b60
10502:             1             16  org.elasticsearch.search.SearchModule$$Lambda$1910/0x00000008011b7d80
10503:             1             16  org.elasticsearch.search.SearchModule$$Lambda$1911/0x00000008011b8b68
10504:             1             16  org.elasticsearch.search.SearchModule$$Lambda$1912/0x00000008011b9378
10505:             1             16  org.elasticsearch.search.SearchModule$$Lambda$1913/0x00000008011b9598
10506:             1             16  org.elasticsearch.search.SearchModule$$Lambda$1914/0x00000008011b9dc0
10507:             1             16  org.elasticsearch.search.SearchModule$$Lambda$1915/0x00000008011ba3e8
10508:             1             16  org.elasticsearch.search.SearchModule$$Lambda$1916/0x00000008011bacc8
10509:             1             16  org.elasticsearch.search.SearchModule$$Lambda$1921/0x00000008011bcc40
10510:             1             16  org.elasticsearch.search.SearchModule$$Lambda$1924/0x00000008011be3b0
10511:             1             16  org.elasticsearch.search.SearchModule$$Lambda$1940/0x00000008011c4c30
10512:             1             16  org.elasticsearch.search.SearchModule$$Lambda$1941/0x00000008011c5630
10513:             1             16  org.elasticsearch.search.SearchModule$$Lambda$1942/0x00000008011c6038
10514:             1             16  org.elasticsearch.search.SearchModule$$Lambda$1943/0x00000008011c6a40
10515:             1             16  org.elasticsearch.search.SearchModule$$Lambda$1944/0x00000008011c6c60
10516:             1             16  org.elasticsearch.search.SearchModule$$Lambda$1945/0x00000008011c9078
10517:             1             16  org.elasticsearch.search.SearchModule$$Lambda$1953/0x00000008011cbb58
10518:             1             16  org.elasticsearch.search.SearchModule$$Lambda$1954/0x00000008011cc520
10519:             1             16  org.elasticsearch.search.SearchModule$$Lambda$1955/0x00000008011ccf18
10520:             1             16  org.elasticsearch.search.SearchModule$$Lambda$1956/0x00000008011cd138
10521:             1             16  org.elasticsearch.search.SearchModule$$Lambda$1957/0x00000008011ce8c8
10522:             1             16  org.elasticsearch.search.SearchModule$$Lambda$1958/0x00000008011ceae8
10523:             1             16  org.elasticsearch.search.SearchModule$$Lambda$1959/0x00000008011d03c8
10524:             1             16  org.elasticsearch.search.SearchModule$$Lambda$1960/0x00000008011d0e20
10525:             1             16  org.elasticsearch.search.SearchModule$$Lambda$1961/0x00000008011d1860
10526:             1             16  org.elasticsearch.search.SearchModule$$Lambda$1962/0x00000008011d1a80
10527:             1             16  org.elasticsearch.search.SearchModule$$Lambda$1977/0x00000008011d4e88
10528:             1             16  org.elasticsearch.search.SearchModule$$Lambda$1978/0x00000008011d50a8
10529:             1             16  org.elasticsearch.search.SearchModule$$Lambda$1979/0x00000008011d6070
10530:             1             16  org.elasticsearch.search.SearchModule$$Lambda$1984/0x00000008011e03b0
10531:             1             16  org.elasticsearch.search.SearchModule$$Lambda$1985/0x00000008011e05d0
10532:             1             16  org.elasticsearch.search.SearchModule$$Lambda$1987/0x00000008011e1b38
10533:             1             16  org.elasticsearch.search.SearchModule$$Lambda$1994/0x00000008011e2e60
10534:             1             16  org.elasticsearch.search.SearchModule$$Lambda$1995/0x00000008011e3080
10535:             1             16  org.elasticsearch.search.SearchModule$$Lambda$1996/0x00000008011e3940
10536:             1             16  org.elasticsearch.search.SearchModule$$Lambda$2001/0x00000008011e4fc8
10537:             1             16  org.elasticsearch.search.SearchModule$$Lambda$2002/0x00000008011e51e8
10538:             1             16  org.elasticsearch.search.SearchModule$$Lambda$2004/0x00000008011e6a00
10539:             1             16  org.elasticsearch.search.SearchModule$$Lambda$2019/0x00000008011e9d18
10540:             1             16  org.elasticsearch.search.SearchModule$$Lambda$2020/0x00000008011e9f38
10541:             1             16  org.elasticsearch.search.SearchModule$$Lambda$2023/0x00000008011ebdd8
10542:             1             16  org.elasticsearch.search.SearchModule$$Lambda$2041/0x00000008011f1298
10543:             1             16  org.elasticsearch.search.SearchModule$$Lambda$2042/0x00000008011f14b8
10544:             1             16  org.elasticsearch.search.SearchModule$$Lambda$2045/0x00000008011f3398
10545:             1             16  org.elasticsearch.search.SearchModule$$Lambda$2050/0x00000008011f4a30
10546:             1             16  org.elasticsearch.search.SearchModule$$Lambda$2051/0x00000008011f4c50
10547:             1             16  org.elasticsearch.search.SearchModule$$Lambda$2053/0x00000008011f6868
10548:             1             16  org.elasticsearch.search.SearchModule$$Lambda$2058/0x00000008011f8040
10549:             1             16  org.elasticsearch.search.SearchModule$$Lambda$2059/0x00000008011f8260
10550:             1             16  org.elasticsearch.search.SearchModule$$Lambda$2061/0x00000008011f9ad8
10551:             1             16  org.elasticsearch.search.SearchModule$$Lambda$2062/0x00000008011f9cf8
10552:             1             16  org.elasticsearch.search.SearchModule$$Lambda$2063/0x00000008011fa310
10553:             1             16  org.elasticsearch.search.SearchModule$$Lambda$2064/0x00000008011fa530
10554:             1             16  org.elasticsearch.search.SearchModule$$Lambda$2075/0x00000008011fd418
10555:             1             16  org.elasticsearch.search.SearchModule$$Lambda$2082/0x0000000801200380
10556:             1             16  org.elasticsearch.search.SearchModule$$Lambda$2083/0x00000008012005a0
10557:             1             16  org.elasticsearch.search.SearchModule$$Lambda$2085/0x0000000801201658
10558:             1             16  org.elasticsearch.search.SearchModule$$Lambda$2088/0x0000000801202660
10559:             1             16  org.elasticsearch.search.SearchModule$$Lambda$2089/0x0000000801202880
10560:             1             16  org.elasticsearch.search.SearchModule$$Lambda$2091/0x00000008012035e8
10561:             1             16  org.elasticsearch.search.SearchModule$$Lambda$2092/0x0000000801203808
10562:             1             16  org.elasticsearch.search.SearchModule$$Lambda$2093/0x0000000801204030
10563:             1             16  org.elasticsearch.search.SearchModule$$Lambda$2094/0x0000000801204840
10564:             1             16  org.elasticsearch.search.SearchModule$$Lambda$2095/0x0000000801204a60
10565:             1             16  org.elasticsearch.search.SearchModule$$Lambda$2096/0x0000000801205288
10566:             1             16  org.elasticsearch.search.SearchModule$$Lambda$2097/0x0000000801205bc8
10567:             1             16  org.elasticsearch.search.SearchModule$$Lambda$2098/0x0000000801205de8
10568:             1             16  org.elasticsearch.search.SearchModule$$Lambda$2099/0x00000008012069c8
10569:             1             16  org.elasticsearch.search.SearchModule$$Lambda$2100/0x0000000801207280
10570:             1             16  org.elasticsearch.search.SearchModule$$Lambda$2103/0x0000000801208820
10571:             1             16  org.elasticsearch.search.SearchModule$$Lambda$2104/0x0000000801208a40
10572:             1             16  org.elasticsearch.search.SearchModule$$Lambda$2106/0x0000000801209518
10573:             1             16  org.elasticsearch.search.SearchModule$$Lambda$2108/0x0000000801209f18
10574:             1             16  org.elasticsearch.search.SearchModule$$Lambda$2109/0x000000080120a138
10575:             1             16  org.elasticsearch.search.SearchModule$$Lambda$2111/0x000000080120b148
10576:             1             16  org.elasticsearch.search.SearchModule$$Lambda$2118/0x000000080120c600
10577:             1             16  org.elasticsearch.search.SearchModule$$Lambda$2119/0x000000080120ce28
10578:             1             16  org.elasticsearch.search.SearchModule$$Lambda$2125/0x000000080120e9a8
10579:             1             16  org.elasticsearch.search.SearchModule$$Lambda$2126/0x000000080120ebc8
10580:             1             16  org.elasticsearch.search.SearchModule$$Lambda$2150/0x0000000801215050
10581:             1             16  org.elasticsearch.search.SearchModule$$Lambda$2198/0x0000000801216b00
10582:             1             16  org.elasticsearch.search.SearchModule$$Lambda$2231/0x0000000801238a70
10583:             1             16  org.elasticsearch.search.SearchModule$$Lambda$2232/0x00000008012391a8
10584:             1             16  org.elasticsearch.search.SearchModule$$Lambda$2233/0x00000008012398e0
10585:             1             16  org.elasticsearch.search.SearchModule$$Lambda$2234/0x000000080123a020
10586:             1             16  org.elasticsearch.search.SearchModule$$Lambda$2235/0x000000080123a768
10587:             1             16  org.elasticsearch.search.SearchModule$$Lambda$2236/0x000000080123add0
10588:             1             16  org.elasticsearch.search.SearchModule$$Lambda$2238/0x000000080123bd08
10589:             1             16  org.elasticsearch.search.SearchModule$$Lambda$2239/0x000000080123bf28
10590:             1             16  org.elasticsearch.search.SearchModule$$Lambda$2240/0x000000080123c148
10591:             1             16  org.elasticsearch.search.SearchModule$$Lambda$2242/0x000000080123d220
10592:             1             16  org.elasticsearch.search.SearchModule$$Lambda$2244/0x000000080123e548
10593:             1             16  org.elasticsearch.search.SearchModule$$Lambda$2245/0x000000080123ed80
10594:             1             16  org.elasticsearch.search.SearchModule$$Lambda$2246/0x000000080123f418
10595:             1             16  org.elasticsearch.search.SearchModule$$Lambda$2247/0x000000080123fc70
10596:             1             16  org.elasticsearch.search.SearchModule$$Lambda$2248/0x0000000801240040
10597:             1             16  org.elasticsearch.search.SearchModule$$Lambda$2249/0x0000000801240890
10598:             1             16  org.elasticsearch.search.SearchModule$$Lambda$2250/0x0000000801240ab0
10599:             1             16  org.elasticsearch.search.SearchModule$$Lambda$2251/0x0000000801240f10
10600:             1             16  org.elasticsearch.search.SearchModule$$Lambda$2252/0x0000000801241760
10601:             1             16  org.elasticsearch.search.SearchModule$$Lambda$2253/0x0000000801241980
10602:             1             16  org.elasticsearch.search.SearchModule$$Lambda$2254/0x0000000801242410
10603:             1             16  org.elasticsearch.search.SearchModule$$Lambda$2255/0x0000000801242d30
10604:             1             16  org.elasticsearch.search.SearchModule$$Lambda$2256/0x0000000801243190
10605:             1             16  org.elasticsearch.search.SearchModule$$Lambda$2257/0x00000008012439f0
10606:             1             16  org.elasticsearch.search.SearchModule$$Lambda$2258/0x0000000801244518
10607:             1             16  org.elasticsearch.search.SearchModule$$Lambda$2259/0x0000000801244978
10608:             1             16  org.elasticsearch.search.SearchModule$$Lambda$2260/0x00000008012451f8
10609:             1             16  org.elasticsearch.search.SearchModule$$Lambda$2261/0x0000000801245ac0
10610:             1             16  org.elasticsearch.search.SearchModule$$Lambda$2262/0x0000000801245f20
10611:             1             16  org.elasticsearch.search.SearchModule$$Lambda$2263/0x00000008012463b8
10612:             1             16  org.elasticsearch.search.SearchModule$$Lambda$2264/0x00000008012465d8
10613:             1             16  org.elasticsearch.search.SearchModule$$Lambda$2265/0x00000008012467f8
10614:             1             16  org.elasticsearch.search.SearchModule$$Lambda$2266/0x0000000801247008
10615:             1             16  org.elasticsearch.search.SearchModule$$Lambda$2267/0x0000000801247228
10616:             1             16  org.elasticsearch.search.SearchModule$$Lambda$2270/0x0000000801248040
10617:             1             16  org.elasticsearch.search.SearchModule$$Lambda$2271/0x0000000801248260
10618:             1             16  org.elasticsearch.search.SearchModule$$Lambda$2277/0x0000000801249798
10619:             1             16  org.elasticsearch.search.SearchModule$$Lambda$2278/0x00000008012499b8
10620:             1             16  org.elasticsearch.search.SearchModule$$Lambda$2279/0x0000000801249bd8
10621:             1             16  org.elasticsearch.search.SearchModule$$Lambda$2280/0x000000080124a3f0
10622:             1             16  org.elasticsearch.search.SearchModule$$Lambda$2281/0x000000080124a610
10623:             1             16  org.elasticsearch.search.SearchModule$$Lambda$2282/0x000000080124a830
10624:             1             16  org.elasticsearch.search.SearchModule$$Lambda$2283/0x000000080124b068
10625:             1             16  org.elasticsearch.search.SearchModule$$Lambda$2284/0x000000080124b288
10626:             1             16  org.elasticsearch.search.SearchModule$$Lambda$2285/0x000000080124b4a8
10627:             1             16  org.elasticsearch.search.SearchModule$$Lambda$2286/0x000000080124bce8
10628:             1             16  org.elasticsearch.search.SearchModule$$Lambda$2287/0x000000080124bf08
10629:             1             16  org.elasticsearch.search.SearchModule$$Lambda$2294/0x000000080124ce28
10630:             1             16  org.elasticsearch.search.SearchModule$$Lambda$2316/0x000000080124f6e8
10631:             1             16  org.elasticsearch.search.SearchModule$$Lambda$2327/0x00000008012670c8
10632:             1             16  org.elasticsearch.search.SearchModule$$Lambda$2328/0x00000008012672e8
10633:             1             16  org.elasticsearch.search.SearchModule$$Lambda$2329/0x0000000801267508
10634:             1             16  org.elasticsearch.search.SearchModule$$Lambda$2330/0x0000000801267728
10635:             1             16  org.elasticsearch.search.SearchModule$$Lambda$2331/0x0000000801267948
10636:             1             16  org.elasticsearch.search.SearchModule$$Lambda$2332/0x0000000801267b68
10637:             1             16  org.elasticsearch.search.SearchService$$Lambda$3802/0x000000080173a438
10638:             1             16  org.elasticsearch.search.SearchService$$Lambda$3803/0x000000080173a670
10639:             1             16  org.elasticsearch.search.SearchService$$Lambda$3804/0x000000080173aad8
10640:             1             16  org.elasticsearch.search.SearchService$$Lambda$3805/0x000000080173ad10
10641:             1             16  org.elasticsearch.search.SearchService$$Lambda$3806/0x000000080173af48
10642:             1             16  org.elasticsearch.search.SearchService$$Lambda$3807/0x000000080173b180
10643:             1             16  org.elasticsearch.search.SearchService$$Lambda$6333/0x0000000801c99da8
10644:             1             16  org.elasticsearch.search.SearchService$CanMatchResponse$$Lambda$6341/0x0000000801ca2a90
10645:             1             16  org.elasticsearch.search.SearchService$Reaper
10646:             1             16  org.elasticsearch.search.SearchSortValues$$Lambda$6271/0x0000000801c8b788
10647:             1             16  org.elasticsearch.search.SearchSortValues$$Lambda$6272/0x0000000801c8b9a8
10648:             1             16  org.elasticsearch.search.SearchSortValues$$Lambda$6273/0x0000000801c8bbc8
10649:             1             16  org.elasticsearch.search.SearchSortValues$$Lambda$6274/0x0000000801c8bde8
10650:             1             16  org.elasticsearch.search.SearchSortValues$$Lambda$6611/0x0000000801d0f210
10651:             1             16  org.elasticsearch.search.SearchSortValues$$Lambda$6612/0x0000000801d0f430
10652:             1             16  org.elasticsearch.search.aggregations.AggregationPhase
10653:             1             16  org.elasticsearch.search.aggregations.AggregatorFactories
10654:             1             16  org.elasticsearch.search.aggregations.AggregatorFactories$Builder$$Lambda$6375/0x0000000801cb9920
10655:             1             16  org.elasticsearch.search.aggregations.AggregatorFactories$Builder$$Lambda$6376/0x0000000801cb9b60
10656:             1             16  org.elasticsearch.search.aggregations.AggregatorFactories$Builder$$Lambda$6377/0x0000000801cb9da0
10657:             1             16  org.elasticsearch.search.aggregations.BucketCollector$1
10658:             1             16  org.elasticsearch.search.aggregations.CardinalityUpperBound$1
10659:             1             16  org.elasticsearch.search.aggregations.CardinalityUpperBound$2
10660:             1             16  org.elasticsearch.search.aggregations.CardinalityUpperBound$KnownCardinalityUpperBound
10661:             1             16  org.elasticsearch.search.aggregations.InternalAggregations$$Lambda$6328/0x0000000801c98518
10662:             1             16  org.elasticsearch.search.aggregations.InternalAggregations$$Lambda$6411/0x0000000801cc06a8
10663:             1             16  org.elasticsearch.search.aggregations.InternalOrder$$Lambda$6305/0x0000000801c90ac0
10664:             1             16  org.elasticsearch.search.aggregations.InternalOrder$$Lambda$6306/0x0000000801c90ce0
10665:             1             16  org.elasticsearch.search.aggregations.InternalOrder$CompoundOrder$$Lambda$6437/0x0000000801cc5558
10666:             1             16  org.elasticsearch.search.aggregations.LeafBucketCollector$1
10667:             1             16  org.elasticsearch.search.aggregations.MultiBucketConsumerService$$Lambda$3801/0x000000080173a200
10668:             1             16  org.elasticsearch.search.aggregations.bucket.composite.CompositeAggregationBuilder$$Lambda$2120/0x000000080120d048
10669:             1             16  org.elasticsearch.search.aggregations.bucket.composite.CompositeAggregationBuilder$$Lambda$2121/0x000000080120d588
10670:             1             16  org.elasticsearch.search.aggregations.bucket.composite.CompositeAggregationBuilder$$Lambda$2122/0x000000080120d7a8
10671:             1             16  org.elasticsearch.search.aggregations.bucket.composite.CompositeAggregationBuilder$$Lambda$2123/0x000000080120d9d8
10672:             1             16  org.elasticsearch.search.aggregations.bucket.composite.CompositeAggregationBuilder$$Lambda$2124/0x000000080120dc08
10673:             1             16  org.elasticsearch.search.aggregations.bucket.composite.CompositeAggregator$$Lambda$6386/0x0000000801cbbd70
10674:             1             16  org.elasticsearch.search.aggregations.bucket.composite.CompositeAggregator$$Lambda$6389/0x0000000801cbc430
10675:             1             16  org.elasticsearch.search.aggregations.bucket.composite.CompositeAggregator$$Lambda$6395/0x0000000801cbcab0
10676:             1             16  org.elasticsearch.search.aggregations.bucket.composite.CompositeValuesSourceParserHelper$$Lambda$2133/0x0000000801211458
10677:             1             16  org.elasticsearch.search.aggregations.bucket.composite.CompositeValuesSourceParserHelper$$Lambda$2134/0x0000000801211688
10678:             1             16  org.elasticsearch.search.aggregations.bucket.composite.CompositeValuesSourceParserHelper$$Lambda$2135/0x00000008012118a8
10679:             1             16  org.elasticsearch.search.aggregations.bucket.composite.CompositeValuesSourceParserHelper$$Lambda$2136/0x0000000801211ad8
10680:             1             16  org.elasticsearch.search.aggregations.bucket.composite.CompositeValuesSourceParserHelper$$Lambda$2137/0x0000000801211d08
10681:             1             16  org.elasticsearch.search.aggregations.bucket.composite.CompositeValuesSourceParserHelper$$Lambda$2138/0x0000000801211f28
10682:             1             16  org.elasticsearch.search.aggregations.bucket.composite.CompositeValuesSourceParserHelper$$Lambda$2139/0x0000000801212158
10683:             1             16  org.elasticsearch.search.aggregations.bucket.composite.CompositeValuesSourceParserHelper$$Lambda$2140/0x0000000801212378
10684:             1             16  org.elasticsearch.search.aggregations.bucket.composite.CompositeValuesSourceParserHelper$$Lambda$2141/0x00000008012125a8
10685:             1             16  org.elasticsearch.search.aggregations.bucket.composite.DateHistogramValuesSourceBuilder$$Lambda$2127/0x000000080120fc18
10686:             1             16  org.elasticsearch.search.aggregations.bucket.composite.DateHistogramValuesSourceBuilder$$Lambda$2128/0x0000000801210040
10687:             1             16  org.elasticsearch.search.aggregations.bucket.composite.DateHistogramValuesSourceBuilder$$Lambda$2129/0x00000008010ffdd0
10688:             1             16  org.elasticsearch.search.aggregations.bucket.composite.DateHistogramValuesSourceBuilder$$Lambda$2130/0x0000000801210270
10689:             1             16  org.elasticsearch.search.aggregations.bucket.composite.DateHistogramValuesSourceBuilder$$Lambda$2131/0x0000000801210490
10690:             1             16  org.elasticsearch.search.aggregations.bucket.composite.DateHistogramValuesSourceBuilder$$Lambda$2132/0x00000008012106c0
10691:             1             16  org.elasticsearch.search.aggregations.bucket.composite.DateHistogramValuesSourceBuilder$$Lambda$2142/0x0000000801212a18
10692:             1             16  org.elasticsearch.search.aggregations.bucket.composite.GeoTileGridValuesSourceBuilder$$Lambda$2145/0x0000000801213d40
10693:             1             16  org.elasticsearch.search.aggregations.bucket.composite.GeoTileGridValuesSourceBuilder$$Lambda$2146/0x0000000801213f70
10694:             1             16  org.elasticsearch.search.aggregations.bucket.composite.GeoTileGridValuesSourceBuilder$$Lambda$2147/0x0000000801214190
10695:             1             16  org.elasticsearch.search.aggregations.bucket.composite.HistogramValuesSourceBuilder$$Lambda$2143/0x00000008012133b8
10696:             1             16  org.elasticsearch.search.aggregations.bucket.composite.HistogramValuesSourceBuilder$$Lambda$2144/0x00000008012135e8
10697:             1             16  org.elasticsearch.search.aggregations.bucket.composite.TermsValuesSourceBuilder$$Lambda$2148/0x0000000801214c10
10698:             1             16  org.elasticsearch.search.aggregations.bucket.composite.TermsValuesSourceBuilder$$Lambda$2149/0x0000000801214e30
10699:             1             16  org.elasticsearch.search.aggregations.bucket.filter.FiltersAggregationBuilder$$Lambda$6307/0x0000000801c917a8
10700:             1             16  org.elasticsearch.search.aggregations.bucket.geogrid.GeoGridAggregationBuilder$$Lambda$2079/0x00000008011fe948
10701:             1             16  org.elasticsearch.search.aggregations.bucket.geogrid.GeoGridAggregationBuilder$$Lambda$2080/0x00000008011feb78
10702:             1             16  org.elasticsearch.search.aggregations.bucket.geogrid.GeoGridAggregationBuilder$$Lambda$2081/0x00000008011feda8
10703:             1             16  org.elasticsearch.search.aggregations.bucket.geogrid.GeoHashGridAggregationBuilder$$Lambda$2076/0x00000008011fe2c0
10704:             1             16  org.elasticsearch.search.aggregations.bucket.geogrid.GeoHashGridAggregationBuilder$$Lambda$2077/0x00000008011fe4e0
10705:             1             16  org.elasticsearch.search.aggregations.bucket.geogrid.GeoHashGridAggregatorFactory$$Lambda$2084/0x0000000801200d60
10706:             1             16  org.elasticsearch.search.aggregations.bucket.geogrid.GeoTileGridAggregationBuilder$$Lambda$2086/0x0000000801201a80
10707:             1             16  org.elasticsearch.search.aggregations.bucket.geogrid.GeoTileGridAggregationBuilder$$Lambda$2087/0x0000000801201ca0
10708:             1             16  org.elasticsearch.search.aggregations.bucket.geogrid.GeoTileGridAggregatorFactory$$Lambda$2090/0x0000000801202de8
10709:             1             16  org.elasticsearch.search.aggregations.bucket.histogram.AutoDateHistogramAggregationBuilder$$Lambda$2046/0x00000008011f37b8
10710:             1             16  org.elasticsearch.search.aggregations.bucket.histogram.AutoDateHistogramAggregationBuilder$$Lambda$2047/0x00000008011f39f8
10711:             1             16  org.elasticsearch.search.aggregations.bucket.histogram.AutoDateHistogramAggregationBuilder$$Lambda$2048/0x00000008011f3c28
10712:             1             16  org.elasticsearch.search.aggregations.bucket.histogram.AutoDateHistogramAggregatorFactory$$Lambda$2052/0x00000008011f5f98
10713:             1             16  org.elasticsearch.search.aggregations.bucket.histogram.DateHistogramAggregationBuilder$$Lambda$2024/0x00000008011eda28
10714:             1             16  org.elasticsearch.search.aggregations.bucket.histogram.DateHistogramAggregationBuilder$$Lambda$2031/0x00000008011eeec8
10715:             1             16  org.elasticsearch.search.aggregations.bucket.histogram.DateHistogramAggregationBuilder$$Lambda$2032/0x00000008011ef0f8
10716:             1             16  org.elasticsearch.search.aggregations.bucket.histogram.DateHistogramAggregationBuilder$$Lambda$2033/0x00000008011ef318
10717:             1             16  org.elasticsearch.search.aggregations.bucket.histogram.DateHistogramAggregationBuilder$$Lambda$2034/0x00000008011ef548
10718:             1             16  org.elasticsearch.search.aggregations.bucket.histogram.DateHistogramAggregationBuilder$$Lambda$2035/0x00000008011efa20
10719:             1             16  org.elasticsearch.search.aggregations.bucket.histogram.DateHistogramAggregationBuilder$$Lambda$2036/0x00000008011efc50
10720:             1             16  org.elasticsearch.search.aggregations.bucket.histogram.DateHistogramAggregationBuilder$$Lambda$2037/0x00000008011f0040
10721:             1             16  org.elasticsearch.search.aggregations.bucket.histogram.DateHistogramAggregationBuilder$$Lambda$2038/0x00000008011f0270
10722:             1             16  org.elasticsearch.search.aggregations.bucket.histogram.DateHistogramAggregationBuilder$$Lambda$2039/0x00000008011f0490
10723:             1             16  org.elasticsearch.search.aggregations.bucket.histogram.DateHistogramAggregationBuilder$$Lambda$2040/0x00000008011f06c0
10724:             1             16  org.elasticsearch.search.aggregations.bucket.histogram.DateHistogramAggregatorFactory$$Lambda$2043/0x00000008011f2308
10725:             1             16  org.elasticsearch.search.aggregations.bucket.histogram.DateHistogramAggregatorFactory$$Lambda$2044/0x00000008011f2ac8
10726:             1             16  org.elasticsearch.search.aggregations.bucket.histogram.DateIntervalWrapper$$Lambda$2025/0x00000008011edf50
10727:             1             16  org.elasticsearch.search.aggregations.bucket.histogram.DateIntervalWrapper$$Lambda$2026/0x00000008011ee180
10728:             1             16  org.elasticsearch.search.aggregations.bucket.histogram.DateIntervalWrapper$$Lambda$2027/0x00000008011ee628
10729:             1             16  org.elasticsearch.search.aggregations.bucket.histogram.DateIntervalWrapper$$Lambda$2028/0x00000008011ee858
10730:             1             16  org.elasticsearch.search.aggregations.bucket.histogram.DateIntervalWrapper$$Lambda$2029/0x00000008011eea78
10731:             1             16  org.elasticsearch.search.aggregations.bucket.histogram.DateIntervalWrapper$$Lambda$2030/0x00000008011eeca8
10732:             1             16  org.elasticsearch.search.aggregations.bucket.histogram.HistogramAggregationBuilder$$Lambda$2005/0x00000008011e7020
10733:             1             16  org.elasticsearch.search.aggregations.bucket.histogram.HistogramAggregationBuilder$$Lambda$2006/0x00000008011e7240
10734:             1             16  org.elasticsearch.search.aggregations.bucket.histogram.HistogramAggregationBuilder$$Lambda$2007/0x00000008011e7470
10735:             1             16  org.elasticsearch.search.aggregations.bucket.histogram.HistogramAggregationBuilder$$Lambda$2008/0x00000008011e76a0
10736:             1             16  org.elasticsearch.search.aggregations.bucket.histogram.HistogramAggregationBuilder$$Lambda$2009/0x00000008011e78e0
10737:             1             16  org.elasticsearch.search.aggregations.bucket.histogram.HistogramAggregationBuilder$$Lambda$2010/0x00000008011e7b10
10738:             1             16  org.elasticsearch.search.aggregations.bucket.histogram.HistogramAggregationBuilder$$Lambda$2011/0x00000008011e7d40
10739:             1             16  org.elasticsearch.search.aggregations.bucket.histogram.HistogramAggregationBuilder$$Lambda$2012/0x00000008011e8040
10740:             1             16  org.elasticsearch.search.aggregations.bucket.histogram.HistogramAggregationBuilder$$Lambda$2013/0x00000008011e8270
10741:             1             16  org.elasticsearch.search.aggregations.bucket.histogram.HistogramAggregationBuilder$$Lambda$2014/0x00000008011e84a0
10742:             1             16  org.elasticsearch.search.aggregations.bucket.histogram.HistogramAggregationBuilder$$Lambda$2015/0x00000008011e86c0
10743:             1             16  org.elasticsearch.search.aggregations.bucket.histogram.HistogramAggregationBuilder$$Lambda$2016/0x00000008011e88f0
10744:             1             16  org.elasticsearch.search.aggregations.bucket.histogram.HistogramAggregationBuilder$$Lambda$2017/0x00000008011e8b10
10745:             1             16  org.elasticsearch.search.aggregations.bucket.histogram.HistogramAggregationBuilder$$Lambda$2018/0x00000008011e8d40
10746:             1             16  org.elasticsearch.search.aggregations.bucket.histogram.HistogramAggregatorFactory$$Lambda$2021/0x00000008011eada8
10747:             1             16  org.elasticsearch.search.aggregations.bucket.histogram.HistogramAggregatorFactory$$Lambda$2022/0x00000008011eb218
10748:             1             16  org.elasticsearch.search.aggregations.bucket.histogram.VariableWidthHistogramAggregationBuilder$$Lambda$2054/0x00000008011f6c88
10749:             1             16  org.elasticsearch.search.aggregations.bucket.histogram.VariableWidthHistogramAggregationBuilder$$Lambda$2055/0x00000008011f6ec8
10750:             1             16  org.elasticsearch.search.aggregations.bucket.histogram.VariableWidthHistogramAggregationBuilder$$Lambda$2056/0x00000008011f70f8
10751:             1             16  org.elasticsearch.search.aggregations.bucket.histogram.VariableWidthHistogramAggregationBuilder$$Lambda$2057/0x00000008011f7328
10752:             1             16  org.elasticsearch.search.aggregations.bucket.histogram.VariableWidthHistogramAggregatorFactory$$Lambda$2060/0x00000008011f8f50
10753:             1             16  org.elasticsearch.search.aggregations.bucket.missing.MissingAggregationBuilder$$Lambda$1899/0x00000008011b2258
10754:             1             16  org.elasticsearch.search.aggregations.bucket.missing.MissingAggregatorFactory$$Lambda$1902/0x00000008011b3ef0
10755:             1             16  org.elasticsearch.search.aggregations.bucket.nested.NestedAggregator$$Lambda$6370/0x0000000801cb7c00
10756:             1             16  org.elasticsearch.search.aggregations.bucket.range.AbstractRangeAggregatorFactory$$Lambda$1986/0x00000008011e0f70
10757:             1             16  org.elasticsearch.search.aggregations.bucket.range.BinaryRangeAggregatorFactory$$Lambda$2003/0x00000008011e60c8
10758:             1             16  org.elasticsearch.search.aggregations.bucket.range.DateRangeAggregationBuilder$$Lambda$1988/0x00000008011e1d58
10759:             1             16  org.elasticsearch.search.aggregations.bucket.range.DateRangeAggregationBuilder$$Lambda$1991/0x00000008011e23e8
10760:             1             16  org.elasticsearch.search.aggregations.bucket.range.DateRangeAggregationBuilder$$Lambda$1992/0x00000008011e2618
10761:             1             16  org.elasticsearch.search.aggregations.bucket.range.DateRangeAggregationBuilder$$Lambda$1993/0x00000008011e2848
10762:             1             16  org.elasticsearch.search.aggregations.bucket.range.GeoDistanceAggregationBuilder$$Lambda$2065/0x00000008011fa960
10763:             1             16  org.elasticsearch.search.aggregations.bucket.range.GeoDistanceAggregationBuilder$$Lambda$2066/0x00000008011fab90
10764:             1             16  org.elasticsearch.search.aggregations.bucket.range.GeoDistanceAggregationBuilder$$Lambda$2067/0x00000008011fb078
10765:             1             16  org.elasticsearch.search.aggregations.bucket.range.GeoDistanceAggregationBuilder$$Lambda$2068/0x00000008011fb4f8
10766:             1             16  org.elasticsearch.search.aggregations.bucket.range.GeoDistanceAggregationBuilder$$Lambda$2069/0x00000008011fb728
10767:             1             16  org.elasticsearch.search.aggregations.bucket.range.GeoDistanceAggregationBuilder$$Lambda$2070/0x00000008011fbba8
10768:             1             16  org.elasticsearch.search.aggregations.bucket.range.GeoDistanceAggregationBuilder$$Lambda$2071/0x00000008011fbdd8
10769:             1             16  org.elasticsearch.search.aggregations.bucket.range.GeoDistanceAggregationBuilder$$Lambda$2072/0x00000008011fbff8
10770:             1             16  org.elasticsearch.search.aggregations.bucket.range.GeoDistanceAggregationBuilder$$Lambda$2073/0x00000008011fc228
10771:             1             16  org.elasticsearch.search.aggregations.bucket.range.GeoDistanceRangeAggregatorFactory$$Lambda$2074/0x00000008011fc698
10772:             1             16  org.elasticsearch.search.aggregations.bucket.range.IpRangeAggregationBuilder$$Lambda$1997/0x00000008011e3d60
10773:             1             16  org.elasticsearch.search.aggregations.bucket.range.IpRangeAggregationBuilder$$Lambda$1998/0x00000008011e3fa0
10774:             1             16  org.elasticsearch.search.aggregations.bucket.range.IpRangeAggregationBuilder$$Lambda$1999/0x00000008011e41d0
10775:             1             16  org.elasticsearch.search.aggregations.bucket.range.IpRangeAggregationBuilder$$Lambda$2000/0x00000008011e4680
10776:             1             16  org.elasticsearch.search.aggregations.bucket.range.RangeAggregationBuilder$$Lambda$1980/0x00000008011d6490
10777:             1             16  org.elasticsearch.search.aggregations.bucket.range.RangeAggregationBuilder$$Lambda$1981/0x00000008011d66d0
10778:             1             16  org.elasticsearch.search.aggregations.bucket.range.RangeAggregationBuilder$$Lambda$1982/0x00000008011d7498
10779:             1             16  org.elasticsearch.search.aggregations.bucket.range.RangeAggregationBuilder$$Lambda$1983/0x00000008011d7980
10780:             1             16  org.elasticsearch.search.aggregations.bucket.sampler.DiversifiedAggregationBuilder$$Lambda$1917/0x00000008011bb0e8
10781:             1             16  org.elasticsearch.search.aggregations.bucket.sampler.DiversifiedAggregationBuilder$$Lambda$1918/0x00000008011bb328
10782:             1             16  org.elasticsearch.search.aggregations.bucket.sampler.DiversifiedAggregationBuilder$$Lambda$1919/0x00000008011bc7e0
10783:             1             16  org.elasticsearch.search.aggregations.bucket.sampler.DiversifiedAggregationBuilder$$Lambda$1920/0x00000008011bca10
10784:             1             16  org.elasticsearch.search.aggregations.bucket.sampler.DiversifiedAggregatorFactory$$Lambda$1922/0x00000008011bd848
10785:             1             16  org.elasticsearch.search.aggregations.bucket.sampler.DiversifiedAggregatorFactory$$Lambda$1923/0x00000008011bda68
10786:             1             16  org.elasticsearch.search.aggregations.bucket.terms.GlobalOrdinalsStringTermsAggregator$$Lambda$6344/0x0000000801ca6d38
10787:             1             16  org.elasticsearch.search.aggregations.bucket.terms.GlobalOrdinalsStringTermsAggregator$StandardTermsResults$$Lambda$6715/0x0000000801d270d8
10788:             1             16  org.elasticsearch.search.aggregations.bucket.terms.GlobalOrdinalsStringTermsAggregator$StandardTermsResults$$Lambda$6716/0x0000000801d27528
10789:             1             16  org.elasticsearch.search.aggregations.bucket.terms.GlobalOrdinalsStringTermsAggregator$StandardTermsResults$$Lambda$6717/0x0000000801d27748
10790:             1             16  org.elasticsearch.search.aggregations.bucket.terms.RareTermsAggregationBuilder$$Lambda$1946/0x00000008011c9498
10791:             1             16  org.elasticsearch.search.aggregations.bucket.terms.RareTermsAggregationBuilder$$Lambda$1947/0x00000008011c96d8
10792:             1             16  org.elasticsearch.search.aggregations.bucket.terms.RareTermsAggregationBuilder$$Lambda$1948/0x00000008011c9908
10793:             1             16  org.elasticsearch.search.aggregations.bucket.terms.RareTermsAggregationBuilder$$Lambda$1949/0x00000008011c9b38
10794:             1             16  org.elasticsearch.search.aggregations.bucket.terms.RareTermsAggregationBuilder$$Lambda$1950/0x00000008011c9d58
10795:             1             16  org.elasticsearch.search.aggregations.bucket.terms.RareTermsAggregationBuilder$$Lambda$1951/0x00000008011c9f88
10796:             1             16  org.elasticsearch.search.aggregations.bucket.terms.RareTermsAggregationBuilder$$Lambda$1952/0x00000008011ca1a8
10797:             1             16  org.elasticsearch.search.aggregations.bucket.terms.RareTermsAggregatorFactory$1
10798:             1             16  org.elasticsearch.search.aggregations.bucket.terms.RareTermsAggregatorFactory$2
10799:             1             16  org.elasticsearch.search.aggregations.bucket.terms.SignificantTermsAggregationBuilder$$Lambda$1963/0x00000008011d1eb0
10800:             1             16  org.elasticsearch.search.aggregations.bucket.terms.SignificantTermsAggregationBuilder$$Lambda$1966/0x00000008011d2550
10801:             1             16  org.elasticsearch.search.aggregations.bucket.terms.SignificantTermsAggregationBuilder$$Lambda$1967/0x00000008011d2780
10802:             1             16  org.elasticsearch.search.aggregations.bucket.terms.SignificantTermsAggregationBuilder$$Lambda$1968/0x00000008011d29b0
10803:             1             16  org.elasticsearch.search.aggregations.bucket.terms.SignificantTermsAggregationBuilder$$Lambda$1969/0x00000008011d2be0
10804:             1             16  org.elasticsearch.search.aggregations.bucket.terms.SignificantTermsAggregationBuilder$$Lambda$1970/0x00000008011d2e10
10805:             1             16  org.elasticsearch.search.aggregations.bucket.terms.SignificantTermsAggregationBuilder$$Lambda$1971/0x00000008011d3040
10806:             1             16  org.elasticsearch.search.aggregations.bucket.terms.SignificantTermsAggregationBuilder$$Lambda$1972/0x00000008011d3270
10807:             1             16  org.elasticsearch.search.aggregations.bucket.terms.SignificantTermsAggregationBuilder$$Lambda$1973/0x00000008011d3490
10808:             1             16  org.elasticsearch.search.aggregations.bucket.terms.SignificantTermsAggregationBuilder$$Lambda$1974/0x00000008011d36c0
10809:             1             16  org.elasticsearch.search.aggregations.bucket.terms.SignificantTermsAggregationBuilder$$Lambda$1975/0x00000008011d38e0
10810:             1             16  org.elasticsearch.search.aggregations.bucket.terms.SignificantTermsAggregationBuilder$$Lambda$1976/0x00000008011d3b10
10811:             1             16  org.elasticsearch.search.aggregations.bucket.terms.SignificantTermsAggregatorFactory$1
10812:             1             16  org.elasticsearch.search.aggregations.bucket.terms.SignificantTermsAggregatorFactory$2
10813:             1             16  org.elasticsearch.search.aggregations.bucket.terms.StringTerms$$Lambda$6435/0x0000000801cc5110
10814:             1             16  org.elasticsearch.search.aggregations.bucket.terms.TermsAggregationBuilder$$Lambda$1925/0x00000008011bea90
10815:             1             16  org.elasticsearch.search.aggregations.bucket.terms.TermsAggregationBuilder$$Lambda$1926/0x00000008011becd0
10816:             1             16  org.elasticsearch.search.aggregations.bucket.terms.TermsAggregationBuilder$$Lambda$1927/0x00000008011bef00
10817:             1             16  org.elasticsearch.search.aggregations.bucket.terms.TermsAggregationBuilder$$Lambda$1928/0x00000008011bf130
10818:             1             16  org.elasticsearch.search.aggregations.bucket.terms.TermsAggregationBuilder$$Lambda$1929/0x00000008011bf360
10819:             1             16  org.elasticsearch.search.aggregations.bucket.terms.TermsAggregationBuilder$$Lambda$1930/0x00000008011bf590
10820:             1             16  org.elasticsearch.search.aggregations.bucket.terms.TermsAggregationBuilder$$Lambda$1931/0x00000008011bf7c0
10821:             1             16  org.elasticsearch.search.aggregations.bucket.terms.TermsAggregationBuilder$$Lambda$1932/0x00000008011bfc50
10822:             1             16  org.elasticsearch.search.aggregations.bucket.terms.TermsAggregationBuilder$$Lambda$1933/0x00000008011c0040
10823:             1             16  org.elasticsearch.search.aggregations.bucket.terms.TermsAggregationBuilder$$Lambda$1934/0x00000008011c0260
10824:             1             16  org.elasticsearch.search.aggregations.bucket.terms.TermsAggregationBuilder$$Lambda$1935/0x00000008011c0720
10825:             1             16  org.elasticsearch.search.aggregations.bucket.terms.TermsAggregationBuilder$$Lambda$1936/0x00000008011c0bf0
10826:             1             16  org.elasticsearch.search.aggregations.bucket.terms.TermsAggregationBuilder$$Lambda$1937/0x00000008011c2718
10827:             1             16  org.elasticsearch.search.aggregations.bucket.terms.TermsAggregationBuilder$$Lambda$1938/0x00000008011c2938
10828:             1             16  org.elasticsearch.search.aggregations.bucket.terms.TermsAggregationBuilder$$Lambda$1939/0x00000008011c2b68
10829:             1             16  org.elasticsearch.search.aggregations.bucket.terms.TermsAggregationBuilder$$Lambda$6368/0x0000000801cb77c0
10830:             1             16  org.elasticsearch.search.aggregations.bucket.terms.TermsAggregationBuilder$$Lambda$6369/0x0000000801cb79e0
10831:             1             16  org.elasticsearch.search.aggregations.bucket.terms.TermsAggregator$$Lambda$6346/0x0000000801ca7828
10832:             1             16  org.elasticsearch.search.aggregations.bucket.terms.TermsAggregatorFactory$$Lambda$6427/0x0000000801cc3580
10833:             1             16  org.elasticsearch.search.aggregations.bucket.terms.TermsAggregatorFactory$1
10834:             1             16  org.elasticsearch.search.aggregations.bucket.terms.TermsAggregatorFactory$2
10835:             1             16  org.elasticsearch.search.aggregations.bucket.terms.TermsAggregatorFactory$ExecutionMode$2$$Lambda$6345/0x0000000801ca6f88
10836:             1             16  org.elasticsearch.search.aggregations.bucket.terms.TermsAggregatorFactory$ExecutionMode$2$$Lambda$6451/0x0000000801ce07f0
10837:             1             16  org.elasticsearch.search.aggregations.bucket.terms.heuristic.ChiSquare$$Lambda$1773/0x0000000801184a28
10838:             1             16  org.elasticsearch.search.aggregations.bucket.terms.heuristic.GND$$Lambda$1777/0x00000008011855b8
10839:             1             16  org.elasticsearch.search.aggregations.bucket.terms.heuristic.JLHScore
10840:             1             16  org.elasticsearch.search.aggregations.bucket.terms.heuristic.JLHScore$$Lambda$1779/0x0000000801185cd0
10841:             1             16  org.elasticsearch.search.aggregations.bucket.terms.heuristic.MutualInformation$$Lambda$1781/0x00000008011863e8
10842:             1             16  org.elasticsearch.search.aggregations.bucket.terms.heuristic.PercentageScore$$Lambda$1783/0x0000000801186af0
10843:             1             16  org.elasticsearch.search.aggregations.bucket.terms.heuristic.ScriptHeuristic$$Lambda$1785/0x00000008011874b0
10844:             1             16  org.elasticsearch.search.aggregations.matrix.MatrixAggregationPlugin
10845:             1             16  org.elasticsearch.search.aggregations.matrix.MatrixAggregationPlugin$$Lambda$2190/0x00000008011da288
10846:             1             16  org.elasticsearch.search.aggregations.matrix.MatrixAggregationPlugin$$Lambda$2191/0x0000000801228ac8
10847:             1             16  org.elasticsearch.search.aggregations.metrics.AbstractPercentilesAggregationBuilder$$Lambda$1868/0x00000008011a6080
10848:             1             16  org.elasticsearch.search.aggregations.metrics.AvgAggregationBuilder$$Lambda$1799/0x000000080118bb20
10849:             1             16  org.elasticsearch.search.aggregations.metrics.AvgAggregatorFactory$$Lambda$1813/0x0000000801190dd8
10850:             1             16  org.elasticsearch.search.aggregations.metrics.CardinalityAggregationBuilder$$Lambda$1889/0x00000008011acf48
10851:             1             16  org.elasticsearch.search.aggregations.metrics.CardinalityAggregationBuilder$$Lambda$1890/0x00000008011ad188
10852:             1             16  org.elasticsearch.search.aggregations.metrics.CardinalityAggregationBuilder$$Lambda$1891/0x00000008011ad3b8
10853:             1             16  org.elasticsearch.search.aggregations.metrics.CardinalityAggregatorFactory$$Lambda$1894/0x00000008011af5a0
10854:             1             16  org.elasticsearch.search.aggregations.metrics.ExtendedStatsAggregationBuilder$$Lambda$1846/0x000000080119c910
10855:             1             16  org.elasticsearch.search.aggregations.metrics.ExtendedStatsAggregationBuilder$$Lambda$1847/0x000000080119cb50
10856:             1             16  org.elasticsearch.search.aggregations.metrics.ExtendedStatsAggregatorFactory$$Lambda$1851/0x000000080119e1a8
10857:             1             16  org.elasticsearch.search.aggregations.metrics.GeoBoundsAggregationBuilder$$Lambda$2101/0x00000008012076a0
10858:             1             16  org.elasticsearch.search.aggregations.metrics.GeoBoundsAggregationBuilder$$Lambda$2102/0x00000008012078e0
10859:             1             16  org.elasticsearch.search.aggregations.metrics.GeoBoundsAggregatorFactory$$Lambda$2105/0x0000000801208c70
10860:             1             16  org.elasticsearch.search.aggregations.metrics.GeoCentroidAggregationBuilder$$Lambda$2107/0x0000000801209738
10861:             1             16  org.elasticsearch.search.aggregations.metrics.GeoCentroidAggregatorFactory$$Lambda$2110/0x000000080120a8f8
10862:             1             16  org.elasticsearch.search.aggregations.metrics.InternalScriptedMetric$$Lambda$6332/0x0000000801c99b88
10863:             1             16  org.elasticsearch.search.aggregations.metrics.InternalScriptedMetric$$Lambda$6408/0x0000000801cc0268
10864:             1             16  org.elasticsearch.search.aggregations.metrics.InternalScriptedMetric$$Lambda$6409/0x0000000801cc0488
10865:             1             16  org.elasticsearch.search.aggregations.metrics.MaxAggregationBuilder$$Lambda$1836/0x00000008011986c8
10866:             1             16  org.elasticsearch.search.aggregations.metrics.MaxAggregatorFactory$$Lambda$1839/0x0000000801199908
10867:             1             16  org.elasticsearch.search.aggregations.metrics.MedianAbsoluteDeviationAggregationBuilder$$Lambda$1883/0x00000008011aae10
10868:             1             16  org.elasticsearch.search.aggregations.metrics.MedianAbsoluteDeviationAggregationBuilder$$Lambda$1884/0x00000008011ab050
10869:             1             16  org.elasticsearch.search.aggregations.metrics.MedianAbsoluteDeviationAggregatorFactory$$Lambda$1887/0x00000008011ac288
10870:             1             16  org.elasticsearch.search.aggregations.metrics.MinAggregationBuilder$$Lambda$1831/0x0000000801196868
10871:             1             16  org.elasticsearch.search.aggregations.metrics.MinAggregatorFactory$$Lambda$1834/0x0000000801198040
10872:             1             16  org.elasticsearch.search.aggregations.metrics.PercentileRanksAggregationBuilder$$Lambda$1879/0x00000008011a9d00
10873:             1             16  org.elasticsearch.search.aggregations.metrics.PercentileRanksAggregationBuilder$$Lambda$1880/0x00000008011a9f20
10874:             1             16  org.elasticsearch.search.aggregations.metrics.PercentileRanksAggregatorFactory$$Lambda$1881/0x00000008011aa140
10875:             1             16  org.elasticsearch.search.aggregations.metrics.PercentilesAggregationBuilder$$Lambda$1863/0x00000008011a4918
10876:             1             16  org.elasticsearch.search.aggregations.metrics.PercentilesAggregationBuilder$$Lambda$1864/0x00000008011a57d0
10877:             1             16  org.elasticsearch.search.aggregations.metrics.PercentilesAggregatorFactory$$Lambda$1873/0x00000008011a7c58
10878:             1             16  org.elasticsearch.search.aggregations.metrics.PercentilesMethod$$Lambda$1869/0x00000008011a6998
10879:             1             16  org.elasticsearch.search.aggregations.metrics.PercentilesMethod$$Lambda$1870/0x00000008011a6bb8
10880:             1             16  org.elasticsearch.search.aggregations.metrics.PercentilesMethod$$Lambda$1871/0x00000008011a7808
10881:             1             16  org.elasticsearch.search.aggregations.metrics.PercentilesMethod$$Lambda$1872/0x00000008011a7a28
10882:             1             16  org.elasticsearch.search.aggregations.metrics.ScriptedMetricAggregationBuilder$$Lambda$2112/0x000000080120b368
10883:             1             16  org.elasticsearch.search.aggregations.metrics.ScriptedMetricAggregationBuilder$$Lambda$2113/0x000000080120b598
10884:             1             16  org.elasticsearch.search.aggregations.metrics.ScriptedMetricAggregationBuilder$$Lambda$2114/0x000000080120b7c8
10885:             1             16  org.elasticsearch.search.aggregations.metrics.ScriptedMetricAggregationBuilder$$Lambda$2115/0x000000080120b9f8
10886:             1             16  org.elasticsearch.search.aggregations.metrics.ScriptedMetricAggregationBuilder$$Lambda$2116/0x000000080120bc28
10887:             1             16  org.elasticsearch.search.aggregations.metrics.ScriptedMetricAggregationBuilder$$Lambda$2117/0x000000080120be58
10888:             1             16  org.elasticsearch.search.aggregations.metrics.ScriptedMetricAggregationBuilder$$Lambda$6308/0x0000000801c91e40
10889:             1             16  org.elasticsearch.search.aggregations.metrics.ScriptedMetricAggregationBuilder$$Lambda$6309/0x0000000801c92060
10890:             1             16  org.elasticsearch.search.aggregations.metrics.ScriptedMetricAggregationBuilder$$Lambda$6310/0x0000000801c92280
10891:             1             16  org.elasticsearch.search.aggregations.metrics.ScriptedMetricAggregationBuilder$$Lambda$6311/0x0000000801c924a0
10892:             1             16  org.elasticsearch.search.aggregations.metrics.StatsAggregationBuilder$$Lambda$1841/0x000000080119a3d0
10893:             1             16  org.elasticsearch.search.aggregations.metrics.StatsAggregatorFactory$$Lambda$1844/0x000000080119bc38
10894:             1             16  org.elasticsearch.search.aggregations.metrics.SumAggregationBuilder$$Lambda$1826/0x0000000801194b60
10895:             1             16  org.elasticsearch.search.aggregations.metrics.SumAggregatorFactory$$Lambda$1829/0x0000000801195da0
10896:             1             16  org.elasticsearch.search.aggregations.metrics.ValueCountAggregationBuilder$$Lambda$1853/0x000000080119ec70
10897:             1             16  org.elasticsearch.search.aggregations.metrics.ValueCountAggregatorFactory$$Lambda$1856/0x00000008011a04e0
10898:             1             16  org.elasticsearch.search.aggregations.metrics.WeightedAvgAggregationBuilder$$Lambda$1816/0x0000000801192490
10899:             1             16  org.elasticsearch.search.aggregations.pipeline.AvgBucketPipelineAggregationBuilder$1
10900:             1             16  org.elasticsearch.search.aggregations.pipeline.BucketScriptPipelineAggregationBuilder$$Lambda$2272/0x0000000801248480
10901:             1             16  org.elasticsearch.search.aggregations.pipeline.BucketScriptPipelineAggregationBuilder$$Lambda$2273/0x00000008012486b0
10902:             1             16  org.elasticsearch.search.aggregations.pipeline.BucketScriptPipelineAggregationBuilder$$Lambda$2274/0x00000008012488d0
10903:             1             16  org.elasticsearch.search.aggregations.pipeline.BucketScriptPipelineAggregationBuilder$$Lambda$2275/0x0000000801248d68
10904:             1             16  org.elasticsearch.search.aggregations.pipeline.BucketScriptPipelineAggregationBuilder$$Lambda$2276/0x0000000801248f98
10905:             1             16  org.elasticsearch.search.aggregations.pipeline.CumulativeSumPipelineAggregationBuilder$$Lambda$2268/0x0000000801247448
10906:             1             16  org.elasticsearch.search.aggregations.pipeline.CumulativeSumPipelineAggregationBuilder$$Lambda$2269/0x0000000801247678
10907:             1             16  org.elasticsearch.search.aggregations.pipeline.EwmaModel$1
10908:             1             16  org.elasticsearch.search.aggregations.pipeline.ExtendedStatsBucketParser
10909:             1             16  org.elasticsearch.search.aggregations.pipeline.HoltLinearModel$1
10910:             1             16  org.elasticsearch.search.aggregations.pipeline.HoltWintersModel$1
10911:             1             16  org.elasticsearch.search.aggregations.pipeline.LinearModel$1
10912:             1             16  org.elasticsearch.search.aggregations.pipeline.MaxBucketPipelineAggregationBuilder$1
10913:             1             16  org.elasticsearch.search.aggregations.pipeline.MinBucketPipelineAggregationBuilder$1
10914:             1             16  org.elasticsearch.search.aggregations.pipeline.MovFnPipelineAggregationBuilder$$Lambda$2288/0x000000080124c128
10915:             1             16  org.elasticsearch.search.aggregations.pipeline.MovFnPipelineAggregationBuilder$$Lambda$2289/0x000000080124c358
10916:             1             16  org.elasticsearch.search.aggregations.pipeline.MovFnPipelineAggregationBuilder$$Lambda$2290/0x000000080124c578
10917:             1             16  org.elasticsearch.search.aggregations.pipeline.MovFnPipelineAggregationBuilder$$Lambda$2291/0x000000080124c7a8
10918:             1             16  org.elasticsearch.search.aggregations.pipeline.MovFnPipelineAggregationBuilder$$Lambda$2292/0x000000080124c9d8
10919:             1             16  org.elasticsearch.search.aggregations.pipeline.MovFnPipelineAggregationBuilder$$Lambda$2293/0x000000080124cc08
10920:             1             16  org.elasticsearch.search.aggregations.pipeline.PercentilesBucketPipelineAggregationBuilder$1
10921:             1             16  org.elasticsearch.search.aggregations.pipeline.SimpleModel$1
10922:             1             16  org.elasticsearch.search.aggregations.pipeline.StatsBucketPipelineAggregationBuilder$1
10923:             1             16  org.elasticsearch.search.aggregations.pipeline.SumBucketPipelineAggregationBuilder$1
10924:             1             16  org.elasticsearch.search.aggregations.support.AggregationInfo
10925:             1             16  org.elasticsearch.search.aggregations.support.AggregationUsageService$Builder$$Lambda$1814/0x0000000801190ff8
10926:             1             16  org.elasticsearch.search.aggregations.support.CoreValuesSourceType$6$1$$Lambda$6339/0x0000000801c9fb60
10927:             1             16  org.elasticsearch.search.aggregations.support.MultiValuesSourceFieldConfig$$Lambda$2167/0x0000000801215bf0
10928:             1             16  org.elasticsearch.search.aggregations.support.MultiValuesSourceFieldConfig$$Lambda$2168/0x0000000801215e10
10929:             1             16  org.elasticsearch.search.aggregations.support.MultiValuesSourceFieldConfig$$Lambda$2169/0x0000000801216030
10930:             1             16  org.elasticsearch.search.aggregations.support.MultiValuesSourceFieldConfig$$Lambda$2170/0x0000000801216260
10931:             1             16  org.elasticsearch.search.aggregations.support.MultiValuesSourceFieldConfig$$Lambda$2171/0x0000000801216490
10932:             1             16  org.elasticsearch.search.aggregations.support.MultiValuesSourceFieldConfig$$Lambda$2172/0x00000008012166b0
10933:             1             16  org.elasticsearch.search.aggregations.support.MultiValuesSourceFieldConfig$$Lambda$2173/0x00000008012168e0
10934:             1             16  org.elasticsearch.search.aggregations.support.MultiValuesSourceParseHelper$$Lambda$1817/0x00000008011928d8
10935:             1             16  org.elasticsearch.search.aggregations.support.MultiValuesSourceParseHelper$$Lambda$1819/0x0000000801192d30
10936:             1             16  org.elasticsearch.search.aggregations.support.MultiValuesSourceParseHelper$$Lambda$1820/0x0000000801192f60
10937:             1             16  org.elasticsearch.search.aggregations.support.ValuesSource$Bytes$WithOrdinals$1
10938:             1             16  org.elasticsearch.search.aggregations.support.ValuesSource$Numeric$1
10939:             1             16  org.elasticsearch.search.aggregations.support.ValuesSourceAggregationBuilder$$Lambda$1800/0x000000080118bd60
10940:             1             16  org.elasticsearch.search.aggregations.support.ValuesSourceAggregationBuilder$$Lambda$1801/0x000000080118bf90
10941:             1             16  org.elasticsearch.search.aggregations.support.ValuesSourceAggregationBuilder$$Lambda$1802/0x000000080118c3b8
10942:             1             16  org.elasticsearch.search.aggregations.support.ValuesSourceAggregationBuilder$$Lambda$1803/0x000000080118c5e8
10943:             1             16  org.elasticsearch.search.aggregations.support.ValuesSourceAggregationBuilder$$Lambda$1804/0x000000080118ca70
10944:             1             16  org.elasticsearch.search.aggregations.support.ValuesSourceAggregationBuilder$$Lambda$1805/0x000000080118cca0
10945:             1             16  org.elasticsearch.search.aggregations.support.ValuesSourceAggregationBuilder$$Lambda$1806/0x000000080118d0b8
10946:             1             16  org.elasticsearch.search.aggregations.support.ValuesSourceAggregationBuilder$$Lambda$1807/0x000000080118d2e8
10947:             1             16  org.elasticsearch.search.aggregations.support.ValuesSourceAggregationBuilder$$Lambda$1808/0x000000080118d508
10948:             1             16  org.elasticsearch.search.aggregations.support.ValuesSourceAggregationBuilder$$Lambda$1809/0x000000080118d738
10949:             1             16  org.elasticsearch.search.aggregations.support.ValuesSourceAggregationBuilder$$Lambda$1989/0x00000008011e1f98
10950:             1             16  org.elasticsearch.search.aggregations.support.ValuesSourceAggregationBuilder$$Lambda$1990/0x00000008011e21c8
10951:             1             16  org.elasticsearch.search.aggregations.support.ValuesSourceAggregationBuilder$$Lambda$6367/0x0000000801cb75a0
10952:             1             16  org.elasticsearch.search.aggregations.support.ValuesSourceConfig$$Lambda$6335/0x0000000801c9a850
10953:             1             16  org.elasticsearch.search.aggregations.support.ValuesSourceRegistry$$Lambda$2229/0x0000000801217ae0
10954:             1             16  org.elasticsearch.search.aggregations.support.ValuesSourceRegistry$$Lambda$2230/0x0000000801217d20
10955:             1             16  org.elasticsearch.search.builder.SearchSourceBuilder$$Lambda$5905/0x0000000801bd1200
10956:             1             16  org.elasticsearch.search.builder.SearchSourceBuilder$$Lambda$5906/0x0000000801bd1420
10957:             1             16  org.elasticsearch.search.builder.SearchSourceBuilder$$Lambda$5907/0x0000000801bd1640
10958:             1             16  org.elasticsearch.search.builder.SearchSourceBuilder$$Lambda$5917/0x0000000801bd3d20
10959:             1             16  org.elasticsearch.search.builder.SearchSourceBuilder$$Lambda$5918/0x0000000801bd41d0
10960:             1             16  org.elasticsearch.search.builder.SearchSourceBuilder$$Lambda$5923/0x0000000801bd5cc0
10961:             1             16  org.elasticsearch.search.builder.SearchSourceBuilder$$Lambda$5927/0x0000000801bd6ab8
10962:             1             16  org.elasticsearch.search.builder.SearchSourceBuilder$$Lambda$5932/0x0000000801bd8040
10963:             1             16  org.elasticsearch.search.builder.SearchSourceBuilder$$Lambda$5938/0x0000000801bd9068
10964:             1             16  org.elasticsearch.search.builder.SearchSourceBuilder$$Lambda$5940/0x0000000801bd9740
10965:             1             16  org.elasticsearch.search.collapse.CollapseBuilder$$Lambda$6470/0x0000000801ce6218
10966:             1             16  org.elasticsearch.search.collapse.CollapseBuilder$$Lambda$6471/0x0000000801ce6438
10967:             1             16  org.elasticsearch.search.collapse.CollapseBuilder$$Lambda$6472/0x0000000801ce6668
10968:             1             16  org.elasticsearch.search.collapse.CollapseBuilder$$Lambda$6473/0x0000000801ce6898
10969:             1             16  org.elasticsearch.search.dfs.DfsPhase
10970:             1             16  org.elasticsearch.search.fetch.FetchPhase
10971:             1             16  org.elasticsearch.search.fetch.subphase.ExplainPhase
10972:             1             16  org.elasticsearch.search.fetch.subphase.FetchDocValuesPhase
10973:             1             16  org.elasticsearch.search.fetch.subphase.FetchFieldsPhase
10974:             1             16  org.elasticsearch.search.fetch.subphase.FetchScorePhase
10975:             1             16  org.elasticsearch.search.fetch.subphase.FetchSourcePhase
10976:             1             16  org.elasticsearch.search.fetch.subphase.FetchVersionPhase
10977:             1             16  org.elasticsearch.search.fetch.subphase.FieldAndFormat$$Lambda$6509/0x0000000801ceb488
10978:             1             16  org.elasticsearch.search.fetch.subphase.InnerHitsPhase
10979:             1             16  org.elasticsearch.search.fetch.subphase.MatchedQueriesPhase
10980:             1             16  org.elasticsearch.search.fetch.subphase.ScriptFieldsPhase
10981:             1             16  org.elasticsearch.search.fetch.subphase.SeqNoPrimaryTermPhase
10982:             1             16  org.elasticsearch.search.fetch.subphase.highlight.FastVectorHighlighter
10983:             1             16  org.elasticsearch.search.fetch.subphase.highlight.PlainHighlighter
10984:             1             16  org.elasticsearch.search.fetch.subphase.highlight.UnifiedHighlighter
10985:             1             16  org.elasticsearch.search.internal.InternalScrollSearchRequest$$Lambda$6616/0x0000000801d10b20
10986:             1             16  org.elasticsearch.search.internal.LegacyReaderContext$$Lambda$6156/0x0000000801c3c690
10987:             1             16  org.elasticsearch.search.internal.ShardSearchRequest$$Lambda$5789/0x0000000801baa458
10988:             1             16  org.elasticsearch.search.internal.ShardSearchRequest$$Lambda$5903/0x0000000801bd0af0
10989:             1             16  org.elasticsearch.search.internal.ShardSearchRequest$$Lambda$5904/0x0000000801bd0d10
10990:             1             16  org.elasticsearch.search.internal.ShardSearchRequest$$Lambda$5941/0x0000000801bd9e00
10991:             1             16  org.elasticsearch.search.internal.ShardSearchRequest$$Lambda$5942/0x0000000801bda240
10992:             1             16  org.elasticsearch.search.query.QueryCollectorContext$1
10993:             1             16  org.elasticsearch.search.query.QueryPhase$$Lambda$5865/0x0000000801bbe6a0
10994:             1             16  org.elasticsearch.search.query.QuerySearchResult$$Lambda$6044/0x0000000801c0d680
10995:             1             16  org.elasticsearch.search.query.QuerySearchResult$$Lambda$6045/0x0000000801c0d8a0
10996:             1             16  org.elasticsearch.search.query.QuerySearchResult$$Lambda$6406/0x0000000801cbfc50
10997:             1             16  org.elasticsearch.search.query.TopDocsCollectorContext$SimpleTopDocsCollectorContext$$Lambda$5972/0x0000000801bf4890
10998:             1             16  org.elasticsearch.search.query.TopDocsCollectorContext$SimpleTopDocsCollectorContext$$Lambda$6228/0x0000000801c81cf0
10999:             1             16  org.elasticsearch.search.rescore.RescorePhase
11000:             1             16  org.elasticsearch.search.sort.FieldSortBuilder$$Lambda$5806/0x0000000801bad690
11001:             1             16  org.elasticsearch.search.sort.FieldSortBuilder$$Lambda$5807/0x0000000801bad8c0
11002:             1             16  org.elasticsearch.search.sort.FieldSortBuilder$$Lambda$5808/0x0000000801badae0
11003:             1             16  org.elasticsearch.search.sort.FieldSortBuilder$$Lambda$5809/0x0000000801badd10
11004:             1             16  org.elasticsearch.search.sort.FieldSortBuilder$$Lambda$5810/0x0000000801badf40
11005:             1             16  org.elasticsearch.search.sort.FieldSortBuilder$$Lambda$5811/0x0000000801bae170
11006:             1             16  org.elasticsearch.search.sort.FieldSortBuilder$$Lambda$5812/0x0000000801bae3a0
11007:             1             16  org.elasticsearch.search.sort.FieldSortBuilder$$Lambda$5813/0x0000000801bae5d0
11008:             1             16  org.elasticsearch.search.sort.FieldSortBuilder$$Lambda$5814/0x0000000801baeab0
11009:             1             16  org.elasticsearch.search.sort.FieldSortBuilder$$Lambda$5815/0x0000000801baece0
11010:             1             16  org.elasticsearch.search.sort.FieldSortBuilder$$Lambda$5816/0x0000000801baef00
11011:             1             16  org.elasticsearch.search.sort.FieldSortBuilder$$Lambda$5919/0x0000000801bd4ad8
11012:             1             16  org.elasticsearch.search.sort.FieldSortBuilder$$Lambda$5920/0x0000000801bd51a8
11013:             1             16  org.elasticsearch.search.sort.FieldSortBuilder$$Lambda$5921/0x0000000801bd53c8
11014:             1             16  org.elasticsearch.search.sort.FieldSortBuilder$$Lambda$6445/0x0000000801cc7408
11015:             1             16  org.elasticsearch.search.sort.MinAndMax$$Lambda$6448/0x0000000801cc7890
11016:             1             16  org.elasticsearch.search.sort.ScriptSortBuilder$$Lambda$6135/0x0000000801c38900
11017:             1             16  org.elasticsearch.search.sort.ScriptSortBuilder$$Lambda$6136/0x0000000801c38b40
11018:             1             16  org.elasticsearch.search.sort.ScriptSortBuilder$$Lambda$6137/0x0000000801c38fc0
11019:             1             16  org.elasticsearch.search.sort.ScriptSortBuilder$$Lambda$6138/0x0000000801c391e0
11020:             1             16  org.elasticsearch.search.sort.ScriptSortBuilder$$Lambda$6139/0x0000000801c39410
11021:             1             16  org.elasticsearch.search.sort.ScriptSortBuilder$$Lambda$6140/0x0000000801c39640
11022:             1             16  org.elasticsearch.search.sort.ScriptSortBuilder$$Lambda$6141/0x0000000801c39870
11023:             1             16  org.elasticsearch.search.sort.ScriptSortBuilder$$Lambda$6142/0x0000000801c39aa0
11024:             1             16  org.elasticsearch.search.sort.ScriptSortBuilder$$Lambda$6143/0x0000000801c39cc0
11025:             1             16  org.elasticsearch.search.sort.ScriptSortBuilder$$Lambda$6144/0x0000000801c39ef0
11026:             1             16  org.elasticsearch.search.sort.ScriptSortBuilder$$Lambda$6264/0x0000000801c8a5d0
11027:             1             16  org.elasticsearch.search.sort.ScriptSortBuilder$$Lambda$6265/0x0000000801c8a7f0
11028:             1             16  org.elasticsearch.search.sort.SortBuilder$$Lambda$5798/0x0000000801bac358
11029:             1             16  org.elasticsearch.search.sort.SortBuilder$$Lambda$5800/0x0000000801bac7b8
11030:             1             16  org.elasticsearch.search.sort.SortBuilder$$Lambda$5802/0x0000000801bacc00
11031:             1             16  org.elasticsearch.search.sort.SortBuilder$$Lambda$5805/0x0000000801bad260
11032:             1             16  org.elasticsearch.search.sort.SortValue$$Lambda$2333/0x0000000801268560
11033:             1             16  org.elasticsearch.search.sort.SortValue$$Lambda$2334/0x0000000801268780
11034:             1             16  org.elasticsearch.search.suggest.SuggestPhase
11035:             1             16  org.elasticsearch.search.suggest.completion.CompletionStats$$Lambda$6488/0x0000000801ce88c0
11036:             1             16  org.elasticsearch.snapshots.InternalSnapshotsInfoService$$Lambda$1255/0x0000000801053ff8
11037:             1             16  org.elasticsearch.snapshots.InternalSnapshotsInfoService$$Lambda$1256/0x0000000801054218
11038:             1             16  org.elasticsearch.snapshots.InternalSnapshotsInfoService$$Lambda$1395/0x00000008010c61c0
11039:             1             16  org.elasticsearch.snapshots.RestoreService$CleanRestoreStateTaskExecutor
11040:             1             16  org.elasticsearch.snapshots.SnapshotInfo$$Lambda$6623/0x0000000801d14978
11041:             1             16  org.elasticsearch.snapshots.SnapshotInfo$$Lambda$6624/0x0000000801d14bb8
11042:             1             16  org.elasticsearch.snapshots.SnapshotInfo$$Lambda$6625/0x0000000801d15008
11043:             1             16  org.elasticsearch.snapshots.SnapshotInfo$$Lambda$6626/0x0000000801d15430
11044:             1             16  org.elasticsearch.snapshots.SnapshotInfo$$Lambda$6627/0x0000000801d15650
11045:             1             16  org.elasticsearch.snapshots.SnapshotInfo$$Lambda$6628/0x0000000801d15880
11046:             1             16  org.elasticsearch.snapshots.SnapshotInfo$$Lambda$6629/0x0000000801d15ab0
11047:             1             16  org.elasticsearch.snapshots.SnapshotInfo$$Lambda$6630/0x0000000801d15ce0
11048:             1             16  org.elasticsearch.snapshots.SnapshotInfo$$Lambda$6631/0x0000000801d15f10
11049:             1             16  org.elasticsearch.snapshots.SnapshotInfo$$Lambda$6632/0x0000000801d16140
11050:             1             16  org.elasticsearch.snapshots.SnapshotInfo$$Lambda$6633/0x0000000801d16370
11051:             1             16  org.elasticsearch.snapshots.SnapshotInfo$$Lambda$6634/0x0000000801d165a0
11052:             1             16  org.elasticsearch.snapshots.SnapshotInfo$$Lambda$6635/0x0000000801d167d0
11053:             1             16  org.elasticsearch.snapshots.SnapshotInfo$$Lambda$6636/0x0000000801d16a00
11054:             1             16  org.elasticsearch.snapshots.SnapshotInfo$$Lambda$6637/0x0000000801d16c30
11055:             1             16  org.elasticsearch.snapshots.SnapshotInfo$$Lambda$6638/0x0000000801d16e60
11056:             1             16  org.elasticsearch.snapshots.SnapshotInfo$$Lambda$6639/0x0000000801d17080
11057:             1             16  org.elasticsearch.snapshots.SnapshotInfo$$Lambda$6640/0x0000000801d172b0
11058:             1             16  org.elasticsearch.snapshots.SnapshotInfo$$Lambda$6642/0x0000000801d179a8
11059:             1             16  org.elasticsearch.snapshots.SnapshotInfo$$Lambda$6643/0x0000000801d17bd8
11060:             1             16  org.elasticsearch.snapshots.SnapshotShardFailure$$Lambda$6641/0x0000000801d17768
11061:             1             16  org.elasticsearch.snapshots.SnapshotShardsService$$Lambda$6647/0x0000000801d18d68
11062:             1             16  org.elasticsearch.snapshots.SnapshotShardsService$$Lambda$6649/0x0000000801d191d0
11063:             1             16  org.elasticsearch.snapshots.SnapshotsService$$Lambda$1299/0x0000000801084668
11064:             1             16  org.elasticsearch.snapshots.SnapshotsService$$Lambda$3722/0x000000080171cc40
11065:             1             16  org.elasticsearch.snapshots.SnapshotsService$UpdateSnapshotStatusAction$$Lambda$3721/0x000000080171c7f0
11066:             1             16  org.elasticsearch.snapshots.SourceOnlySnapshotRepository$2
11067:             1             16  org.elasticsearch.snapshots.UpdateIndexShardSnapshotStatusResponse
11068:             1             16  org.elasticsearch.tasks.TaskCancellationService$$Lambda$4532/0x0000000801822c20
11069:             1             16  org.elasticsearch.tasks.TaskCancellationService$BanParentRequestHandler
11070:             1             16  org.elasticsearch.tasks.TaskManager$$Lambda$5037/0x0000000801a16b60
11071:             1             16  org.elasticsearch.tasks.TaskManager$$Lambda$5946/0x0000000801bdb1d8
11072:             1             16  org.elasticsearch.threadpool.Scheduler$$Lambda$3165/0x00000008015b8d90
11073:             1             16  org.elasticsearch.threadpool.Scheduler$$Lambda$3166/0x00000008015b8fc0
11074:             1             16  org.elasticsearch.threadpool.ThreadPool$$Lambda$578/0x0000000800e873f0
11075:             1             16  org.elasticsearch.threadpool.ThreadPool$$Lambda$579/0x0000000800e87640
11076:             1             16  org.elasticsearch.threadpool.ThreadPool$Info$$Lambda$5065/0x0000000801a1e860
11077:             1             16  org.elasticsearch.threadpool.ThreadPoolInfo
11078:             1             16  org.elasticsearch.threadpool.ThreadPoolInfo$$Lambda$5064/0x0000000801a1e640
11079:             1             16  org.elasticsearch.transport.ActionTransportException$$Lambda$4784/0x0000000801978d00
11080:             1             16  org.elasticsearch.transport.ConnectionManager$DelegatingNodeConnectionListener
11081:             1             16  org.elasticsearch.transport.CopyBytesSocketChannel$$Lambda$4656/0x00000008018b3d20
11082:             1             16  org.elasticsearch.transport.EmptyTransportResponseHandler
11083:             1             16  org.elasticsearch.transport.InboundPipeline$$Lambda$4669/0x00000008018ee6d0
11084:             1             16  org.elasticsearch.transport.Netty4Plugin
11085:             1             16  org.elasticsearch.transport.NettyAllocator$NoDirectBuffers
11086:             1             16  org.elasticsearch.transport.ProxyConnectionStrategy$$Lambda$1287/0x0000000801063840
11087:             1             16  org.elasticsearch.transport.ProxyConnectionStrategy$$Lambda$1288/0x0000000801063a70
11088:             1             16  org.elasticsearch.transport.ProxyConnectionStrategy$$Lambda$1289/0x0000000801063ca0
11089:             1             16  org.elasticsearch.transport.ProxyConnectionStrategy$$Lambda$1291/0x0000000801064118
11090:             1             16  org.elasticsearch.transport.RemoteClusterAware$$Lambda$5740/0x0000000801b993c8
11091:             1             16  org.elasticsearch.transport.RemoteClusterService$$Lambda$135/0x0000000800bf3210
11092:             1             16  org.elasticsearch.transport.RemoteClusterService$$Lambda$138/0x0000000800bf4640
11093:             1             16  org.elasticsearch.transport.RemoteClusterService$$Lambda$141/0x0000000800bf4f60
11094:             1             16  org.elasticsearch.transport.RemoteClusterService$$Lambda$177/0x0000000800bfc470
11095:             1             16  org.elasticsearch.transport.RemoteClusterService$$Lambda$3695/0x0000000801704cb8
11096:             1             16  org.elasticsearch.transport.RemoteClusterService$$Lambda$3696/0x0000000801704ef0
11097:             1             16  org.elasticsearch.transport.RemoteClusterService$$Lambda$3697/0x0000000801705120
11098:             1             16  org.elasticsearch.transport.RemoteClusterService$$Lambda$3698/0x0000000801705358
11099:             1             16  org.elasticsearch.transport.RemoteClusterService$$Lambda$6459/0x0000000801ce3358
11100:             1             16  org.elasticsearch.transport.RemoteClusterService$1
11101:             1             16  org.elasticsearch.transport.RemoteConnectionStrategy$$Lambda$1266/0x000000080105f7c0
11102:             1             16  org.elasticsearch.transport.RemoteConnectionStrategy$$Lambda$1271/0x0000000801060d20
11103:             1             16  org.elasticsearch.transport.RemoteConnectionStrategy$$Lambda$2944/0x0000000801369c98
11104:             1             16  org.elasticsearch.transport.RemoteConnectionStrategy$ConnectionStrategy$$Lambda$1267/0x00000008010602a8
11105:             1             16  org.elasticsearch.transport.RemoteConnectionStrategy$ConnectionStrategy$$Lambda$1268/0x00000008010604c8
11106:             1             16  org.elasticsearch.transport.RemoteConnectionStrategy$ConnectionStrategy$$Lambda$1269/0x00000008010606e8
11107:             1             16  org.elasticsearch.transport.RemoteConnectionStrategy$ConnectionStrategy$$Lambda$1270/0x0000000801060908
11108:             1             16  org.elasticsearch.transport.RemoteConnectionStrategy$StrategyValidator$$Lambda$1277/0x0000000801061f50
11109:             1             16  org.elasticsearch.transport.SniffConnectionStrategy$$Lambda$1272/0x0000000801060f60
11110:             1             16  org.elasticsearch.transport.SniffConnectionStrategy$$Lambda$1273/0x00000008010611a0
11111:             1             16  org.elasticsearch.transport.SniffConnectionStrategy$$Lambda$1274/0x0000000801061638
11112:             1             16  org.elasticsearch.transport.SniffConnectionStrategy$$Lambda$1275/0x0000000801061868
11113:             1             16  org.elasticsearch.transport.SniffConnectionStrategy$$Lambda$1276/0x0000000801061aa8
11114:             1             16  org.elasticsearch.transport.SniffConnectionStrategy$$Lambda$1278/0x0000000801062180
11115:             1             16  org.elasticsearch.transport.SniffConnectionStrategy$$Lambda$1279/0x00000008010623c0
11116:             1             16  org.elasticsearch.transport.SniffConnectionStrategy$$Lambda$1280/0x0000000801062618
11117:             1             16  org.elasticsearch.transport.SniffConnectionStrategy$$Lambda$1281/0x0000000801062868
11118:             1             16  org.elasticsearch.transport.SniffConnectionStrategy$$Lambda$1282/0x0000000801062a98
11119:             1             16  org.elasticsearch.transport.SniffConnectionStrategy$$Lambda$1283/0x0000000801062cf0
11120:             1             16  org.elasticsearch.transport.SniffConnectionStrategy$$Lambda$1285/0x0000000801063168
11121:             1             16  org.elasticsearch.transport.SniffConnectionStrategy$$Lambda$1286/0x00000008010635f0
11122:             1             16  org.elasticsearch.transport.SniffConnectionStrategy$1
11123:             1             16  org.elasticsearch.transport.SniffConnectionStrategy$2
11124:             1             16  org.elasticsearch.transport.TcpTransport$$Lambda$3689/0x00000008016e7b90
11125:             1             16  org.elasticsearch.transport.TcpTransport$$Lambda$4539/0x0000000801823728
11126:             1             16  org.elasticsearch.transport.TcpTransport$$Lambda$4643/0x00000008018e84c0
11127:             1             16  org.elasticsearch.transport.Transport$RequestHandlers
11128:             1             16  org.elasticsearch.transport.TransportActionProxy$$Lambda$3910/0x00000008017bddc0
11129:             1             16  org.elasticsearch.transport.TransportMessageListener$1
11130:             1             16  org.elasticsearch.transport.TransportResponse$Empty
11131:             1             16  org.elasticsearch.transport.TransportService$$Lambda$3692/0x0000000801704620
11132:             1             16  org.elasticsearch.transport.TransportService$$Lambda$3693/0x0000000801704848
11133:             1             16  org.elasticsearch.transport.TransportService$$Lambda$3694/0x0000000801704a80
11134:             1             16  org.elasticsearch.transport.TransportService$$Lambda$3699/0x0000000801705588
11135:             1             16  org.elasticsearch.transport.TransportService$$Lambda$3700/0x00000008017057c0
11136:             1             16  org.elasticsearch.transport.TransportService$$Lambda$3701/0x00000008017059e0
11137:             1             16  org.elasticsearch.transport.TransportService$$Lambda$4722/0x0000000801906730
11138:             1             16  org.elasticsearch.transport.TransportService$$Lambda$4723/0x0000000801906e28
11139:             1             16  org.elasticsearch.transport.TransportService$$Lambda$4742/0x0000000801951918
11140:             1             16  org.elasticsearch.transport.TransportService$2
11141:             1             16  org.elasticsearch.transport.TransportService$3
11142:             1             16  org.elasticsearch.transport.TransportService$DelegatingTransportMessageListener
11143:             1             16  org.elasticsearch.transport.TransportService$HandshakeResponse$$Lambda$4727/0x0000000801907738
11144:             1             16  org.elasticsearch.transport.TransportSettings$$Lambda$143/0x0000000800bf55e0
11145:             1             16  org.elasticsearch.transport.TransportSettings$$Lambda$144/0x0000000800bf5820
11146:             1             16  org.elasticsearch.transport.TransportSettings$$Lambda$145/0x0000000800bf5a60
11147:             1             16  org.elasticsearch.transport.TransportSettings$$Lambda$148/0x0000000800bf6128
11148:             1             16  org.elasticsearch.transport.TransportSettings$$Lambda$159/0x0000000800bf9bc8
11149:             1             16  org.elasticsearch.transport.TransportSettings$$Lambda$160/0x0000000800bf9e08
11150:             1             16  org.elasticsearch.transport.TransportSettings$$Lambda$161/0x0000000800bfa048
11151:             1             16  org.elasticsearch.transport.TransportSettings$$Lambda$162/0x0000000800bfa288
11152:             1             16  org.elasticsearch.transport.TransportSettings$$Lambda$164/0x0000000800bfa710
11153:             1             16  org.elasticsearch.transport.TransportSettings$$Lambda$165/0x0000000800bfa950
11154:             1             16  org.elasticsearch.transport.TransportSettings$$Lambda$167/0x0000000800bfadd8
11155:             1             16  org.elasticsearch.transport.TransportSettings$$Lambda$168/0x0000000800bfb018
11156:             1             16  org.elasticsearch.transport.TransportSettings$$Lambda$169/0x0000000800bfb258
11157:             1             16  org.elasticsearch.transport.TransportSettings$$Lambda$171/0x0000000800bfb6e0
11158:             1             16  org.elasticsearch.transport.TransportSettings$$Lambda$172/0x0000000800bfb920
11159:             1             16  org.elasticsearch.transport.TransportSettings$$Lambda$173/0x0000000800bfbb60
11160:             1             16  org.elasticsearch.transport.TransportSettings$$Lambda$174/0x0000000800bfbda0
11161:             1             16  org.elasticsearch.transport.netty4.Netty4Transport$$Lambda$3683/0x00000008016d4b40
11162:             1             16  org.elasticsearch.transport.netty4.Netty4Transport$$Lambda$3684/0x00000008016d4d80
11163:             1             16  org.elasticsearch.transport.netty4.Netty4Transport$$Lambda$645/0x0000000800ec1980
11164:             1             16  org.elasticsearch.transport.netty4.Netty4Transport$$Lambda$646/0x0000000800ec1bc0
11165:             1             16  org.elasticsearch.usage.UsageService
11166:             1             16  org.elasticsearch.xpack.analytics.AnalyticsPlugin$$Lambda$1365/0x00000008010b9040
11167:             1             16  org.elasticsearch.xpack.analytics.AnalyticsPlugin$$Lambda$2152/0x0000000801218288
11168:             1             16  org.elasticsearch.xpack.analytics.AnalyticsPlugin$$Lambda$2157/0x0000000801219330
11169:             1             16  org.elasticsearch.xpack.analytics.AnalyticsPlugin$$Lambda$2158/0x0000000801219550
11170:             1             16  org.elasticsearch.xpack.analytics.AnalyticsPlugin$$Lambda$2159/0x0000000801219e18
11171:             1             16  org.elasticsearch.xpack.analytics.AnalyticsPlugin$$Lambda$2162/0x000000080121ad40
11172:             1             16  org.elasticsearch.xpack.analytics.AnalyticsPlugin$$Lambda$2163/0x000000080121af60
11173:             1             16  org.elasticsearch.xpack.analytics.AnalyticsPlugin$$Lambda$2164/0x000000080121b550
11174:             1             16  org.elasticsearch.xpack.analytics.AnalyticsPlugin$$Lambda$2175/0x000000080121c430
11175:             1             16  org.elasticsearch.xpack.analytics.AnalyticsPlugin$$Lambda$2176/0x000000080121cf08
11176:             1             16  org.elasticsearch.xpack.analytics.AnalyticsPlugin$$Lambda$2180/0x000000080121dde8
11177:             1             16  org.elasticsearch.xpack.analytics.AnalyticsPlugin$$Lambda$2181/0x000000080121e008
11178:             1             16  org.elasticsearch.xpack.analytics.AnalyticsPlugin$$Lambda$2182/0x000000080121e8d0
11179:             1             16  org.elasticsearch.xpack.analytics.AnalyticsPlugin$$Lambda$2185/0x000000080121f780
11180:             1             16  org.elasticsearch.xpack.analytics.AnalyticsPlugin$$Lambda$2186/0x000000080121f9a0
11181:             1             16  org.elasticsearch.xpack.analytics.AnalyticsPlugin$$Lambda$2200/0x0000000801223c08
11182:             1             16  org.elasticsearch.xpack.analytics.AnalyticsPlugin$$Lambda$2201/0x0000000801223e38
11183:             1             16  org.elasticsearch.xpack.analytics.AnalyticsPlugin$$Lambda$2202/0x0000000801224068
11184:             1             16  org.elasticsearch.xpack.analytics.AnalyticsPlugin$$Lambda$2203/0x0000000801224298
11185:             1             16  org.elasticsearch.xpack.analytics.AnalyticsPlugin$$Lambda$2204/0x00000008012244c8
11186:             1             16  org.elasticsearch.xpack.analytics.AnalyticsPlugin$$Lambda$2205/0x00000008012246f8
11187:             1             16  org.elasticsearch.xpack.analytics.AnalyticsPlugin$$Lambda$2206/0x0000000801224928
11188:             1             16  org.elasticsearch.xpack.analytics.AnalyticsPlugin$$Lambda$2207/0x0000000801224b58
11189:             1             16  org.elasticsearch.xpack.analytics.AnalyticsPlugin$$Lambda$2296/0x0000000801230848
11190:             1             16  org.elasticsearch.xpack.analytics.AnalyticsPlugin$$Lambda$2299/0x00000008012314b0
11191:             1             16  org.elasticsearch.xpack.analytics.AnalyticsPlugin$$Lambda$2302/0x0000000801232110
11192:             1             16  org.elasticsearch.xpack.analytics.AnalyticsPlugin$$Lambda$2590/0x0000000801234758
11193:             1             16  org.elasticsearch.xpack.analytics.AnalyticsPlugin$$Lambda$2591/0x0000000801234bf8
11194:             1             16  org.elasticsearch.xpack.analytics.AnalyticsUsage
11195:             1             16  org.elasticsearch.xpack.analytics.action.TransportAnalyticsStatsAction$$Lambda$4284/0x0000000801235308
11196:             1             16  org.elasticsearch.xpack.analytics.action.TransportAnalyticsStatsAction$$Lambda$4285/0x0000000801235528
11197:             1             16  org.elasticsearch.xpack.analytics.aggregations.AnalyticsAggregatorFactory$$Lambda$2208/0x0000000801224d88
11198:             1             16  org.elasticsearch.xpack.analytics.aggregations.AnalyticsAggregatorFactory$$Lambda$2209/0x0000000801224fa8
11199:             1             16  org.elasticsearch.xpack.analytics.aggregations.AnalyticsAggregatorFactory$$Lambda$2210/0x0000000801225760
11200:             1             16  org.elasticsearch.xpack.analytics.aggregations.AnalyticsAggregatorFactory$$Lambda$2211/0x0000000801225f18
11201:             1             16  org.elasticsearch.xpack.analytics.aggregations.AnalyticsAggregatorFactory$$Lambda$2212/0x00000008012266d0
11202:             1             16  org.elasticsearch.xpack.analytics.aggregations.AnalyticsAggregatorFactory$$Lambda$2213/0x0000000801226e90
11203:             1             16  org.elasticsearch.xpack.analytics.aggregations.AnalyticsAggregatorFactory$$Lambda$2214/0x0000000801227648
11204:             1             16  org.elasticsearch.xpack.analytics.aggregations.AnalyticsAggregatorFactory$$Lambda$2215/0x0000000801230040
11205:             1             16  org.elasticsearch.xpack.analytics.boxplot.BoxplotAggregationBuilder$$Lambda$2160/0x000000080121a238
11206:             1             16  org.elasticsearch.xpack.analytics.boxplot.BoxplotAggregationBuilder$$Lambda$2161/0x000000080121a478
11207:             1             16  org.elasticsearch.xpack.analytics.boxplot.BoxplotAggregatorFactory$$Lambda$2188/0x00000008012218a0
11208:             1             16  org.elasticsearch.xpack.analytics.cumulativecardinality.CumulativeCardinalityPipelineAggregationBuilder$$Lambda$2297/0x0000000801230a68
11209:             1             16  org.elasticsearch.xpack.analytics.cumulativecardinality.CumulativeCardinalityPipelineAggregationBuilder$$Lambda$2298/0x0000000801230c98
11210:             1             16  org.elasticsearch.xpack.analytics.mapper.HistogramFieldMapper$$Lambda$1592/0x00000008010bf040
11211:             1             16  org.elasticsearch.xpack.analytics.mapper.HistogramFieldMapper$Builder$$Lambda$5470/0x0000000801235a78
11212:             1             16  org.elasticsearch.xpack.analytics.movingPercentiles.MovingPercentilesPipelineAggregationBuilder$$Lambda$2300/0x00000008012316d0
11213:             1             16  org.elasticsearch.xpack.analytics.movingPercentiles.MovingPercentilesPipelineAggregationBuilder$$Lambda$2301/0x0000000801231900
11214:             1             16  org.elasticsearch.xpack.analytics.normalize.NormalizePipelineAggregationBuilder$$Lambda$2303/0x0000000801232330
11215:             1             16  org.elasticsearch.xpack.analytics.normalize.NormalizePipelineAggregationBuilder$$Lambda$2304/0x00000008012329f0
11216:             1             16  org.elasticsearch.xpack.analytics.normalize.NormalizePipelineAggregationBuilder$$Lambda$2305/0x0000000801232e78
11217:             1             16  org.elasticsearch.xpack.analytics.normalize.NormalizePipelineAggregationBuilder$$Lambda$2306/0x0000000801233300
11218:             1             16  org.elasticsearch.xpack.analytics.normalize.NormalizePipelineAggregationBuilder$$Lambda$2307/0x0000000801233788
11219:             1             16  org.elasticsearch.xpack.analytics.normalize.NormalizePipelineAggregationBuilder$$Lambda$2308/0x0000000801233c10
11220:             1             16  org.elasticsearch.xpack.analytics.normalize.NormalizePipelineAggregationBuilder$$Lambda$2309/0x0000000801234098
11221:             1             16  org.elasticsearch.xpack.analytics.rate.RateAggregationBuilder$$Lambda$2183/0x000000080121ecf0
11222:             1             16  org.elasticsearch.xpack.analytics.rate.RateAggregationBuilder$$Lambda$2184/0x000000080121ef30
11223:             1             16  org.elasticsearch.xpack.analytics.rate.RateAggregatorFactory$$Lambda$2189/0x00000008012223a0
11224:             1             16  org.elasticsearch.xpack.analytics.stringstats.StringStatsAggregationBuilder$$Lambda$2153/0x00000008012186a8
11225:             1             16  org.elasticsearch.xpack.analytics.stringstats.StringStatsAggregationBuilder$$Lambda$2154/0x00000008012188e8
11226:             1             16  org.elasticsearch.xpack.analytics.stringstats.StringStatsAggregatorFactory$$Lambda$2187/0x0000000801220290
11227:             1             16  org.elasticsearch.xpack.analytics.topmetrics.TopMetricsAggregationBuilder$$Lambda$2165/0x000000080121b770
11228:             1             16  org.elasticsearch.xpack.analytics.topmetrics.TopMetricsAggregationBuilder$$Lambda$2166/0x000000080121b9a0
11229:             1             16  org.elasticsearch.xpack.analytics.topmetrics.TopMetricsAggregationBuilder$$Lambda$2174/0x000000080121bbc0
11230:             1             16  org.elasticsearch.xpack.analytics.ttest.TTestAggregationBuilder$$Lambda$2177/0x000000080121d128
11231:             1             16  org.elasticsearch.xpack.analytics.ttest.TTestAggregationBuilder$$Lambda$2178/0x000000080121d368
11232:             1             16  org.elasticsearch.xpack.analytics.ttest.TTestAggregationBuilder$$Lambda$2179/0x000000080121d598
11233:             1             16  org.elasticsearch.xpack.async.AsyncResultsIndexPlugin
11234:             1             16  org.elasticsearch.xpack.async.AsyncResultsIndexPlugin$$Lambda$3311/0x0000000800dce3c8
11235:             1             16  org.elasticsearch.xpack.autoscaling.Autoscaling$$Lambda$2592/0x00000008012b03f8
11236:             1             16  org.elasticsearch.xpack.autoscaling.Autoscaling$$Lambda$2593/0x00000008012b82f0
11237:             1             16  org.elasticsearch.xpack.autoscaling.Autoscaling$$Lambda$2594/0x00000008012b8a00
11238:             1             16  org.elasticsearch.xpack.autoscaling.Autoscaling$$Lambda$2595/0x00000008012b90d8
11239:             1             16  org.elasticsearch.xpack.autoscaling.Autoscaling$$Lambda$2732/0x00000008012b92f8
11240:             1             16  org.elasticsearch.xpack.autoscaling.Autoscaling$$Lambda$2733/0x00000008012b9518
11241:             1             16  org.elasticsearch.xpack.ccr.Ccr$$Lambda$1369/0x0000000800ed0250
11242:             1             16  org.elasticsearch.xpack.ccr.Ccr$$Lambda$2596/0x0000000800ed0a80
11243:             1             16  org.elasticsearch.xpack.ccr.Ccr$$Lambda$2597/0x0000000800ed0ca0
11244:             1             16  org.elasticsearch.xpack.ccr.Ccr$$Lambda$2734/0x0000000800ed0ec0
11245:             1             16  org.elasticsearch.xpack.ccr.Ccr$$Lambda$2735/0x0000000800ed10e0
11246:             1             16  org.elasticsearch.xpack.ccr.Ccr$$Lambda$2736/0x0000000800ed1300
11247:             1             16  org.elasticsearch.xpack.ccr.CcrLicenseChecker$$Lambda$423/0x0000000800daa280
11248:             1             16  org.elasticsearch.xpack.ccr.CcrLicenseChecker$$Lambda$424/0x0000000800daa4a0
11249:             1             16  org.elasticsearch.xpack.ccr.action.CcrRequests$$Lambda$3664/0x0000000800ed1728
11250:             1             16  org.elasticsearch.xpack.ccr.action.CcrRequests$$Lambda$3665/0x0000000800ed1948
11251:             1             16  org.elasticsearch.xpack.ccr.action.ShardFollowTasksExecutor$$Lambda$3819/0x0000000800ed28e0
11252:             1             16  org.elasticsearch.xpack.ccr.allocation.CcrPrimaryFollowerAllocationDecider
11253:             1             16  org.elasticsearch.xpack.cluster.routing.allocation.DataTierAllocationDecider$$Lambda$1562/0x0000000801098b70
11254:             1             16  org.elasticsearch.xpack.cluster.routing.allocation.DataTierAllocationDecider$$Lambda$1563/0x0000000801098da8
11255:             1             16  org.elasticsearch.xpack.cluster.routing.allocation.DataTierAllocationDecider$$Lambda$1564/0x0000000801098fe0
11256:             1             16  org.elasticsearch.xpack.cluster.routing.allocation.DataTierAllocationDecider$$Lambda$5307/0x0000000801b00040
11257:             1             16  org.elasticsearch.xpack.cluster.routing.allocation.DataTierAllocationDecider$$Lambda$602/0x0000000800e98040
11258:             1             16  org.elasticsearch.xpack.cluster.routing.allocation.DataTierAllocationDecider$$Lambda$604/0x0000000800e98290
11259:             1             16  org.elasticsearch.xpack.cluster.routing.allocation.DataTierAllocationDecider$$Lambda$605/0x0000000800e984e0
11260:             1             16  org.elasticsearch.xpack.cluster.routing.allocation.DataTierAllocationDecider$$Lambda$606/0x0000000800e98730
11261:             1             16  org.elasticsearch.xpack.cluster.routing.allocation.DataTierAllocationDecider$$Lambda$607/0x0000000800e98980
11262:             1             16  org.elasticsearch.xpack.cluster.routing.allocation.DataTierAllocationDecider$$Lambda$608/0x0000000800e98bd0
11263:             1             16  org.elasticsearch.xpack.cluster.routing.allocation.DataTierAllocationDecider$$Lambda$609/0x0000000800e98e20
11264:             1             16  org.elasticsearch.xpack.constantkeyword.ConstantKeywordMapperPlugin
11265:             1             16  org.elasticsearch.xpack.constantkeyword.mapper.ConstantKeywordFieldMapper$$Lambda$1593/0x00000008010bedc0
11266:             1             16  org.elasticsearch.xpack.core.DataTier$1$$Lambda$531/0x0000000800dc5540
11267:             1             16  org.elasticsearch.xpack.core.DataTier$2$$Lambda$532/0x0000000800dc5780
11268:             1             16  org.elasticsearch.xpack.core.DataTier$3$$Lambda$529/0x0000000800dc50c0
11269:             1             16  org.elasticsearch.xpack.core.DataTier$4$$Lambda$530/0x0000000800dc5300
11270:             1             16  org.elasticsearch.xpack.core.DataTier$DefaultHotAllocationSettingProvider
11271:             1             16  org.elasticsearch.xpack.core.DataTiersFeatureSetUsage$$Lambda$5097/0x0000000801a21618
11272:             1             16  org.elasticsearch.xpack.core.DataTiersFeatureSetUsage$$Lambda$5098/0x0000000801a21ab0
11273:             1             16  org.elasticsearch.xpack.core.EmptyXPackFeatureSet
11274:             1             16  org.elasticsearch.xpack.core.XPackClientPlugin$$Lambda$2383/0x00000008010997d8
11275:             1             16  org.elasticsearch.xpack.core.XPackClientPlugin$$Lambda$2384/0x0000000801099cd8
11276:             1             16  org.elasticsearch.xpack.core.XPackClientPlugin$$Lambda$2385/0x000000080109a4e0
11277:             1             16  org.elasticsearch.xpack.core.XPackClientPlugin$$Lambda$2386/0x000000080109a9b0
11278:             1             16  org.elasticsearch.xpack.core.XPackClientPlugin$$Lambda$2387/0x000000080109b190
11279:             1             16  org.elasticsearch.xpack.core.XPackClientPlugin$$Lambda$2388/0x000000080109b730
11280:             1             16  org.elasticsearch.xpack.core.XPackClientPlugin$$Lambda$2389/0x000000080109bcc0
11281:             1             16  org.elasticsearch.xpack.core.XPackClientPlugin$$Lambda$2390/0x000000080109c1c8
11282:             1             16  org.elasticsearch.xpack.core.XPackClientPlugin$$Lambda$2391/0x000000080109c6c8
11283:             1             16  org.elasticsearch.xpack.core.XPackClientPlugin$$Lambda$2392/0x000000080109cbd0
11284:             1             16  org.elasticsearch.xpack.core.XPackClientPlugin$$Lambda$2393/0x000000080109d0d8
11285:             1             16  org.elasticsearch.xpack.core.XPackClientPlugin$$Lambda$2403/0x000000080109eea0
11286:             1             16  org.elasticsearch.xpack.core.XPackClientPlugin$$Lambda$2412/0x0000000801278690
11287:             1             16  org.elasticsearch.xpack.core.XPackClientPlugin$$Lambda$2421/0x000000080127a060
11288:             1             16  org.elasticsearch.xpack.core.XPackClientPlugin$$Lambda$2422/0x000000080127a750
11289:             1             16  org.elasticsearch.xpack.core.XPackClientPlugin$$Lambda$2423/0x000000080127ac40
11290:             1             16  org.elasticsearch.xpack.core.XPackClientPlugin$$Lambda$2424/0x000000080127b130
11291:             1             16  org.elasticsearch.xpack.core.XPackClientPlugin$$Lambda$2427/0x000000080127c228
11292:             1             16  org.elasticsearch.xpack.core.XPackClientPlugin$$Lambda$2430/0x000000080127cd08
11293:             1             16  org.elasticsearch.xpack.core.XPackClientPlugin$$Lambda$2433/0x000000080127d7f8
11294:             1             16  org.elasticsearch.xpack.core.XPackClientPlugin$$Lambda$2437/0x000000080127f158
11295:             1             16  org.elasticsearch.xpack.core.XPackClientPlugin$$Lambda$2440/0x000000080127fa30
11296:             1             16  org.elasticsearch.xpack.core.XPackClientPlugin$$Lambda$2447/0x0000000801281cb0
11297:             1             16  org.elasticsearch.xpack.core.XPackClientPlugin$$Lambda$2460/0x0000000801283cd8
11298:             1             16  org.elasticsearch.xpack.core.XPackClientPlugin$$Lambda$2464/0x00000008012850d8
11299:             1             16  org.elasticsearch.xpack.core.XPackClientPlugin$$Lambda$2466/0x0000000801285d58
11300:             1             16  org.elasticsearch.xpack.core.XPackClientPlugin$$Lambda$2468/0x00000008012865d8
11301:             1             16  org.elasticsearch.xpack.core.XPackClientPlugin$$Lambda$2470/0x0000000801286e58
11302:             1             16  org.elasticsearch.xpack.core.XPackClientPlugin$$Lambda$2471/0x00000008012878f8
11303:             1             16  org.elasticsearch.xpack.core.XPackClientPlugin$$Lambda$2472/0x0000000801288040
11304:             1             16  org.elasticsearch.xpack.core.XPackClientPlugin$$Lambda$2480/0x0000000801289d98
11305:             1             16  org.elasticsearch.xpack.core.XPackClientPlugin$$Lambda$2484/0x000000080128ac18
11306:             1             16  org.elasticsearch.xpack.core.XPackClientPlugin$$Lambda$2485/0x000000080128b120
11307:             1             16  org.elasticsearch.xpack.core.XPackClientPlugin$$Lambda$2486/0x000000080128b8d8
11308:             1             16  org.elasticsearch.xpack.core.XPackClientPlugin$$Lambda$2487/0x000000080128baf8
11309:             1             16  org.elasticsearch.xpack.core.XPackClientPlugin$$Lambda$2488/0x000000080128c000
11310:             1             16  org.elasticsearch.xpack.core.XPackClientPlugin$$Lambda$2489/0x000000080128c928
11311:             1             16  org.elasticsearch.xpack.core.XPackClientPlugin$$Lambda$2490/0x000000080128d010
11312:             1             16  org.elasticsearch.xpack.core.XPackClientPlugin$$Lambda$2491/0x000000080128d4f8
11313:             1             16  org.elasticsearch.xpack.core.XPackClientPlugin$$Lambda$2492/0x000000080128d9e0
11314:             1             16  org.elasticsearch.xpack.core.XPackClientPlugin$$Lambda$2493/0x000000080128dec8
11315:             1             16  org.elasticsearch.xpack.core.XPackClientPlugin$$Lambda$2494/0x000000080128e3d0
11316:             1             16  org.elasticsearch.xpack.core.XPackClientPlugin$$Lambda$2495/0x000000080128e8d8
11317:             1             16  org.elasticsearch.xpack.core.XPackClientPlugin$$Lambda$2496/0x000000080128eeb0
11318:             1             16  org.elasticsearch.xpack.core.XPackClientPlugin$$Lambda$2497/0x000000080128f0d0
11319:             1             16  org.elasticsearch.xpack.core.XPackClientPlugin$$Lambda$2498/0x000000080128f5d8
11320:             1             16  org.elasticsearch.xpack.core.XPackClientPlugin$$Lambda$2499/0x000000080128fbf0
11321:             1             16  org.elasticsearch.xpack.core.XPackClientPlugin$$Lambda$2500/0x0000000801290040
11322:             1             16  org.elasticsearch.xpack.core.XPackClientPlugin$$Lambda$2501/0x0000000801290540
11323:             1             16  org.elasticsearch.xpack.core.XPackClientPlugin$$Lambda$2502/0x0000000801290ae8
11324:             1             16  org.elasticsearch.xpack.core.XPackClientPlugin$$Lambda$2503/0x0000000801291010
11325:             1             16  org.elasticsearch.xpack.core.XPackClientPlugin$$Lambda$2504/0x0000000801291230
11326:             1             16  org.elasticsearch.xpack.core.XPackClientPlugin$$Lambda$2505/0x0000000801291820
11327:             1             16  org.elasticsearch.xpack.core.XPackClientPlugin$$Lambda$2506/0x0000000801291a40
11328:             1             16  org.elasticsearch.xpack.core.XPackClientPlugin$$Lambda$2507/0x0000000801291c60
11329:             1             16  org.elasticsearch.xpack.core.XPackClientPlugin$$Lambda$2508/0x0000000801292180
11330:             1             16  org.elasticsearch.xpack.core.XPackClientPlugin$$Lambda$2509/0x0000000801292688
11331:             1             16  org.elasticsearch.xpack.core.XPackClientPlugin$$Lambda$2510/0x0000000801292b90
11332:             1             16  org.elasticsearch.xpack.core.XPackClientPlugin$$Lambda$2511/0x00000008012933c8
11333:             1             16  org.elasticsearch.xpack.core.XPackClientPlugin$$Lambda$2512/0x0000000801293898
11334:             1             16  org.elasticsearch.xpack.core.XPackClientPlugin$$Lambda$2513/0x0000000801293e80
11335:             1             16  org.elasticsearch.xpack.core.XPackClientPlugin$$Lambda$2514/0x0000000801294350
11336:             1             16  org.elasticsearch.xpack.core.XPackClientPlugin$$Lambda$2515/0x0000000801294570
11337:             1             16  org.elasticsearch.xpack.core.XPackClientPlugin$$Lambda$2516/0x0000000801294a98
11338:             1             16  org.elasticsearch.xpack.core.XPackClientPlugin$$Lambda$2517/0x0000000801294fb0
11339:             1             16  org.elasticsearch.xpack.core.XPackClientPlugin$$Lambda$2518/0x00000008012954b0
11340:             1             16  org.elasticsearch.xpack.core.XPackClientPlugin$$Lambda$2519/0x00000008012956d0
11341:             1             16  org.elasticsearch.xpack.core.XPackClientPlugin$$Lambda$2520/0x0000000801295bd8
11342:             1             16  org.elasticsearch.xpack.core.XPackClientPlugin$$Lambda$2521/0x00000008012960d8
11343:             1             16  org.elasticsearch.xpack.core.XPackClientPlugin$$Lambda$2522/0x00000008012965d8
11344:             1             16  org.elasticsearch.xpack.core.XPackClientPlugin$$Lambda$2523/0x0000000801296ae0
11345:             1             16  org.elasticsearch.xpack.core.XPackClientPlugin$$Lambda$2524/0x0000000801296fb8
11346:             1             16  org.elasticsearch.xpack.core.XPackClientPlugin$$Lambda$2525/0x00000008012974c0
11347:             1             16  org.elasticsearch.xpack.core.XPackClientPlugin$$Lambda$2526/0x00000008012984c8
11348:             1             16  org.elasticsearch.xpack.core.XPackClientPlugin$$Lambda$2527/0x00000008012989d0
11349:             1             16  org.elasticsearch.xpack.core.XPackClientPlugin$$Lambda$2528/0x0000000801298ed0
11350:             1             16  org.elasticsearch.xpack.core.XPackClientPlugin$$Lambda$2529/0x0000000801299488
11351:             1             16  org.elasticsearch.xpack.core.XPackClientPlugin$$Lambda$2530/0x00000008012999e0
11352:             1             16  org.elasticsearch.xpack.core.XPackClientPlugin$$Lambda$2531/0x0000000801299c00
11353:             1             16  org.elasticsearch.xpack.core.XPackClientPlugin$$Lambda$2532/0x000000080129a538
11354:             1             16  org.elasticsearch.xpack.core.XPackClientPlugin$$Lambda$2533/0x000000080129aa40
11355:             1             16  org.elasticsearch.xpack.core.XPackClientPlugin$$Lambda$2534/0x000000080129af58
11356:             1             16  org.elasticsearch.xpack.core.XPackClientPlugin$$Lambda$2535/0x000000080129b458
11357:             1             16  org.elasticsearch.xpack.core.XPackClientPlugin$$Lambda$2536/0x000000080129b960
11358:             1             16  org.elasticsearch.xpack.core.XPackClientPlugin$$Lambda$2537/0x000000080129be60
11359:             1             16  org.elasticsearch.xpack.core.XPackClientPlugin$$Lambda$2538/0x000000080129c360
11360:             1             16  org.elasticsearch.xpack.core.XPackClientPlugin$$Lambda$2539/0x000000080129c860
11361:             1             16  org.elasticsearch.xpack.core.XPackClientPlugin$$Lambda$2540/0x000000080129cd58
11362:             1             16  org.elasticsearch.xpack.core.XPackClientPlugin$$Lambda$2541/0x000000080129d260
11363:             1             16  org.elasticsearch.xpack.core.XPackClientPlugin$$Lambda$2542/0x000000080129d760
11364:             1             16  org.elasticsearch.xpack.core.XPackClientPlugin$$Lambda$2543/0x000000080129dc68
11365:             1             16  org.elasticsearch.xpack.core.XPackClientPlugin$$Lambda$2625/0x00000008012aab98
11366:             1             16  org.elasticsearch.xpack.core.XPackClientPlugin$$Lambda$2626/0x00000008012aadb8
11367:             1             16  org.elasticsearch.xpack.core.XPackClientPlugin$$Lambda$2627/0x00000008012aafd8
11368:             1             16  org.elasticsearch.xpack.core.XPackClientPlugin$$Lambda$2628/0x00000008012ab1f8
11369:             1             16  org.elasticsearch.xpack.core.XPackClientPlugin$$Lambda$2629/0x00000008012ab418
11370:             1             16  org.elasticsearch.xpack.core.XPackClientPlugin$$Lambda$2630/0x00000008012ab638
11371:             1             16  org.elasticsearch.xpack.core.XPackClientPlugin$$Lambda$2631/0x00000008012ab858
11372:             1             16  org.elasticsearch.xpack.core.XPackClientPlugin$$Lambda$2632/0x00000008012aba78
11373:             1             16  org.elasticsearch.xpack.core.XPackClientPlugin$$Lambda$2633/0x00000008012abc98
11374:             1             16  org.elasticsearch.xpack.core.XPackClientPlugin$$Lambda$2634/0x00000008012abeb8
11375:             1             16  org.elasticsearch.xpack.core.XPackClientPlugin$$Lambda$2635/0x00000008012ac0d8
11376:             1             16  org.elasticsearch.xpack.core.XPackClientPlugin$$Lambda$2636/0x00000008012ac2f8
11377:             1             16  org.elasticsearch.xpack.core.XPackClientPlugin$$Lambda$2637/0x00000008012ac518
11378:             1             16  org.elasticsearch.xpack.core.XPackClientPlugin$$Lambda$2638/0x00000008012ac738
11379:             1             16  org.elasticsearch.xpack.core.XPackClientPlugin$$Lambda$2639/0x00000008012ac958
11380:             1             16  org.elasticsearch.xpack.core.XPackPlugin$$Lambda$1361/0x0000000801098730
11381:             1             16  org.elasticsearch.xpack.core.XPackPlugin$$Lambda$1362/0x0000000801098950
11382:             1             16  org.elasticsearch.xpack.core.XPackPlugin$$Lambda$2837/0x00000008013146e8
11383:             1             16  org.elasticsearch.xpack.core.XPackPlugin$$Lambda$332/0x0000000800d4b7f8
11384:             1             16  org.elasticsearch.xpack.core.XPackPlugin$$Lambda$4826/0x000000080195f768
11385:             1             16  org.elasticsearch.xpack.core.XPackSettings$$Lambda$334/0x0000000800d4be38
11386:             1             16  org.elasticsearch.xpack.core.action.CreateDataStreamAction$$Lambda$3635/0x00000008016d16d0
11387:             1             16  org.elasticsearch.xpack.core.action.DataStreamsStatsAction$$Lambda$3638/0x00000008016d22b8
11388:             1             16  org.elasticsearch.xpack.core.action.DeleteDataStreamAction$$Lambda$3636/0x00000008016d18f0
11389:             1             16  org.elasticsearch.xpack.core.action.GetDataStreamAction$$Lambda$3637/0x00000008016d1da8
11390:             1             16  org.elasticsearch.xpack.core.action.ReloadAnalyzerAction$$Lambda$3443/0x0000000801634e58
11391:             1             16  org.elasticsearch.xpack.core.action.TransportReloadAnalyzersAction$$Lambda$4003/0x00000008017d0480
11392:             1             16  org.elasticsearch.xpack.core.action.TransportXPackInfoAction$$Lambda$3978/0x00000008017d0040
11393:             1             16  org.elasticsearch.xpack.core.action.TransportXPackUsageAction$$Lambda$4264/0x00000008017d2bd0
11394:             1             16  org.elasticsearch.xpack.core.action.XPackInfoAction$$Lambda$3433/0x0000000801630370
11395:             1             16  org.elasticsearch.xpack.core.action.XPackUsageAction$$Lambda$3434/0x00000008016309f8
11396:             1             16  org.elasticsearch.xpack.core.action.util.PageParams$$Lambda$4388/0x00000008018308f0
11397:             1             16  org.elasticsearch.xpack.core.analytics.action.AnalyticsStatsAction$$Lambda$3452/0x00000008016370c0
11398:             1             16  org.elasticsearch.xpack.core.analytics.action.AnalyticsStatsAction$Response$$Lambda$5099/0x0000000801a21cd0
11399:             1             16  org.elasticsearch.xpack.core.analytics.action.AnalyticsStatsAction$Response$$Lambda$5107/0x0000000801a23590
11400:             1             16  org.elasticsearch.xpack.core.async.DeleteAsyncResultAction$$Lambda$3444/0x0000000801635310
11401:             1             16  org.elasticsearch.xpack.core.async.TransportDeleteAsyncResultAction$$Lambda$4182/0x00000008017d1e68
11402:             1             16  org.elasticsearch.xpack.core.async.TransportDeleteAsyncResultAction$$Lambda$4183/0x00000008017d2088
11403:             1             16  org.elasticsearch.xpack.core.ccr.client.CcrClient
11404:             1             16  org.elasticsearch.xpack.core.common.IteratingActionListener$$Lambda$4952/0x00000008019fdc58
11405:             1             16  org.elasticsearch.xpack.core.common.validation.SourceDestValidator$DestinationInSourceValidation
11406:             1             16  org.elasticsearch.xpack.core.common.validation.SourceDestValidator$DestinationPipelineMissingValidation
11407:             1             16  org.elasticsearch.xpack.core.common.validation.SourceDestValidator$DestinationSingleIndexValidation
11408:             1             16  org.elasticsearch.xpack.core.common.validation.SourceDestValidator$RemoteSourceEnabledAndRemoteLicenseValidation
11409:             1             16  org.elasticsearch.xpack.core.common.validation.SourceDestValidator$RemoteSourceNotSupportedValidation
11410:             1             16  org.elasticsearch.xpack.core.common.validation.SourceDestValidator$SourceMissingValidation
11411:             1             16  org.elasticsearch.xpack.core.deprecation.DeprecationInfoAction$$Lambda$3639/0x00000008016d2788
11412:             1             16  org.elasticsearch.xpack.core.deprecation.NodesDeprecationCheckAction$$Lambda$3640/0x00000008016d2c20
11413:             1             16  org.elasticsearch.xpack.core.enrich.EnrichFeatureSet
11414:             1             16  org.elasticsearch.xpack.core.enrich.action.DeleteEnrichPolicyAction$$Lambda$3527/0x00000008016a8ea8
11415:             1             16  org.elasticsearch.xpack.core.enrich.action.EnrichStatsAction$$Lambda$3530/0x00000008016a9a48
11416:             1             16  org.elasticsearch.xpack.core.enrich.action.ExecuteEnrichPolicyAction$$Lambda$3529/0x00000008016a9588
11417:             1             16  org.elasticsearch.xpack.core.enrich.action.GetEnrichPolicyAction$$Lambda$3526/0x00000008016a8c88
11418:             1             16  org.elasticsearch.xpack.core.enrich.action.PutEnrichPolicyAction$$Lambda$3528/0x00000008016a90c8
11419:             1             16  org.elasticsearch.xpack.core.frozen.action.FreezeIndexAction$$Lambda$3521/0x00000008016a82e0
11420:             1             16  org.elasticsearch.xpack.core.graph.action.GraphExploreAction$$Lambda$3525/0x00000008016a87d0
11421:             1             16  org.elasticsearch.xpack.core.ilm.DeleteAction$$Lambda$4896/0x000000080198c1c8
11422:             1             16  org.elasticsearch.xpack.core.ilm.IndexLifecycleFeatureSetUsage$$Lambda$5103/0x0000000801a225a0
11423:             1             16  org.elasticsearch.xpack.core.ilm.IndexLifecycleFeatureSetUsage$PolicyStats$$Lambda$5104/0x0000000801a227c0
11424:             1             16  org.elasticsearch.xpack.core.ilm.IndexLifecycleFeatureSetUsage$PolicyStats$$Lambda$5105/0x0000000801a22c50
11425:             1             16  org.elasticsearch.xpack.core.ilm.IndexLifecycleMetadata$$Lambda$4879/0x0000000801988ff8
11426:             1             16  org.elasticsearch.xpack.core.ilm.IndexLifecycleMetadata$$Lambda$4880/0x0000000801989518
11427:             1             16  org.elasticsearch.xpack.core.ilm.IndexLifecycleMetadata$$Lambda$4881/0x0000000801989738
11428:             1             16  org.elasticsearch.xpack.core.ilm.IndexLifecycleMetadata$IndexLifecycleMetadataDiff$$Lambda$4894/0x000000080198bd88
11429:             1             16  org.elasticsearch.xpack.core.ilm.IndexLifecycleMetadata$IndexLifecycleMetadataDiff$$Lambda$4895/0x000000080198bfa8
11430:             1             16  org.elasticsearch.xpack.core.ilm.LifecyclePolicy$$Lambda$4885/0x000000080198a4d8
11431:             1             16  org.elasticsearch.xpack.core.ilm.LifecyclePolicy$$Lambda$4886/0x000000080198a9a0
11432:             1             16  org.elasticsearch.xpack.core.ilm.LifecyclePolicy$$Lambda$4887/0x000000080198abc0
11433:             1             16  org.elasticsearch.xpack.core.ilm.LifecyclePolicy$$Lambda$4888/0x000000080198b0a8
11434:             1             16  org.elasticsearch.xpack.core.ilm.LifecyclePolicy$$Lambda$4889/0x000000080198b2c8
11435:             1             16  org.elasticsearch.xpack.core.ilm.LifecyclePolicy$$Lambda$5221/0x0000000801ae9980
11436:             1             16  org.elasticsearch.xpack.core.ilm.LifecyclePolicy$$Lambda$5230/0x0000000801aeaba8
11437:             1             16  org.elasticsearch.xpack.core.ilm.LifecyclePolicy$$Lambda$5231/0x0000000801aeadc8
11438:             1             16  org.elasticsearch.xpack.core.ilm.LifecyclePolicyMetadata$$Lambda$4882/0x0000000801989968
11439:             1             16  org.elasticsearch.xpack.core.ilm.LifecyclePolicyMetadata$$Lambda$4883/0x000000080198a098
11440:             1             16  org.elasticsearch.xpack.core.ilm.LifecyclePolicyMetadata$$Lambda$4884/0x000000080198a2b8
11441:             1             16  org.elasticsearch.xpack.core.ilm.LifecycleSettings$$Lambda$835/0x0000000800f03e30
11442:             1             16  org.elasticsearch.xpack.core.ilm.Phase$$Lambda$4890/0x000000080198b4e8
11443:             1             16  org.elasticsearch.xpack.core.ilm.Phase$$Lambda$4891/0x000000080198b718
11444:             1             16  org.elasticsearch.xpack.core.ilm.Phase$$Lambda$4892/0x000000080198b938
11445:             1             16  org.elasticsearch.xpack.core.ilm.Phase$$Lambda$4893/0x000000080198bb58
11446:             1             16  org.elasticsearch.xpack.core.ilm.Phase$$Lambda$5219/0x0000000801ae9520
11447:             1             16  org.elasticsearch.xpack.core.ilm.ReadOnlyAction
11448:             1             16  org.elasticsearch.xpack.core.ilm.ReadOnlyAction$$Lambda$5220/0x0000000801ae9760
11449:             1             16  org.elasticsearch.xpack.core.ilm.RolloverAction$$Lambda$836/0x0000000800f04e30
11450:             1             16  org.elasticsearch.xpack.core.ilm.RolloverAction$$Lambda$837/0x0000000800f05070
11451:             1             16  org.elasticsearch.xpack.core.ilm.RolloverAction$$Lambda$838/0x0000000800f05290
11452:             1             16  org.elasticsearch.xpack.core.ilm.SetPriorityAction$$Lambda$5217/0x0000000801ae90c0
11453:             1             16  org.elasticsearch.xpack.core.ilm.SetPriorityAction$$Lambda$5218/0x0000000801ae9300
11454:             1             16  org.elasticsearch.xpack.core.ilm.TimeseriesLifecycleType
11455:             1             16  org.elasticsearch.xpack.core.ilm.TimeseriesLifecycleType$$Lambda$5222/0x0000000801ae9bc0
11456:             1             16  org.elasticsearch.xpack.core.ilm.TimeseriesLifecycleType$$Lambda$5224/0x0000000801aea028
11457:             1             16  org.elasticsearch.xpack.core.ilm.TimeseriesLifecycleType$$Lambda$5225/0x0000000801aea278
11458:             1             16  org.elasticsearch.xpack.core.ilm.TimeseriesLifecycleType$$Lambda$5226/0x0000000801aea4c8
11459:             1             16  org.elasticsearch.xpack.core.ilm.TimeseriesLifecycleType$$Lambda$5227/0x0000000801aea718
11460:             1             16  org.elasticsearch.xpack.core.ilm.TimeseriesLifecycleType$$Lambda$5228/0x0000000801aea968
11461:             1             16  org.elasticsearch.xpack.core.ilm.action.DeleteLifecycleAction$$Lambda$3618/0x00000008016cd410
11462:             1             16  org.elasticsearch.xpack.core.ilm.action.ExplainLifecycleAction$$Lambda$3619/0x00000008016cd8c8
11463:             1             16  org.elasticsearch.xpack.core.ilm.action.GetLifecycleAction$$Lambda$3617/0x00000008016ccf60
11464:             1             16  org.elasticsearch.xpack.core.ilm.action.GetLifecycleAction$Response$$Lambda$6087/0x0000000801b02ad8
11465:             1             16  org.elasticsearch.xpack.core.ilm.action.GetStatusAction$$Lambda$3625/0x00000008016cefe0
11466:             1             16  org.elasticsearch.xpack.core.ilm.action.MoveToStepAction$$Lambda$3621/0x00000008016ce238
11467:             1             16  org.elasticsearch.xpack.core.ilm.action.PutLifecycleAction$$Lambda$3616/0x00000008016ccaa8
11468:             1             16  org.elasticsearch.xpack.core.ilm.action.PutLifecycleAction$Request$$Lambda$5215/0x0000000801ae8c60
11469:             1             16  org.elasticsearch.xpack.core.ilm.action.PutLifecycleAction$Request$$Lambda$5216/0x0000000801ae8ea0
11470:             1             16  org.elasticsearch.xpack.core.ilm.action.RemoveIndexLifecyclePolicyAction$$Lambda$3620/0x00000008016cdd88
11471:             1             16  org.elasticsearch.xpack.core.ilm.action.RetryAction$$Lambda$3622/0x00000008016ce6e8
11472:             1             16  org.elasticsearch.xpack.core.ilm.action.StartILMAction$$Lambda$3623/0x00000008016ce908
11473:             1             16  org.elasticsearch.xpack.core.ilm.action.StopILMAction$$Lambda$3624/0x00000008016ceb28
11474:             1             16  org.elasticsearch.xpack.core.ml.MlMetadata$$Lambda$4808/0x000000080195a2d0
11475:             1             16  org.elasticsearch.xpack.core.ml.MlMetadata$$Lambda$4809/0x000000080195a4f0
11476:             1             16  org.elasticsearch.xpack.core.ml.MlMetadata$$Lambda$4810/0x000000080195a720
11477:             1             16  org.elasticsearch.xpack.core.ml.MlMetadata$$Lambda$4811/0x000000080195a940
11478:             1             16  org.elasticsearch.xpack.core.ml.MlMetadata$$Lambda$4812/0x000000080195ab70
11479:             1             16  org.elasticsearch.xpack.core.ml.MlMetadata$$Lambda$4813/0x000000080195ad90
11480:             1             16  org.elasticsearch.xpack.core.ml.MlMetadata$$Lambda$6516/0x0000000801b04448
11481:             1             16  org.elasticsearch.xpack.core.ml.action.CloseJobAction$$Lambda$3470/0x000000080168c2f8
11482:             1             16  org.elasticsearch.xpack.core.ml.action.DeleteCalendarAction$$Lambda$3496/0x0000000801692a08
11483:             1             16  org.elasticsearch.xpack.core.ml.action.DeleteCalendarEventAction$$Lambda$3497/0x0000000801692c28
11484:             1             16  org.elasticsearch.xpack.core.ml.action.DeleteDataFrameAnalyticsAction$$Lambda$3508/0x0000000801695610
11485:             1             16  org.elasticsearch.xpack.core.ml.action.DeleteDatafeedAction$$Lambda$3484/0x000000080168f970
11486:             1             16  org.elasticsearch.xpack.core.ml.action.DeleteExpiredDataAction$$Lambda$3491/0x0000000801691740
11487:             1             16  org.elasticsearch.xpack.core.ml.action.DeleteFilterAction$$Lambda$3463/0x000000080168a0d8
11488:             1             16  org.elasticsearch.xpack.core.ml.action.DeleteForecastAction$$Lambda$3493/0x0000000801691e48
11489:             1             16  org.elasticsearch.xpack.core.ml.action.DeleteJobAction$$Lambda$3458/0x0000000801688bd0
11490:             1             16  org.elasticsearch.xpack.core.ml.action.DeleteModelSnapshotAction$$Lambda$3489/0x0000000801690d88
11491:             1             16  org.elasticsearch.xpack.core.ml.action.DeleteTrainedModelAction$$Lambda$3515/0x0000000801697208
11492:             1             16  org.elasticsearch.xpack.core.ml.action.EstimateModelMemoryAction$$Lambda$3475/0x000000080168d2f8
11493:             1             16  org.elasticsearch.xpack.core.ml.action.EvaluateDataFrameAction$$Lambda$3511/0x00000008016961c8
11494:             1             16  org.elasticsearch.xpack.core.ml.action.ExplainDataFrameAnalyticsAction$$Lambda$3512/0x0000000801696688
11495:             1             16  org.elasticsearch.xpack.core.ml.action.FinalizeJobExecutionAction$$Lambda$3471/0x000000080168c518
11496:             1             16  org.elasticsearch.xpack.core.ml.action.FindFileStructureAction$$Lambda$3502/0x0000000801694140
11497:             1             16  org.elasticsearch.xpack.core.ml.action.FlushJobAction$$Lambda$3472/0x000000080168ca00
11498:             1             16  org.elasticsearch.xpack.core.ml.action.ForecastJobAction$$Lambda$3492/0x0000000801691c28
11499:             1             16  org.elasticsearch.xpack.core.ml.action.GetBucketsAction$$Lambda$3465/0x000000080168aa50
11500:             1             16  org.elasticsearch.xpack.core.ml.action.GetCalendarEventsAction$$Lambda$3499/0x0000000801693330
11501:             1             16  org.elasticsearch.xpack.core.ml.action.GetCalendarEventsAction$Request$$Lambda$6536/0x0000000801b055e8
11502:             1             16  org.elasticsearch.xpack.core.ml.action.GetCalendarEventsAction$Request$$Lambda$6537/0x0000000801b05808
11503:             1             16  org.elasticsearch.xpack.core.ml.action.GetCalendarEventsAction$Request$$Lambda$6538/0x0000000801b05a38
11504:             1             16  org.elasticsearch.xpack.core.ml.action.GetCalendarEventsAction$Request$$Lambda$6539/0x0000000801b05c68
11505:             1             16  org.elasticsearch.xpack.core.ml.action.GetCalendarEventsAction$Request$$Lambda$6540/0x0000000801b05e98
11506:             1             16  org.elasticsearch.xpack.core.ml.action.GetCalendarEventsAction$Request$$Lambda$6541/0x0000000801b060c8
11507:             1             16  org.elasticsearch.xpack.core.ml.action.GetCalendarsAction$$Lambda$3494/0x0000000801692338
11508:             1             16  org.elasticsearch.xpack.core.ml.action.GetCategoriesAction$$Lambda$3476/0x000000080168d7e8
11509:             1             16  org.elasticsearch.xpack.core.ml.action.GetCategoriesAction$Request$$Lambda$4384/0x0000000801830040
11510:             1             16  org.elasticsearch.xpack.core.ml.action.GetCategoriesAction$Request$$Lambda$4385/0x0000000801830260
11511:             1             16  org.elasticsearch.xpack.core.ml.action.GetCategoriesAction$Request$$Lambda$4386/0x0000000801830490
11512:             1             16  org.elasticsearch.xpack.core.ml.action.GetCategoriesAction$Request$$Lambda$4387/0x00000008018306c0
11513:             1             16  org.elasticsearch.xpack.core.ml.action.GetCategoriesAction$Request$$Lambda$4389/0x0000000801830b30
11514:             1             16  org.elasticsearch.xpack.core.ml.action.GetDataFrameAnalyticsAction$$Lambda$3504/0x0000000801694848
11515:             1             16  org.elasticsearch.xpack.core.ml.action.GetDataFrameAnalyticsStatsAction$$Lambda$3505/0x0000000801694d20
11516:             1             16  org.elasticsearch.xpack.core.ml.action.GetDataFrameAnalyticsStatsAction$Request$$Lambda$5094/0x0000000801a20fa8
11517:             1             16  org.elasticsearch.xpack.core.ml.action.GetDatafeedsAction$$Lambda$3480/0x000000080168eb88
11518:             1             16  org.elasticsearch.xpack.core.ml.action.GetDatafeedsStatsAction$$Lambda$3481/0x000000080168f078
11519:             1             16  org.elasticsearch.xpack.core.ml.action.GetFiltersAction$$Lambda$3460/0x0000000801689580
11520:             1             16  org.elasticsearch.xpack.core.ml.action.GetInfluencersAction$$Lambda$3466/0x000000080168af40
11521:             1             16  org.elasticsearch.xpack.core.ml.action.GetJobsAction$$Lambda$3453/0x0000000801637878
11522:             1             16  org.elasticsearch.xpack.core.ml.action.GetJobsStatsAction$$Lambda$3454/0x0000000801637d50
11523:             1             16  org.elasticsearch.xpack.core.ml.action.GetModelSnapshotsAction$$Lambda$3477/0x000000080168dcd8
11524:             1             16  org.elasticsearch.xpack.core.ml.action.GetModelSnapshotsAction$Request$$Lambda$4390/0x0000000801830d60
11525:             1             16  org.elasticsearch.xpack.core.ml.action.GetModelSnapshotsAction$Request$$Lambda$4391/0x0000000801830f80
11526:             1             16  org.elasticsearch.xpack.core.ml.action.GetModelSnapshotsAction$Request$$Lambda$4392/0x00000008018311b0
11527:             1             16  org.elasticsearch.xpack.core.ml.action.GetModelSnapshotsAction$Request$$Lambda$4393/0x00000008018313e0
11528:             1             16  org.elasticsearch.xpack.core.ml.action.GetModelSnapshotsAction$Request$$Lambda$4394/0x0000000801831610
11529:             1             16  org.elasticsearch.xpack.core.ml.action.GetModelSnapshotsAction$Request$$Lambda$4395/0x0000000801831840
11530:             1             16  org.elasticsearch.xpack.core.ml.action.GetModelSnapshotsAction$Request$$Lambda$4396/0x0000000801831a70
11531:             1             16  org.elasticsearch.xpack.core.ml.action.GetModelSnapshotsAction$Request$$Lambda$4397/0x0000000801831ca0
11532:             1             16  org.elasticsearch.xpack.core.ml.action.GetOverallBucketsAction$$Lambda$3467/0x000000080168b430
11533:             1             16  org.elasticsearch.xpack.core.ml.action.GetRecordsAction$$Lambda$3468/0x000000080168b920
11534:             1             16  org.elasticsearch.xpack.core.ml.action.GetTrainedModelsAction$$Lambda$3514/0x0000000801696fe8
11535:             1             16  org.elasticsearch.xpack.core.ml.action.GetTrainedModelsStatsAction$$Lambda$3516/0x00000008016976f0
11536:             1             16  org.elasticsearch.xpack.core.ml.action.InternalInferModelAction$$Lambda$3513/0x0000000801696b00
11537:             1             16  org.elasticsearch.xpack.core.ml.action.IsolateDatafeedAction$$Lambda$3488/0x0000000801690b68
11538:             1             16  org.elasticsearch.xpack.core.ml.action.KillProcessAction$$Lambda$3464/0x000000080168a560
11539:             1             16  org.elasticsearch.xpack.core.ml.action.MlInfoAction$$Lambda$3455/0x00000008016882d8
11540:             1             16  org.elasticsearch.xpack.core.ml.action.OpenJobAction$$Lambda$3459/0x0000000801689090
11541:             1             16  org.elasticsearch.xpack.core.ml.action.PersistJobAction$$Lambda$3501/0x0000000801693c68
11542:             1             16  org.elasticsearch.xpack.core.ml.action.PostCalendarEventsAction$$Lambda$3500/0x00000008016937e0
11543:             1             16  org.elasticsearch.xpack.core.ml.action.PostDataAction$$Lambda$3469/0x000000080168be20
11544:             1             16  org.elasticsearch.xpack.core.ml.action.PreviewDatafeedAction$$Lambda$3485/0x0000000801690040
11545:             1             16  org.elasticsearch.xpack.core.ml.action.PutCalendarAction$$Lambda$3495/0x00000008016927e8
11546:             1             16  org.elasticsearch.xpack.core.ml.action.PutDataFrameAnalyticsAction$$Lambda$3506/0x00000008016951d0
11547:             1             16  org.elasticsearch.xpack.core.ml.action.PutDatafeedAction$$Lambda$3482/0x000000080168f530
11548:             1             16  org.elasticsearch.xpack.core.ml.action.PutFilterAction$$Lambda$3461/0x0000000801689c98
11549:             1             16  org.elasticsearch.xpack.core.ml.action.PutJobAction$$Lambda$3456/0x0000000801688790
11550:             1             16  org.elasticsearch.xpack.core.ml.action.PutTrainedModelAction$$Lambda$3517/0x0000000801697ba8
11551:             1             16  org.elasticsearch.xpack.core.ml.action.RevertModelSnapshotAction$$Lambda$3478/0x000000080168e1b8
11552:             1             16  org.elasticsearch.xpack.core.ml.action.RevertModelSnapshotAction$Request$$Lambda$4398/0x0000000801831ed0
11553:             1             16  org.elasticsearch.xpack.core.ml.action.RevertModelSnapshotAction$Request$$Lambda$4399/0x00000008018320f0
11554:             1             16  org.elasticsearch.xpack.core.ml.action.RevertModelSnapshotAction$Request$$Lambda$4400/0x0000000801832320
11555:             1             16  org.elasticsearch.xpack.core.ml.action.RevertModelSnapshotAction$Request$$Lambda$4401/0x0000000801832550
11556:             1             16  org.elasticsearch.xpack.core.ml.action.SetUpgradeModeAction$$Lambda$3503/0x0000000801694360
11557:             1             16  org.elasticsearch.xpack.core.ml.action.StartDataFrameAnalyticsAction$$Lambda$3509/0x0000000801695830
11558:             1             16  org.elasticsearch.xpack.core.ml.action.StartDatafeedAction$$Lambda$3486/0x0000000801690260
11559:             1             16  org.elasticsearch.xpack.core.ml.action.StopDataFrameAnalyticsAction$$Lambda$3510/0x0000000801695d08
11560:             1             16  org.elasticsearch.xpack.core.ml.action.StopDatafeedAction$$Lambda$3487/0x00000008016906e8
11561:             1             16  org.elasticsearch.xpack.core.ml.action.UpdateCalendarJobAction$$Lambda$3498/0x0000000801692e48
11562:             1             16  org.elasticsearch.xpack.core.ml.action.UpdateDataFrameAnalyticsAction$$Lambda$3507/0x00000008016953f0
11563:             1             16  org.elasticsearch.xpack.core.ml.action.UpdateDatafeedAction$$Lambda$3483/0x000000080168f750
11564:             1             16  org.elasticsearch.xpack.core.ml.action.UpdateFilterAction$$Lambda$3462/0x0000000801689eb8
11565:             1             16  org.elasticsearch.xpack.core.ml.action.UpdateJobAction$$Lambda$3457/0x00000008016889b0
11566:             1             16  org.elasticsearch.xpack.core.ml.action.UpdateModelSnapshotAction$$Lambda$3479/0x000000080168e698
11567:             1             16  org.elasticsearch.xpack.core.ml.action.UpdateProcessAction$$Lambda$3490/0x0000000801691288
11568:             1             16  org.elasticsearch.xpack.core.ml.action.ValidateDetectorAction$$Lambda$3473/0x000000080168cc20
11569:             1             16  org.elasticsearch.xpack.core.ml.action.ValidateJobConfigAction$$Lambda$3474/0x000000080168ce40
11570:             1             16  org.elasticsearch.xpack.core.ml.calendars.Calendar$$Lambda$4442/0x00000008018398c8
11571:             1             16  org.elasticsearch.xpack.core.ml.calendars.Calendar$$Lambda$4443/0x0000000801839ae8
11572:             1             16  org.elasticsearch.xpack.core.ml.calendars.Calendar$$Lambda$4444/0x0000000801839d18
11573:             1             16  org.elasticsearch.xpack.core.ml.calendars.Calendar$$Lambda$4445/0x0000000801839f48
11574:             1             16  org.elasticsearch.xpack.core.ml.calendars.Calendar$$Lambda$4446/0x000000080183a178
11575:             1             16  org.elasticsearch.xpack.core.ml.calendars.ScheduledEvent$$Lambda$4447/0x000000080183a8a0
11576:             1             16  org.elasticsearch.xpack.core.ml.calendars.ScheduledEvent$$Lambda$4448/0x000000080183aac0
11577:             1             16  org.elasticsearch.xpack.core.ml.calendars.ScheduledEvent$$Lambda$4449/0x000000080183acf0
11578:             1             16  org.elasticsearch.xpack.core.ml.calendars.ScheduledEvent$$Lambda$4450/0x000000080183af20
11579:             1             16  org.elasticsearch.xpack.core.ml.calendars.ScheduledEvent$$Lambda$4451/0x000000080183b140
11580:             1             16  org.elasticsearch.xpack.core.ml.calendars.ScheduledEvent$$Lambda$4452/0x000000080183b370
11581:             1             16  org.elasticsearch.xpack.core.ml.calendars.ScheduledEvent$$Lambda$4453/0x000000080183b590
11582:             1             16  org.elasticsearch.xpack.core.ml.calendars.ScheduledEvent$$Lambda$4454/0x000000080183b7c0
11583:             1             16  org.elasticsearch.xpack.core.ml.client.MachineLearningClient
11584:             1             16  org.elasticsearch.xpack.core.ml.datafeed.ChunkingConfig$$Lambda$4420/0x0000000801835b10
11585:             1             16  org.elasticsearch.xpack.core.ml.datafeed.ChunkingConfig$$Lambda$4421/0x0000000801835fb0
11586:             1             16  org.elasticsearch.xpack.core.ml.datafeed.ChunkingConfig$$Lambda$4422/0x00000008018361f0
11587:             1             16  org.elasticsearch.xpack.core.ml.datafeed.DatafeedConfig$$Lambda$4402/0x0000000801832c38
11588:             1             16  org.elasticsearch.xpack.core.ml.datafeed.DatafeedConfig$$Lambda$4403/0x0000000801832e58
11589:             1             16  org.elasticsearch.xpack.core.ml.datafeed.DatafeedConfig$$Lambda$4404/0x0000000801833088
11590:             1             16  org.elasticsearch.xpack.core.ml.datafeed.DatafeedConfig$$Lambda$4405/0x00000008018332b8
11591:             1             16  org.elasticsearch.xpack.core.ml.datafeed.DatafeedConfig$$Lambda$4406/0x00000008018334e8
11592:             1             16  org.elasticsearch.xpack.core.ml.datafeed.DatafeedConfig$$Lambda$4407/0x0000000801833718
11593:             1             16  org.elasticsearch.xpack.core.ml.datafeed.DatafeedConfig$$Lambda$4408/0x0000000801833948
11594:             1             16  org.elasticsearch.xpack.core.ml.datafeed.DatafeedConfig$$Lambda$4409/0x0000000801833b78
11595:             1             16  org.elasticsearch.xpack.core.ml.datafeed.DatafeedConfig$$Lambda$4410/0x0000000801834040
11596:             1             16  org.elasticsearch.xpack.core.ml.datafeed.DatafeedConfig$$Lambda$4412/0x0000000801834728
11597:             1             16  org.elasticsearch.xpack.core.ml.datafeed.DatafeedConfig$$Lambda$4414/0x0000000801834b78
11598:             1             16  org.elasticsearch.xpack.core.ml.datafeed.DatafeedConfig$$Lambda$4416/0x0000000801834fc8
11599:             1             16  org.elasticsearch.xpack.core.ml.datafeed.DatafeedConfig$$Lambda$4417/0x00000008018351f8
11600:             1             16  org.elasticsearch.xpack.core.ml.datafeed.DatafeedConfig$$Lambda$4418/0x0000000801835418
11601:             1             16  org.elasticsearch.xpack.core.ml.datafeed.DatafeedConfig$$Lambda$4419/0x00000008018358e0
11602:             1             16  org.elasticsearch.xpack.core.ml.datafeed.DatafeedConfig$$Lambda$4423/0x0000000801836430
11603:             1             16  org.elasticsearch.xpack.core.ml.datafeed.DatafeedConfig$$Lambda$4424/0x0000000801836660
11604:             1             16  org.elasticsearch.xpack.core.ml.datafeed.DatafeedConfig$$Lambda$4425/0x0000000801836b10
11605:             1             16  org.elasticsearch.xpack.core.ml.datafeed.DatafeedConfig$$Lambda$4428/0x00000008018371c0
11606:             1             16  org.elasticsearch.xpack.core.ml.datafeed.DatafeedConfig$$Lambda$4429/0x00000008018373f0
11607:             1             16  org.elasticsearch.xpack.core.ml.datafeed.DatafeedConfig$$Lambda$4430/0x0000000801837620
11608:             1             16  org.elasticsearch.xpack.core.ml.datafeed.DelayedDataCheckConfig$$Lambda$4426/0x0000000801836d40
11609:             1             16  org.elasticsearch.xpack.core.ml.datafeed.DelayedDataCheckConfig$$Lambda$4427/0x0000000801836f80
11610:             1             16  org.elasticsearch.xpack.core.ml.dataframe.DataFrameAnalyticsConfig$$Lambda$4455/0x000000080183bc78
11611:             1             16  org.elasticsearch.xpack.core.ml.dataframe.DataFrameAnalyticsConfig$$Lambda$4456/0x000000080183be98
11612:             1             16  org.elasticsearch.xpack.core.ml.dataframe.DataFrameAnalyticsConfig$$Lambda$4457/0x000000080183c0c8
11613:             1             16  org.elasticsearch.xpack.core.ml.dataframe.DataFrameAnalyticsConfig$$Lambda$4458/0x000000080183c2f8
11614:             1             16  org.elasticsearch.xpack.core.ml.dataframe.DataFrameAnalyticsConfig$$Lambda$4459/0x000000080183c7e8
11615:             1             16  org.elasticsearch.xpack.core.ml.dataframe.DataFrameAnalyticsConfig$$Lambda$4463/0x000000080183d328
11616:             1             16  org.elasticsearch.xpack.core.ml.dataframe.DataFrameAnalyticsConfig$$Lambda$4465/0x000000080183d798
11617:             1             16  org.elasticsearch.xpack.core.ml.dataframe.DataFrameAnalyticsConfig$$Lambda$4467/0x000000080183dbe8
11618:             1             16  org.elasticsearch.xpack.core.ml.dataframe.DataFrameAnalyticsConfig$$Lambda$4468/0x000000080183de18
11619:             1             16  org.elasticsearch.xpack.core.ml.dataframe.DataFrameAnalyticsConfig$$Lambda$4469/0x000000080183e038
11620:             1             16  org.elasticsearch.xpack.core.ml.dataframe.DataFrameAnalyticsConfig$$Lambda$4470/0x000000080183e268
11621:             1             16  org.elasticsearch.xpack.core.ml.dataframe.DataFrameAnalyticsConfig$$Lambda$4471/0x000000080183e488
11622:             1             16  org.elasticsearch.xpack.core.ml.dataframe.DataFrameAnalyticsConfig$$Lambda$4472/0x000000080183e6b8
11623:             1             16  org.elasticsearch.xpack.core.ml.dataframe.DataFrameAnalyticsConfig$$Lambda$4473/0x000000080183e8e8
11624:             1             16  org.elasticsearch.xpack.core.ml.dataframe.DataFrameAnalyticsConfig$$Lambda$4474/0x000000080183eb18
11625:             1             16  org.elasticsearch.xpack.core.ml.dataframe.DataFrameAnalyticsConfig$$Lambda$4475/0x000000080183ed38
11626:             1             16  org.elasticsearch.xpack.core.ml.dataframe.DataFrameAnalyticsConfig$$Lambda$4476/0x000000080183ef68
11627:             1             16  org.elasticsearch.xpack.core.ml.dataframe.DataFrameAnalyticsConfig$$Lambda$4477/0x000000080183f188
11628:             1             16  org.elasticsearch.xpack.core.ml.dataframe.DataFrameAnalyticsConfig$$Lambda$4478/0x000000080183f3b8
11629:             1             16  org.elasticsearch.xpack.core.ml.dataframe.DataFrameAnalyticsDest$$Lambda$4464/0x000000080183d558
11630:             1             16  org.elasticsearch.xpack.core.ml.dataframe.DataFrameAnalyticsSource$$Lambda$4460/0x000000080183ca18
11631:             1             16  org.elasticsearch.xpack.core.ml.dataframe.DataFrameAnalyticsSource$$Lambda$4462/0x000000080183ce78
11632:             1             16  org.elasticsearch.xpack.core.ml.dataframe.analyses.Classification$$Lambda$2413/0x0000000801278ec8
11633:             1             16  org.elasticsearch.xpack.core.ml.dataframe.analyses.Classification$$Lambda$2414/0x0000000801279108
11634:             1             16  org.elasticsearch.xpack.core.ml.dataframe.analyses.Classification$$Lambda$2416/0x0000000801279568
11635:             1             16  org.elasticsearch.xpack.core.ml.dataframe.analyses.Classification$$Lambda$2420/0x0000000801279e20
11636:             1             16  org.elasticsearch.xpack.core.ml.dataframe.analyses.MlDataFrameAnalysisNamedXContentProvider$$Lambda$2656/0x00000008012aefa8
11637:             1             16  org.elasticsearch.xpack.core.ml.dataframe.analyses.MlDataFrameAnalysisNamedXContentProvider$$Lambda$2657/0x00000008012af1c8
11638:             1             16  org.elasticsearch.xpack.core.ml.dataframe.analyses.MlDataFrameAnalysisNamedXContentProvider$$Lambda$2658/0x00000008012af3e8
11639:             1             16  org.elasticsearch.xpack.core.ml.dataframe.analyses.OutlierDetection$$Lambda$2394/0x000000080109dd20
11640:             1             16  org.elasticsearch.xpack.core.ml.dataframe.analyses.OutlierDetection$$Lambda$2395/0x000000080109df40
11641:             1             16  org.elasticsearch.xpack.core.ml.dataframe.analyses.OutlierDetection$$Lambda$2396/0x000000080109e170
11642:             1             16  org.elasticsearch.xpack.core.ml.dataframe.analyses.OutlierDetection$$Lambda$2397/0x000000080109e3a0
11643:             1             16  org.elasticsearch.xpack.core.ml.dataframe.analyses.OutlierDetection$$Lambda$2399/0x000000080109e5e0
11644:             1             16  org.elasticsearch.xpack.core.ml.dataframe.analyses.OutlierDetection$$Lambda$2400/0x000000080109e810
11645:             1             16  org.elasticsearch.xpack.core.ml.dataframe.analyses.OutlierDetection$$Lambda$2401/0x000000080109ea40
11646:             1             16  org.elasticsearch.xpack.core.ml.dataframe.analyses.OutlierDetection$$Lambda$2402/0x000000080109ec70
11647:             1             16  org.elasticsearch.xpack.core.ml.dataframe.analyses.Regression$$Lambda$2404/0x000000080109f6e0
11648:             1             16  org.elasticsearch.xpack.core.ml.dataframe.analyses.Regression$$Lambda$2405/0x000000080109fbd8
11649:             1             16  org.elasticsearch.xpack.core.ml.dataframe.analyses.Regression$$Lambda$2407/0x0000000801278460
11650:             1             16  org.elasticsearch.xpack.core.ml.dataframe.analyses.Types$$Lambda$2417/0x00000008012799a0
11651:             1             16  org.elasticsearch.xpack.core.ml.dataframe.analyses.Types$$Lambda$2419/0x0000000801279be0
11652:             1             16  org.elasticsearch.xpack.core.ml.dataframe.evaluation.MlEvaluationNamedXContentProvider$$Lambda$2548/0x000000080129f090
11653:             1             16  org.elasticsearch.xpack.core.ml.dataframe.evaluation.MlEvaluationNamedXContentProvider$$Lambda$2551/0x000000080129fa78
11654:             1             16  org.elasticsearch.xpack.core.ml.dataframe.evaluation.MlEvaluationNamedXContentProvider$$Lambda$2554/0x00000008012a04a0
11655:             1             16  org.elasticsearch.xpack.core.ml.dataframe.evaluation.MlEvaluationNamedXContentProvider$$Lambda$2555/0x00000008012a0ce8
11656:             1             16  org.elasticsearch.xpack.core.ml.dataframe.evaluation.MlEvaluationNamedXContentProvider$$Lambda$2557/0x00000008012a19b8
11657:             1             16  org.elasticsearch.xpack.core.ml.dataframe.evaluation.MlEvaluationNamedXContentProvider$$Lambda$2559/0x00000008012a2150
11658:             1             16  org.elasticsearch.xpack.core.ml.dataframe.evaluation.MlEvaluationNamedXContentProvider$$Lambda$2561/0x00000008012a28e8
11659:             1             16  org.elasticsearch.xpack.core.ml.dataframe.evaluation.MlEvaluationNamedXContentProvider$$Lambda$2562/0x00000008012a2e20
11660:             1             16  org.elasticsearch.xpack.core.ml.dataframe.evaluation.MlEvaluationNamedXContentProvider$$Lambda$2564/0x00000008012a3598
11661:             1             16  org.elasticsearch.xpack.core.ml.dataframe.evaluation.MlEvaluationNamedXContentProvider$$Lambda$2566/0x00000008012a3ce8
11662:             1             16  org.elasticsearch.xpack.core.ml.dataframe.evaluation.MlEvaluationNamedXContentProvider$$Lambda$2568/0x00000008012a4438
11663:             1             16  org.elasticsearch.xpack.core.ml.dataframe.evaluation.MlEvaluationNamedXContentProvider$$Lambda$2570/0x00000008012a4b88
11664:             1             16  org.elasticsearch.xpack.core.ml.dataframe.evaluation.MlEvaluationNamedXContentProvider$$Lambda$2572/0x00000008012a54d8
11665:             1             16  org.elasticsearch.xpack.core.ml.dataframe.evaluation.MlEvaluationNamedXContentProvider$$Lambda$2574/0x00000008012a5c50
11666:             1             16  org.elasticsearch.xpack.core.ml.dataframe.evaluation.MlEvaluationNamedXContentProvider$$Lambda$2576/0x00000008012a63c8
11667:             1             16  org.elasticsearch.xpack.core.ml.dataframe.evaluation.MlEvaluationNamedXContentProvider$$Lambda$2578/0x00000008012a6b20
11668:             1             16  org.elasticsearch.xpack.core.ml.dataframe.evaluation.MlEvaluationNamedXContentProvider$$Lambda$2579/0x00000008012a7018
11669:             1             16  org.elasticsearch.xpack.core.ml.dataframe.evaluation.MlEvaluationNamedXContentProvider$$Lambda$2580/0x00000008012a7510
11670:             1             16  org.elasticsearch.xpack.core.ml.dataframe.evaluation.MlEvaluationNamedXContentProvider$$Lambda$2581/0x00000008012a7a18
11671:             1             16  org.elasticsearch.xpack.core.ml.dataframe.evaluation.MlEvaluationNamedXContentProvider$$Lambda$2582/0x00000008012a8040
11672:             1             16  org.elasticsearch.xpack.core.ml.dataframe.evaluation.MlEvaluationNamedXContentProvider$$Lambda$2583/0x00000008012a8548
11673:             1             16  org.elasticsearch.xpack.core.ml.dataframe.evaluation.MlEvaluationNamedXContentProvider$$Lambda$2584/0x00000008012a8a50
11674:             1             16  org.elasticsearch.xpack.core.ml.dataframe.evaluation.MlEvaluationNamedXContentProvider$$Lambda$2585/0x00000008012a8f58
11675:             1             16  org.elasticsearch.xpack.core.ml.dataframe.evaluation.MlEvaluationNamedXContentProvider$$Lambda$2586/0x00000008012a9450
11676:             1             16  org.elasticsearch.xpack.core.ml.dataframe.evaluation.MlEvaluationNamedXContentProvider$$Lambda$2587/0x00000008012a9948
11677:             1             16  org.elasticsearch.xpack.core.ml.dataframe.evaluation.MlEvaluationNamedXContentProvider$$Lambda$2588/0x00000008012a9e40
11678:             1             16  org.elasticsearch.xpack.core.ml.dataframe.evaluation.MlEvaluationNamedXContentProvider$$Lambda$2589/0x00000008012aa338
11679:             1             16  org.elasticsearch.xpack.core.ml.dataframe.evaluation.MlEvaluationNamedXContentProvider$$Lambda$2640/0x00000008012acb78
11680:             1             16  org.elasticsearch.xpack.core.ml.dataframe.evaluation.MlEvaluationNamedXContentProvider$$Lambda$2641/0x00000008012acd98
11681:             1             16  org.elasticsearch.xpack.core.ml.dataframe.evaluation.MlEvaluationNamedXContentProvider$$Lambda$2642/0x00000008012acfb8
11682:             1             16  org.elasticsearch.xpack.core.ml.dataframe.evaluation.MlEvaluationNamedXContentProvider$$Lambda$2643/0x00000008012ad1d8
11683:             1             16  org.elasticsearch.xpack.core.ml.dataframe.evaluation.MlEvaluationNamedXContentProvider$$Lambda$2644/0x00000008012ad3f8
11684:             1             16  org.elasticsearch.xpack.core.ml.dataframe.evaluation.MlEvaluationNamedXContentProvider$$Lambda$2645/0x00000008012ad618
11685:             1             16  org.elasticsearch.xpack.core.ml.dataframe.evaluation.MlEvaluationNamedXContentProvider$$Lambda$2646/0x00000008012ad838
11686:             1             16  org.elasticsearch.xpack.core.ml.dataframe.evaluation.MlEvaluationNamedXContentProvider$$Lambda$2647/0x00000008012ada58
11687:             1             16  org.elasticsearch.xpack.core.ml.dataframe.evaluation.MlEvaluationNamedXContentProvider$$Lambda$2648/0x00000008012adc78
11688:             1             16  org.elasticsearch.xpack.core.ml.dataframe.evaluation.MlEvaluationNamedXContentProvider$$Lambda$2649/0x00000008012ade98
11689:             1             16  org.elasticsearch.xpack.core.ml.dataframe.evaluation.MlEvaluationNamedXContentProvider$$Lambda$2650/0x00000008012ae0b8
11690:             1             16  org.elasticsearch.xpack.core.ml.dataframe.evaluation.MlEvaluationNamedXContentProvider$$Lambda$2651/0x00000008012ae2d8
11691:             1             16  org.elasticsearch.xpack.core.ml.dataframe.evaluation.MlEvaluationNamedXContentProvider$$Lambda$2652/0x00000008012ae4f8
11692:             1             16  org.elasticsearch.xpack.core.ml.dataframe.evaluation.MlEvaluationNamedXContentProvider$$Lambda$2653/0x00000008012ae718
11693:             1             16  org.elasticsearch.xpack.core.ml.dataframe.evaluation.MlEvaluationNamedXContentProvider$$Lambda$2654/0x00000008012ae938
11694:             1             16  org.elasticsearch.xpack.core.ml.dataframe.evaluation.MlEvaluationNamedXContentProvider$$Lambda$2655/0x00000008012aeb58
11695:             1             16  org.elasticsearch.xpack.core.ml.dataframe.evaluation.classification.Accuracy$$Lambda$2565/0x00000008012a3ac8
11696:             1             16  org.elasticsearch.xpack.core.ml.dataframe.evaluation.classification.Classification$$Lambda$2549/0x000000080129f618
11697:             1             16  org.elasticsearch.xpack.core.ml.dataframe.evaluation.classification.Classification$$Lambda$2550/0x000000080129f858
11698:             1             16  org.elasticsearch.xpack.core.ml.dataframe.evaluation.classification.MulticlassConfusionMatrix$$Lambda$2563/0x00000008012a3358
11699:             1             16  org.elasticsearch.xpack.core.ml.dataframe.evaluation.classification.Precision$$Lambda$2567/0x00000008012a4218
11700:             1             16  org.elasticsearch.xpack.core.ml.dataframe.evaluation.classification.Recall$$Lambda$2569/0x00000008012a4968
11701:             1             16  org.elasticsearch.xpack.core.ml.dataframe.evaluation.outlierdetection.ConfusionMatrix$$Lambda$2560/0x00000008012a26a8
11702:             1             16  org.elasticsearch.xpack.core.ml.dataframe.evaluation.outlierdetection.OutlierDetection$$Lambda$2544/0x000000080129e820
11703:             1             16  org.elasticsearch.xpack.core.ml.dataframe.evaluation.outlierdetection.OutlierDetection$$Lambda$2545/0x000000080129ee70
11704:             1             16  org.elasticsearch.xpack.core.ml.dataframe.evaluation.outlierdetection.Precision$$Lambda$2556/0x00000008012a1778
11705:             1             16  org.elasticsearch.xpack.core.ml.dataframe.evaluation.outlierdetection.Recall$$Lambda$2558/0x00000008012a1f10
11706:             1             16  org.elasticsearch.xpack.core.ml.dataframe.evaluation.regression.Huber$$Lambda$2575/0x00000008012a6188
11707:             1             16  org.elasticsearch.xpack.core.ml.dataframe.evaluation.regression.MeanSquaredError$$Lambda$2571/0x00000008012a52b8
11708:             1             16  org.elasticsearch.xpack.core.ml.dataframe.evaluation.regression.MeanSquaredLogarithmicError$$Lambda$2573/0x00000008012a5a10
11709:             1             16  org.elasticsearch.xpack.core.ml.dataframe.evaluation.regression.RSquared$$Lambda$2577/0x00000008012a6900
11710:             1             16  org.elasticsearch.xpack.core.ml.dataframe.evaluation.regression.Regression$$Lambda$2552/0x00000008012a0040
11711:             1             16  org.elasticsearch.xpack.core.ml.dataframe.evaluation.regression.Regression$$Lambda$2553/0x00000008012a0280
11712:             1             16  org.elasticsearch.xpack.core.ml.inference.MlInferenceNamedXContentProvider$$Lambda$2659/0x00000008012af838
11713:             1             16  org.elasticsearch.xpack.core.ml.inference.MlInferenceNamedXContentProvider$$Lambda$2660/0x00000008012afa58
11714:             1             16  org.elasticsearch.xpack.core.ml.inference.MlInferenceNamedXContentProvider$$Lambda$2661/0x00000008012afc78
11715:             1             16  org.elasticsearch.xpack.core.ml.inference.MlInferenceNamedXContentProvider$$Lambda$2662/0x00000008012e0040
11716:             1             16  org.elasticsearch.xpack.core.ml.inference.MlInferenceNamedXContentProvider$$Lambda$2663/0x00000008012e0260
11717:             1             16  org.elasticsearch.xpack.core.ml.inference.MlInferenceNamedXContentProvider$$Lambda$2664/0x00000008012e0480
11718:             1             16  org.elasticsearch.xpack.core.ml.inference.MlInferenceNamedXContentProvider$$Lambda$2665/0x00000008012e06a0
11719:             1             16  org.elasticsearch.xpack.core.ml.inference.MlInferenceNamedXContentProvider$$Lambda$2666/0x00000008012e08c0
11720:             1             16  org.elasticsearch.xpack.core.ml.inference.MlInferenceNamedXContentProvider$$Lambda$2667/0x00000008012e0ae0
11721:             1             16  org.elasticsearch.xpack.core.ml.inference.MlInferenceNamedXContentProvider$$Lambda$2668/0x00000008012e0d00
11722:             1             16  org.elasticsearch.xpack.core.ml.inference.MlInferenceNamedXContentProvider$$Lambda$2669/0x00000008012e0f20
11723:             1             16  org.elasticsearch.xpack.core.ml.inference.MlInferenceNamedXContentProvider$$Lambda$2670/0x00000008012e1140
11724:             1             16  org.elasticsearch.xpack.core.ml.inference.MlInferenceNamedXContentProvider$$Lambda$2671/0x00000008012e1360
11725:             1             16  org.elasticsearch.xpack.core.ml.inference.MlInferenceNamedXContentProvider$$Lambda$2672/0x00000008012e1580
11726:             1             16  org.elasticsearch.xpack.core.ml.inference.MlInferenceNamedXContentProvider$$Lambda$2673/0x00000008012e17a0
11727:             1             16  org.elasticsearch.xpack.core.ml.inference.MlInferenceNamedXContentProvider$$Lambda$2674/0x00000008012e19c0
11728:             1             16  org.elasticsearch.xpack.core.ml.inference.MlInferenceNamedXContentProvider$$Lambda$2676/0x00000008012e2240
11729:             1             16  org.elasticsearch.xpack.core.ml.inference.MlInferenceNamedXContentProvider$$Lambda$2677/0x00000008012e2460
11730:             1             16  org.elasticsearch.xpack.core.ml.inference.MlInferenceNamedXContentProvider$$Lambda$2678/0x00000008012e2680
11731:             1             16  org.elasticsearch.xpack.core.ml.inference.MlInferenceNamedXContentProvider$$Lambda$2679/0x00000008012e28a0
11732:             1             16  org.elasticsearch.xpack.core.ml.inference.MlInferenceNamedXContentProvider$$Lambda$2680/0x00000008012e2ac0
11733:             1             16  org.elasticsearch.xpack.core.ml.inference.MlInferenceNamedXContentProvider$$Lambda$2681/0x00000008012e2ce0
11734:             1             16  org.elasticsearch.xpack.core.ml.inference.MlInferenceNamedXContentProvider$$Lambda$2682/0x00000008012e2f00
11735:             1             16  org.elasticsearch.xpack.core.ml.inference.MlInferenceNamedXContentProvider$$Lambda$2683/0x00000008012e3120
11736:             1             16  org.elasticsearch.xpack.core.ml.inference.MlInferenceNamedXContentProvider$$Lambda$2684/0x00000008012e3340
11737:             1             16  org.elasticsearch.xpack.core.ml.inference.MlInferenceNamedXContentProvider$$Lambda$2685/0x00000008012e3560
11738:             1             16  org.elasticsearch.xpack.core.ml.inference.MlInferenceNamedXContentProvider$$Lambda$2686/0x00000008012e3780
11739:             1             16  org.elasticsearch.xpack.core.ml.inference.MlInferenceNamedXContentProvider$$Lambda$2687/0x00000008012e39a0
11740:             1             16  org.elasticsearch.xpack.core.ml.inference.MlInferenceNamedXContentProvider$$Lambda$2717/0x00000008012e9410
11741:             1             16  org.elasticsearch.xpack.core.ml.inference.MlInferenceNamedXContentProvider$$Lambda$2721/0x00000008012ea258
11742:             1             16  org.elasticsearch.xpack.core.ml.inference.MlInferenceNamedXContentProvider$$Lambda$2722/0x00000008012ea768
11743:             1             16  org.elasticsearch.xpack.core.ml.inference.MlInferenceNamedXContentProvider$$Lambda$2723/0x00000008012eac60
11744:             1             16  org.elasticsearch.xpack.core.ml.inference.MlInferenceNamedXContentProvider$$Lambda$2724/0x00000008012eae80
11745:             1             16  org.elasticsearch.xpack.core.ml.inference.TrainedModelConfig$$Lambda$2688/0x00000008012e49e8
11746:             1             16  org.elasticsearch.xpack.core.ml.inference.TrainedModelConfig$$Lambda$2689/0x00000008012e4c08
11747:             1             16  org.elasticsearch.xpack.core.ml.inference.TrainedModelConfig$$Lambda$2690/0x00000008012e4e38
11748:             1             16  org.elasticsearch.xpack.core.ml.inference.TrainedModelConfig$$Lambda$2691/0x00000008012e5068
11749:             1             16  org.elasticsearch.xpack.core.ml.inference.TrainedModelConfig$$Lambda$2692/0x00000008012e5298
11750:             1             16  org.elasticsearch.xpack.core.ml.inference.TrainedModelConfig$$Lambda$2693/0x00000008012e54c8
11751:             1             16  org.elasticsearch.xpack.core.ml.inference.TrainedModelConfig$$Lambda$2694/0x00000008012e56f8
11752:             1             16  org.elasticsearch.xpack.core.ml.inference.TrainedModelConfig$$Lambda$2695/0x00000008012e5918
11753:             1             16  org.elasticsearch.xpack.core.ml.inference.TrainedModelConfig$$Lambda$2696/0x00000008012e5b48
11754:             1             16  org.elasticsearch.xpack.core.ml.inference.TrainedModelConfig$$Lambda$2697/0x00000008012e5d78
11755:             1             16  org.elasticsearch.xpack.core.ml.inference.TrainedModelConfig$$Lambda$2698/0x00000008012e5f98
11756:             1             16  org.elasticsearch.xpack.core.ml.inference.TrainedModelConfig$$Lambda$2699/0x00000008012e6658
11757:             1             16  org.elasticsearch.xpack.core.ml.inference.TrainedModelConfig$$Lambda$2701/0x00000008012e6aa8
11758:             1             16  org.elasticsearch.xpack.core.ml.inference.TrainedModelConfig$$Lambda$2702/0x00000008012e6cd8
11759:             1             16  org.elasticsearch.xpack.core.ml.inference.TrainedModelConfig$$Lambda$2703/0x00000008012e7130
11760:             1             16  org.elasticsearch.xpack.core.ml.inference.TrainedModelConfig$$Lambda$2705/0x00000008012e7580
11761:             1             16  org.elasticsearch.xpack.core.ml.inference.TrainedModelConfig$$Lambda$2706/0x00000008012e77b0
11762:             1             16  org.elasticsearch.xpack.core.ml.inference.TrainedModelConfig$$Lambda$2707/0x00000008012e79e0
11763:             1             16  org.elasticsearch.xpack.core.ml.inference.TrainedModelConfig$$Lambda$2708/0x00000008012e7c10
11764:             1             16  org.elasticsearch.xpack.core.ml.inference.TrainedModelConfig$$Lambda$2709/0x00000008012e8040
11765:             1             16  org.elasticsearch.xpack.core.ml.inference.preprocessing.CustomWordEmbedding$$Lambda$2434/0x000000080127de78
11766:             1             16  org.elasticsearch.xpack.core.ml.inference.preprocessing.CustomWordEmbedding$$Lambda$2435/0x000000080127e0a8
11767:             1             16  org.elasticsearch.xpack.core.ml.inference.preprocessing.CustomWordEmbedding$$Lambda$2436/0x000000080127e2c8
11768:             1             16  org.elasticsearch.xpack.core.ml.inference.preprocessing.FrequencyEncoding$$Lambda$2425/0x000000080127bdd8
11769:             1             16  org.elasticsearch.xpack.core.ml.inference.preprocessing.FrequencyEncoding$$Lambda$2426/0x000000080127c008
11770:             1             16  org.elasticsearch.xpack.core.ml.inference.preprocessing.NGram$$Lambda$2438/0x000000080127f800
11771:             1             16  org.elasticsearch.xpack.core.ml.inference.preprocessing.OneHotEncoding$$Lambda$2428/0x000000080127c8b8
11772:             1             16  org.elasticsearch.xpack.core.ml.inference.preprocessing.OneHotEncoding$$Lambda$2429/0x000000080127cae8
11773:             1             16  org.elasticsearch.xpack.core.ml.inference.preprocessing.TargetMeanEncoding$$Lambda$2431/0x000000080127d3a8
11774:             1             16  org.elasticsearch.xpack.core.ml.inference.preprocessing.TargetMeanEncoding$$Lambda$2432/0x000000080127d5d8
11775:             1             16  org.elasticsearch.xpack.core.ml.inference.preprocessing.customwordembedding.Hash32
11776:             1             16  org.elasticsearch.xpack.core.ml.inference.preprocessing.customwordembedding.RelevantScriptFeatureExtractor
11777:             1             16  org.elasticsearch.xpack.core.ml.inference.preprocessing.customwordembedding.ScriptFeatureExtractor
11778:             1             16  org.elasticsearch.xpack.core.ml.inference.trainedmodel.ClassificationConfig$$Lambda$2473/0x0000000801288e68
11779:             1             16  org.elasticsearch.xpack.core.ml.inference.trainedmodel.ClassificationConfig$$Lambda$2474/0x0000000801289088
11780:             1             16  org.elasticsearch.xpack.core.ml.inference.trainedmodel.ClassificationConfig$$Lambda$2475/0x00000008012892b8
11781:             1             16  org.elasticsearch.xpack.core.ml.inference.trainedmodel.ClassificationConfig$$Lambda$2476/0x00000008012894e8
11782:             1             16  org.elasticsearch.xpack.core.ml.inference.trainedmodel.ClassificationConfig$$Lambda$2477/0x0000000801289718
11783:             1             16  org.elasticsearch.xpack.core.ml.inference.trainedmodel.ClassificationConfig$$Lambda$2478/0x0000000801289948
11784:             1             16  org.elasticsearch.xpack.core.ml.inference.trainedmodel.ClassificationConfigUpdate$$Lambda$2711/0x00000008012e8700
11785:             1             16  org.elasticsearch.xpack.core.ml.inference.trainedmodel.ClassificationConfigUpdate$$Lambda$2712/0x00000008012e8920
11786:             1             16  org.elasticsearch.xpack.core.ml.inference.trainedmodel.ClassificationConfigUpdate$$Lambda$2713/0x00000008012e8b50
11787:             1             16  org.elasticsearch.xpack.core.ml.inference.trainedmodel.ClassificationConfigUpdate$$Lambda$2714/0x00000008012e8d80
11788:             1             16  org.elasticsearch.xpack.core.ml.inference.trainedmodel.ClassificationConfigUpdate$$Lambda$2715/0x00000008012e8fb0
11789:             1             16  org.elasticsearch.xpack.core.ml.inference.trainedmodel.ClassificationConfigUpdate$$Lambda$2716/0x00000008012e91e0
11790:             1             16  org.elasticsearch.xpack.core.ml.inference.trainedmodel.InferenceStats$$Lambda$2882/0x0000000801360820
11791:             1             16  org.elasticsearch.xpack.core.ml.inference.trainedmodel.InferenceStats$$Lambda$2883/0x0000000801360a60
11792:             1             16  org.elasticsearch.xpack.core.ml.inference.trainedmodel.RegressionConfig$$Lambda$2481/0x000000080128a598
11793:             1             16  org.elasticsearch.xpack.core.ml.inference.trainedmodel.RegressionConfig$$Lambda$2482/0x000000080128a7b8
11794:             1             16  org.elasticsearch.xpack.core.ml.inference.trainedmodel.RegressionConfig$$Lambda$2483/0x000000080128a9e8
11795:             1             16  org.elasticsearch.xpack.core.ml.inference.trainedmodel.RegressionConfigUpdate$$Lambda$2718/0x00000008012e9bd8
11796:             1             16  org.elasticsearch.xpack.core.ml.inference.trainedmodel.RegressionConfigUpdate$$Lambda$2719/0x00000008012e9df8
11797:             1             16  org.elasticsearch.xpack.core.ml.inference.trainedmodel.RegressionConfigUpdate$$Lambda$2720/0x00000008012ea028
11798:             1             16  org.elasticsearch.xpack.core.ml.inference.trainedmodel.ensemble.Ensemble$$Lambda$2448/0x0000000801282728
11799:             1             16  org.elasticsearch.xpack.core.ml.inference.trainedmodel.ensemble.Ensemble$$Lambda$2449/0x0000000801282948
11800:             1             16  org.elasticsearch.xpack.core.ml.inference.trainedmodel.ensemble.Ensemble$$Lambda$2450/0x0000000801282b78
11801:             1             16  org.elasticsearch.xpack.core.ml.inference.trainedmodel.ensemble.Ensemble$$Lambda$2452/0x0000000801282fc8
11802:             1             16  org.elasticsearch.xpack.core.ml.inference.trainedmodel.ensemble.Ensemble$$Lambda$2453/0x00000008012831f8
11803:             1             16  org.elasticsearch.xpack.core.ml.inference.trainedmodel.ensemble.Ensemble$$Lambda$2457/0x0000000801283648
11804:             1             16  org.elasticsearch.xpack.core.ml.inference.trainedmodel.ensemble.Ensemble$$Lambda$2458/0x0000000801283878
11805:             1             16  org.elasticsearch.xpack.core.ml.inference.trainedmodel.ensemble.Ensemble$$Lambda$2459/0x0000000801283aa8
11806:             1             16  org.elasticsearch.xpack.core.ml.inference.trainedmodel.ensemble.Exponent$$Lambda$2675/0x00000008012e2000
11807:             1             16  org.elasticsearch.xpack.core.ml.inference.trainedmodel.ensemble.LogisticRegression$$Lambda$2469/0x0000000801286c18
11808:             1             16  org.elasticsearch.xpack.core.ml.inference.trainedmodel.ensemble.WeightedMode$$Lambda$2467/0x0000000801286398
11809:             1             16  org.elasticsearch.xpack.core.ml.inference.trainedmodel.ensemble.WeightedSum$$Lambda$2465/0x0000000801285b18
11810:             1             16  org.elasticsearch.xpack.core.ml.inference.trainedmodel.langident.LangIdentNeuralNetwork$$Lambda$2461/0x0000000801284780
11811:             1             16  org.elasticsearch.xpack.core.ml.inference.trainedmodel.tree.Tree$$Lambda$2441/0x0000000801280d20
11812:             1             16  org.elasticsearch.xpack.core.ml.inference.trainedmodel.tree.Tree$$Lambda$2442/0x0000000801280f40
11813:             1             16  org.elasticsearch.xpack.core.ml.inference.trainedmodel.tree.Tree$$Lambda$2443/0x0000000801281170
11814:             1             16  org.elasticsearch.xpack.core.ml.inference.trainedmodel.tree.Tree$$Lambda$2445/0x0000000801281850
11815:             1             16  org.elasticsearch.xpack.core.ml.inference.trainedmodel.tree.Tree$$Lambda$2446/0x0000000801281a80
11816:             1             16  org.elasticsearch.xpack.core.ml.job.config.AnalysisConfig$$Lambda$2884/0x0000000801361a18
11817:             1             16  org.elasticsearch.xpack.core.ml.job.config.AnalysisConfig$$Lambda$2886/0x0000000801362160
11818:             1             16  org.elasticsearch.xpack.core.ml.job.config.AnalysisConfig$$Lambda$2887/0x0000000801362390
11819:             1             16  org.elasticsearch.xpack.core.ml.job.config.AnalysisConfig$$Lambda$2888/0x00000008013625c0
11820:             1             16  org.elasticsearch.xpack.core.ml.job.config.AnalysisConfig$$Lambda$2889/0x00000008013627f0
11821:             1             16  org.elasticsearch.xpack.core.ml.job.config.AnalysisConfig$$Lambda$2891/0x0000000801362ec8
11822:             1             16  org.elasticsearch.xpack.core.ml.job.config.AnalysisConfig$$Lambda$2893/0x0000000801363338
11823:             1             16  org.elasticsearch.xpack.core.ml.job.config.AnalysisConfig$$Lambda$2894/0x0000000801363568
11824:             1             16  org.elasticsearch.xpack.core.ml.job.config.AnalysisConfig$$Lambda$2895/0x0000000801363798
11825:             1             16  org.elasticsearch.xpack.core.ml.job.config.AnalysisConfig$$Lambda$2896/0x00000008013639c8
11826:             1             16  org.elasticsearch.xpack.core.ml.job.config.AnalysisLimits$$Lambda$2910/0x0000000801365e68
11827:             1             16  org.elasticsearch.xpack.core.ml.job.config.DataDescription$$Lambda$2912/0x00000008013667b8
11828:             1             16  org.elasticsearch.xpack.core.ml.job.config.DataDescription$$Lambda$2913/0x00000008013669d8
11829:             1             16  org.elasticsearch.xpack.core.ml.job.config.DataDescription$$Lambda$2914/0x0000000801366c08
11830:             1             16  org.elasticsearch.xpack.core.ml.job.config.DataDescription$$Lambda$2915/0x0000000801366e38
11831:             1             16  org.elasticsearch.xpack.core.ml.job.config.DataDescription$$Lambda$2916/0x0000000801367068
11832:             1             16  org.elasticsearch.xpack.core.ml.job.config.DataDescription$$Lambda$2917/0x0000000801367298
11833:             1             16  org.elasticsearch.xpack.core.ml.job.config.DataDescription$$Lambda$2918/0x00000008013674d8
11834:             1             16  org.elasticsearch.xpack.core.ml.job.config.DataDescription$$Lambda$2919/0x0000000801367708
11835:             1             16  org.elasticsearch.xpack.core.ml.job.config.Job$$Lambda$2897/0x0000000801363f88
11836:             1             16  org.elasticsearch.xpack.core.ml.job.config.Job$$Lambda$2898/0x00000008013641a8
11837:             1             16  org.elasticsearch.xpack.core.ml.job.config.Job$$Lambda$2899/0x00000008013643d8
11838:             1             16  org.elasticsearch.xpack.core.ml.job.config.Job$$Lambda$2900/0x0000000801364608
11839:             1             16  org.elasticsearch.xpack.core.ml.job.config.Job$$Lambda$2901/0x0000000801364838
11840:             1             16  org.elasticsearch.xpack.core.ml.job.config.Job$$Lambda$2902/0x0000000801364a68
11841:             1             16  org.elasticsearch.xpack.core.ml.job.config.Job$$Lambda$2903/0x0000000801364c98
11842:             1             16  org.elasticsearch.xpack.core.ml.job.config.Job$$Lambda$2904/0x0000000801364ec8
11843:             1             16  org.elasticsearch.xpack.core.ml.job.config.Job$$Lambda$2905/0x00000008013650e8
11844:             1             16  org.elasticsearch.xpack.core.ml.job.config.Job$$Lambda$2906/0x0000000801365318
11845:             1             16  org.elasticsearch.xpack.core.ml.job.config.Job$$Lambda$2907/0x0000000801365538
11846:             1             16  org.elasticsearch.xpack.core.ml.job.config.Job$$Lambda$2908/0x00000008013659f8
11847:             1             16  org.elasticsearch.xpack.core.ml.job.config.Job$$Lambda$2911/0x00000008013662c8
11848:             1             16  org.elasticsearch.xpack.core.ml.job.config.Job$$Lambda$2920/0x0000000801367be0
11849:             1             16  org.elasticsearch.xpack.core.ml.job.config.Job$$Lambda$2922/0x0000000801370280
11850:             1             16  org.elasticsearch.xpack.core.ml.job.config.Job$$Lambda$2923/0x00000008013704b0
11851:             1             16  org.elasticsearch.xpack.core.ml.job.config.Job$$Lambda$2924/0x00000008013706e0
11852:             1             16  org.elasticsearch.xpack.core.ml.job.config.Job$$Lambda$2925/0x0000000801370910
11853:             1             16  org.elasticsearch.xpack.core.ml.job.config.Job$$Lambda$2926/0x0000000801370b40
11854:             1             16  org.elasticsearch.xpack.core.ml.job.config.Job$$Lambda$2927/0x0000000801370d70
11855:             1             16  org.elasticsearch.xpack.core.ml.job.config.Job$$Lambda$2928/0x0000000801370fa0
11856:             1             16  org.elasticsearch.xpack.core.ml.job.config.Job$$Lambda$2929/0x00000008013711c0
11857:             1             16  org.elasticsearch.xpack.core.ml.job.config.Job$$Lambda$2930/0x00000008013713f0
11858:             1             16  org.elasticsearch.xpack.core.ml.job.config.Job$$Lambda$2931/0x0000000801371620
11859:             1             16  org.elasticsearch.xpack.core.ml.job.config.Job$$Lambda$2932/0x0000000801371850
11860:             1             16  org.elasticsearch.xpack.core.ml.job.config.Job$$Lambda$2933/0x0000000801371a80
11861:             1             16  org.elasticsearch.xpack.core.ml.job.config.MlFilter$$Lambda$4367/0x00000008017d5a68
11862:             1             16  org.elasticsearch.xpack.core.ml.job.config.MlFilter$$Lambda$4368/0x00000008017d5c88
11863:             1             16  org.elasticsearch.xpack.core.ml.job.config.MlFilter$$Lambda$4369/0x00000008017d5eb8
11864:             1             16  org.elasticsearch.xpack.core.ml.job.config.MlFilter$$Lambda$4370/0x00000008017d60e8
11865:             1             16  org.elasticsearch.xpack.core.ml.job.config.MlFilter$$Lambda$4371/0x00000008017d6318
11866:             1             16  org.elasticsearch.xpack.core.ml.job.config.ModelPlotConfig$$Lambda$2921/0x0000000801370040
11867:             1             16  org.elasticsearch.xpack.core.ml.job.config.PerPartitionCategorizationConfig$$Lambda$2892/0x00000008013630f8
11868:             1             16  org.elasticsearch.xpack.core.ml.job.groups.GroupOrJobLookup
11869:             1             16  org.elasticsearch.xpack.core.ml.job.groups.GroupOrJobLookup$GroupOrJobResolver$$Lambda$6525/0x0000000801b04d18
11870:             1             16  org.elasticsearch.xpack.core.ml.job.groups.GroupOrJobLookup$GroupOrJobResolver$$Lambda$6527/0x0000000801b05158
11871:             1             16  org.elasticsearch.xpack.core.ml.job.groups.GroupOrJobLookup$GroupOrJobResolver$$Lambda$6528/0x0000000801b053a8
11872:             1             16  org.elasticsearch.xpack.core.ml.job.results.CategoryDefinition$$Lambda$4372/0x00000008017d6758
11873:             1             16  org.elasticsearch.xpack.core.ml.job.results.CategoryDefinition$$Lambda$4373/0x00000008017d6998
11874:             1             16  org.elasticsearch.xpack.core.ml.job.results.CategoryDefinition$$Lambda$4374/0x00000008017d6bc8
11875:             1             16  org.elasticsearch.xpack.core.ml.job.results.CategoryDefinition$$Lambda$4375/0x00000008017d6df8
11876:             1             16  org.elasticsearch.xpack.core.ml.job.results.CategoryDefinition$$Lambda$4376/0x00000008017d7028
11877:             1             16  org.elasticsearch.xpack.core.ml.job.results.CategoryDefinition$$Lambda$4377/0x00000008017d7258
11878:             1             16  org.elasticsearch.xpack.core.ml.job.results.CategoryDefinition$$Lambda$4378/0x00000008017d7488
11879:             1             16  org.elasticsearch.xpack.core.ml.job.results.CategoryDefinition$$Lambda$4379/0x00000008017d76b8
11880:             1             16  org.elasticsearch.xpack.core.ml.job.results.CategoryDefinition$$Lambda$4380/0x00000008017d78e8
11881:             1             16  org.elasticsearch.xpack.core.ml.job.results.CategoryDefinition$$Lambda$4381/0x00000008017d7b18
11882:             1             16  org.elasticsearch.xpack.core.ml.job.results.CategoryDefinition$$Lambda$4383/0x00000008017d7d48
11883:             1             16  org.elasticsearch.xpack.core.ml.job.results.Forecast$$Lambda$4431/0x0000000801837b70
11884:             1             16  org.elasticsearch.xpack.core.ml.job.results.Forecast$$Lambda$4432/0x0000000801837db0
11885:             1             16  org.elasticsearch.xpack.core.ml.job.results.Forecast$$Lambda$4433/0x0000000801838040
11886:             1             16  org.elasticsearch.xpack.core.ml.job.results.Forecast$$Lambda$4434/0x0000000801838270
11887:             1             16  org.elasticsearch.xpack.core.ml.job.results.Forecast$$Lambda$4435/0x00000008018384a0
11888:             1             16  org.elasticsearch.xpack.core.ml.job.results.Forecast$$Lambda$4436/0x00000008018386d0
11889:             1             16  org.elasticsearch.xpack.core.ml.job.results.Forecast$$Lambda$4437/0x0000000801838900
11890:             1             16  org.elasticsearch.xpack.core.ml.job.results.Forecast$$Lambda$4438/0x0000000801838b30
11891:             1             16  org.elasticsearch.xpack.core.ml.job.results.Forecast$$Lambda$4439/0x0000000801838d60
11892:             1             16  org.elasticsearch.xpack.core.ml.job.results.Forecast$$Lambda$4440/0x0000000801838f90
11893:             1             16  org.elasticsearch.xpack.core.ml.job.results.Forecast$$Lambda$4441/0x00000008018391c0
11894:             1             16  org.elasticsearch.xpack.core.monitoring.action.MonitoringBulkAction$$Lambda$3449/0x0000000801636bd0
11895:             1             16  org.elasticsearch.xpack.core.monitoring.action.MonitoringBulkRequest$$Lambda$6556/0x0000000801b06788
11896:             1             16  org.elasticsearch.xpack.core.monitoring.action.MonitoringBulkRequest$$Lambda$6557/0x0000000801b069b8
11897:             1             16  org.elasticsearch.xpack.core.rollup.action.DeleteRollupJobAction$$Lambda$3556/0x00000008016adf70
11898:             1             16  org.elasticsearch.xpack.core.rollup.action.GetRollupCapsAction$$Lambda$3558/0x00000008016ae900
11899:             1             16  org.elasticsearch.xpack.core.rollup.action.GetRollupIndexCapsAction$$Lambda$3559/0x00000008016aedb8
11900:             1             16  org.elasticsearch.xpack.core.rollup.action.GetRollupJobsAction$$Lambda$3557/0x00000008016ae448
11901:             1             16  org.elasticsearch.xpack.core.rollup.action.PutRollupJobAction$$Lambda$3553/0x00000008016ad0e8
11902:             1             16  org.elasticsearch.xpack.core.rollup.action.RollupSearchAction$$Lambda$3552/0x00000008016acec8
11903:             1             16  org.elasticsearch.xpack.core.rollup.action.StartRollupJobAction$$Lambda$3554/0x00000008016ad5c0
11904:             1             16  org.elasticsearch.xpack.core.rollup.action.StopRollupJobAction$$Lambda$3555/0x00000008016ada98
11905:             1             16  org.elasticsearch.xpack.core.search.action.ClosePointInTimeAction$$Lambda$3446/0x00000008016360e0
11906:             1             16  org.elasticsearch.xpack.core.search.action.GetAsyncSearchAction$$Lambda$3448/0x0000000801636740
11907:             1             16  org.elasticsearch.xpack.core.search.action.OpenPointInTimeAction$$Lambda$3445/0x00000008016359d8
11908:             1             16  org.elasticsearch.xpack.core.search.action.SubmitAsyncSearchAction$$Lambda$3447/0x0000000801636520
11909:             1             16  org.elasticsearch.xpack.core.search.action.TransportClosePointInTimeAction$$Lambda$4137/0x00000008017d1c48
11910:             1             16  org.elasticsearch.xpack.core.search.action.TransportOpenPointInTimeAction$$Lambda$3929/0x00000008017ad780
11911:             1             16  org.elasticsearch.xpack.core.search.action.TransportOpenPointInTimeAction$$Lambda$3930/0x00000008017ad9a0
11912:             1             16  org.elasticsearch.xpack.core.search.action.TransportOpenPointInTimeAction$$Lambda$3931/0x00000008017ae098
11913:             1             16  org.elasticsearch.xpack.core.search.action.TransportOpenPointInTimeAction$ShardOpenReaderRequestHandler
11914:             1             16  org.elasticsearch.xpack.core.searchablesnapshots.MountSearchableSnapshotAction$$Lambda$3606/0x00000008016ca2b0
11915:             1             16  org.elasticsearch.xpack.core.security.ScrollHelper$$Lambda$6054/0x0000000801b02430
11916:             1             16  org.elasticsearch.xpack.core.security.SecurityField$$Lambda$336/0x0000000800d4db48
11917:             1             16  org.elasticsearch.xpack.core.security.action.ClearSecurityCacheAction$$Lambda$3568/0x00000008016b8308
11918:             1             16  org.elasticsearch.xpack.core.security.action.CreateApiKeyAction$$Lambda$3599/0x00000008016c9078
11919:             1             16  org.elasticsearch.xpack.core.security.action.DelegatePkiAuthenticationAction$$Lambda$3603/0x00000008016ca090
11920:             1             16  org.elasticsearch.xpack.core.security.action.GetApiKeyAction$$Lambda$3602/0x00000008016c9be8
11921:             1             16  org.elasticsearch.xpack.core.security.action.GrantApiKeyAction$$Lambda$3600/0x00000008016c9298
11922:             1             16  org.elasticsearch.xpack.core.security.action.InvalidateApiKeyAction$$Lambda$3601/0x00000008016c9740
11923:             1             16  org.elasticsearch.xpack.core.security.action.oidc.OpenIdConnectAuthenticateAction$$Lambda$3593/0x00000008016bf480
11924:             1             16  org.elasticsearch.xpack.core.security.action.oidc.OpenIdConnectLogoutAction$$Lambda$3594/0x00000008016bf8e0
11925:             1             16  org.elasticsearch.xpack.core.security.action.oidc.OpenIdConnectPrepareAuthenticationAction$$Lambda$3592/0x00000008016bf000
11926:             1             16  org.elasticsearch.xpack.core.security.action.privilege.ClearPrivilegesCacheAction$$Lambda$3567/0x00000008016afc70
11927:             1             16  org.elasticsearch.xpack.core.security.action.privilege.DeletePrivilegesAction$$Lambda$3598/0x00000008016c8bd0
11928:             1             16  org.elasticsearch.xpack.core.security.action.privilege.GetBuiltinPrivilegesAction$$Lambda$3595/0x00000008016bfd40
11929:             1             16  org.elasticsearch.xpack.core.security.action.privilege.GetPrivilegesAction$$Lambda$3596/0x00000008016c8280
11930:             1             16  org.elasticsearch.xpack.core.security.action.privilege.PutPrivilegesAction$$Lambda$3597/0x00000008016c8728
11931:             1             16  org.elasticsearch.xpack.core.security.action.realm.ClearRealmCacheAction$$Lambda$3565/0x00000008016af2a0
11932:             1             16  org.elasticsearch.xpack.core.security.action.role.ClearRolesCacheAction$$Lambda$3566/0x00000008016af788
11933:             1             16  org.elasticsearch.xpack.core.security.action.role.DeleteRoleAction$$Lambda$3574/0x00000008016b9ec8
11934:             1             16  org.elasticsearch.xpack.core.security.action.role.GetRolesAction$$Lambda$3572/0x00000008016b9558
11935:             1             16  org.elasticsearch.xpack.core.security.action.role.PutRoleAction$$Lambda$3573/0x00000008016b9a10
11936:             1             16  org.elasticsearch.xpack.core.security.action.rolemapping.DeleteRoleMappingAction$$Lambda$3582/0x00000008016bc310
11937:             1             16  org.elasticsearch.xpack.core.security.action.rolemapping.GetRoleMappingsAction$$Lambda$3580/0x00000008016bb9a0
11938:             1             16  org.elasticsearch.xpack.core.security.action.rolemapping.PutRoleMappingAction$$Lambda$3581/0x00000008016bbe58
11939:             1             16  org.elasticsearch.xpack.core.security.action.saml.SamlAuthenticateAction$$Lambda$3588/0x00000008016bde10
11940:             1             16  org.elasticsearch.xpack.core.security.action.saml.SamlCompleteLogoutAction$$Lambda$3591/0x00000008016beb38
11941:             1             16  org.elasticsearch.xpack.core.security.action.saml.SamlInvalidateSessionAction$$Lambda$3590/0x00000008016be6d8
11942:             1             16  org.elasticsearch.xpack.core.security.action.saml.SamlLogoutAction$$Lambda$3589/0x00000008016be270
11943:             1             16  org.elasticsearch.xpack.core.security.action.saml.SamlPrepareAuthenticationAction$$Lambda$3587/0x00000008016bd9b0
11944:             1             16  org.elasticsearch.xpack.core.security.action.token.CreateTokenAction$$Lambda$3583/0x00000008016bc7b8
11945:             1             16  org.elasticsearch.xpack.core.security.action.token.InvalidateTokenAction$$Lambda$3584/0x00000008016bcc60
11946:             1             16  org.elasticsearch.xpack.core.security.action.token.RefreshTokenAction$$Lambda$3586/0x00000008016bd550
11947:             1             16  org.elasticsearch.xpack.core.security.action.user.AuthenticateAction$$Lambda$3576/0x00000008016ba790
11948:             1             16  org.elasticsearch.xpack.core.security.action.user.ChangePasswordAction$$Lambda$3575/0x00000008016ba328
11949:             1             16  org.elasticsearch.xpack.core.security.action.user.DeleteUserAction$$Lambda$3571/0x00000008016b90e8
11950:             1             16  org.elasticsearch.xpack.core.security.action.user.GetUserPrivilegesAction$$Lambda$3579/0x00000008016bb530
11951:             1             16  org.elasticsearch.xpack.core.security.action.user.GetUsersAction$$Lambda$3569/0x00000008016b8778
11952:             1             16  org.elasticsearch.xpack.core.security.action.user.HasPrivilegesAction$$Lambda$3578/0x00000008016bb0d0
11953:             1             16  org.elasticsearch.xpack.core.security.action.user.PutUserAction$$Lambda$3570/0x00000008016b8c30
11954:             1             16  org.elasticsearch.xpack.core.security.action.user.SetEnabledAction$$Lambda$3577/0x00000008016babf0
11955:             1             16  org.elasticsearch.xpack.core.security.authc.DefaultAuthenticationFailureHandler
11956:             1             16  org.elasticsearch.xpack.core.security.authc.DefaultAuthenticationFailureHandler$$Lambda$3078/0x000000080155a5d8
11957:             1             16  org.elasticsearch.xpack.core.security.authc.DefaultAuthenticationFailureHandler$$Lambda$3079/0x000000080155a818
11958:             1             16  org.elasticsearch.xpack.core.security.authc.DefaultAuthenticationFailureHandler$$Lambda$3080/0x000000080155aa58
11959:             1             16  org.elasticsearch.xpack.core.security.authc.RealmSettings$$Lambda$2959/0x0000000801372d70
11960:             1             16  org.elasticsearch.xpack.core.security.authc.RealmSettings$$Lambda$2960/0x0000000801372fb0
11961:             1             16  org.elasticsearch.xpack.core.security.authc.RealmSettings$$Lambda$672/0x0000000800e9c6f8
11962:             1             16  org.elasticsearch.xpack.core.security.authc.RealmSettings$$Lambda$674/0x0000000800e9cb80
11963:             1             16  org.elasticsearch.xpack.core.security.authc.RealmSettings$$Lambda$747/0x0000000800ef1f10
11964:             1             16  org.elasticsearch.xpack.core.security.authc.TokenMetadata$$Lambda$4866/0x00000008019884f0
11965:             1             16  org.elasticsearch.xpack.core.security.authc.kerberos.KerberosRealmSettings$$Lambda$743/0x0000000800ef1408
11966:             1             16  org.elasticsearch.xpack.core.security.authc.kerberos.KerberosRealmSettings$$Lambda$744/0x0000000800ef1648
11967:             1             16  org.elasticsearch.xpack.core.security.authc.kerberos.KerberosRealmSettings$$Lambda$745/0x0000000800ef1888
11968:             1             16  org.elasticsearch.xpack.core.security.authc.kerberos.KerberosRealmSettings$$Lambda$746/0x0000000800ef1ac8
11969:             1             16  org.elasticsearch.xpack.core.security.authc.ldap.ActiveDirectorySessionFactorySettings$$Lambda$684/0x0000000800e9ec28
11970:             1             16  org.elasticsearch.xpack.core.security.authc.ldap.ActiveDirectorySessionFactorySettings$$Lambda$686/0x0000000800e9f0b0
11971:             1             16  org.elasticsearch.xpack.core.security.authc.ldap.ActiveDirectorySessionFactorySettings$$Lambda$687/0x0000000800e9f2f0
11972:             1             16  org.elasticsearch.xpack.core.security.authc.ldap.ActiveDirectorySessionFactorySettings$$Lambda$688/0x0000000800e9f530
11973:             1             16  org.elasticsearch.xpack.core.security.authc.ldap.ActiveDirectorySessionFactorySettings$$Lambda$689/0x0000000800e9f770
11974:             1             16  org.elasticsearch.xpack.core.security.authc.ldap.ActiveDirectorySessionFactorySettings$$Lambda$690/0x0000000800e9f9b0
11975:             1             16  org.elasticsearch.xpack.core.security.authc.ldap.LdapRealmSettings$$Lambda$678/0x0000000800e9d890
11976:             1             16  org.elasticsearch.xpack.core.security.authc.ldap.LdapRealmSettings$$Lambda$683/0x0000000800e9e7e0
11977:             1             16  org.elasticsearch.xpack.core.security.authc.ldap.LdapSessionFactorySettings$$Lambda$716/0x0000000800eec0c8
11978:             1             16  org.elasticsearch.xpack.core.security.authc.ldap.LdapUserSearchSessionFactorySettings$$Lambda$717/0x0000000800eec510
11979:             1             16  org.elasticsearch.xpack.core.security.authc.ldap.LdapUserSearchSessionFactorySettings$$Lambda$718/0x0000000800eec750
11980:             1             16  org.elasticsearch.xpack.core.security.authc.ldap.LdapUserSearchSessionFactorySettings$$Lambda$719/0x0000000800eecbd8
11981:             1             16  org.elasticsearch.xpack.core.security.authc.ldap.LdapUserSearchSessionFactorySettings$$Lambda$720/0x0000000800eece18
11982:             1             16  org.elasticsearch.xpack.core.security.authc.ldap.PoolingSessionFactorySettings$$Lambda$703/0x0000000800ee9f70
11983:             1             16  org.elasticsearch.xpack.core.security.authc.ldap.PoolingSessionFactorySettings$$Lambda$704/0x0000000800eea1b0
11984:             1             16  org.elasticsearch.xpack.core.security.authc.ldap.PoolingSessionFactorySettings$$Lambda$705/0x0000000800eea3f0
11985:             1             16  org.elasticsearch.xpack.core.security.authc.ldap.PoolingSessionFactorySettings$$Lambda$706/0x0000000800eea630
11986:             1             16  org.elasticsearch.xpack.core.security.authc.ldap.PoolingSessionFactorySettings$$Lambda$707/0x0000000800eea870
11987:             1             16  org.elasticsearch.xpack.core.security.authc.ldap.PoolingSessionFactorySettings$$Lambda$708/0x0000000800eeaab0
11988:             1             16  org.elasticsearch.xpack.core.security.authc.ldap.PoolingSessionFactorySettings$$Lambda$709/0x0000000800eeacf0
11989:             1             16  org.elasticsearch.xpack.core.security.authc.ldap.PoolingSessionFactorySettings$$Lambda$710/0x0000000800eeaf30
11990:             1             16  org.elasticsearch.xpack.core.security.authc.ldap.PoolingSessionFactorySettings$$Lambda$712/0x0000000800eeb3b8
11991:             1             16  org.elasticsearch.xpack.core.security.authc.ldap.PoolingSessionFactorySettings$$Lambda$713/0x0000000800eeb5f8
11992:             1             16  org.elasticsearch.xpack.core.security.authc.ldap.PoolingSessionFactorySettings$$Lambda$714/0x0000000800eeb838
11993:             1             16  org.elasticsearch.xpack.core.security.authc.ldap.SearchGroupsResolverSettings$$Lambda$721/0x0000000800eed260
11994:             1             16  org.elasticsearch.xpack.core.security.authc.ldap.SearchGroupsResolverSettings$$Lambda$722/0x0000000800eed4a0
11995:             1             16  org.elasticsearch.xpack.core.security.authc.ldap.SearchGroupsResolverSettings$$Lambda$723/0x0000000800eed6e0
11996:             1             16  org.elasticsearch.xpack.core.security.authc.ldap.SearchGroupsResolverSettings$$Lambda$724/0x0000000800eed920
11997:             1             16  org.elasticsearch.xpack.core.security.authc.ldap.UserAttributeGroupsResolverSettings$$Lambda$725/0x0000000800eedd68
11998:             1             16  org.elasticsearch.xpack.core.security.authc.ldap.support.LdapLoadBalancingSettings$$Lambda$699/0x0000000800ee9448
11999:             1             16  org.elasticsearch.xpack.core.security.authc.ldap.support.LdapLoadBalancingSettings$$Lambda$700/0x0000000800ee9688
12000:             1             16  org.elasticsearch.xpack.core.security.authc.ldap.support.LdapMetadataResolverSettings$$Lambda$715/0x0000000800eebc80
12001:             1             16  org.elasticsearch.xpack.core.security.authc.ldap.support.SessionFactorySettings$$Lambda$691/0x0000000800ee8040
12002:             1             16  org.elasticsearch.xpack.core.security.authc.ldap.support.SessionFactorySettings$$Lambda$692/0x0000000800ee8280
12003:             1             16  org.elasticsearch.xpack.core.security.authc.ldap.support.SessionFactorySettings$$Lambda$693/0x0000000800ee84c0
12004:             1             16  org.elasticsearch.xpack.core.security.authc.ldap.support.SessionFactorySettings$$Lambda$694/0x0000000800ee8700
12005:             1             16  org.elasticsearch.xpack.core.security.authc.ldap.support.SessionFactorySettings$$Lambda$695/0x0000000800ee8940
12006:             1             16  org.elasticsearch.xpack.core.security.authc.ldap.support.SessionFactorySettings$$Lambda$696/0x0000000800ee8b80
12007:             1             16  org.elasticsearch.xpack.core.security.authc.ldap.support.SessionFactorySettings$$Lambda$697/0x0000000800ee8dc0
12008:             1             16  org.elasticsearch.xpack.core.security.authc.ldap.support.SessionFactorySettings$$Lambda$698/0x0000000800ee9000
12009:             1             16  org.elasticsearch.xpack.core.security.authc.oidc.OpenIdConnectRealmSettings$$Lambda$748/0x0000000800ef2150
12010:             1             16  org.elasticsearch.xpack.core.security.authc.oidc.OpenIdConnectRealmSettings$$Lambda$750/0x0000000800ef25e8
12011:             1             16  org.elasticsearch.xpack.core.security.authc.oidc.OpenIdConnectRealmSettings$$Lambda$752/0x0000000800ef2a80
12012:             1             16  org.elasticsearch.xpack.core.security.authc.oidc.OpenIdConnectRealmSettings$$Lambda$754/0x0000000800ef2f18
12013:             1             16  org.elasticsearch.xpack.core.security.authc.oidc.OpenIdConnectRealmSettings$$Lambda$756/0x0000000800ef33b0
12014:             1             16  org.elasticsearch.xpack.core.security.authc.oidc.OpenIdConnectRealmSettings$$Lambda$757/0x0000000800ef35f0
12015:             1             16  org.elasticsearch.xpack.core.security.authc.oidc.OpenIdConnectRealmSettings$$Lambda$759/0x0000000800ef3a88
12016:             1             16  org.elasticsearch.xpack.core.security.authc.oidc.OpenIdConnectRealmSettings$$Lambda$761/0x0000000800ef3f20
12017:             1             16  org.elasticsearch.xpack.core.security.authc.oidc.OpenIdConnectRealmSettings$$Lambda$763/0x0000000800ef43b8
12018:             1             16  org.elasticsearch.xpack.core.security.authc.oidc.OpenIdConnectRealmSettings$$Lambda$765/0x0000000800ef4850
12019:             1             16  org.elasticsearch.xpack.core.security.authc.oidc.OpenIdConnectRealmSettings$$Lambda$767/0x0000000800ef4ce8
12020:             1             16  org.elasticsearch.xpack.core.security.authc.oidc.OpenIdConnectRealmSettings$$Lambda$769/0x0000000800ef5180
12021:             1             16  org.elasticsearch.xpack.core.security.authc.oidc.OpenIdConnectRealmSettings$$Lambda$770/0x0000000800ef53c0
12022:             1             16  org.elasticsearch.xpack.core.security.authc.oidc.OpenIdConnectRealmSettings$$Lambda$771/0x0000000800ef5600
12023:             1             16  org.elasticsearch.xpack.core.security.authc.oidc.OpenIdConnectRealmSettings$$Lambda$772/0x0000000800ef5840
12024:             1             16  org.elasticsearch.xpack.core.security.authc.oidc.OpenIdConnectRealmSettings$$Lambda$773/0x0000000800ef5a80
12025:             1             16  org.elasticsearch.xpack.core.security.authc.oidc.OpenIdConnectRealmSettings$$Lambda$774/0x0000000800ef5cc0
12026:             1             16  org.elasticsearch.xpack.core.security.authc.oidc.OpenIdConnectRealmSettings$$Lambda$775/0x0000000800ef5f00
12027:             1             16  org.elasticsearch.xpack.core.security.authc.oidc.OpenIdConnectRealmSettings$$Lambda$776/0x0000000800ef6140
12028:             1             16  org.elasticsearch.xpack.core.security.authc.oidc.OpenIdConnectRealmSettings$$Lambda$777/0x0000000800ef65f0
12029:             1             16  org.elasticsearch.xpack.core.security.authc.oidc.OpenIdConnectRealmSettings$$Lambda$778/0x0000000800ef6830
12030:             1             16  org.elasticsearch.xpack.core.security.authc.oidc.OpenIdConnectRealmSettings$$Lambda$779/0x0000000800ef6a88
12031:             1             16  org.elasticsearch.xpack.core.security.authc.pki.PkiRealmSettings$$Lambda$727/0x0000000800eee5f8
12032:             1             16  org.elasticsearch.xpack.core.security.authc.pki.PkiRealmSettings$$Lambda$728/0x0000000800eee838
12033:             1             16  org.elasticsearch.xpack.core.security.authc.pki.PkiRealmSettings$$Lambda$729/0x0000000800eeea78
12034:             1             16  org.elasticsearch.xpack.core.security.authc.pki.PkiRealmSettings$$Lambda$730/0x0000000800eeecb8
12035:             1             16  org.elasticsearch.xpack.core.security.authc.pki.PkiRealmSettings$$Lambda$731/0x0000000800eeeef8
12036:             1             16  org.elasticsearch.xpack.core.security.authc.saml.SamlRealmSettings$$Lambda$732/0x0000000800eef340
12037:             1             16  org.elasticsearch.xpack.core.security.authc.saml.SamlRealmSettings$$Lambda$733/0x0000000800eef580
12038:             1             16  org.elasticsearch.xpack.core.security.authc.saml.SamlRealmSettings$$Lambda$734/0x0000000800eef7c0
12039:             1             16  org.elasticsearch.xpack.core.security.authc.saml.SamlRealmSettings$$Lambda$735/0x0000000800eefa00
12040:             1             16  org.elasticsearch.xpack.core.security.authc.saml.SamlRealmSettings$$Lambda$736/0x0000000800eefc40
12041:             1             16  org.elasticsearch.xpack.core.security.authc.saml.SamlRealmSettings$$Lambda$737/0x0000000800ef0040
12042:             1             16  org.elasticsearch.xpack.core.security.authc.saml.SamlRealmSettings$$Lambda$738/0x0000000800ef0280
12043:             1             16  org.elasticsearch.xpack.core.security.authc.saml.SamlRealmSettings$$Lambda$739/0x0000000800ef06d0
12044:             1             16  org.elasticsearch.xpack.core.security.authc.saml.SamlRealmSettings$$Lambda$740/0x0000000800ef0910
12045:             1             16  org.elasticsearch.xpack.core.security.authc.saml.SamlRealmSettings$$Lambda$741/0x0000000800ef0b50
12046:             1             16  org.elasticsearch.xpack.core.security.authc.support.CachingUsernamePasswordRealmSettings$$Lambda$671/0x0000000800e9c2b0
12047:             1             16  org.elasticsearch.xpack.core.security.authc.support.CachingUsernamePasswordRealmSettings$$Lambda$675/0x0000000800e9cdc0
12048:             1             16  org.elasticsearch.xpack.core.security.authc.support.CachingUsernamePasswordRealmSettings$$Lambda$676/0x0000000800e9d000
12049:             1             16  org.elasticsearch.xpack.core.security.authc.support.CachingUsernamePasswordRealmSettings$$Lambda$677/0x0000000800e9d240
12050:             1             16  org.elasticsearch.xpack.core.security.authc.support.DelegatedAuthorizationSettings$$Lambda$726/0x0000000800eee1b0
12051:             1             16  org.elasticsearch.xpack.core.security.authc.support.DnRoleMapperSettings$$Lambda$679/0x0000000800e9dee0
12052:             1             16  org.elasticsearch.xpack.core.security.authc.support.DnRoleMapperSettings$$Lambda$680/0x0000000800e9e120
12053:             1             16  org.elasticsearch.xpack.core.security.authc.support.DnRoleMapperSettings$$Lambda$681/0x0000000800e9e360
12054:             1             16  org.elasticsearch.xpack.core.security.authc.support.DnRoleMapperSettings$$Lambda$682/0x0000000800e9e5a0
12055:             1             16  org.elasticsearch.xpack.core.security.authc.support.Hasher$$Lambda$2969/0x00000008013777b8
12056:             1             16  org.elasticsearch.xpack.core.security.authc.support.Hasher$$Lambda$2970/0x00000008013779f8
12057:             1             16  org.elasticsearch.xpack.core.security.authc.support.Hasher$$Lambda$2971/0x0000000801377c38
12058:             1             16  org.elasticsearch.xpack.core.security.authc.support.mapper.ExpressionRoleMapping$$Lambda$6563/0x0000000801d00040
12059:             1             16  org.elasticsearch.xpack.core.security.authc.support.mapper.ExpressionRoleMapping$$Lambda$6564/0x0000000801d00260
12060:             1             16  org.elasticsearch.xpack.core.security.authc.support.mapper.ExpressionRoleMapping$$Lambda$6565/0x0000000801d00690
12061:             1             16  org.elasticsearch.xpack.core.security.authc.support.mapper.ExpressionRoleMapping$$Lambda$6566/0x0000000801d00b60
12062:             1             16  org.elasticsearch.xpack.core.security.authc.support.mapper.ExpressionRoleMapping$$Lambda$6567/0x0000000801d00d80
12063:             1             16  org.elasticsearch.xpack.core.security.authc.support.mapper.ExpressionRoleMapping$$Lambda$6568/0x0000000801d011b8
12064:             1             16  org.elasticsearch.xpack.core.security.authc.support.mapper.ExpressionRoleMapping$$Lambda$6569/0x0000000801d013d8
12065:             1             16  org.elasticsearch.xpack.core.security.authc.support.mapper.ExpressionRoleMapping$$Lambda$6570/0x0000000801d01608
12066:             1             16  org.elasticsearch.xpack.core.security.authc.support.mapper.ExpressionRoleMapping$$Lambda$6571/0x0000000801d01828
12067:             1             16  org.elasticsearch.xpack.core.security.authc.support.mapper.ExpressionRoleMapping$$Lambda$6572/0x0000000801d01a58
12068:             1             16  org.elasticsearch.xpack.core.security.authz.RoleDescriptor$$Lambda$3062/0x0000000801558f90
12069:             1             16  org.elasticsearch.xpack.core.security.authz.RoleDescriptor$ApplicationResourcePrivileges$$Lambda$3044/0x00000008013a38e0
12070:             1             16  org.elasticsearch.xpack.core.security.authz.RoleDescriptor$ApplicationResourcePrivileges$$Lambda$3045/0x00000008013a3b00
12071:             1             16  org.elasticsearch.xpack.core.security.authz.RoleDescriptor$ApplicationResourcePrivileges$$Lambda$3046/0x00000008013a3f30
12072:             1             16  org.elasticsearch.xpack.core.security.authz.RoleDescriptor$ApplicationResourcePrivileges$$Lambda$3047/0x00000008013a4160
12073:             1             16  org.elasticsearch.xpack.core.security.authz.accesscontrol.DocumentSubsetBitsetCache$$Lambda$3040/0x00000008013a1b08
12074:             1             16  org.elasticsearch.xpack.core.security.authz.accesscontrol.DocumentSubsetBitsetCache$$Lambda$3041/0x00000008013a1d28
12075:             1             16  org.elasticsearch.xpack.core.security.authz.permission.FieldPermissions$$Lambda$3053/0x00000008013a7ae0
12076:             1             16  org.elasticsearch.xpack.core.security.authz.permission.FieldPermissionsCache$$Lambda$3042/0x00000008013a2398
12077:             1             16  org.elasticsearch.xpack.core.security.authz.permission.FieldPermissionsCache$$Lambda$5000/0x00000008019fe550
12078:             1             16  org.elasticsearch.xpack.core.security.authz.permission.IndicesPermission$$Lambda$5122/0x0000000801a23e50
12079:             1             16  org.elasticsearch.xpack.core.security.authz.permission.IndicesPermission$$Lambda$5268/0x0000000801aef970
12080:             1             16  org.elasticsearch.xpack.core.security.authz.permission.IndicesPermission$$Lambda$5518/0x0000000801b009e0
12081:             1             16  org.elasticsearch.xpack.core.security.authz.permission.IndicesPermission$$Lambda$5519/0x0000000801b00e30
12082:             1             16  org.elasticsearch.xpack.core.security.authz.privilege.ApplicationPrivilege$$Lambda$3058/0x00000008015584a8
12083:             1             16  org.elasticsearch.xpack.core.security.authz.privilege.ApplicationPrivilege$$Lambda$5197/0x0000000801a4c870
12084:             1             16  org.elasticsearch.xpack.core.security.authz.privilege.ApplicationPrivilegeDescriptor$$Lambda$6276/0x0000000801b02f08
12085:             1             16  org.elasticsearch.xpack.core.security.authz.privilege.ApplicationPrivilegeDescriptor$$Lambda$6277/0x0000000801b03128
12086:             1             16  org.elasticsearch.xpack.core.security.authz.privilege.ApplicationPrivilegeDescriptor$$Lambda$6278/0x0000000801b03358
12087:             1             16  org.elasticsearch.xpack.core.security.authz.privilege.ApplicationPrivilegeDescriptor$$Lambda$6279/0x0000000801b03588
12088:             1             16  org.elasticsearch.xpack.core.security.authz.privilege.ApplicationPrivilegeDescriptor$$Lambda$6280/0x0000000801b037b8
12089:             1             16  org.elasticsearch.xpack.core.security.authz.privilege.ApplicationPrivilegeDescriptor$$Lambda$6281/0x0000000801b039e8
12090:             1             16  org.elasticsearch.xpack.core.security.authz.privilege.ApplicationPrivilegeDescriptor$$Lambda$6282/0x0000000801b03c08
12091:             1             16  org.elasticsearch.xpack.core.security.authz.privilege.ClusterPrivilegeResolver$$Lambda$3051/0x00000008013a6fd0
12092:             1             16  org.elasticsearch.xpack.core.security.authz.privilege.ClusterPrivilegeResolver$$Lambda$3052/0x00000008013a7210
12093:             1             16  org.elasticsearch.xpack.core.security.authz.privilege.ConfigurableClusterPrivileges$$Lambda$3048/0x00000008013a4988
12094:             1             16  org.elasticsearch.xpack.core.security.authz.privilege.ConfigurableClusterPrivileges$$Lambda$3049/0x00000008013a4ba8
12095:             1             16  org.elasticsearch.xpack.core.security.authz.privilege.IndexPrivilege$$Lambda$3054/0x0000000801558040
12096:             1             16  org.elasticsearch.xpack.core.security.authz.privilege.ManageOwnApiKeyClusterPrivilege
12097:             1             16  org.elasticsearch.xpack.core.security.authz.privilege.SystemPrivilege$$Lambda$4724/0x000000080191ea38
12098:             1             16  org.elasticsearch.xpack.core.security.authz.store.ReservedRolesStore
12099:             1             16  org.elasticsearch.xpack.core.security.authz.store.ReservedRolesStore$$Lambda$4986/0x00000008019fe300
12100:             1             16  org.elasticsearch.xpack.core.security.client.SecurityClient
12101:             1             16  org.elasticsearch.xpack.core.security.transport.netty4.SecurityNetty4Transport$$Lambda$3690/0x0000000801711d78
12102:             1             16  org.elasticsearch.xpack.core.security.user.AnonymousUser$$Lambda$669/0x0000000800e9b818
12103:             1             16  org.elasticsearch.xpack.core.security.user.AnonymousUser$$Lambda$670/0x0000000800e9ba58
12104:             1             16  org.elasticsearch.xpack.core.slm.SLMFeatureSetUsage$$Lambda$5106/0x0000000801a23148
12105:             1             16  org.elasticsearch.xpack.core.slm.SnapshotInvocationRecord$$Lambda$6667/0x0000000801d02fb0
12106:             1             16  org.elasticsearch.xpack.core.slm.SnapshotLifecycleMetadata$$Lambda$5234/0x0000000801aeb718
12107:             1             16  org.elasticsearch.xpack.core.slm.SnapshotLifecycleMetadata$$Lambda$5235/0x0000000801aeb958
12108:             1             16  org.elasticsearch.xpack.core.slm.SnapshotLifecycleMetadata$$Lambda$5236/0x0000000801aebb78
12109:             1             16  org.elasticsearch.xpack.core.slm.SnapshotLifecycleMetadata$$Lambda$5237/0x0000000801aebda8
12110:             1             16  org.elasticsearch.xpack.core.slm.SnapshotLifecycleMetadata$$Lambda$5238/0x0000000801aebfc8
12111:             1             16  org.elasticsearch.xpack.core.slm.SnapshotLifecycleMetadata$$Lambda$5239/0x0000000801aec1e8
12112:             1             16  org.elasticsearch.xpack.core.slm.SnapshotLifecycleMetadata$SnapshotLifecycleMetadataDiff$$Lambda$6664/0x0000000801d02950
12113:             1             16  org.elasticsearch.xpack.core.slm.SnapshotLifecycleMetadata$SnapshotLifecycleMetadataDiff$$Lambda$6665/0x0000000801d02b70
12114:             1             16  org.elasticsearch.xpack.core.slm.SnapshotLifecycleMetadata$SnapshotLifecycleMetadataDiff$$Lambda$6666/0x0000000801d02d90
12115:             1             16  org.elasticsearch.xpack.core.slm.SnapshotLifecyclePolicy$$Lambda$5245/0x0000000801aed480
12116:             1             16  org.elasticsearch.xpack.core.slm.SnapshotLifecyclePolicy$$Lambda$5246/0x0000000801aed6b0
12117:             1             16  org.elasticsearch.xpack.core.slm.SnapshotLifecyclePolicy$$Lambda$5247/0x0000000801aedb70
12118:             1             16  org.elasticsearch.xpack.core.slm.SnapshotLifecyclePolicy$$Lambda$5248/0x0000000801aedd90
12119:             1             16  org.elasticsearch.xpack.core.slm.SnapshotLifecyclePolicyMetadata$$Lambda$5240/0x0000000801aec408
12120:             1             16  org.elasticsearch.xpack.core.slm.SnapshotLifecyclePolicyMetadata$$Lambda$5241/0x0000000801aec938
12121:             1             16  org.elasticsearch.xpack.core.slm.SnapshotLifecyclePolicyMetadata$$Lambda$5242/0x0000000801aecb58
12122:             1             16  org.elasticsearch.xpack.core.slm.SnapshotLifecyclePolicyMetadata$$Lambda$5243/0x0000000801aed040
12123:             1             16  org.elasticsearch.xpack.core.slm.SnapshotLifecyclePolicyMetadata$$Lambda$5244/0x0000000801aed260
12124:             1             16  org.elasticsearch.xpack.core.slm.SnapshotLifecyclePolicyMetadata$$Lambda$5252/0x0000000801aee630
12125:             1             16  org.elasticsearch.xpack.core.slm.SnapshotLifecyclePolicyMetadata$$Lambda$5253/0x0000000801aee850
12126:             1             16  org.elasticsearch.xpack.core.slm.SnapshotLifecycleStats$$Lambda$5232/0x0000000801aeafe8
12127:             1             16  org.elasticsearch.xpack.core.slm.SnapshotLifecycleStats$$Lambda$5254/0x0000000801aeea70
12128:             1             16  org.elasticsearch.xpack.core.slm.SnapshotLifecycleStats$$Lambda$5255/0x0000000801aeec90
12129:             1             16  org.elasticsearch.xpack.core.slm.SnapshotLifecycleStats$$Lambda$5256/0x0000000801aeeeb0
12130:             1             16  org.elasticsearch.xpack.core.slm.SnapshotLifecycleStats$$Lambda$5257/0x0000000801aef0f0
12131:             1             16  org.elasticsearch.xpack.core.slm.SnapshotLifecycleStats$$Lambda$5259/0x0000000801aef310
12132:             1             16  org.elasticsearch.xpack.core.slm.SnapshotLifecycleStats$$Lambda$5260/0x0000000801aef530
12133:             1             16  org.elasticsearch.xpack.core.slm.SnapshotLifecycleStats$$Lambda$5261/0x0000000801aef750
12134:             1             16  org.elasticsearch.xpack.core.slm.SnapshotLifecycleStats$SnapshotPolicyStats$$Lambda$5233/0x0000000801aeb4d8
12135:             1             16  org.elasticsearch.xpack.core.slm.SnapshotRetentionConfiguration$$Lambda$5249/0x0000000801aedfb0
12136:             1             16  org.elasticsearch.xpack.core.slm.SnapshotRetentionConfiguration$$Lambda$5250/0x0000000801aee1d0
12137:             1             16  org.elasticsearch.xpack.core.slm.SnapshotRetentionConfiguration$$Lambda$5251/0x0000000801aee410
12138:             1             16  org.elasticsearch.xpack.core.slm.action.DeleteSnapshotLifecycleAction$$Lambda$3627/0x00000008016cf940
12139:             1             16  org.elasticsearch.xpack.core.slm.action.ExecuteSnapshotLifecycleAction$$Lambda$3629/0x00000008016d04f0
12140:             1             16  org.elasticsearch.xpack.core.slm.action.ExecuteSnapshotRetentionAction$$Lambda$3631/0x00000008016d0bc0
12141:             1             16  org.elasticsearch.xpack.core.slm.action.GetSLMStatusAction$$Lambda$3634/0x00000008016d14b0
12142:             1             16  org.elasticsearch.xpack.core.slm.action.GetSnapshotLifecycleAction$$Lambda$3628/0x00000008016d0040
12143:             1             16  org.elasticsearch.xpack.core.slm.action.GetSnapshotLifecycleAction$Response$$Lambda$5213/0x0000000801ae8a40
12144:             1             16  org.elasticsearch.xpack.core.slm.action.GetSnapshotLifecycleStatsAction$$Lambda$3630/0x00000008016d09a0
12145:             1             16  org.elasticsearch.xpack.core.slm.action.PutSnapshotLifecycleAction$$Lambda$3626/0x00000008016cf490
12146:             1             16  org.elasticsearch.xpack.core.slm.action.StartSLMAction$$Lambda$3632/0x00000008016d0de0
12147:             1             16  org.elasticsearch.xpack.core.slm.action.StopSLMAction$$Lambda$3633/0x00000008016d1000
12148:             1             16  org.elasticsearch.xpack.core.ssl.CertificateTrustRestrictions
12149:             1             16  org.elasticsearch.xpack.core.ssl.CertificateTrustRestrictions$$Lambda$2834/0x0000000801312cb0
12150:             1             16  org.elasticsearch.xpack.core.ssl.KeyConfig$1
12151:             1             16  org.elasticsearch.xpack.core.ssl.PEMTrustConfig
12152:             1             16  org.elasticsearch.xpack.core.ssl.RestrictedTrustManager$$Lambda$4704/0x000000080191d008
12153:             1             16  org.elasticsearch.xpack.core.ssl.RestrictedTrustManager$$Lambda$4705/0x000000080191d258
12154:             1             16  org.elasticsearch.xpack.core.ssl.RestrictedTrustManager$$Lambda$4707/0x000000080191d6e0
12155:             1             16  org.elasticsearch.xpack.core.ssl.SSLConfigurationReloader$$Lambda$2814/0x00000008012efa80
12156:             1             16  org.elasticsearch.xpack.core.ssl.SSLConfigurationSettings$$Lambda$337/0x0000000800d4dfa8
12157:             1             16  org.elasticsearch.xpack.core.ssl.SSLConfigurationSettings$$Lambda$338/0x0000000800d4e1e8
12158:             1             16  org.elasticsearch.xpack.core.ssl.SSLConfigurationSettings$$Lambda$339/0x0000000800d4e428
12159:             1             16  org.elasticsearch.xpack.core.ssl.SSLConfigurationSettings$$Lambda$340/0x0000000800d4e668
12160:             1             16  org.elasticsearch.xpack.core.ssl.SSLConfigurationSettings$$Lambda$354/0x0000000800d60b80
12161:             1             16  org.elasticsearch.xpack.core.ssl.SSLConfigurationSettings$$Lambda$356/0x0000000800d61000
12162:             1             16  org.elasticsearch.xpack.core.ssl.SSLConfigurationSettings$$Lambda$357/0x0000000800d61240
12163:             1             16  org.elasticsearch.xpack.core.ssl.SSLConfigurationSettings$$Lambda$359/0x0000000800d616c0
12164:             1             16  org.elasticsearch.xpack.core.ssl.SSLConfigurationSettings$$Lambda$360/0x0000000800d61900
12165:             1             16  org.elasticsearch.xpack.core.ssl.SSLConfigurationSettings$$Lambda$361/0x0000000800d61b40
12166:             1             16  org.elasticsearch.xpack.core.ssl.SSLConfigurationSettings$$Lambda$362/0x0000000800d61d80
12167:             1             16  org.elasticsearch.xpack.core.ssl.SSLConfigurationSettings$$Lambda$363/0x0000000800d61fc0
12168:             1             16  org.elasticsearch.xpack.core.ssl.SSLConfigurationSettings$$Lambda$364/0x0000000800d62200
12169:             1             16  org.elasticsearch.xpack.core.ssl.SSLConfigurationSettings$$Lambda$367/0x0000000800d628c0
12170:             1             16  org.elasticsearch.xpack.core.ssl.SSLConfigurationSettings$$Lambda$368/0x0000000800d62b00
12171:             1             16  org.elasticsearch.xpack.core.ssl.SSLConfigurationSettings$$Lambda$369/0x0000000800d62d40
12172:             1             16  org.elasticsearch.xpack.core.ssl.SSLConfigurationSettings$$Lambda$370/0x0000000800d62f80
12173:             1             16  org.elasticsearch.xpack.core.ssl.SSLConfigurationSettings$$Lambda$371/0x0000000800d631c0
12174:             1             16  org.elasticsearch.xpack.core.ssl.SSLConfigurationSettings$$Lambda$372/0x0000000800d63400
12175:             1             16  org.elasticsearch.xpack.core.ssl.SSLConfigurationSettings$$Lambda$374/0x0000000800d63880
12176:             1             16  org.elasticsearch.xpack.core.ssl.SSLConfigurationSettings$$Lambda$375/0x0000000800d63ac0
12177:             1             16  org.elasticsearch.xpack.core.ssl.SSLConfigurationSettings$$Lambda$376/0x0000000800d63d00
12178:             1             16  org.elasticsearch.xpack.core.ssl.SSLConfigurationSettings$$Lambda$377/0x0000000800d63f40
12179:             1             16  org.elasticsearch.xpack.core.ssl.SSLConfigurationSettings$$Lambda$380/0x0000000800d64600
12180:             1             16  org.elasticsearch.xpack.core.ssl.SSLConfigurationSettings$$Lambda$381/0x0000000800d64840
12181:             1             16  org.elasticsearch.xpack.core.ssl.SSLConfigurationSettings$$Lambda$382/0x0000000800d64a80
12182:             1             16  org.elasticsearch.xpack.core.ssl.SSLConfigurationSettings$$Lambda$383/0x0000000800d64cc0
12183:             1             16  org.elasticsearch.xpack.core.ssl.SSLConfigurationSettings$$Lambda$384/0x0000000800d64f00
12184:             1             16  org.elasticsearch.xpack.core.ssl.SSLConfigurationSettings$$Lambda$385/0x0000000800d65140
12185:             1             16  org.elasticsearch.xpack.core.ssl.SSLConfigurationSettings$$Lambda$387/0x0000000800d655c0
12186:             1             16  org.elasticsearch.xpack.core.ssl.SSLConfigurationSettings$$Lambda$388/0x0000000800d65800
12187:             1             16  org.elasticsearch.xpack.core.ssl.SSLConfigurationSettings$$Lambda$391/0x0000000800d65ec0
12188:             1             16  org.elasticsearch.xpack.core.ssl.SSLConfigurationSettings$$Lambda$392/0x0000000800d66100
12189:             1             16  org.elasticsearch.xpack.core.ssl.SSLConfigurationSettings$$Lambda$393/0x0000000800d66340
12190:             1             16  org.elasticsearch.xpack.core.ssl.SSLConfigurationSettings$$Lambda$394/0x0000000800d66580
12191:             1             16  org.elasticsearch.xpack.core.ssl.SSLConfigurationSettings$$Lambda$395/0x0000000800d667c0
12192:             1             16  org.elasticsearch.xpack.core.ssl.SSLConfigurationSettings$$Lambda$396/0x0000000800d66a00
12193:             1             16  org.elasticsearch.xpack.core.ssl.SSLConfigurationSettings$$Lambda$397/0x0000000800d66c40
12194:             1             16  org.elasticsearch.xpack.core.ssl.SSLConfigurationSettings$$Lambda$398/0x0000000800d66e80
12195:             1             16  org.elasticsearch.xpack.core.ssl.SSLConfigurationSettings$$Lambda$399/0x0000000800d670c0
12196:             1             16  org.elasticsearch.xpack.core.ssl.SSLService$$Lambda$2809/0x00000008012eca40
12197:             1             16  org.elasticsearch.xpack.core.ssl.SSLService$$Lambda$3101/0x000000080156c8c0
12198:             1             16  org.elasticsearch.xpack.core.ssl.SSLService$$Lambda$3102/0x000000080156cae8
12199:             1             16  org.elasticsearch.xpack.core.ssl.TLSLicenseBootstrapCheck
12200:             1             16  org.elasticsearch.xpack.core.ssl.TrustAllConfig
12201:             1             16  org.elasticsearch.xpack.core.ssl.TrustAllConfig$1
12202:             1             16  org.elasticsearch.xpack.core.ssl.X509KeyPairSettings$$Lambda$341/0x0000000800d4ecc0
12203:             1             16  org.elasticsearch.xpack.core.ssl.X509KeyPairSettings$$Lambda$342/0x0000000800d4ef00
12204:             1             16  org.elasticsearch.xpack.core.ssl.X509KeyPairSettings$$Lambda$343/0x0000000800d4f140
12205:             1             16  org.elasticsearch.xpack.core.ssl.X509KeyPairSettings$$Lambda$344/0x0000000800d4f380
12206:             1             16  org.elasticsearch.xpack.core.ssl.X509KeyPairSettings$$Lambda$345/0x0000000800d4f5c0
12207:             1             16  org.elasticsearch.xpack.core.ssl.X509KeyPairSettings$$Lambda$346/0x0000000800d4f800
12208:             1             16  org.elasticsearch.xpack.core.ssl.X509KeyPairSettings$$Lambda$347/0x0000000800d4fa40
12209:             1             16  org.elasticsearch.xpack.core.ssl.X509KeyPairSettings$$Lambda$348/0x0000000800d4fc80
12210:             1             16  org.elasticsearch.xpack.core.ssl.X509KeyPairSettings$$Lambda$349/0x0000000800d60040
12211:             1             16  org.elasticsearch.xpack.core.ssl.X509KeyPairSettings$$Lambda$350/0x0000000800d60280
12212:             1             16  org.elasticsearch.xpack.core.ssl.X509KeyPairSettings$$Lambda$351/0x0000000800d604c0
12213:             1             16  org.elasticsearch.xpack.core.ssl.X509KeyPairSettings$$Lambda$352/0x0000000800d60700
12214:             1             16  org.elasticsearch.xpack.core.ssl.X509KeyPairSettings$$Lambda$353/0x0000000800d60940
12215:             1             16  org.elasticsearch.xpack.core.ssl.X509KeyPairSettings$$Lambda$355/0x0000000800d60dc0
12216:             1             16  org.elasticsearch.xpack.core.ssl.X509KeyPairSettings$$Lambda$358/0x0000000800d61480
12217:             1             16  org.elasticsearch.xpack.core.ssl.X509KeyPairSettings$$Lambda$365/0x0000000800d62440
12218:             1             16  org.elasticsearch.xpack.core.ssl.X509KeyPairSettings$$Lambda$366/0x0000000800d62680
12219:             1             16  org.elasticsearch.xpack.core.ssl.X509KeyPairSettings$$Lambda$373/0x0000000800d63640
12220:             1             16  org.elasticsearch.xpack.core.ssl.X509KeyPairSettings$$Lambda$378/0x0000000800d64180
12221:             1             16  org.elasticsearch.xpack.core.ssl.X509KeyPairSettings$$Lambda$379/0x0000000800d643c0
12222:             1             16  org.elasticsearch.xpack.core.ssl.X509KeyPairSettings$$Lambda$386/0x0000000800d65380
12223:             1             16  org.elasticsearch.xpack.core.ssl.X509KeyPairSettings$$Lambda$389/0x0000000800d65a40
12224:             1             16  org.elasticsearch.xpack.core.ssl.X509KeyPairSettings$$Lambda$390/0x0000000800d65c80
12225:             1             16  org.elasticsearch.xpack.core.ssl.X509KeyPairSettings$$Lambda$742/0x0000000800ef0fc0
12226:             1             16  org.elasticsearch.xpack.core.ssl.action.GetCertificateInfoAction$$Lambda$3585/0x00000008016bd110
12227:             1             16  org.elasticsearch.xpack.core.ssl.action.TransportGetCertificateInfoAction$$Lambda$4072/0x00000008017d1178
12228:             1             16  org.elasticsearch.xpack.core.transform.TransformFeatureSetUsage$$Lambda$5101/0x0000000801a21ef0
12229:             1             16  org.elasticsearch.xpack.core.transform.TransformFeatureSetUsage$$Lambda$5102/0x0000000801a22110
12230:             1             16  org.elasticsearch.xpack.core.transform.TransformNamedXContentProvider$$Lambda$2738/0x00000008012eb2c8
12231:             1             16  org.elasticsearch.xpack.core.transform.action.DeleteTransformAction$$Lambda$3539/0x00000008016aa838
12232:             1             16  org.elasticsearch.xpack.core.transform.action.GetTransformAction$$Lambda$3540/0x00000008016aad30
12233:             1             16  org.elasticsearch.xpack.core.transform.action.GetTransformStatsAction$$Lambda$3541/0x00000008016ab210
12234:             1             16  org.elasticsearch.xpack.core.transform.action.PreviewTransformAction$$Lambda$3542/0x00000008016ab6d0
12235:             1             16  org.elasticsearch.xpack.core.transform.action.PutTransformAction$$Lambda$3536/0x00000008016a9c68
12236:             1             16  org.elasticsearch.xpack.core.transform.action.StartTransformAction$$Lambda$3537/0x00000008016aa140
12237:             1             16  org.elasticsearch.xpack.core.transform.action.StopTransformAction$$Lambda$3538/0x00000008016aa618
12238:             1             16  org.elasticsearch.xpack.core.transform.action.UpdateTransformAction$$Lambda$3543/0x00000008016abba8
12239:             1             16  org.elasticsearch.xpack.core.transform.action.compat.DeleteTransformActionDeprecated$$Lambda$3547/0x00000008016ac428
12240:             1             16  org.elasticsearch.xpack.core.transform.action.compat.GetTransformActionDeprecated$$Lambda$3548/0x00000008016ac648
12241:             1             16  org.elasticsearch.xpack.core.transform.action.compat.GetTransformStatsActionDeprecated$$Lambda$3549/0x00000008016ac868
12242:             1             16  org.elasticsearch.xpack.core.transform.action.compat.PreviewTransformActionDeprecated$$Lambda$3550/0x00000008016aca88
12243:             1             16  org.elasticsearch.xpack.core.transform.action.compat.PutTransformActionDeprecated$$Lambda$3544/0x00000008016abdc8
12244:             1             16  org.elasticsearch.xpack.core.transform.action.compat.StartTransformActionDeprecated$$Lambda$3545/0x00000008016abfe8
12245:             1             16  org.elasticsearch.xpack.core.transform.action.compat.StopTransformActionDeprecated$$Lambda$3546/0x00000008016ac208
12246:             1             16  org.elasticsearch.xpack.core.transform.action.compat.UpdateTransformActionDeprecated$$Lambda$3551/0x00000008016acca8
12247:             1             16  org.elasticsearch.xpack.core.transform.transforms.DestConfig$$Lambda$4554/0x00000008018b0040
12248:             1             16  org.elasticsearch.xpack.core.transform.transforms.NodeAttributes$$Lambda$4563/0x00000008018b2328
12249:             1             16  org.elasticsearch.xpack.core.transform.transforms.NodeAttributes$$Lambda$4564/0x00000008018b2568
12250:             1             16  org.elasticsearch.xpack.core.transform.transforms.SourceConfig$$Lambda$4552/0x00000008018a74b0
12251:             1             16  org.elasticsearch.xpack.core.transform.transforms.TransformCheckpoint$$Lambda$4568/0x00000008018b30c0
12252:             1             16  org.elasticsearch.xpack.core.transform.transforms.TransformCheckpoint$$Lambda$4569/0x00000008018b3300
12253:             1             16  org.elasticsearch.xpack.core.transform.transforms.TransformIndexerStats$$Lambda$3836/0x00000008017ad540
12254:             1             16  org.elasticsearch.xpack.core.transform.transforms.TransformProgress$$Lambda$4561/0x00000008018b1c18
12255:             1             16  org.elasticsearch.xpack.core.transform.transforms.TransformState$$Lambda$4556/0x00000008018b0758
12256:             1             16  org.elasticsearch.xpack.core.transform.transforms.TransformState$$Lambda$4557/0x00000008018b0bf8
12257:             1             16  org.elasticsearch.xpack.core.transform.transforms.TransformState$$Lambda$4558/0x00000008018b1078
12258:             1             16  org.elasticsearch.xpack.core.transform.transforms.TransformState$$Lambda$4559/0x00000008018b1298
12259:             1             16  org.elasticsearch.xpack.core.transform.transforms.TransformState$$Lambda$4560/0x00000008018b1748
12260:             1             16  org.elasticsearch.xpack.core.transform.transforms.TransformState$$Lambda$4562/0x00000008018b1e58
12261:             1             16  org.elasticsearch.xpack.core.transform.transforms.TransformState$$Lambda$4565/0x00000008018b2788
12262:             1             16  org.elasticsearch.xpack.core.transform.transforms.TransformStoredDoc$$Lambda$4555/0x00000008018b0518
12263:             1             16  org.elasticsearch.xpack.core.transform.transforms.TransformStoredDoc$$Lambda$4566/0x00000008018b29b0
12264:             1             16  org.elasticsearch.xpack.core.transform.transforms.TransformStoredDoc$$Lambda$4567/0x00000008018b2bd8
12265:             1             16  org.elasticsearch.xpack.core.watcher.condition.AlwaysCondition
12266:             1             16  org.elasticsearch.xpack.core.watcher.crypto.CryptoService$$Lambda$832/0x0000000800f03568
12267:             1             16  org.elasticsearch.xpack.core.watcher.crypto.CryptoService$$Lambda$833/0x0000000800f037a8
12268:             1             16  org.elasticsearch.xpack.core.watcher.crypto.CryptoService$$Lambda$834/0x0000000800f039e8
12269:             1             16  org.elasticsearch.xpack.core.watcher.input.none.NoneInput
12270:             1             16  org.elasticsearch.xpack.core.watcher.transform.TransformRegistry
12271:             1             16  org.elasticsearch.xpack.core.watcher.transport.actions.ack.AckWatchAction$$Lambda$3612/0x00000008016cbab0
12272:             1             16  org.elasticsearch.xpack.core.watcher.transport.actions.activate.ActivateWatchAction$$Lambda$3613/0x00000008016cbf18
12273:             1             16  org.elasticsearch.xpack.core.watcher.transport.actions.delete.DeleteWatchAction$$Lambda$3609/0x00000008016cac60
12274:             1             16  org.elasticsearch.xpack.core.watcher.transport.actions.execute.ExecuteWatchAction$$Lambda$3615/0x00000008016cc5f8
12275:             1             16  org.elasticsearch.xpack.core.watcher.transport.actions.get.GetWatchAction$$Lambda$3610/0x00000008016cb150
12276:             1             16  org.elasticsearch.xpack.core.watcher.transport.actions.put.PutWatchAction$$Lambda$3608/0x00000008016ca790
12277:             1             16  org.elasticsearch.xpack.core.watcher.transport.actions.service.WatcherServiceAction$$Lambda$3614/0x00000008016cc138
12278:             1             16  org.elasticsearch.xpack.core.watcher.transport.actions.stats.WatcherStatsAction$$Lambda$3611/0x00000008016cb648
12279:             1             16  org.elasticsearch.xpack.datastreams.DataStreamFeatureSet
12280:             1             16  org.elasticsearch.xpack.datastreams.DataStreamsPlugin
12281:             1             16  org.elasticsearch.xpack.datastreams.DataStreamsPlugin$$Lambda$1383/0x0000000800dc9be0
12282:             1             16  org.elasticsearch.xpack.datastreams.action.CreateDataStreamTransportAction$$Lambda$4083/0x00000008016d8990
12283:             1             16  org.elasticsearch.xpack.datastreams.action.DataStreamsStatsTransportAction$$Lambda$4009/0x00000008016d8770
12284:             1             16  org.elasticsearch.xpack.datastreams.action.DeleteDataStreamTransportAction$$Lambda$3953/0x00000008016d8550
12285:             1             16  org.elasticsearch.xpack.datastreams.action.GetDataStreamsTransportAction$$Lambda$4201/0x00000008016d8bb0
12286:             1             16  org.elasticsearch.xpack.datastreams.mapper.DataStreamTimestampFieldMapper$$Lambda$1602/0x000000080112ab70
12287:             1             16  org.elasticsearch.xpack.datastreams.mapper.DataStreamTimestampFieldMapper$$Lambda$1603/0x000000080112adb0
12288:             1             16  org.elasticsearch.xpack.datastreams.mapper.DataStreamTimestampFieldMapper$Builder$$Lambda$5477/0x00000008016d9890
12289:             1             16  org.elasticsearch.xpack.deprecation.Deprecation
12290:             1             16  org.elasticsearch.xpack.deprecation.TransportDeprecationInfoAction$$Lambda$4073/0x0000000801722840
12291:             1             16  org.elasticsearch.xpack.deprecation.TransportNodeDeprecationCheckAction$$Lambda$3991/0x000000080163aac0
12292:             1             16  org.elasticsearch.xpack.deprecation.TransportNodeDeprecationCheckAction$$Lambda$3992/0x000000080163ace0
12293:             1             16  org.elasticsearch.xpack.enrich.EnrichPlugin$$Lambda$1371/0x0000000800dad4d0
12294:             1             16  org.elasticsearch.xpack.enrich.EnrichPlugin$$Lambda$2598/0x00000008012b7be0
12295:             1             16  org.elasticsearch.xpack.enrich.EnrichPlugin$$Lambda$2599/0x00000008012c0040
12296:             1             16  org.elasticsearch.xpack.enrich.EnrichPlugin$$Lambda$2737/0x00000008012c0260
12297:             1             16  org.elasticsearch.xpack.enrich.EnrichPlugin$$Lambda$425/0x0000000800dacc90
12298:             1             16  org.elasticsearch.xpack.enrich.EnrichPlugin$$Lambda$426/0x0000000800dad040
12299:             1             16  org.elasticsearch.xpack.enrich.action.EnrichCoordinatorProxyAction$$Lambda$3531/0x00000008012c1f18
12300:             1             16  org.elasticsearch.xpack.enrich.action.EnrichCoordinatorProxyAction$Coordinator$$Lambda$2941/0x00000008012c10a8
12301:             1             16  org.elasticsearch.xpack.enrich.action.EnrichCoordinatorProxyAction$TransportAction$$Lambda$4305/0x00000008012c5498
12302:             1             16  org.elasticsearch.xpack.enrich.action.EnrichCoordinatorStatsAction$$Lambda$3533/0x00000008012c2a70
12303:             1             16  org.elasticsearch.xpack.enrich.action.EnrichCoordinatorStatsAction$TransportAction$$Lambda$4141/0x00000008012c45a8
12304:             1             16  org.elasticsearch.xpack.enrich.action.EnrichCoordinatorStatsAction$TransportAction$$Lambda$4142/0x00000008012c47c8
12305:             1             16  org.elasticsearch.xpack.enrich.action.EnrichCoordinatorStatsAction$TransportAction$$Lambda$4143/0x00000008012c49e8
12306:             1             16  org.elasticsearch.xpack.enrich.action.EnrichCoordinatorStatsAction$TransportAction$$Lambda$4144/0x00000008012c4c08
12307:             1             16  org.elasticsearch.xpack.enrich.action.EnrichCoordinatorStatsAction$TransportAction$$Lambda$4145/0x00000008012c4e30
12308:             1             16  org.elasticsearch.xpack.enrich.action.EnrichCoordinatorStatsAction$TransportAction$$Lambda$4146/0x00000008012c5050
12309:             1             16  org.elasticsearch.xpack.enrich.action.EnrichShardMultiSearchAction$$Lambda$3532/0x00000008012c2358
12310:             1             16  org.elasticsearch.xpack.enrich.action.EnrichShardMultiSearchAction$TransportAction$$Lambda$4229/0x00000008012c5278
12311:             1             16  org.elasticsearch.xpack.enrich.action.TransportDeleteEnrichPolicyAction$$Lambda$3987/0x00000008012c38e0
12312:             1             16  org.elasticsearch.xpack.enrich.action.TransportEnrichStatsAction$$Lambda$4138/0x00000008012c3f40
12313:             1             16  org.elasticsearch.xpack.enrich.action.TransportEnrichStatsAction$$Lambda$4139/0x00000008012c4160
12314:             1             16  org.elasticsearch.xpack.enrich.action.TransportEnrichStatsAction$$Lambda$4140/0x00000008012c4380
12315:             1             16  org.elasticsearch.xpack.enrich.action.TransportExecuteEnrichPolicyAction$$Lambda$4344/0x00000008012c56b8
12316:             1             16  org.elasticsearch.xpack.enrich.action.TransportExecuteEnrichPolicyAction$$Lambda$4345/0x00000008012c5b10
12317:             1             16  org.elasticsearch.xpack.enrich.action.TransportGetEnrichPolicyAction$$Lambda$4133/0x00000008012c3d20
12318:             1             16  org.elasticsearch.xpack.enrich.action.TransportPutEnrichPolicyAction$$Lambda$4079/0x00000008012c3b00
12319:             1             16  org.elasticsearch.xpack.eql.action.EqlSearchAction$$Lambda$3645/0x0000000801651280
12320:             1             16  org.elasticsearch.xpack.eql.analysis.PostAnalyzer
12321:             1             16  org.elasticsearch.xpack.eql.analysis.PreAnalyzer
12322:             1             16  org.elasticsearch.xpack.eql.analysis.Verifier
12323:             1             16  org.elasticsearch.xpack.eql.async.AsyncTaskManagementService$$Lambda$4177/0x0000000801654e18
12324:             1             16  org.elasticsearch.xpack.eql.expression.function.EqlFunctionRegistry$$Lambda$3312/0x0000000801640040
12325:             1             16  org.elasticsearch.xpack.eql.expression.function.EqlFunctionRegistry$$Lambda$3313/0x00000008016409e0
12326:             1             16  org.elasticsearch.xpack.eql.expression.function.EqlFunctionRegistry$$Lambda$3315/0x0000000801641360
12327:             1             16  org.elasticsearch.xpack.eql.expression.function.EqlFunctionRegistry$$Lambda$3316/0x0000000801641d28
12328:             1             16  org.elasticsearch.xpack.eql.expression.function.EqlFunctionRegistry$$Lambda$3317/0x00000008016426e8
12329:             1             16  org.elasticsearch.xpack.eql.expression.function.EqlFunctionRegistry$$Lambda$3319/0x0000000801643070
12330:             1             16  org.elasticsearch.xpack.eql.expression.function.EqlFunctionRegistry$$Lambda$3320/0x00000008016436a8
12331:             1             16  org.elasticsearch.xpack.eql.expression.function.EqlFunctionRegistry$$Lambda$3321/0x0000000801644030
12332:             1             16  org.elasticsearch.xpack.eql.expression.function.EqlFunctionRegistry$$Lambda$3322/0x0000000801644c90
12333:             1             16  org.elasticsearch.xpack.eql.expression.function.EqlFunctionRegistry$$Lambda$3323/0x0000000801645630
12334:             1             16  org.elasticsearch.xpack.eql.expression.function.EqlFunctionRegistry$$Lambda$3324/0x0000000801645c58
12335:             1             16  org.elasticsearch.xpack.eql.expression.function.EqlFunctionRegistry$$Lambda$3325/0x0000000801645e78
12336:             1             16  org.elasticsearch.xpack.eql.expression.function.EqlFunctionRegistry$$Lambda$3326/0x0000000801646098
12337:             1             16  org.elasticsearch.xpack.eql.expression.function.EqlFunctionRegistry$$Lambda$3327/0x00000008016462b8
12338:             1             16  org.elasticsearch.xpack.eql.expression.function.EqlFunctionRegistry$$Lambda$3328/0x00000008016464d8
12339:             1             16  org.elasticsearch.xpack.eql.expression.function.EqlFunctionRegistry$$Lambda$3329/0x0000000801646e68
12340:             1             16  org.elasticsearch.xpack.eql.expression.function.EqlFunctionRegistry$$Lambda$3330/0x0000000801647088
12341:             1             16  org.elasticsearch.xpack.eql.plugin.EqlAsyncGetResultAction$$Lambda$3647/0x0000000801652098
12342:             1             16  org.elasticsearch.xpack.eql.plugin.EqlPlugin
12343:             1             16  org.elasticsearch.xpack.eql.plugin.EqlPlugin$$Lambda$1385/0x00000008010ba840
12344:             1             16  org.elasticsearch.xpack.eql.plugin.EqlStatsAction$$Lambda$3646/0x0000000801651bf8
12345:             1             16  org.elasticsearch.xpack.eql.plugin.TransportEqlAsyncGetResultAction$$Lambda$4091/0x0000000801654098
12346:             1             16  org.elasticsearch.xpack.eql.plugin.TransportEqlAsyncGetResultAction$$Lambda$4092/0x0000000801654598
12347:             1             16  org.elasticsearch.xpack.eql.plugin.TransportEqlAsyncGetResultAction$$Lambda$4093/0x00000008016547b8
12348:             1             16  org.elasticsearch.xpack.eql.plugin.TransportEqlSearchAction$$Lambda$4176/0x00000008016549e0
12349:             1             16  org.elasticsearch.xpack.eql.plugin.TransportEqlStatsAction$$Lambda$3970/0x0000000801653c58
12350:             1             16  org.elasticsearch.xpack.eql.plugin.TransportEqlStatsAction$$Lambda$3971/0x0000000801653e78
12351:             1             16  org.elasticsearch.xpack.flattened.FlattenedMapperPlugin
12352:             1             16  org.elasticsearch.xpack.flattened.FlattenedMapperPlugin$$Lambda$1375/0x0000000800db7be0
12353:             1             16  org.elasticsearch.xpack.flattened.mapper.FlatObjectFieldMapper$TypeParser
12354:             1             16  org.elasticsearch.xpack.frozen.FrozenIndices
12355:             1             16  org.elasticsearch.xpack.frozen.FrozenIndices$$Lambda$1367/0x0000000800e72598
12356:             1             16  org.elasticsearch.xpack.frozen.FrozenIndicesFeatureSet
12357:             1             16  org.elasticsearch.xpack.frozen.action.TransportFreezeIndexAction$$Lambda$4232/0x000000080163f508
12358:             1             16  org.elasticsearch.xpack.graph.Graph
12359:             1             16  org.elasticsearch.xpack.graph.Graph$$Lambda$1370/0x0000000800dab3a0
12360:             1             16  org.elasticsearch.xpack.graph.action.TransportGraphExploreAction$$Lambda$3986/0x0000000801726ab0
12361:             1             16  org.elasticsearch.xpack.idp.saml.idp.SamlIdentityProviderBuilder$$Lambda$647/0x0000000800e71ab8
12362:             1             16  org.elasticsearch.xpack.idp.saml.idp.SamlIdentityProviderBuilder$$Lambda$648/0x0000000800e71cf8
12363:             1             16  org.elasticsearch.xpack.idp.saml.idp.SamlIdentityProviderBuilder$$Lambda$649/0x0000000800e71040
12364:             1             16  org.elasticsearch.xpack.idp.saml.idp.SamlIdentityProviderBuilder$$Lambda$650/0x0000000800e71280
12365:             1             16  org.elasticsearch.xpack.idp.saml.idp.SamlIdentityProviderBuilder$$Lambda$651/0x0000000800e714c0
12366:             1             16  org.elasticsearch.xpack.idp.saml.idp.SamlIdentityProviderBuilder$$Lambda$652/0x0000000800ec8040
12367:             1             16  org.elasticsearch.xpack.ilm.IndexLifecycle$$Lambda$1380/0x0000000800dc8bb0
12368:             1             16  org.elasticsearch.xpack.ilm.IndexLifecycle$$Lambda$1381/0x0000000800dc8dd0
12369:             1             16  org.elasticsearch.xpack.ilm.IndexLifecycle$$Lambda$2749/0x00000008012b5840
12370:             1             16  org.elasticsearch.xpack.ilm.IndexLifecycle$$Lambda$2750/0x00000008012b5a60
12371:             1             16  org.elasticsearch.xpack.ilm.IndexLifecycle$$Lambda$2751/0x00000008012b5c80
12372:             1             16  org.elasticsearch.xpack.ilm.IndexLifecycle$$Lambda$2752/0x00000008012b5040
12373:             1             16  org.elasticsearch.xpack.ilm.IndexLifecycle$$Lambda$2753/0x00000008012b5260
12374:             1             16  org.elasticsearch.xpack.ilm.IndexLifecycle$$Lambda$2754/0x00000008012b5480
12375:             1             16  org.elasticsearch.xpack.ilm.IndexLifecycle$$Lambda$2755/0x00000008012b4840
12376:             1             16  org.elasticsearch.xpack.ilm.IndexLifecycle$$Lambda$2756/0x00000008012b4a60
12377:             1             16  org.elasticsearch.xpack.ilm.IndexLifecycle$$Lambda$2757/0x00000008012b4c80
12378:             1             16  org.elasticsearch.xpack.ilm.IndexLifecycle$$Lambda$2758/0x00000008012f0040
12379:             1             16  org.elasticsearch.xpack.ilm.IndexLifecycle$$Lambda$2759/0x00000008012f0260
12380:             1             16  org.elasticsearch.xpack.ilm.IndexLifecycle$$Lambda$2760/0x00000008012f0480
12381:             1             16  org.elasticsearch.xpack.ilm.IndexLifecycle$$Lambda$2761/0x00000008012f06a0
12382:             1             16  org.elasticsearch.xpack.ilm.IndexLifecycle$$Lambda$2762/0x00000008012f08c0
12383:             1             16  org.elasticsearch.xpack.ilm.IndexLifecycle$$Lambda$2763/0x00000008012f0ae0
12384:             1             16  org.elasticsearch.xpack.ilm.IndexLifecycle$$Lambda$3171/0x00000008012f1a68
12385:             1             16  org.elasticsearch.xpack.ilm.IndexLifecycle$$Lambda$3175/0x00000008012f3198
12386:             1             16  org.elasticsearch.xpack.ilm.IndexLifecycleService$$Lambda$3172/0x00000008012f2128
12387:             1             16  org.elasticsearch.xpack.ilm.action.TransportDeleteLifecycleAction$$Lambda$4295/0x00000008017e0d00
12388:             1             16  org.elasticsearch.xpack.ilm.action.TransportExplainLifecycleAction$$Lambda$4068/0x00000008012f73c8
12389:             1             16  org.elasticsearch.xpack.ilm.action.TransportGetLifecycleAction$$Lambda$4225/0x00000008017e06a0
12390:             1             16  org.elasticsearch.xpack.ilm.action.TransportGetStatusAction$$Lambda$4211/0x00000008017e0480
12391:             1             16  org.elasticsearch.xpack.ilm.action.TransportMoveToStepAction$$Lambda$3983/0x00000008012f6f88
12392:             1             16  org.elasticsearch.xpack.ilm.action.TransportPutLifecycleAction$$Lambda$4056/0x00000008012f71a8
12393:             1             16  org.elasticsearch.xpack.ilm.action.TransportRemoveIndexLifecyclePolicyAction$$Lambda$4281/0x00000008017e0ae0
12394:             1             16  org.elasticsearch.xpack.ilm.action.TransportRetryAction$$Lambda$4327/0x00000008017e1140
12395:             1             16  org.elasticsearch.xpack.ilm.action.TransportStartILMAction$$Lambda$4323/0x00000008017e0f20
12396:             1             16  org.elasticsearch.xpack.ilm.action.TransportStopILMAction$$Lambda$4187/0x00000008017e0260
12397:             1             16  org.elasticsearch.xpack.ilm.history.ILMHistoryStore$$Lambda$3170/0x00000008012f11c0
12398:             1             16  org.elasticsearch.xpack.logstash.Logstash
12399:             1             16  org.elasticsearch.xpack.logstash.Logstash$$Lambda$1368/0x0000000800da8490
12400:             1             16  org.elasticsearch.xpack.logstash.Logstash$$Lambda$3677/0x00000008016b06c8
12401:             1             16  org.elasticsearch.xpack.logstash.LogstashFeatureSet
12402:             1             16  org.elasticsearch.xpack.logstash.action.DeletePipelineAction$$Lambda$3524/0x00000008016b0288
12403:             1             16  org.elasticsearch.xpack.logstash.action.GetPipelineAction$$Lambda$3523/0x000000080163e2d8
12404:             1             16  org.elasticsearch.xpack.logstash.action.PutPipelineAction$$Lambda$3522/0x000000080163ea88
12405:             1             16  org.elasticsearch.xpack.logstash.action.TransportDeletePipelineAction$$Lambda$3976/0x00000008016b15e8
12406:             1             16  org.elasticsearch.xpack.logstash.action.TransportGetPipelineAction$$Lambda$3969/0x00000008016b13c8
12407:             1             16  org.elasticsearch.xpack.logstash.action.TransportPutPipelineAction$$Lambda$4031/0x00000008016b1808
12408:             1             16  org.elasticsearch.xpack.ml.MachineLearning$$Lambda$1053/0x0000000800d91708
12409:             1             16  org.elasticsearch.xpack.ml.MachineLearning$$Lambda$1366/0x0000000800d92490
12410:             1             16  org.elasticsearch.xpack.ml.MachineLearning$$Lambda$2310/0x0000000800d926b0
12411:             1             16  org.elasticsearch.xpack.ml.MachineLearning$$Lambda$2311/0x0000000800d928d8
12412:             1             16  org.elasticsearch.xpack.ml.MachineLearning$$Lambda$2312/0x0000000800d92e48
12413:             1             16  org.elasticsearch.xpack.ml.MachineLearning$$Lambda$2880/0x000000080135e270
12414:             1             16  org.elasticsearch.xpack.ml.MachineLearning$$Lambda$2881/0x000000080135e6d8
12415:             1             16  org.elasticsearch.xpack.ml.MachineLearning$$Lambda$419/0x0000000800d7e5b8
12416:             1             16  org.elasticsearch.xpack.ml.MachineLearning$$Lambda$420/0x0000000800d90040
12417:             1             16  org.elasticsearch.xpack.ml.MlDailyMaintenanceService$$Lambda$2940/0x0000000801379ba8
12418:             1             16  org.elasticsearch.xpack.ml.MlInitializationService$1$$Lambda$4623/0x000000080182e300
12419:             1             16  org.elasticsearch.xpack.ml.MlLifeCycleService$1
12420:             1             16  org.elasticsearch.xpack.ml.MlUpgradeModeActionFilter
12421:             1             16  org.elasticsearch.xpack.ml.MlUpgradeModeActionFilter$$Lambda$2852/0x0000000800d95618
12422:             1             16  org.elasticsearch.xpack.ml.action.TransportCloseJobAction$$Lambda$3959/0x00000008017c9140
12423:             1             16  org.elasticsearch.xpack.ml.action.TransportCloseJobAction$$Lambda$3960/0x00000008017c9360
12424:             1             16  org.elasticsearch.xpack.ml.action.TransportCloseJobAction$$Lambda$3961/0x00000008017c9580
12425:             1             16  org.elasticsearch.xpack.ml.action.TransportDeleteCalendarAction$$Lambda$3984/0x00000008017c9be0
12426:             1             16  org.elasticsearch.xpack.ml.action.TransportDeleteCalendarEventAction$$Lambda$4286/0x0000000801801360
12427:             1             16  org.elasticsearch.xpack.ml.action.TransportDeleteDataFrameAnalyticsAction$$Lambda$4082/0x00000008017cb9a0
12428:             1             16  org.elasticsearch.xpack.ml.action.TransportDeleteDatafeedAction$$Lambda$3932/0x000000080169fa70
12429:             1             16  org.elasticsearch.xpack.ml.action.TransportDeleteExpiredDataAction$$Lambda$4261/0x0000000801800480
12430:             1             16  org.elasticsearch.xpack.ml.action.TransportDeleteFilterAction$$Lambda$3943/0x00000008017c88c0
12431:             1             16  org.elasticsearch.xpack.ml.action.TransportDeleteForecastAction$$Lambda$4012/0x00000008017cace0
12432:             1             16  org.elasticsearch.xpack.ml.action.TransportDeleteJobAction$$Lambda$4159/0x00000008017cddc0
12433:             1             16  org.elasticsearch.xpack.ml.action.TransportDeleteModelSnapshotAction$$Lambda$4335/0x0000000801802460
12434:             1             16  org.elasticsearch.xpack.ml.action.TransportDeleteTrainedModelAction$$Lambda$4156/0x00000008017cd980
12435:             1             16  org.elasticsearch.xpack.ml.action.TransportEstimateModelMemoryAction$$Lambda$4198/0x00000008017cf110
12436:             1             16  org.elasticsearch.xpack.ml.action.TransportEvaluateDataFrameAction$$Lambda$4162/0x00000008017cdfe0
12437:             1             16  org.elasticsearch.xpack.ml.action.TransportEvaluateDataFrameAction$$Lambda$4163/0x00000008017ce200
12438:             1             16  org.elasticsearch.xpack.ml.action.TransportExplainDataFrameAnalyticsAction$$Lambda$4241/0x00000008017cfdd0
12439:             1             16  org.elasticsearch.xpack.ml.action.TransportFinalizeJobExecutionAction$$Lambda$4274/0x0000000801800d00
12440:             1             16  org.elasticsearch.xpack.ml.action.TransportFindFileStructureAction$$Lambda$4102/0x00000008017cc000
12441:             1             16  org.elasticsearch.xpack.ml.action.TransportFlushJobAction$$Lambda$4185/0x00000008017ceab0
12442:             1             16  org.elasticsearch.xpack.ml.action.TransportFlushJobAction$$Lambda$4186/0x00000008017cecd0
12443:             1             16  org.elasticsearch.xpack.ml.action.TransportForecastJobAction$$Lambda$4265/0x00000008018008c0
12444:             1             16  org.elasticsearch.xpack.ml.action.TransportForecastJobAction$$Lambda$4266/0x0000000801800ae0
12445:             1             16  org.elasticsearch.xpack.ml.action.TransportGetBucketsAction$$Lambda$4011/0x00000008017caac0
12446:             1             16  org.elasticsearch.xpack.ml.action.TransportGetCalendarEventsAction$$Lambda$4099/0x00000008017cbde0
12447:             1             16  org.elasticsearch.xpack.ml.action.TransportGetCalendarsAction$$Lambda$4319/0x0000000801802020
12448:             1             16  org.elasticsearch.xpack.ml.action.TransportGetCategoriesAction$$Lambda$4113/0x00000008017ccaa0
12449:             1             16  org.elasticsearch.xpack.ml.action.TransportGetDataFrameAnalyticsAction$$Lambda$4203/0x00000008017cf330
12450:             1             16  org.elasticsearch.xpack.ml.action.TransportGetDataFrameAnalyticsStatsAction$$Lambda$4006/0x00000008017ca460
12451:             1             16  org.elasticsearch.xpack.ml.action.TransportGetDataFrameAnalyticsStatsAction$$Lambda$4007/0x00000008017ca680
12452:             1             16  org.elasticsearch.xpack.ml.action.TransportGetDataFrameAnalyticsStatsAction$$Lambda$4008/0x00000008017ca8a0
12453:             1             16  org.elasticsearch.xpack.ml.action.TransportGetDatafeedsAction$$Lambda$3955/0x00000008017c8d00
12454:             1             16  org.elasticsearch.xpack.ml.action.TransportGetDatafeedsAction$$Lambda$6526/0x0000000801cf1408
12455:             1             16  org.elasticsearch.xpack.ml.action.TransportGetDatafeedsStatsAction$$Lambda$4277/0x0000000801801140
12456:             1             16  org.elasticsearch.xpack.ml.action.TransportGetFiltersAction$$Lambda$4071/0x00000008017cb560
12457:             1             16  org.elasticsearch.xpack.ml.action.TransportGetInfluencersAction$$Lambda$3968/0x00000008017c97a0
12458:             1             16  org.elasticsearch.xpack.ml.action.TransportGetJobsAction$$Lambda$4297/0x0000000801801580
12459:             1             16  org.elasticsearch.xpack.ml.action.TransportGetJobsStatsAction$$Lambda$3939/0x00000008017c8260
12460:             1             16  org.elasticsearch.xpack.ml.action.TransportGetJobsStatsAction$$Lambda$3940/0x00000008017c8480
12461:             1             16  org.elasticsearch.xpack.ml.action.TransportGetJobsStatsAction$$Lambda$3941/0x00000008017c86a0
12462:             1             16  org.elasticsearch.xpack.ml.action.TransportGetJobsStatsAction$$Lambda$6551/0x0000000801cf3950
12463:             1             16  org.elasticsearch.xpack.ml.action.TransportGetJobsStatsAction$$Lambda$6552/0x0000000801cf3b90
12464:             1             16  org.elasticsearch.xpack.ml.action.TransportGetModelSnapshotsAction$$Lambda$4184/0x00000008017ce890
12465:             1             16  org.elasticsearch.xpack.ml.action.TransportGetOverallBucketsAction$$Lambda$4309/0x0000000801801be0
12466:             1             16  org.elasticsearch.xpack.ml.action.TransportGetRecordsAction$$Lambda$4153/0x00000008017cd760
12467:             1             16  org.elasticsearch.xpack.ml.action.TransportGetTrainedModelsAction$$Lambda$3947/0x00000008017c8ae0
12468:             1             16  org.elasticsearch.xpack.ml.action.TransportGetTrainedModelsStatsAction$$Lambda$4090/0x00000008017cbbc0
12469:             1             16  org.elasticsearch.xpack.ml.action.TransportInternalInferModelAction$$Lambda$4312/0x0000000801801e00
12470:             1             16  org.elasticsearch.xpack.ml.action.TransportIsolateDatafeedAction$$Lambda$4206/0x00000008017cf550
12471:             1             16  org.elasticsearch.xpack.ml.action.TransportIsolateDatafeedAction$$Lambda$4207/0x00000008017cf770
12472:             1             16  org.elasticsearch.xpack.ml.action.TransportIsolateDatafeedAction$$Lambda$4208/0x00000008017cf990
12473:             1             16  org.elasticsearch.xpack.ml.action.TransportKillProcessAction$$Lambda$4119/0x00000008017ccee0
12474:             1             16  org.elasticsearch.xpack.ml.action.TransportKillProcessAction$$Lambda$4120/0x00000008017cd100
12475:             1             16  org.elasticsearch.xpack.ml.action.TransportMlInfoAction$$Lambda$3937/0x00000008017c8040
12476:             1             16  org.elasticsearch.xpack.ml.action.TransportOpenJobAction$$Lambda$4158/0x00000008017cdba0
12477:             1             16  org.elasticsearch.xpack.ml.action.TransportOpenJobAction$OpenJobPersistentTasksExecutor$$Lambda$3810/0x000000080169bc58
12478:             1             16  org.elasticsearch.xpack.ml.action.TransportOpenJobAction$OpenJobPersistentTasksExecutor$$Lambda$3811/0x000000080169be90
12479:             1             16  org.elasticsearch.xpack.ml.action.TransportOpenJobAction$OpenJobPersistentTasksExecutor$$Lambda$3812/0x000000080169c0c8
12480:             1             16  org.elasticsearch.xpack.ml.action.TransportOpenJobAction$OpenJobPersistentTasksExecutor$$Lambda$3813/0x000000080169c300
12481:             1             16  org.elasticsearch.xpack.ml.action.TransportOpenJobAction$OpenJobPersistentTasksExecutor$$Lambda$3814/0x000000080169c538
12482:             1             16  org.elasticsearch.xpack.ml.action.TransportPersistJobAction$$Lambda$4336/0x0000000801802680
12483:             1             16  org.elasticsearch.xpack.ml.action.TransportPersistJobAction$$Lambda$4337/0x00000008018028a0
12484:             1             16  org.elasticsearch.xpack.ml.action.TransportPostCalendarEventsAction$$Lambda$4077/0x00000008017cb780
12485:             1             16  org.elasticsearch.xpack.ml.action.TransportPostDataAction$$Lambda$4105/0x00000008017cc220
12486:             1             16  org.elasticsearch.xpack.ml.action.TransportPostDataAction$$Lambda$4106/0x00000008017cc440
12487:             1             16  org.elasticsearch.xpack.ml.action.TransportPreviewDatafeedAction$$Lambda$4219/0x00000008017cfbb0
12488:             1             16  org.elasticsearch.xpack.ml.action.TransportPutCalendarAction$$Lambda$4151/0x00000008017cd540
12489:             1             16  org.elasticsearch.xpack.ml.action.TransportPutDataFrameAnalyticsAction$$Lambda$4166/0x00000008017ce438
12490:             1             16  org.elasticsearch.xpack.ml.action.TransportPutDataFrameAnalyticsAction$$Lambda$4167/0x00000008017ce658
12491:             1             16  org.elasticsearch.xpack.ml.action.TransportPutDatafeedAction$$Lambda$4339/0x0000000801802ac0
12492:             1             16  org.elasticsearch.xpack.ml.action.TransportPutFilterAction$$Lambda$4124/0x00000008017cd320
12493:             1             16  org.elasticsearch.xpack.ml.action.TransportPutJobAction$$Lambda$3979/0x00000008017c99c0
12494:             1             16  org.elasticsearch.xpack.ml.action.TransportPutTrainedModelAction$$Lambda$4346/0x0000000801802f00
12495:             1             16  org.elasticsearch.xpack.ml.action.TransportRevertModelSnapshotAction$$Lambda$4343/0x0000000801802ce0
12496:             1             16  org.elasticsearch.xpack.ml.action.TransportSetUpgradeModeAction$$Lambda$4114/0x00000008017cccc0
12497:             1             16  org.elasticsearch.xpack.ml.action.TransportStartDataFrameAnalyticsAction$$Lambda$3936/0x000000080169fc90
12498:             1             16  org.elasticsearch.xpack.ml.action.TransportStartDataFrameAnalyticsAction$TaskExecutor$$Lambda$3815/0x000000080169d290
12499:             1             16  org.elasticsearch.xpack.ml.action.TransportStartDataFrameAnalyticsAction$TaskExecutor$$Lambda$3816/0x000000080169d4c8
12500:             1             16  org.elasticsearch.xpack.ml.action.TransportStartDataFrameAnalyticsAction$TaskExecutor$$Lambda$3817/0x000000080169d700
12501:             1             16  org.elasticsearch.xpack.ml.action.TransportStartDataFrameAnalyticsAction$TaskExecutor$$Lambda$3818/0x000000080169d938
12502:             1             16  org.elasticsearch.xpack.ml.action.TransportStartDatafeedAction$$Lambda$4298/0x00000008018017a0
12503:             1             16  org.elasticsearch.xpack.ml.action.TransportStopDataFrameAnalyticsAction$$Lambda$4018/0x00000008017caf00
12504:             1             16  org.elasticsearch.xpack.ml.action.TransportStopDataFrameAnalyticsAction$$Lambda$4019/0x00000008017cb120
12505:             1             16  org.elasticsearch.xpack.ml.action.TransportStopDataFrameAnalyticsAction$$Lambda$4020/0x00000008017cb340
12506:             1             16  org.elasticsearch.xpack.ml.action.TransportStopDatafeedAction$$Lambda$3996/0x00000008017c9e00
12507:             1             16  org.elasticsearch.xpack.ml.action.TransportStopDatafeedAction$$Lambda$3997/0x00000008017ca020
12508:             1             16  org.elasticsearch.xpack.ml.action.TransportStopDatafeedAction$$Lambda$3998/0x00000008017ca240
12509:             1             16  org.elasticsearch.xpack.ml.action.TransportUpdateCalendarJobAction$$Lambda$4330/0x0000000801802240
12510:             1             16  org.elasticsearch.xpack.ml.action.TransportUpdateDataFrameAnalyticsAction$$Lambda$3956/0x00000008017c8f20
12511:             1             16  org.elasticsearch.xpack.ml.action.TransportUpdateDatafeedAction$$Lambda$4263/0x00000008018006a0
12512:             1             16  org.elasticsearch.xpack.ml.action.TransportUpdateFilterAction$$Lambda$4275/0x0000000801800f20
12513:             1             16  org.elasticsearch.xpack.ml.action.TransportUpdateJobAction$$Lambda$4299/0x00000008018019c0
12514:             1             16  org.elasticsearch.xpack.ml.action.TransportUpdateModelSnapshotAction$$Lambda$4190/0x00000008017ceef0
12515:             1             16  org.elasticsearch.xpack.ml.action.TransportUpdateProcessAction$$Lambda$4111/0x00000008017cc660
12516:             1             16  org.elasticsearch.xpack.ml.action.TransportUpdateProcessAction$$Lambda$4112/0x00000008017cc880
12517:             1             16  org.elasticsearch.xpack.ml.action.TransportValidateDetectorAction$$Lambda$4256/0x0000000801800260
12518:             1             16  org.elasticsearch.xpack.ml.action.TransportValidateJobConfigAction$$Lambda$4246/0x0000000801800040
12519:             1             16  org.elasticsearch.xpack.ml.dataframe.process.NativeAnalyticsProcessFactory$$Lambda$2864/0x000000080135b658
12520:             1             16  org.elasticsearch.xpack.ml.dataframe.process.NativeMemoryUsageEstimationProcessFactory$$Lambda$2867/0x000000080135bf20
12521:             1             16  org.elasticsearch.xpack.ml.inference.TrainedModelStatsService$$Lambda$2934/0x000000080135efa0
12522:             1             16  org.elasticsearch.xpack.ml.inference.TrainedModelStatsService$$Lambda$4622/0x000000080182e0d8
12523:             1             16  org.elasticsearch.xpack.ml.inference.TrainedModelStatsService$1
12524:             1             16  org.elasticsearch.xpack.ml.inference.ingest.InferenceProcessor$Factory$$Lambda$1353/0x0000000800d92258
12525:             1             16  org.elasticsearch.xpack.ml.inference.ingest.InferenceProcessor$Factory$$Lambda$6412/0x000000080182e9d0
12526:             1             16  org.elasticsearch.xpack.ml.inference.loadingservice.ModelLoadingService$$Lambda$2935/0x000000080135f650
12527:             1             16  org.elasticsearch.xpack.ml.inference.loadingservice.ModelLoadingService$$Lambda$2936/0x000000080135f870
12528:             1             16  org.elasticsearch.xpack.ml.inference.modelsize.EnsembleSizeInfo$$Lambda$2728/0x0000000800d94878
12529:             1             16  org.elasticsearch.xpack.ml.inference.modelsize.EnsembleSizeInfo$$Lambda$2730/0x0000000800d94f88
12530:             1             16  org.elasticsearch.xpack.ml.inference.modelsize.MlModelSizeNamedXContentProvider$$Lambda$2725/0x0000000800d93770
12531:             1             16  org.elasticsearch.xpack.ml.inference.modelsize.MlModelSizeNamedXContentProvider$$Lambda$2726/0x0000000800d93c70
12532:             1             16  org.elasticsearch.xpack.ml.inference.modelsize.MlModelSizeNamedXContentProvider$$Lambda$2727/0x0000000800d94170
12533:             1             16  org.elasticsearch.xpack.ml.inference.modelsize.MlModelSizeNamedXContentProvider$$Lambda$2731/0x0000000800d951b0
12534:             1             16  org.elasticsearch.xpack.ml.inference.modelsize.TreeSizeInfo$$Lambda$2729/0x0000000800d94d48
12535:             1             16  org.elasticsearch.xpack.ml.job.JobManager$$Lambda$2858/0x0000000801358928
12536:             1             16  org.elasticsearch.xpack.ml.job.JobManager$$Lambda$6534/0x0000000801cf2140
12537:             1             16  org.elasticsearch.xpack.ml.job.JobManagerHolder
12538:             1             16  org.elasticsearch.xpack.ml.job.UpdateJobProcessNotifier$$Lambda$4621/0x000000080182deb0
12539:             1             16  org.elasticsearch.xpack.ml.job.UpdateJobProcessNotifier$1
12540:             1             16  org.elasticsearch.xpack.ml.job.process.autodetect.AutodetectProcessManager$$Lambda$2878/0x000000080135de20
12541:             1             16  org.elasticsearch.xpack.ml.job.process.autodetect.NativeAutodetectProcessFactory$$Lambda$2860/0x000000080135a840
12542:             1             16  org.elasticsearch.xpack.ml.job.process.normalizer.NativeNormalizerProcessFactory$$Lambda$2863/0x000000080135acb0
12543:             1             16  org.elasticsearch.xpack.ml.notifications.AnomalyDetectionAuditor$$Lambda$2853/0x0000000800d95840
12544:             1             16  org.elasticsearch.xpack.ml.notifications.DataFrameAnalyticsAuditor$$Lambda$2854/0x0000000800d95c90
12545:             1             16  org.elasticsearch.xpack.ml.notifications.InferenceAuditor$$Lambda$1351/0x0000000800d92038
12546:             1             16  org.elasticsearch.xpack.ml.process.MlMemoryTracker$$Lambda$2939/0x0000000801378770
12547:             1             16  org.elasticsearch.xpack.ml.process.NativeController$$Lambda$2859/0x000000080135a1d8
12548:             1             16  org.elasticsearch.xpack.ml.process.logging.CppLogMessage$$Lambda$2865/0x000000080135b890
12549:             1             16  org.elasticsearch.xpack.ml.process.logging.CppLogMessage$$Lambda$2866/0x000000080135bcf0
12550:             1             16  org.elasticsearch.xpack.ml.process.logging.CppLogMessage$$Lambda$2868/0x000000080135c158
12551:             1             16  org.elasticsearch.xpack.ml.process.logging.CppLogMessage$$Lambda$2869/0x000000080135c5a0
12552:             1             16  org.elasticsearch.xpack.ml.process.logging.CppLogMessage$$Lambda$2870/0x000000080135c7c0
12553:             1             16  org.elasticsearch.xpack.ml.process.logging.CppLogMessage$$Lambda$2871/0x000000080135c9f0
12554:             1             16  org.elasticsearch.xpack.ml.process.logging.CppLogMessage$$Lambda$2872/0x000000080135cc20
12555:             1             16  org.elasticsearch.xpack.ml.process.logging.CppLogMessage$$Lambda$2873/0x000000080135ce50
12556:             1             16  org.elasticsearch.xpack.ml.process.logging.CppLogMessage$$Lambda$2874/0x000000080135d360
12557:             1             16  org.elasticsearch.xpack.ml.process.logging.CppLogMessage$$Lambda$2875/0x000000080135d790
12558:             1             16  org.elasticsearch.xpack.ml.process.logging.CppLogMessage$$Lambda$2876/0x000000080135d9c0
12559:             1             16  org.elasticsearch.xpack.ml.process.logging.CppLogMessage$$Lambda$2877/0x000000080135dbf0
12560:             1             16  org.elasticsearch.xpack.ml.utils.persistence.ResultsPersisterService$$Lambda$2855/0x0000000800d95eb0
12561:             1             16  org.elasticsearch.xpack.ml.utils.persistence.ResultsPersisterService$$Lambda$2856/0x0000000800d960d0
12562:             1             16  org.elasticsearch.xpack.monitoring.MonitoringService$$Lambda$2847/0x0000000801340ba0
12563:             1             16  org.elasticsearch.xpack.monitoring.MonitoringService$$Lambda$2848/0x0000000801340dd8
12564:             1             16  org.elasticsearch.xpack.monitoring.MonitoringService$$Lambda$2849/0x0000000801341010
12565:             1             16  org.elasticsearch.xpack.monitoring.action.TransportMonitoringBulkAction$$Lambda$4104/0x00000008013416d8
12566:             1             16  org.elasticsearch.xpack.monitoring.cleaner.CleanerService$$Lambda$2838/0x0000000800ea6cc8
12567:             1             16  org.elasticsearch.xpack.monitoring.cleaner.CleanerService$DefaultExecutionScheduler
12568:             1             16  org.elasticsearch.xpack.monitoring.exporter.Exporter$$Lambda$610/0x0000000800ea0df0
12569:             1             16  org.elasticsearch.xpack.monitoring.exporter.Exporter$$Lambda$611/0x0000000800ea1048
12570:             1             16  org.elasticsearch.xpack.monitoring.exporter.Exporter$$Lambda$612/0x0000000800ea1288
12571:             1             16  org.elasticsearch.xpack.monitoring.exporter.Exporter$$Lambda$613/0x0000000800ea1738
12572:             1             16  org.elasticsearch.xpack.monitoring.exporter.Exporter$$Lambda$614/0x0000000800ea1978
12573:             1             16  org.elasticsearch.xpack.monitoring.exporter.Exporter$$Lambda$615/0x0000000800ea1bb8
12574:             1             16  org.elasticsearch.xpack.monitoring.exporter.Exporter$$Lambda$616/0x0000000800ea1df8
12575:             1             16  org.elasticsearch.xpack.monitoring.exporter.Exporter$$Lambda$617/0x0000000800ea2038
12576:             1             16  org.elasticsearch.xpack.monitoring.exporter.Exporters$$Lambda$2841/0x0000000800ea7790
12577:             1             16  org.elasticsearch.xpack.monitoring.exporter.Exporters$$Lambda$2842/0x0000000800ea79e0
12578:             1             16  org.elasticsearch.xpack.monitoring.exporter.Exporters$$Lambda$2845/0x0000000801340278
12579:             1             16  org.elasticsearch.xpack.monitoring.exporter.Exporters$$Lambda$2846/0x00000008013404a8
12580:             1             16  org.elasticsearch.xpack.monitoring.exporter.http.HttpExporter$$Lambda$2843/0x0000000800ea7c18
12581:             1             16  org.elasticsearch.xpack.monitoring.exporter.http.HttpExporter$$Lambda$2844/0x0000000801340040
12582:             1             16  org.elasticsearch.xpack.monitoring.exporter.http.HttpExporter$$Lambda$618/0x0000000800ea3378
12583:             1             16  org.elasticsearch.xpack.monitoring.exporter.http.HttpExporter$$Lambda$619/0x0000000800ea3828
12584:             1             16  org.elasticsearch.xpack.monitoring.exporter.http.HttpExporter$$Lambda$620/0x0000000800ea3a68
12585:             1             16  org.elasticsearch.xpack.monitoring.exporter.http.HttpExporter$$Lambda$621/0x0000000800ea3ca8
12586:             1             16  org.elasticsearch.xpack.monitoring.exporter.http.HttpExporter$$Lambda$622/0x0000000800ea3ee8
12587:             1             16  org.elasticsearch.xpack.monitoring.exporter.http.HttpExporter$$Lambda$623/0x0000000800ea4398
12588:             1             16  org.elasticsearch.xpack.monitoring.exporter.http.HttpExporter$$Lambda$624/0x0000000800ea4848
12589:             1             16  org.elasticsearch.xpack.monitoring.exporter.http.HttpExporter$$Lambda$625/0x0000000800ea4a88
12590:             1             16  org.elasticsearch.xpack.monitoring.exporter.http.HttpExporter$$Lambda$626/0x0000000800ea4cc8
12591:             1             16  org.elasticsearch.xpack.monitoring.exporter.http.HttpExporter$$Lambda$628/0x0000000800ea5160
12592:             1             16  org.elasticsearch.xpack.monitoring.exporter.http.HttpExporter$$Lambda$629/0x0000000800ea53a0
12593:             1             16  org.elasticsearch.xpack.monitoring.exporter.http.HttpExporter$$Lambda$631/0x0000000800ea5818
12594:             1             16  org.elasticsearch.xpack.monitoring.exporter.http.HttpExporter$$Lambda$632/0x0000000800ea5a58
12595:             1             16  org.elasticsearch.xpack.monitoring.exporter.http.HttpExporter$$Lambda$633/0x0000000800ea5c98
12596:             1             16  org.elasticsearch.xpack.monitoring.exporter.http.HttpExporter$1
12597:             1             16  org.elasticsearch.xpack.monitoring.exporter.local.LocalExporter$$Lambda$634/0x0000000800ea5ed8
12598:             1             16  org.elasticsearch.xpack.ql.expression.function.FunctionRegistry$$Lambda$3181/0x00000008015ce078
12599:             1             16  org.elasticsearch.xpack.ql.expression.function.FunctionRegistry$$Lambda$3295/0x00000008015ddda8
12600:             1             16  org.elasticsearch.xpack.ql.expression.function.FunctionRegistry$$Lambda$3307/0x00000008015ddfd0
12601:             1             16  org.elasticsearch.xpack.ql.expression.function.FunctionRegistry$$Lambda$3308/0x00000008015de210
12602:             1             16  org.elasticsearch.xpack.ql.expression.function.FunctionRegistry$$Lambda$3309/0x00000008015de450
12603:             1             16  org.elasticsearch.xpack.ql.expression.function.FunctionRegistry$$Lambda$3310/0x00000008015de698
12604:             1             16  org.elasticsearch.xpack.ql.plugin.QlPlugin
12605:             1             16  org.elasticsearch.xpack.ql.rule.RuleExecutor$Limiter
12606:             1             16  org.elasticsearch.xpack.ql.rule.RuleExecutor$Limiter$1
12607:             1             16  org.elasticsearch.xpack.ql.type.DefaultDataTypeRegistry
12608:             1             16  org.elasticsearch.xpack.repositories.metering.RepositoriesMeteringPlugin
12609:             1             16  org.elasticsearch.xpack.repositories.metering.action.ClearRepositoriesMeteringArchiveAction$$Lambda$3535/0x000000080163d040
12610:             1             16  org.elasticsearch.xpack.repositories.metering.action.RepositoriesMeteringAction$$Lambda$3534/0x000000080163db00
12611:             1             16  org.elasticsearch.xpack.repositories.metering.action.TransportClearRepositoriesStatsArchiveAction$$Lambda$4021/0x00000008017a05a8
12612:             1             16  org.elasticsearch.xpack.repositories.metering.action.TransportClearRepositoriesStatsArchiveAction$$Lambda$4022/0x00000008017a07c8
12613:             1             16  org.elasticsearch.xpack.repositories.metering.action.TransportRepositoriesStatsAction$$Lambda$4134/0x00000008017a09e8
12614:             1             16  org.elasticsearch.xpack.repositories.metering.action.TransportRepositoriesStatsAction$$Lambda$4135/0x00000008017a0c08
12615:             1             16  org.elasticsearch.xpack.rollup.Rollup$$Lambda$1374/0x0000000800db23d8
12616:             1             16  org.elasticsearch.xpack.rollup.RollupFeatureSet
12617:             1             16  org.elasticsearch.xpack.rollup.action.TransportDeleteRollupJobAction$$Lambda$4108/0x00000008017407f8
12618:             1             16  org.elasticsearch.xpack.rollup.action.TransportDeleteRollupJobAction$$Lambda$4109/0x0000000801740a18
12619:             1             16  org.elasticsearch.xpack.rollup.action.TransportDeleteRollupJobAction$$Lambda$4110/0x0000000801740c38
12620:             1             16  org.elasticsearch.xpack.rollup.action.TransportGetRollupCapsAction$$Lambda$4233/0x00000008017414b8
12621:             1             16  org.elasticsearch.xpack.rollup.action.TransportGetRollupIndexCapsAction$$Lambda$4059/0x00000008017405d8
12622:             1             16  org.elasticsearch.xpack.rollup.action.TransportGetRollupJobAction$$Lambda$4168/0x0000000801740e58
12623:             1             16  org.elasticsearch.xpack.rollup.action.TransportGetRollupJobAction$$Lambda$4169/0x0000000801741078
12624:             1             16  org.elasticsearch.xpack.rollup.action.TransportGetRollupJobAction$$Lambda$4170/0x0000000801741298
12625:             1             16  org.elasticsearch.xpack.rollup.action.TransportPutRollupJobAction$$Lambda$4240/0x00000008017416d8
12626:             1             16  org.elasticsearch.xpack.rollup.action.TransportRollupSearchAction$$Lambda$4283/0x0000000801741f58
12627:             1             16  org.elasticsearch.xpack.rollup.action.TransportRollupSearchAction$TransportHandler
12628:             1             16  org.elasticsearch.xpack.rollup.action.TransportStartRollupAction$$Lambda$4313/0x00000008017423a8
12629:             1             16  org.elasticsearch.xpack.rollup.action.TransportStartRollupAction$$Lambda$4314/0x00000008017425c8
12630:             1             16  org.elasticsearch.xpack.rollup.action.TransportStartRollupAction$$Lambda$4315/0x00000008017427e8
12631:             1             16  org.elasticsearch.xpack.rollup.action.TransportStopRollupAction$$Lambda$4268/0x00000008017418f8
12632:             1             16  org.elasticsearch.xpack.rollup.action.TransportStopRollupAction$$Lambda$4269/0x0000000801741b18
12633:             1             16  org.elasticsearch.xpack.rollup.action.TransportStopRollupAction$$Lambda$4270/0x0000000801741d38
12634:             1             16  org.elasticsearch.xpack.search.AsyncSearch
12635:             1             16  org.elasticsearch.xpack.search.TransportGetAsyncSearchAction$$Lambda$4130/0x0000000801722040
12636:             1             16  org.elasticsearch.xpack.search.TransportGetAsyncSearchAction$$Lambda$4131/0x0000000801722260
12637:             1             16  org.elasticsearch.xpack.search.TransportGetAsyncSearchAction$$Lambda$4132/0x0000000801721840
12638:             1             16  org.elasticsearch.xpack.search.TransportSubmitAsyncSearchAction$$Lambda$4194/0x0000000801721a60
12639:             1             16  org.elasticsearch.xpack.search.TransportSubmitAsyncSearchAction$$Lambda$4195/0x0000000801721c80
12640:             1             16  org.elasticsearch.xpack.search.TransportSubmitAsyncSearchAction$$Lambda$4196/0x00000008017f0040
12641:             1             16  org.elasticsearch.xpack.searchablesnapshots.SearchableSnapshotAllocationDecider
12642:             1             16  org.elasticsearch.xpack.searchablesnapshots.SearchableSnapshotAllocator
12643:             1             16  org.elasticsearch.xpack.searchablesnapshots.SearchableSnapshots$$Lambda$1377/0x00000008010b9840
12644:             1             16  org.elasticsearch.xpack.searchablesnapshots.SearchableSnapshots$$Lambda$1565/0x00000008010b9cb0
12645:             1             16  org.elasticsearch.xpack.searchablesnapshots.SearchableSnapshots$$Lambda$2776/0x00000008012b4040
12646:             1             16  org.elasticsearch.xpack.searchablesnapshots.SearchableSnapshots$$Lambda$2781/0x00000008012f83a0
12647:             1             16  org.elasticsearch.xpack.searchablesnapshots.action.ClearSearchableSnapshotsCacheAction$$Lambda$3605/0x00000008012fa2f0
12648:             1             16  org.elasticsearch.xpack.searchablesnapshots.action.RepositoryStatsAction$$Lambda$3607/0x00000008012facd0
12649:             1             16  org.elasticsearch.xpack.searchablesnapshots.action.SearchableSnapshotsStatsAction$$Lambda$3604/0x00000008012f9918
12650:             1             16  org.elasticsearch.xpack.searchablesnapshots.action.TransportClearSearchableSnapshotsCacheAction$$Lambda$4221/0x00000008012fc898
12651:             1             16  org.elasticsearch.xpack.searchablesnapshots.action.TransportMountSearchableSnapshotAction$$Lambda$4320/0x00000008012fcab8
12652:             1             16  org.elasticsearch.xpack.searchablesnapshots.action.TransportRepositoryStatsAction$$Lambda$4023/0x00000008012fc238
12653:             1             16  org.elasticsearch.xpack.searchablesnapshots.action.TransportRepositoryStatsAction$$Lambda$4024/0x00000008012fc458
12654:             1             16  org.elasticsearch.xpack.searchablesnapshots.action.TransportSearchableSnapshotsStatsAction$$Lambda$4212/0x00000008012fc678
12655:             1             16  org.elasticsearch.xpack.searchablesnapshots.cache.CacheService$$Lambda$3096/0x00000008012f8c80
12656:             1             16  org.elasticsearch.xpack.searchablesnapshots.cache.CacheService$$Lambda$3097/0x00000008012f8ea0
12657:             1             16  org.elasticsearch.xpack.searchablesnapshots.cache.NodeEnvironmentCacheCleaner
12658:             1             16  org.elasticsearch.xpack.searchbusinessrules.SearchBusinessRules
12659:             1             16  org.elasticsearch.xpack.searchbusinessrules.SearchBusinessRules$$Lambda$1752/0x000000080112da70
12660:             1             16  org.elasticsearch.xpack.searchbusinessrules.SearchBusinessRules$$Lambda$1753/0x000000080112dc90
12661:             1             16  org.elasticsearch.xpack.security.ApiKeySSLBootstrapCheck
12662:             1             16  org.elasticsearch.xpack.security.PkiRealmBootstrapCheck
12663:             1             16  org.elasticsearch.xpack.security.PkiRealmBootstrapCheck$$Lambda$4618/0x0000000801859108
12664:             1             16  org.elasticsearch.xpack.security.PkiRealmBootstrapCheck$$Lambda$4619/0x0000000801859358
12665:             1             16  org.elasticsearch.xpack.security.PkiRealmBootstrapCheck$$Lambda$4620/0x0000000801859598
12666:             1             16  org.elasticsearch.xpack.security.Security$$Lambda$1355/0x0000000800ee61c8
12667:             1             16  org.elasticsearch.xpack.security.Security$$Lambda$1356/0x0000000800ee63f0
12668:             1             16  org.elasticsearch.xpack.security.Security$$Lambda$1376/0x0000000800ee6618
12669:             1             16  org.elasticsearch.xpack.security.Security$$Lambda$1604/0x0000000800ee6838
12670:             1             16  org.elasticsearch.xpack.security.Security$$Lambda$3035/0x00000008015541d8
12671:             1             16  org.elasticsearch.xpack.security.Security$$Lambda$3038/0x0000000801554850
12672:             1             16  org.elasticsearch.xpack.security.Security$$Lambda$3039/0x0000000801554cb8
12673:             1             16  org.elasticsearch.xpack.security.Security$$Lambda$3066/0x00000008015567c0
12674:             1             16  org.elasticsearch.xpack.security.Security$$Lambda$3067/0x00000008015569f8
12675:             1             16  org.elasticsearch.xpack.security.Security$$Lambda$3075/0x0000000801557978
12676:             1             16  org.elasticsearch.xpack.security.Security$$Lambda$3076/0x0000000801557bb8
12677:             1             16  org.elasticsearch.xpack.security.Security$$Lambda$3077/0x0000000801560040
12678:             1             16  org.elasticsearch.xpack.security.Security$$Lambda$3082/0x00000008015604a8
12679:             1             16  org.elasticsearch.xpack.security.Security$$Lambda$3679/0x00000008016c26d8
12680:             1             16  org.elasticsearch.xpack.security.Security$$Lambda$429/0x0000000800db5548
12681:             1             16  org.elasticsearch.xpack.security.Security$$Lambda$430/0x0000000800db4840
12682:             1             16  org.elasticsearch.xpack.security.Security$1
12683:             1             16  org.elasticsearch.xpack.security.Security$ValidateLicenseForFIPS
12684:             1             16  org.elasticsearch.xpack.security.Security$ValidateUpgradedSecurityIndex
12685:             1             16  org.elasticsearch.xpack.security.TokenSSLBootstrapCheck
12686:             1             16  org.elasticsearch.xpack.security.action.TransportClearSecurityCacheAction$$Lambda$4179/0x00000008016c7348
12687:             1             16  org.elasticsearch.xpack.security.action.TransportClearSecurityCacheAction$$Lambda$4180/0x00000008016c7568
12688:             1             16  org.elasticsearch.xpack.security.action.TransportCreateApiKeyAction$$Lambda$4231/0x00000008017f8f20
12689:             1             16  org.elasticsearch.xpack.security.action.TransportDelegatePkiAuthenticationAction$$Lambda$3963/0x00000008016c4ae8
12690:             1             16  org.elasticsearch.xpack.security.action.TransportGetApiKeyAction$$Lambda$4311/0x00000008017fa238
12691:             1             16  org.elasticsearch.xpack.security.action.TransportGrantApiKeyAction$$Lambda$4262/0x00000008017f99b8
12692:             1             16  org.elasticsearch.xpack.security.action.TransportInvalidateApiKeyAction$$Lambda$4097/0x00000008016c68a8
12693:             1             16  org.elasticsearch.xpack.security.action.oidc.TransportOpenIdConnectAuthenticateAction$$Lambda$4202/0x00000008017f8040
12694:             1             16  org.elasticsearch.xpack.security.action.oidc.TransportOpenIdConnectLogoutAction$$Lambda$3967/0x00000008016c4d08
12695:             1             16  org.elasticsearch.xpack.security.action.oidc.TransportOpenIdConnectPrepareAuthenticationAction$$Lambda$4273/0x00000008017f9df8
12696:             1             16  org.elasticsearch.xpack.security.action.privilege.TransportClearPrivilegesCacheAction$$Lambda$4064/0x00000008016c5e08
12697:             1             16  org.elasticsearch.xpack.security.action.privilege.TransportClearPrivilegesCacheAction$$Lambda$4065/0x00000008016c6028
12698:             1             16  org.elasticsearch.xpack.security.action.privilege.TransportDeletePrivilegesAction$$Lambda$4220/0x00000008017f88c0
12699:             1             16  org.elasticsearch.xpack.security.action.privilege.TransportGetBuiltinPrivilegesAction$$Lambda$4048/0x00000008016c57a8
12700:             1             16  org.elasticsearch.xpack.security.action.privilege.TransportGetPrivilegesAction$$Lambda$4038/0x00000008016c5588
12701:             1             16  org.elasticsearch.xpack.security.action.privilege.TransportPutPrivilegesAction$$Lambda$3980/0x00000008016c5148
12702:             1             16  org.elasticsearch.xpack.security.action.realm.TransportClearRealmCacheAction$$Lambda$4214/0x00000008017f8480
12703:             1             16  org.elasticsearch.xpack.security.action.realm.TransportClearRealmCacheAction$$Lambda$4215/0x00000008017f86a0
12704:             1             16  org.elasticsearch.xpack.security.action.role.TransportClearRolesCacheAction$$Lambda$4147/0x00000008016c6ce8
12705:             1             16  org.elasticsearch.xpack.security.action.role.TransportClearRolesCacheAction$$Lambda$4148/0x00000008016c6f08
12706:             1             16  org.elasticsearch.xpack.security.action.role.TransportDeleteRoleAction$$Lambda$4235/0x00000008017f9358
12707:             1             16  org.elasticsearch.xpack.security.action.role.TransportGetRolesAction$$Lambda$4252/0x00000008017f9578
12708:             1             16  org.elasticsearch.xpack.security.action.role.TransportPutRoleAction$$Lambda$4209/0x00000008017f8260
12709:             1             16  org.elasticsearch.xpack.security.action.rolemapping.TransportDeleteRoleMappingAction$$Lambda$4067/0x00000008016c6248
12710:             1             16  org.elasticsearch.xpack.security.action.rolemapping.TransportGetRoleMappingsAction$$Lambda$4199/0x00000008016c7bc8
12711:             1             16  org.elasticsearch.xpack.security.action.rolemapping.TransportPutRoleMappingAction$$Lambda$4257/0x00000008017f9798
12712:             1             16  org.elasticsearch.xpack.security.action.saml.TransportSamlAuthenticateAction$$Lambda$4271/0x00000008017f9bd8
12713:             1             16  org.elasticsearch.xpack.security.action.saml.TransportSamlCompleteLogoutAction$$Lambda$4061/0x00000008016c5be8
12714:             1             16  org.elasticsearch.xpack.security.action.saml.TransportSamlInvalidateSessionAction$$Lambda$3972/0x00000008016c4f28
12715:             1             16  org.elasticsearch.xpack.security.action.saml.TransportSamlLogoutAction$$Lambda$4316/0x00000008017fa458
12716:             1             16  org.elasticsearch.xpack.security.action.saml.TransportSamlPrepareAuthenticationAction$$Lambda$4086/0x00000008016c6468
12717:             1             16  org.elasticsearch.xpack.security.action.token.TransportCreateTokenAction$$Lambda$3933/0x00000008016c48c8
12718:             1             16  org.elasticsearch.xpack.security.action.token.TransportInvalidateTokenAction$$Lambda$4053/0x00000008016c59c8
12719:             1             16  org.elasticsearch.xpack.security.action.token.TransportRefreshTokenAction$$Lambda$4193/0x00000008016c79a8
12720:             1             16  org.elasticsearch.xpack.security.action.user.TransportAuthenticateAction$$Lambda$4189/0x00000008016c7788
12721:             1             16  org.elasticsearch.xpack.security.action.user.TransportAuthenticateAction$$Lambda$6588/0x0000000801bedf68
12722:             1             16  org.elasticsearch.xpack.security.action.user.TransportChangePasswordAction$$Lambda$4310/0x00000008017fa018
12723:             1             16  org.elasticsearch.xpack.security.action.user.TransportDeleteUserAction$$Lambda$4089/0x00000008016c6688
12724:             1             16  org.elasticsearch.xpack.security.action.user.TransportGetUserPrivilegesAction$$Lambda$4226/0x00000008017f8ae0
12725:             1             16  org.elasticsearch.xpack.security.action.user.TransportGetUsersAction$$Lambda$4026/0x00000008016c5368
12726:             1             16  org.elasticsearch.xpack.security.action.user.TransportHasPrivilegesAction$$Lambda$4230/0x00000008017f8d00
12727:             1             16  org.elasticsearch.xpack.security.action.user.TransportPutUserAction$$Lambda$4149/0x00000008016c7128
12728:             1             16  org.elasticsearch.xpack.security.action.user.TransportSetEnabledAction$$Lambda$4128/0x00000008016c6ac8
12729:             1             16  org.elasticsearch.xpack.security.audit.AuditTrailService$CompositeAuditTrail
12730:             1             16  org.elasticsearch.xpack.security.audit.AuditTrailService$NoopAuditTrail
12731:             1             16  org.elasticsearch.xpack.security.audit.logfile.LoggingAuditTrail$$Lambda$659/0x0000000800ee13d0
12732:             1             16  org.elasticsearch.xpack.security.audit.logfile.LoggingAuditTrail$$Lambda$660/0x0000000800ee1620
12733:             1             16  org.elasticsearch.xpack.security.audit.logfile.LoggingAuditTrail$$Lambda$661/0x0000000800ee1870
12734:             1             16  org.elasticsearch.xpack.security.audit.logfile.LoggingAuditTrail$$Lambda$662/0x0000000800ee1ab0
12735:             1             16  org.elasticsearch.xpack.security.audit.logfile.LoggingAuditTrail$$Lambda$663/0x0000000800ee1d00
12736:             1             16  org.elasticsearch.xpack.security.audit.logfile.LoggingAuditTrail$$Lambda$664/0x0000000800ee1f40
12737:             1             16  org.elasticsearch.xpack.security.audit.logfile.LoggingAuditTrail$$Lambda$665/0x0000000800ee2190
12738:             1             16  org.elasticsearch.xpack.security.audit.logfile.LoggingAuditTrail$$Lambda$666/0x0000000800ee23d0
12739:             1             16  org.elasticsearch.xpack.security.audit.logfile.LoggingAuditTrail$$Lambda$667/0x0000000800ee2620
12740:             1             16  org.elasticsearch.xpack.security.audit.logfile.LoggingAuditTrail$$Lambda$668/0x0000000800ee2860
12741:             1             16  org.elasticsearch.xpack.security.audit.logfile.LoggingAuditTrail$EventFilterPolicy$$Lambda$1302/0x0000000800ee5d60
12742:             1             16  org.elasticsearch.xpack.security.authc.ApiKeyService$$Lambda$787/0x0000000800ee4fd8
12743:             1             16  org.elasticsearch.xpack.security.authc.ApiKeyService$1
12744:             1             16  org.elasticsearch.xpack.security.authc.InternalRealms$$Lambda$2964/0x0000000801398fd0
12745:             1             16  org.elasticsearch.xpack.security.authc.InternalRealms$$Lambda$2965/0x0000000801399210
12746:             1             16  org.elasticsearch.xpack.security.authc.InternalRealms$$Lambda$3029/0x0000000801553000
12747:             1             16  org.elasticsearch.xpack.security.authc.Realms$$Lambda$2980/0x000000080139d088
12748:             1             16  org.elasticsearch.xpack.security.authc.Realms$$Lambda$3023/0x0000000801551968
12749:             1             16  org.elasticsearch.xpack.security.authc.Realms$$Lambda$3030/0x0000000801553238
12750:             1             16  org.elasticsearch.xpack.security.authc.Realms$$Lambda$3031/0x0000000801553488
12751:             1             16  org.elasticsearch.xpack.security.authc.Realms$$Lambda$3032/0x00000008015536c8
12752:             1             16  org.elasticsearch.xpack.security.authc.Realms$$Lambda$3033/0x0000000801553918
12753:             1             16  org.elasticsearch.xpack.security.authc.TokenService$$Lambda$2968/0x000000080139af20
12754:             1             16  org.elasticsearch.xpack.security.authc.file.FileRealm$$Lambda$3027/0x0000000801552bb0
12755:             1             16  org.elasticsearch.xpack.security.authc.file.FileRealm$$Lambda$3028/0x0000000801552dd8
12756:             1             16  org.elasticsearch.xpack.security.authc.file.FileUserPasswdStore$$Lambda$3024/0x0000000801551de0
12757:             1             16  org.elasticsearch.xpack.security.authc.file.FileUserPasswdStore$$Lambda$5159/0x0000000801a39ed0
12758:             1             16  org.elasticsearch.xpack.security.authc.file.FileUserPasswdStore$FileListener
12759:             1             16  org.elasticsearch.xpack.security.authc.file.FileUserRolesStore$$Lambda$3025/0x00000008015524c0
12760:             1             16  org.elasticsearch.xpack.security.authc.file.FileUserRolesStore$$Lambda$3026/0x00000008015526e0
12761:             1             16  org.elasticsearch.xpack.security.authc.file.FileUserRolesStore$$Lambda$5160/0x0000000801a3a100
12762:             1             16  org.elasticsearch.xpack.security.authc.file.FileUserRolesStore$FileListener
12763:             1             16  org.elasticsearch.xpack.security.authc.saml.SamlObjectHandler$$Lambda$3018/0x00000008015502a0
12764:             1             16  org.elasticsearch.xpack.security.authc.saml.SamlRealm$$Lambda$3015/0x000000080154b5d8
12765:             1             16  org.elasticsearch.xpack.security.authc.saml.SamlRealm$$Lambda$3019/0x0000000801550c28
12766:             1             16  org.elasticsearch.xpack.security.authc.saml.SamlRealm$$Lambda$3022/0x0000000801551710
12767:             1             16  org.elasticsearch.xpack.security.authc.saml.SamlRealm$AttributeParser$$Lambda$3021/0x00000008015514d0
12768:             1             16  org.elasticsearch.xpack.security.authc.support.mapper.NativeRoleMappingStore$1
12769:             1             16  org.elasticsearch.xpack.security.authz.AuthorizationService$$Lambda$782/0x0000000800ee3a28
12770:             1             16  org.elasticsearch.xpack.security.authz.IndicesAndAliasesResolver$RemoteClusterResolver$$Lambda$5737/0x0000000801a3eff8
12771:             1             16  org.elasticsearch.xpack.security.authz.IndicesAndAliasesResolver$RemoteClusterResolver$$Lambda$5745/0x0000000801a3f248
12772:             1             16  org.elasticsearch.xpack.security.authz.interceptor.IndicesAliasesRequestInterceptor$$Lambda$5644/0x0000000801a3d508
12773:             1             16  org.elasticsearch.xpack.security.authz.interceptor.IndicesAliasesRequestInterceptor$$Lambda$5645/0x0000000801a3d758
12774:             1             16  org.elasticsearch.xpack.security.authz.interceptor.IndicesAliasesRequestInterceptor$$Lambda$5646/0x0000000801a3d998
12775:             1             16  org.elasticsearch.xpack.security.authz.interceptor.IndicesAliasesRequestInterceptor$$Lambda$5647/0x0000000801a3dbd8
12776:             1             16  org.elasticsearch.xpack.security.authz.interceptor.IndicesAliasesRequestInterceptor$$Lambda$5648/0x0000000801a3de18
12777:             1             16  org.elasticsearch.xpack.security.authz.store.CompositeRolesStore$$Lambda$3065/0x0000000801556588
12778:             1             16  org.elasticsearch.xpack.security.authz.store.CompositeRolesStore$$Lambda$4989/0x0000000801a0c610
12779:             1             16  org.elasticsearch.xpack.security.authz.store.CompositeRolesStore$$Lambda$4992/0x0000000801a0ccc0
12780:             1             16  org.elasticsearch.xpack.security.authz.store.CompositeRolesStore$$Lambda$5002/0x0000000801a0e4f8
12781:             1             16  org.elasticsearch.xpack.security.authz.store.CompositeRolesStore$$Lambda$5187/0x0000000801a3a568
12782:             1             16  org.elasticsearch.xpack.security.authz.store.CompositeRolesStore$$Lambda$5188/0x0000000801a3a7a8
12783:             1             16  org.elasticsearch.xpack.security.authz.store.FileRolesStore$FileListener
12784:             1             16  org.elasticsearch.xpack.security.authz.store.FileRolesStore$FileListener$$Lambda$5031/0x0000000801a0f200
12785:             1             16  org.elasticsearch.xpack.security.authz.store.NativePrivilegeStore$$Lambda$3036/0x0000000801554410
12786:             1             16  org.elasticsearch.xpack.security.authz.store.NativePrivilegeStore$$Lambda$3037/0x0000000801554630
12787:             1             16  org.elasticsearch.xpack.security.authz.store.NativePrivilegeStore$$Lambda$5193/0x0000000801a3b2b0
12788:             1             16  org.elasticsearch.xpack.security.authz.store.NativePrivilegeStore$$Lambda$788/0x0000000800ee5488
12789:             1             16  org.elasticsearch.xpack.security.authz.store.NativePrivilegeStore$$Lambda$789/0x0000000800ee56c8
12790:             1             16  org.elasticsearch.xpack.security.authz.store.NativePrivilegeStore$$Lambda$790/0x0000000800ee5908
12791:             1             16  org.elasticsearch.xpack.security.rest.action.apikey.RestGrantApiKeyAction$$Lambda$4518/0x0000000801856f00
12792:             1             16  org.elasticsearch.xpack.security.rest.action.apikey.RestGrantApiKeyAction$$Lambda$4519/0x0000000801857120
12793:             1             16  org.elasticsearch.xpack.security.rest.action.apikey.RestGrantApiKeyAction$$Lambda$4520/0x0000000801857350
12794:             1             16  org.elasticsearch.xpack.security.rest.action.apikey.RestGrantApiKeyAction$$Lambda$4521/0x0000000801857580
12795:             1             16  org.elasticsearch.xpack.security.rest.action.apikey.RestGrantApiKeyAction$$Lambda$4522/0x00000008018577b0
12796:             1             16  org.elasticsearch.xpack.security.rest.action.apikey.RestGrantApiKeyAction$$Lambda$4523/0x00000008018579d0
12797:             1             16  org.elasticsearch.xpack.security.rest.action.apikey.RestGrantApiKeyAction$$Lambda$4524/0x0000000801857c00
12798:             1             16  org.elasticsearch.xpack.security.rest.action.apikey.RestGrantApiKeyAction$$Lambda$4525/0x0000000801858040
12799:             1             16  org.elasticsearch.xpack.security.rest.action.apikey.RestGrantApiKeyAction$$Lambda$4526/0x0000000801858270
12800:             1             16  org.elasticsearch.xpack.security.rest.action.apikey.RestInvalidateApiKeyAction$$Lambda$4527/0x0000000801858750
12801:             1             16  org.elasticsearch.xpack.security.rest.action.oauth2.RestGetTokenAction$$Lambda$4480/0x00000008017fe868
12802:             1             16  org.elasticsearch.xpack.security.rest.action.oauth2.RestGetTokenAction$$Lambda$4481/0x00000008017feaa8
12803:             1             16  org.elasticsearch.xpack.security.rest.action.oauth2.RestGetTokenAction$$Lambda$4482/0x00000008017fecc8
12804:             1             16  org.elasticsearch.xpack.security.rest.action.oauth2.RestInvalidateTokenAction$$Lambda$4483/0x00000008017ff1d0
12805:             1             16  org.elasticsearch.xpack.security.rest.action.oidc.RestOpenIdConnectAuthenticateAction$$Lambda$4510/0x0000000801854a38
12806:             1             16  org.elasticsearch.xpack.security.rest.action.oidc.RestOpenIdConnectAuthenticateAction$$Lambda$4511/0x0000000801854c58
12807:             1             16  org.elasticsearch.xpack.security.rest.action.oidc.RestOpenIdConnectAuthenticateAction$$Lambda$4512/0x0000000801854e88
12808:             1             16  org.elasticsearch.xpack.security.rest.action.oidc.RestOpenIdConnectAuthenticateAction$$Lambda$4513/0x00000008018550b8
12809:             1             16  org.elasticsearch.xpack.security.rest.action.oidc.RestOpenIdConnectAuthenticateAction$$Lambda$4514/0x00000008018552e8
12810:             1             16  org.elasticsearch.xpack.security.rest.action.oidc.RestOpenIdConnectLogoutAction$$Lambda$4515/0x00000008018557d8
12811:             1             16  org.elasticsearch.xpack.security.rest.action.oidc.RestOpenIdConnectLogoutAction$$Lambda$4516/0x00000008018559f8
12812:             1             16  org.elasticsearch.xpack.security.rest.action.oidc.RestOpenIdConnectLogoutAction$$Lambda$4517/0x0000000801855c28
12813:             1             16  org.elasticsearch.xpack.security.rest.action.oidc.RestOpenIdConnectPrepareAuthenticationAction$$Lambda$4504/0x0000000801853a38
12814:             1             16  org.elasticsearch.xpack.security.rest.action.oidc.RestOpenIdConnectPrepareAuthenticationAction$$Lambda$4505/0x0000000801853c58
12815:             1             16  org.elasticsearch.xpack.security.rest.action.oidc.RestOpenIdConnectPrepareAuthenticationAction$$Lambda$4506/0x0000000801853e88
12816:             1             16  org.elasticsearch.xpack.security.rest.action.oidc.RestOpenIdConnectPrepareAuthenticationAction$$Lambda$4507/0x00000008018540b8
12817:             1             16  org.elasticsearch.xpack.security.rest.action.oidc.RestOpenIdConnectPrepareAuthenticationAction$$Lambda$4508/0x00000008018542e8
12818:             1             16  org.elasticsearch.xpack.security.rest.action.oidc.RestOpenIdConnectPrepareAuthenticationAction$$Lambda$4509/0x0000000801854518
12819:             1             16  org.elasticsearch.xpack.security.rest.action.saml.RestSamlAuthenticateAction$$Lambda$4488/0x00000008018509b8
12820:             1             16  org.elasticsearch.xpack.security.rest.action.saml.RestSamlAuthenticateAction$$Lambda$4489/0x0000000801850bd8
12821:             1             16  org.elasticsearch.xpack.security.rest.action.saml.RestSamlAuthenticateAction$$Lambda$4490/0x0000000801850e08
12822:             1             16  org.elasticsearch.xpack.security.rest.action.saml.RestSamlAuthenticateAction$$Lambda$4491/0x0000000801851038
12823:             1             16  org.elasticsearch.xpack.security.rest.action.saml.RestSamlCompleteLogoutAction$$Lambda$4499/0x00000008018529d8
12824:             1             16  org.elasticsearch.xpack.security.rest.action.saml.RestSamlCompleteLogoutAction$$Lambda$4500/0x0000000801852bf8
12825:             1             16  org.elasticsearch.xpack.security.rest.action.saml.RestSamlCompleteLogoutAction$$Lambda$4501/0x0000000801852e28
12826:             1             16  org.elasticsearch.xpack.security.rest.action.saml.RestSamlCompleteLogoutAction$$Lambda$4502/0x0000000801853058
12827:             1             16  org.elasticsearch.xpack.security.rest.action.saml.RestSamlCompleteLogoutAction$$Lambda$4503/0x0000000801853288
12828:             1             16  org.elasticsearch.xpack.security.rest.action.saml.RestSamlInvalidateSessionAction$$Lambda$4495/0x0000000801851e68
12829:             1             16  org.elasticsearch.xpack.security.rest.action.saml.RestSamlInvalidateSessionAction$$Lambda$4496/0x0000000801852088
12830:             1             16  org.elasticsearch.xpack.security.rest.action.saml.RestSamlInvalidateSessionAction$$Lambda$4497/0x00000008018522b8
12831:             1             16  org.elasticsearch.xpack.security.rest.action.saml.RestSamlInvalidateSessionAction$$Lambda$4498/0x00000008018524e8
12832:             1             16  org.elasticsearch.xpack.security.rest.action.saml.RestSamlLogoutAction$$Lambda$4492/0x0000000801851528
12833:             1             16  org.elasticsearch.xpack.security.rest.action.saml.RestSamlLogoutAction$$Lambda$4493/0x0000000801851748
12834:             1             16  org.elasticsearch.xpack.security.rest.action.saml.RestSamlLogoutAction$$Lambda$4494/0x0000000801851978
12835:             1             16  org.elasticsearch.xpack.security.rest.action.saml.RestSamlPrepareAuthenticationAction$$Lambda$4484/0x00000008017ff990
12836:             1             16  org.elasticsearch.xpack.security.rest.action.saml.RestSamlPrepareAuthenticationAction$$Lambda$4485/0x00000008017ffbb0
12837:             1             16  org.elasticsearch.xpack.security.rest.action.saml.RestSamlPrepareAuthenticationAction$$Lambda$4486/0x0000000801850040
12838:             1             16  org.elasticsearch.xpack.security.rest.action.saml.RestSamlPrepareAuthenticationAction$$Lambda$4487/0x0000000801850270
12839:             1             16  org.elasticsearch.xpack.security.support.CacheInvalidatorRegistry
12840:             1             16  org.elasticsearch.xpack.security.support.CacheInvalidatorRegistry$$Lambda$4824/0x000000080185bf80
12841:             1             16  org.elasticsearch.xpack.security.support.SecurityIndexManager$$Lambda$2966/0x000000080139a018
12842:             1             16  org.elasticsearch.xpack.security.support.SecurityIndexManager$$Lambda$2967/0x000000080139a450
12843:             1             16  org.elasticsearch.xpack.security.support.SecurityIndexManager$$Lambda$4821/0x000000080185bce8
12844:             1             16  org.elasticsearch.xpack.security.transport.SecurityServerTransportInterceptor$$Lambda$3095/0x0000000801564248
12845:             1             16  org.elasticsearch.xpack.security.transport.SecurityServerTransportInterceptor$$Lambda$785/0x0000000800ee46b0
12846:             1             16  org.elasticsearch.xpack.security.transport.SecurityServerTransportInterceptor$$Lambda$786/0x0000000800ee48f0
12847:             1             16  org.elasticsearch.xpack.security.transport.filter.IPFilter$$Lambda$3083/0x0000000801562168
12848:             1             16  org.elasticsearch.xpack.security.transport.filter.IPFilter$$Lambda$3084/0x00000008015623b8
12849:             1             16  org.elasticsearch.xpack.security.transport.filter.IPFilter$$Lambda$3085/0x00000008015625f0
12850:             1             16  org.elasticsearch.xpack.security.transport.filter.IPFilter$$Lambda$3086/0x0000000801562828
12851:             1             16  org.elasticsearch.xpack.security.transport.filter.IPFilter$$Lambda$3087/0x0000000801562a60
12852:             1             16  org.elasticsearch.xpack.security.transport.filter.IPFilter$$Lambda$3088/0x0000000801562c98
12853:             1             16  org.elasticsearch.xpack.security.transport.filter.IPFilter$$Lambda$3089/0x0000000801562ed0
12854:             1             16  org.elasticsearch.xpack.security.transport.filter.IPFilter$$Lambda$3090/0x0000000801563108
12855:             1             16  org.elasticsearch.xpack.security.transport.filter.IPFilter$$Lambda$3091/0x0000000801563340
12856:             1             16  org.elasticsearch.xpack.security.transport.filter.IPFilter$$Lambda$3092/0x0000000801563570
12857:             1             16  org.elasticsearch.xpack.security.transport.filter.IPFilter$$Lambda$3093/0x00000008015637a8
12858:             1             16  org.elasticsearch.xpack.security.transport.filter.IPFilter$$Lambda$654/0x0000000800ed8d60
12859:             1             16  org.elasticsearch.xpack.security.transport.filter.IPFilter$$Lambda$655/0x0000000800ed9040
12860:             1             16  org.elasticsearch.xpack.security.transport.filter.IPFilter$$Lambda$656/0x0000000800ed9280
12861:             1             16  org.elasticsearch.xpack.security.transport.filter.IPFilter$$Lambda$657/0x0000000800ed94c0
12862:             1             16  org.elasticsearch.xpack.security.transport.netty4.SecurityNetty4HttpServerTransport$$Lambda$3706/0x00000008016c3d50
12863:             1             16  org.elasticsearch.xpack.slm.SnapshotRetentionService$$Lambda$3176/0x00000008012f33b8
12864:             1             16  org.elasticsearch.xpack.slm.action.TransportDeleteSnapshotLifecycleAction$$Lambda$3962/0x00000008012f6d68
12865:             1             16  org.elasticsearch.xpack.slm.action.TransportExecuteSnapshotLifecycleAction$$Lambda$3891/0x00000008012f6928
12866:             1             16  org.elasticsearch.xpack.slm.action.TransportExecuteSnapshotRetentionAction$$Lambda$4157/0x00000008017e0040
12867:             1             16  org.elasticsearch.xpack.slm.action.TransportGetSLMStatusAction$$Lambda$4118/0x00000008012f7808
12868:             1             16  org.elasticsearch.xpack.slm.action.TransportGetSnapshotLifecycleAction$$Lambda$4150/0x00000008012f7c48
12869:             1             16  org.elasticsearch.xpack.slm.action.TransportGetSnapshotLifecycleStatsAction$$Lambda$4069/0x00000008012f75e8
12870:             1             16  org.elasticsearch.xpack.slm.action.TransportPutSnapshotLifecycleAction$$Lambda$3952/0x00000008012f6b48
12871:             1             16  org.elasticsearch.xpack.slm.action.TransportStartSLMAction$$Lambda$4126/0x00000008012f7a28
12872:             1             16  org.elasticsearch.xpack.slm.action.TransportStopSLMAction$$Lambda$4227/0x00000008017e08c0
12873:             1             16  org.elasticsearch.xpack.spatial.SpatialFeatureSet
12874:             1             16  org.elasticsearch.xpack.spatial.SpatialPlugin
12875:             1             16  org.elasticsearch.xpack.spatial.SpatialPlugin$$Lambda$1373/0x0000000800db0da0
12876:             1             16  org.elasticsearch.xpack.spatial.SpatialPlugin$$Lambda$1746/0x0000000801119c48
12877:             1             16  org.elasticsearch.xpack.spatial.SpatialPlugin$$Lambda$1747/0x0000000801119e68
12878:             1             16  org.elasticsearch.xpack.spatial.SpatialPlugin$$Lambda$2218/0x000000080111a4f8
12879:             1             16  org.elasticsearch.xpack.spatial.SpatialPlugin$$Lambda$2219/0x000000080111a728
12880:             1             16  org.elasticsearch.xpack.spatial.SpatialPlugin$$Lambda$2220/0x000000080111a958
12881:             1             16  org.elasticsearch.xpack.spatial.SpatialPlugin$$Lambda$2221/0x000000080111b4d8
12882:             1             16  org.elasticsearch.xpack.spatial.SpatialPlugin$$Lambda$2222/0x000000080111b700
12883:             1             16  org.elasticsearch.xpack.spatial.SpatialPlugin$$Lambda$2223/0x000000080111b928
12884:             1             16  org.elasticsearch.xpack.spatial.SpatialPlugin$$Lambda$2224/0x000000080111c0e8
12885:             1             16  org.elasticsearch.xpack.spatial.SpatialPlugin$$Lambda$2225/0x000000080111c308
12886:             1             16  org.elasticsearch.xpack.spatial.SpatialPlugin$$Lambda$2226/0x000000080111c528
12887:             1             16  org.elasticsearch.xpack.spatial.index.mapper.GeoShapeWithDocValuesFieldMapper$TypeParser
12888:             1             16  org.elasticsearch.xpack.spatial.index.mapper.PointFieldMapper$TypeParser
12889:             1             16  org.elasticsearch.xpack.spatial.index.mapper.ShapeFieldMapper$TypeParser
12890:             1             16  org.elasticsearch.xpack.spatial.ingest.CircleProcessor$Factory
12891:             1             16  org.elasticsearch.xpack.spatial.search.aggregations.support.GeoShapeValuesSourceType
12892:             1             16  org.elasticsearch.xpack.sql.action.SqlClearCursorAction$$Lambda$3643/0x000000080162ada0
12893:             1             16  org.elasticsearch.xpack.sql.action.SqlQueryAction$$Lambda$3641/0x0000000801629fc0
12894:             1             16  org.elasticsearch.xpack.sql.action.SqlTranslateAction$$Lambda$3642/0x000000080162a698
12895:             1             16  org.elasticsearch.xpack.sql.analysis.analyzer.PreAnalyzer
12896:             1             16  org.elasticsearch.xpack.sql.analysis.analyzer.Verifier
12897:             1             16  org.elasticsearch.xpack.sql.expression.function.SqlFunctionRegistry$$Lambda$3177/0x0000000800f9a718
12898:             1             16  org.elasticsearch.xpack.sql.expression.function.SqlFunctionRegistry$$Lambda$3180/0x0000000800f9a948
12899:             1             16  org.elasticsearch.xpack.sql.expression.function.SqlFunctionRegistry$$Lambda$3182/0x0000000800f9b2d0
12900:             1             16  org.elasticsearch.xpack.sql.expression.function.SqlFunctionRegistry$$Lambda$3184/0x0000000800f9b8a8
12901:             1             16  org.elasticsearch.xpack.sql.expression.function.SqlFunctionRegistry$$Lambda$3185/0x0000000800f9be98
12902:             1             16  org.elasticsearch.xpack.sql.expression.function.SqlFunctionRegistry$$Lambda$3186/0x0000000800f9c498
12903:             1             16  org.elasticsearch.xpack.sql.expression.function.SqlFunctionRegistry$$Lambda$3187/0x0000000800f9ca98
12904:             1             16  org.elasticsearch.xpack.sql.expression.function.SqlFunctionRegistry$$Lambda$3188/0x0000000800f9d2a8
12905:             1             16  org.elasticsearch.xpack.sql.expression.function.SqlFunctionRegistry$$Lambda$3189/0x0000000800f9d888
12906:             1             16  org.elasticsearch.xpack.sql.expression.function.SqlFunctionRegistry$$Lambda$3190/0x0000000800f9de90
12907:             1             16  org.elasticsearch.xpack.sql.expression.function.SqlFunctionRegistry$$Lambda$3191/0x0000000800f9e488
12908:             1             16  org.elasticsearch.xpack.sql.expression.function.SqlFunctionRegistry$$Lambda$3192/0x0000000800f9ea88
12909:             1             16  org.elasticsearch.xpack.sql.expression.function.SqlFunctionRegistry$$Lambda$3193/0x0000000800f9f498
12910:             1             16  org.elasticsearch.xpack.sql.expression.function.SqlFunctionRegistry$$Lambda$3194/0x0000000800f9faa8
12911:             1             16  org.elasticsearch.xpack.sql.expression.function.SqlFunctionRegistry$$Lambda$3195/0x00000008015d0420
12912:             1             16  org.elasticsearch.xpack.sql.expression.function.SqlFunctionRegistry$$Lambda$3196/0x00000008015d0a30
12913:             1             16  org.elasticsearch.xpack.sql.expression.function.SqlFunctionRegistry$$Lambda$3197/0x00000008015d1040
12914:             1             16  org.elasticsearch.xpack.sql.expression.function.SqlFunctionRegistry$$Lambda$3198/0x00000008015d1628
12915:             1             16  org.elasticsearch.xpack.sql.expression.function.SqlFunctionRegistry$$Lambda$3200/0x00000008015d2390
12916:             1             16  org.elasticsearch.xpack.sql.expression.function.SqlFunctionRegistry$$Lambda$3202/0x00000008015d30e8
12917:             1             16  org.elasticsearch.xpack.sql.expression.function.SqlFunctionRegistry$$Lambda$3203/0x00000008015d36f8
12918:             1             16  org.elasticsearch.xpack.sql.expression.function.SqlFunctionRegistry$$Lambda$3205/0x00000008015d3cf8
12919:             1             16  org.elasticsearch.xpack.sql.expression.function.SqlFunctionRegistry$$Lambda$3206/0x00000008015d4680
12920:             1             16  org.elasticsearch.xpack.sql.expression.function.SqlFunctionRegistry$$Lambda$3207/0x00000008015d4c80
12921:             1             16  org.elasticsearch.xpack.sql.expression.function.SqlFunctionRegistry$$Lambda$3208/0x00000008015d5280
12922:             1             16  org.elasticsearch.xpack.sql.expression.function.SqlFunctionRegistry$$Lambda$3209/0x00000008015d6058
12923:             1             16  org.elasticsearch.xpack.sql.expression.function.SqlFunctionRegistry$$Lambda$3211/0x00000008015d6668
12924:             1             16  org.elasticsearch.xpack.sql.expression.function.SqlFunctionRegistry$$Lambda$3213/0x00000008015d6c78
12925:             1             16  org.elasticsearch.xpack.sql.expression.function.SqlFunctionRegistry$$Lambda$3214/0x00000008015d7aa0
12926:             1             16  org.elasticsearch.xpack.sql.expression.function.SqlFunctionRegistry$$Lambda$3216/0x00000008015e0868
12927:             1             16  org.elasticsearch.xpack.sql.expression.function.SqlFunctionRegistry$$Lambda$3217/0x00000008015e1290
12928:             1             16  org.elasticsearch.xpack.sql.expression.function.SqlFunctionRegistry$$Lambda$3218/0x00000008015e18c0
12929:             1             16  org.elasticsearch.xpack.sql.expression.function.SqlFunctionRegistry$$Lambda$3219/0x00000008015e2a88
12930:             1             16  org.elasticsearch.xpack.sql.expression.function.SqlFunctionRegistry$$Lambda$3221/0x00000008015e3480
12931:             1             16  org.elasticsearch.xpack.sql.expression.function.SqlFunctionRegistry$$Lambda$3222/0x00000008015e4a30
12932:             1             16  org.elasticsearch.xpack.sql.expression.function.SqlFunctionRegistry$$Lambda$3223/0x00000008015e5840
12933:             1             16  org.elasticsearch.xpack.sql.expression.function.SqlFunctionRegistry$$Lambda$3224/0x00000008015e6648
12934:             1             16  org.elasticsearch.xpack.sql.expression.function.SqlFunctionRegistry$$Lambda$3225/0x00000008015e6c88
12935:             1             16  org.elasticsearch.xpack.sql.expression.function.SqlFunctionRegistry$$Lambda$3226/0x00000008015e7670
12936:             1             16  org.elasticsearch.xpack.sql.expression.function.SqlFunctionRegistry$$Lambda$3227/0x00000008015e7cb0
12937:             1             16  org.elasticsearch.xpack.sql.expression.function.SqlFunctionRegistry$$Lambda$3228/0x00000008015e8868
12938:             1             16  org.elasticsearch.xpack.sql.expression.function.SqlFunctionRegistry$$Lambda$3229/0x00000008015e8ea0
12939:             1             16  org.elasticsearch.xpack.sql.expression.function.SqlFunctionRegistry$$Lambda$3230/0x00000008015e94d8
12940:             1             16  org.elasticsearch.xpack.sql.expression.function.SqlFunctionRegistry$$Lambda$3231/0x00000008015e9b10
12941:             1             16  org.elasticsearch.xpack.sql.expression.function.SqlFunctionRegistry$$Lambda$3232/0x00000008015ea148
12942:             1             16  org.elasticsearch.xpack.sql.expression.function.SqlFunctionRegistry$$Lambda$3233/0x00000008015ea770
12943:             1             16  org.elasticsearch.xpack.sql.expression.function.SqlFunctionRegistry$$Lambda$3234/0x00000008015eada8
12944:             1             16  org.elasticsearch.xpack.sql.expression.function.SqlFunctionRegistry$$Lambda$3235/0x00000008015eb3e0
12945:             1             16  org.elasticsearch.xpack.sql.expression.function.SqlFunctionRegistry$$Lambda$3236/0x00000008015eba20
12946:             1             16  org.elasticsearch.xpack.sql.expression.function.SqlFunctionRegistry$$Lambda$3237/0x00000008015ec048
12947:             1             16  org.elasticsearch.xpack.sql.expression.function.SqlFunctionRegistry$$Lambda$3238/0x00000008015ecab0
12948:             1             16  org.elasticsearch.xpack.sql.expression.function.SqlFunctionRegistry$$Lambda$3239/0x00000008015ed0d8
12949:             1             16  org.elasticsearch.xpack.sql.expression.function.SqlFunctionRegistry$$Lambda$3240/0x00000008015edaf0
12950:             1             16  org.elasticsearch.xpack.sql.expression.function.SqlFunctionRegistry$$Lambda$3241/0x00000008015ee120
12951:             1             16  org.elasticsearch.xpack.sql.expression.function.SqlFunctionRegistry$$Lambda$3242/0x00000008015ee750
12952:             1             16  org.elasticsearch.xpack.sql.expression.function.SqlFunctionRegistry$$Lambda$3243/0x00000008015eed80
12953:             1             16  org.elasticsearch.xpack.sql.expression.function.SqlFunctionRegistry$$Lambda$3244/0x00000008015efb50
12954:             1             16  org.elasticsearch.xpack.sql.expression.function.SqlFunctionRegistry$$Lambda$3245/0x00000008015f0440
12955:             1             16  org.elasticsearch.xpack.sql.expression.function.SqlFunctionRegistry$$Lambda$3246/0x00000008015f0a78
12956:             1             16  org.elasticsearch.xpack.sql.expression.function.SqlFunctionRegistry$$Lambda$3247/0x00000008015f10a8
12957:             1             16  org.elasticsearch.xpack.sql.expression.function.SqlFunctionRegistry$$Lambda$3248/0x00000008015f16d8
12958:             1             16  org.elasticsearch.xpack.sql.expression.function.SqlFunctionRegistry$$Lambda$3249/0x00000008015f1d08
12959:             1             16  org.elasticsearch.xpack.sql.expression.function.SqlFunctionRegistry$$Lambda$3250/0x00000008015f2338
12960:             1             16  org.elasticsearch.xpack.sql.expression.function.SqlFunctionRegistry$$Lambda$3251/0x00000008015f2968
12961:             1             16  org.elasticsearch.xpack.sql.expression.function.SqlFunctionRegistry$$Lambda$3253/0x00000008015f2fa8
12962:             1             16  org.elasticsearch.xpack.sql.expression.function.SqlFunctionRegistry$$Lambda$3254/0x00000008015f35d8
12963:             1             16  org.elasticsearch.xpack.sql.expression.function.SqlFunctionRegistry$$Lambda$3255/0x00000008015f3c08
12964:             1             16  org.elasticsearch.xpack.sql.expression.function.SqlFunctionRegistry$$Lambda$3256/0x00000008015f4238
12965:             1             16  org.elasticsearch.xpack.sql.expression.function.SqlFunctionRegistry$$Lambda$3257/0x00000008015f4868
12966:             1             16  org.elasticsearch.xpack.sql.expression.function.SqlFunctionRegistry$$Lambda$3258/0x00000008015f52f0
12967:             1             16  org.elasticsearch.xpack.sql.expression.function.SqlFunctionRegistry$$Lambda$3259/0x00000008015f5910
12968:             1             16  org.elasticsearch.xpack.sql.expression.function.SqlFunctionRegistry$$Lambda$3260/0x00000008015f5f58
12969:             1             16  org.elasticsearch.xpack.sql.expression.function.SqlFunctionRegistry$$Lambda$3261/0x00000008015f6578
12970:             1             16  org.elasticsearch.xpack.sql.expression.function.SqlFunctionRegistry$$Lambda$3262/0x00000008015f6ba8
12971:             1             16  org.elasticsearch.xpack.sql.expression.function.SqlFunctionRegistry$$Lambda$3263/0x00000008015f7970
12972:             1             16  org.elasticsearch.xpack.sql.expression.function.SqlFunctionRegistry$$Lambda$3264/0x00000008015f8040
12973:             1             16  org.elasticsearch.xpack.sql.expression.function.SqlFunctionRegistry$$Lambda$3265/0x00000008015f8670
12974:             1             16  org.elasticsearch.xpack.sql.expression.function.SqlFunctionRegistry$$Lambda$3266/0x00000008015f8ca0
12975:             1             16  org.elasticsearch.xpack.sql.expression.function.SqlFunctionRegistry$$Lambda$3267/0x00000008015f92d0
12976:             1             16  org.elasticsearch.xpack.sql.expression.function.SqlFunctionRegistry$$Lambda$3268/0x00000008015f9900
12977:             1             16  org.elasticsearch.xpack.sql.expression.function.SqlFunctionRegistry$$Lambda$3269/0x00000008015f9f30
12978:             1             16  org.elasticsearch.xpack.sql.expression.function.SqlFunctionRegistry$$Lambda$3270/0x00000008015fa948
12979:             1             16  org.elasticsearch.xpack.sql.expression.function.SqlFunctionRegistry$$Lambda$3271/0x00000008015faf78
12980:             1             16  org.elasticsearch.xpack.sql.expression.function.SqlFunctionRegistry$$Lambda$3272/0x00000008015fb9a0
12981:             1             16  org.elasticsearch.xpack.sql.expression.function.SqlFunctionRegistry$$Lambda$3273/0x00000008015fbfd0
12982:             1             16  org.elasticsearch.xpack.sql.expression.function.SqlFunctionRegistry$$Lambda$3274/0x00000008015fc998
12983:             1             16  org.elasticsearch.xpack.sql.expression.function.SqlFunctionRegistry$$Lambda$3275/0x00000008015fd338
12984:             1             16  org.elasticsearch.xpack.sql.expression.function.SqlFunctionRegistry$$Lambda$3277/0x00000008015fd958
12985:             1             16  org.elasticsearch.xpack.sql.expression.function.SqlFunctionRegistry$$Lambda$3278/0x00000008015feb68
12986:             1             16  org.elasticsearch.xpack.sql.expression.function.SqlFunctionRegistry$$Lambda$3279/0x00000008015ff188
12987:             1             16  org.elasticsearch.xpack.sql.expression.function.SqlFunctionRegistry$$Lambda$3280/0x00000008015ffb30
12988:             1             16  org.elasticsearch.xpack.sql.expression.function.SqlFunctionRegistry$$Lambda$3281/0x0000000801600440
12989:             1             16  org.elasticsearch.xpack.sql.expression.function.SqlFunctionRegistry$$Lambda$3282/0x0000000801600a70
12990:             1             16  org.elasticsearch.xpack.sql.expression.function.SqlFunctionRegistry$$Lambda$3283/0x0000000801601860
12991:             1             16  org.elasticsearch.xpack.sql.expression.function.SqlFunctionRegistry$$Lambda$3284/0x0000000801601ea0
12992:             1             16  org.elasticsearch.xpack.sql.expression.function.SqlFunctionRegistry$$Lambda$3285/0x0000000801602838
12993:             1             16  org.elasticsearch.xpack.sql.expression.function.SqlFunctionRegistry$$Lambda$3286/0x0000000801602e78
12994:             1             16  org.elasticsearch.xpack.sql.expression.function.SqlFunctionRegistry$$Lambda$3287/0x0000000801603498
12995:             1             16  org.elasticsearch.xpack.sql.expression.function.SqlFunctionRegistry$$Lambda$3288/0x0000000801603ac8
12996:             1             16  org.elasticsearch.xpack.sql.expression.function.SqlFunctionRegistry$$Lambda$3289/0x0000000801603cf8
12997:             1             16  org.elasticsearch.xpack.sql.expression.function.SqlFunctionRegistry$$Lambda$3291/0x0000000801604698
12998:             1             16  org.elasticsearch.xpack.sql.expression.function.SqlFunctionRegistry$$Lambda$3292/0x0000000801604cb8
12999:             1             16  org.elasticsearch.xpack.sql.expression.function.SqlFunctionRegistry$$Lambda$3293/0x00000008016052e8
13000:             1             16  org.elasticsearch.xpack.sql.expression.function.SqlFunctionRegistry$$Lambda$3294/0x0000000801605918
13001:             1             16  org.elasticsearch.xpack.sql.expression.function.SqlFunctionRegistry$$Lambda$3296/0x0000000801605f20
13002:             1             16  org.elasticsearch.xpack.sql.expression.function.SqlFunctionRegistry$$Lambda$3297/0x0000000801606528
13003:             1             16  org.elasticsearch.xpack.sql.expression.function.SqlFunctionRegistry$$Lambda$3298/0x0000000801606f40
13004:             1             16  org.elasticsearch.xpack.sql.expression.function.SqlFunctionRegistry$$Lambda$3299/0x0000000801607930
13005:             1             16  org.elasticsearch.xpack.sql.expression.function.SqlFunctionRegistry$$Lambda$3300/0x0000000801608040
13006:             1             16  org.elasticsearch.xpack.sql.expression.function.SqlFunctionRegistry$$Lambda$3301/0x0000000801608670
13007:             1             16  org.elasticsearch.xpack.sql.expression.function.SqlFunctionRegistry$$Lambda$3302/0x0000000801608ca0
13008:             1             16  org.elasticsearch.xpack.sql.expression.function.SqlFunctionRegistry$$Lambda$3303/0x00000008016092d0
13009:             1             16  org.elasticsearch.xpack.sql.expression.function.SqlFunctionRegistry$$Lambda$3304/0x0000000801609900
13010:             1             16  org.elasticsearch.xpack.sql.expression.function.SqlFunctionRegistry$$Lambda$3305/0x0000000801609ed0
13011:             1             16  org.elasticsearch.xpack.sql.plugin.SqlLicenseChecker
13012:             1             16  org.elasticsearch.xpack.sql.plugin.SqlPlugin
13013:             1             16  org.elasticsearch.xpack.sql.plugin.SqlPlugin$$Lambda$1384/0x0000000800f98f48
13014:             1             16  org.elasticsearch.xpack.sql.plugin.SqlPlugin$$Lambda$436/0x0000000800dcdca0
13015:             1             16  org.elasticsearch.xpack.sql.plugin.SqlStatsAction$$Lambda$3644/0x000000080162b4a8
13016:             1             16  org.elasticsearch.xpack.sql.plugin.TransportSqlClearCursorAction$$Lambda$4088/0x000000080162dc70
13017:             1             16  org.elasticsearch.xpack.sql.plugin.TransportSqlQueryAction$$Lambda$4039/0x000000080162da50
13018:             1             16  org.elasticsearch.xpack.sql.plugin.TransportSqlStatsAction$$Lambda$4287/0x000000080162e0b0
13019:             1             16  org.elasticsearch.xpack.sql.plugin.TransportSqlStatsAction$$Lambda$4288/0x000000080162e2d0
13020:             1             16  org.elasticsearch.xpack.sql.plugin.TransportSqlTranslateAction$$Lambda$4197/0x000000080162de90
13021:             1             16  org.elasticsearch.xpack.sql.type.SqlDataTypeRegistry
13022:             1             16  org.elasticsearch.xpack.stack.StackPlugin
13023:             1             16  org.elasticsearch.xpack.transform.Transform$$Lambda$1372/0x0000000800daec80
13024:             1             16  org.elasticsearch.xpack.transform.Transform$$Lambda$3678/0x000000080138b290
13025:             1             16  org.elasticsearch.xpack.transform.Transform$$Lambda$427/0x0000000800daea40
13026:             1             16  org.elasticsearch.xpack.transform.action.TransportDeleteTransformAction$$Lambda$3974/0x000000080138c608
13027:             1             16  org.elasticsearch.xpack.transform.action.TransportGetTransformAction$$Lambda$4267/0x000000080138e678
13028:             1             16  org.elasticsearch.xpack.transform.action.TransportGetTransformStatsAction$$Lambda$4242/0x000000080138d768
13029:             1             16  org.elasticsearch.xpack.transform.action.TransportGetTransformStatsAction$$Lambda$4243/0x000000080138d988
13030:             1             16  org.elasticsearch.xpack.transform.action.TransportGetTransformStatsAction$$Lambda$4244/0x000000080138dba8
13031:             1             16  org.elasticsearch.xpack.transform.action.TransportPreviewTransformAction$$Lambda$4238/0x000000080138d2f8
13032:             1             16  org.elasticsearch.xpack.transform.action.TransportPreviewTransformAction$$Lambda$4239/0x000000080138d518
13033:             1             16  org.elasticsearch.xpack.transform.action.TransportPutTransformAction$$Lambda$3965/0x000000080138c198
13034:             1             16  org.elasticsearch.xpack.transform.action.TransportPutTransformAction$$Lambda$3966/0x000000080138c3b8
13035:             1             16  org.elasticsearch.xpack.transform.action.TransportStartTransformAction$$Lambda$3981/0x000000080138c828
13036:             1             16  org.elasticsearch.xpack.transform.action.TransportStartTransformAction$$Lambda$3982/0x000000080138ca48
13037:             1             16  org.elasticsearch.xpack.transform.action.TransportStopTransformAction$$Lambda$4115/0x000000080138cc98
13038:             1             16  org.elasticsearch.xpack.transform.action.TransportStopTransformAction$$Lambda$4116/0x000000080138ceb8
13039:             1             16  org.elasticsearch.xpack.transform.action.TransportStopTransformAction$$Lambda$4117/0x000000080138d0d8
13040:             1             16  org.elasticsearch.xpack.transform.action.TransportUpdateTransformAction$$Lambda$4247/0x000000080138ddc8
13041:             1             16  org.elasticsearch.xpack.transform.action.TransportUpdateTransformAction$$Lambda$4248/0x000000080138dfe8
13042:             1             16  org.elasticsearch.xpack.transform.action.TransportUpdateTransformAction$$Lambda$4249/0x000000080138e208
13043:             1             16  org.elasticsearch.xpack.transform.action.TransportUpdateTransformAction$$Lambda$4250/0x000000080138e428
13044:             1             16  org.elasticsearch.xpack.transform.notifications.TransformAuditor$$Lambda$2942/0x0000000801327580
13045:             1             16  org.elasticsearch.xpack.transform.notifications.TransformAuditor$$Lambda$2943/0x0000000801326840
13046:             1             16  org.elasticsearch.xpack.transform.transforms.TransformPersistentTasksExecutor$$Lambda$3820/0x000000080138bcf0
13047:             1             16  org.elasticsearch.xpack.unsignedlong.UnsignedLongFieldMapper$$Lambda$1600/0x0000000801129a98
13048:             1             16  org.elasticsearch.xpack.unsignedlong.UnsignedLongMapperPlugin
13049:             1             16  org.elasticsearch.xpack.vectors.Vectors
13050:             1             16  org.elasticsearch.xpack.vectors.Vectors$$Lambda$1364/0x0000000800fa1520
13051:             1             16  org.elasticsearch.xpack.vectors.mapper.DenseVectorFieldMapper$$Lambda$1590/0x0000000800fa2010
13052:             1             16  org.elasticsearch.xpack.vectors.mapper.SparseVectorFieldMapper$$Lambda$1591/0x0000000800fa2b08
13053:             1             16  org.elasticsearch.xpack.versionfield.VersionFieldPlugin
13054:             1             16  org.elasticsearch.xpack.versionfield.VersionFieldPlugin$$Lambda$2600/0x00000008012c8040
13055:             1             16  org.elasticsearch.xpack.versionfield.VersionStringFieldMapper$$Lambda$1599/0x00000008010bba88
13056:             1             16  org.elasticsearch.xpack.versionfield.VersionStringFieldMapper$1
13057:             1             16  org.elasticsearch.xpack.watcher.Watcher$$Lambda$3154/0x0000000801596e68
13058:             1             16  org.elasticsearch.xpack.watcher.Watcher$$Lambda$3155/0x0000000801597088
13059:             1             16  org.elasticsearch.xpack.watcher.Watcher$$Lambda$3156/0x0000000801597828
13060:             1             16  org.elasticsearch.xpack.watcher.Watcher$$Lambda$3157/0x0000000801597d08
13061:             1             16  org.elasticsearch.xpack.watcher.Watcher$$Lambda$3158/0x0000000801598040
13062:             1             16  org.elasticsearch.xpack.watcher.Watcher$$Lambda$3161/0x00000008015b5728
13063:             1             16  org.elasticsearch.xpack.watcher.Watcher$$Lambda$3167/0x00000008015b5dd0
13064:             1             16  org.elasticsearch.xpack.watcher.Watcher$$Lambda$3680/0x00000008015c3e30
13065:             1             16  org.elasticsearch.xpack.watcher.Watcher$$Lambda$4570/0x0000000801860898
13066:             1             16  org.elasticsearch.xpack.watcher.Watcher$1
13067:             1             16  org.elasticsearch.xpack.watcher.WatcherLifeCycleService$$Lambda$3169/0x00000008015c27e0
13068:             1             16  org.elasticsearch.xpack.watcher.WatcherLifeCycleService$1
13069:             1             16  org.elasticsearch.xpack.watcher.common.http.HttpClient$$Lambda$3100/0x0000000800f16d30
13070:             1             16  org.elasticsearch.xpack.watcher.common.http.HttpClient$$Lambda$3103/0x0000000800f171c0
13071:             1             16  org.elasticsearch.xpack.watcher.common.http.HttpSettings$$Lambda$831/0x0000000800f11a78
13072:             1             16  org.elasticsearch.xpack.watcher.common.text.TextTemplateEngine
13073:             1             16  org.elasticsearch.xpack.watcher.condition.InternalAlwaysCondition
13074:             1             16  org.elasticsearch.xpack.watcher.execution.AsyncTriggerEventConsumer
13075:             1             16  org.elasticsearch.xpack.watcher.execution.InternalWatchExecutor
13076:             1             16  org.elasticsearch.xpack.watcher.execution.TriggeredWatch$Parser
13077:             1             16  org.elasticsearch.xpack.watcher.input.InputRegistry
13078:             1             16  org.elasticsearch.xpack.watcher.input.chain.ChainInputFactory
13079:             1             16  org.elasticsearch.xpack.watcher.input.none.ExecutableNoneInput
13080:             1             16  org.elasticsearch.xpack.watcher.input.none.NoneInputFactory
13081:             1             16  org.elasticsearch.xpack.watcher.input.simple.SimpleInputFactory
13082:             1             16  org.elasticsearch.xpack.watcher.input.transform.TransformInputFactory
13083:             1             16  org.elasticsearch.xpack.watcher.notification.NotificationService$$Lambda$3138/0x0000000801594260
13084:             1             16  org.elasticsearch.xpack.watcher.notification.email.Account$$Lambda$3099/0x0000000800f15220
13085:             1             16  org.elasticsearch.xpack.watcher.notification.email.EmailService$$Lambda$3105/0x0000000800f17620
13086:             1             16  org.elasticsearch.xpack.watcher.notification.email.EmailService$$Lambda$3106/0x0000000800f17850
13087:             1             16  org.elasticsearch.xpack.watcher.notification.email.EmailService$$Lambda$3107/0x0000000800f17a80
13088:             1             16  org.elasticsearch.xpack.watcher.notification.email.EmailService$$Lambda$3108/0x0000000800f17cb0
13089:             1             16  org.elasticsearch.xpack.watcher.notification.email.EmailService$$Lambda$3109/0x0000000801590040
13090:             1             16  org.elasticsearch.xpack.watcher.notification.email.EmailService$$Lambda$3110/0x0000000801590270
13091:             1             16  org.elasticsearch.xpack.watcher.notification.email.EmailService$$Lambda$3111/0x00000008015904a0
13092:             1             16  org.elasticsearch.xpack.watcher.notification.email.EmailService$$Lambda$3112/0x00000008015906d0
13093:             1             16  org.elasticsearch.xpack.watcher.notification.email.EmailService$$Lambda$3113/0x0000000801590900
13094:             1             16  org.elasticsearch.xpack.watcher.notification.email.EmailService$$Lambda$3114/0x0000000801590b30
13095:             1             16  org.elasticsearch.xpack.watcher.notification.email.EmailService$$Lambda$3115/0x0000000801590d60
13096:             1             16  org.elasticsearch.xpack.watcher.notification.email.EmailService$$Lambda$3116/0x0000000801590f90
13097:             1             16  org.elasticsearch.xpack.watcher.notification.email.EmailService$$Lambda$3117/0x00000008015911c0
13098:             1             16  org.elasticsearch.xpack.watcher.notification.email.EmailService$$Lambda$3118/0x00000008015913f0
13099:             1             16  org.elasticsearch.xpack.watcher.notification.email.EmailService$$Lambda$3119/0x0000000801591620
13100:             1             16  org.elasticsearch.xpack.watcher.notification.email.EmailService$$Lambda$3120/0x0000000801591850
13101:             1             16  org.elasticsearch.xpack.watcher.notification.email.EmailService$$Lambda$3121/0x0000000801591a80
13102:             1             16  org.elasticsearch.xpack.watcher.notification.email.EmailService$$Lambda$3122/0x0000000801591cb0
13103:             1             16  org.elasticsearch.xpack.watcher.notification.email.EmailService$$Lambda$3123/0x0000000801591ee0
13104:             1             16  org.elasticsearch.xpack.watcher.notification.email.EmailService$$Lambda$3124/0x0000000801592110
13105:             1             16  org.elasticsearch.xpack.watcher.notification.email.EmailService$$Lambda$3125/0x0000000801592340
13106:             1             16  org.elasticsearch.xpack.watcher.notification.email.EmailService$$Lambda$3126/0x0000000801592570
13107:             1             16  org.elasticsearch.xpack.watcher.notification.email.EmailService$$Lambda$3127/0x00000008015927a0
13108:             1             16  org.elasticsearch.xpack.watcher.notification.email.EmailService$$Lambda$3128/0x00000008015929d0
13109:             1             16  org.elasticsearch.xpack.watcher.notification.email.EmailService$$Lambda$3129/0x0000000801592c00
13110:             1             16  org.elasticsearch.xpack.watcher.notification.email.EmailService$$Lambda$3130/0x0000000801592e30
13111:             1             16  org.elasticsearch.xpack.watcher.notification.email.EmailService$$Lambda$3131/0x0000000801593060
13112:             1             16  org.elasticsearch.xpack.watcher.notification.email.EmailService$$Lambda$3132/0x0000000801593290
13113:             1             16  org.elasticsearch.xpack.watcher.notification.email.EmailService$$Lambda$3133/0x00000008015934c0
13114:             1             16  org.elasticsearch.xpack.watcher.notification.email.EmailService$$Lambda$3134/0x00000008015936f0
13115:             1             16  org.elasticsearch.xpack.watcher.notification.email.EmailService$$Lambda$3135/0x0000000801593920
13116:             1             16  org.elasticsearch.xpack.watcher.notification.email.EmailService$$Lambda$3136/0x0000000801593b50
13117:             1             16  org.elasticsearch.xpack.watcher.notification.email.EmailService$$Lambda$3137/0x0000000801593d80
13118:             1             16  org.elasticsearch.xpack.watcher.notification.email.EmailService$$Lambda$793/0x0000000800f09630
13119:             1             16  org.elasticsearch.xpack.watcher.notification.email.EmailService$$Lambda$794/0x0000000800f09870
13120:             1             16  org.elasticsearch.xpack.watcher.notification.email.EmailService$$Lambda$795/0x0000000800f09ab0
13121:             1             16  org.elasticsearch.xpack.watcher.notification.email.EmailService$$Lambda$796/0x0000000800f09cf0
13122:             1             16  org.elasticsearch.xpack.watcher.notification.email.EmailService$$Lambda$797/0x0000000800f09f30
13123:             1             16  org.elasticsearch.xpack.watcher.notification.email.EmailService$$Lambda$798/0x0000000800f0a170
13124:             1             16  org.elasticsearch.xpack.watcher.notification.email.EmailService$$Lambda$799/0x0000000800f0a3b0
13125:             1             16  org.elasticsearch.xpack.watcher.notification.email.EmailService$$Lambda$800/0x0000000800f0a5f0
13126:             1             16  org.elasticsearch.xpack.watcher.notification.email.EmailService$$Lambda$801/0x0000000800f0a830
13127:             1             16  org.elasticsearch.xpack.watcher.notification.email.EmailService$$Lambda$802/0x0000000800f0aa70
13128:             1             16  org.elasticsearch.xpack.watcher.notification.email.EmailService$$Lambda$803/0x0000000800f0acb0
13129:             1             16  org.elasticsearch.xpack.watcher.notification.email.EmailService$$Lambda$804/0x0000000800f0aef0
13130:             1             16  org.elasticsearch.xpack.watcher.notification.email.EmailService$$Lambda$805/0x0000000800f0b130
13131:             1             16  org.elasticsearch.xpack.watcher.notification.email.EmailService$$Lambda$806/0x0000000800f0b370
13132:             1             16  org.elasticsearch.xpack.watcher.notification.email.EmailService$$Lambda$807/0x0000000800f0b5b0
13133:             1             16  org.elasticsearch.xpack.watcher.notification.email.EmailService$$Lambda$808/0x0000000800f0b7f0
13134:             1             16  org.elasticsearch.xpack.watcher.notification.email.EmailService$$Lambda$809/0x0000000800f0ba30
13135:             1             16  org.elasticsearch.xpack.watcher.notification.email.HtmlSanitizer$$Lambda$3160/0x00000008015b18b8
13136:             1             16  org.elasticsearch.xpack.watcher.notification.email.HtmlSanitizer$EmbeddedImgOnlyPolicy
13137:             1             16  org.elasticsearch.xpack.watcher.notification.email.attachment.DataAttachmentParser
13138:             1             16  org.elasticsearch.xpack.watcher.notification.email.attachment.EmailAttachmentsParser
13139:             1             16  org.elasticsearch.xpack.watcher.notification.email.attachment.ReportingAttachmentParser$$Lambda$3151/0x00000008015965a0
13140:             1             16  org.elasticsearch.xpack.watcher.notification.email.attachment.ReportingAttachmentParser$$Lambda$3152/0x00000008015967d8
13141:             1             16  org.elasticsearch.xpack.watcher.notification.email.attachment.ReportingAttachmentParser$$Lambda$3153/0x0000000801596a10
13142:             1             16  org.elasticsearch.xpack.watcher.notification.email.attachment.ReportingAttachmentParser$$Lambda$817/0x0000000800f0eb70
13143:             1             16  org.elasticsearch.xpack.watcher.notification.email.attachment.ReportingAttachmentParser$$Lambda$819/0x0000000800f0eff8
13144:             1             16  org.elasticsearch.xpack.watcher.notification.email.attachment.ReportingAttachmentParser$$Lambda$820/0x0000000800f0f4f8
13145:             1             16  org.elasticsearch.xpack.watcher.notification.email.attachment.ReportingAttachmentParser$$Lambda$821/0x0000000800f0f728
13146:             1             16  org.elasticsearch.xpack.watcher.notification.email.attachment.ReportingAttachmentParser$$Lambda$822/0x0000000800f0f958
13147:             1             16  org.elasticsearch.xpack.watcher.notification.email.attachment.ReportingAttachmentParser$$Lambda$823/0x0000000800f10040
13148:             1             16  org.elasticsearch.xpack.watcher.notification.email.attachment.ReportingAttachmentParser$$Lambda$824/0x0000000800f10488
13149:             1             16  org.elasticsearch.xpack.watcher.notification.email.attachment.ReportingAttachmentParser$$Lambda$825/0x0000000800f106b8
13150:             1             16  org.elasticsearch.xpack.watcher.notification.email.attachment.ReportingAttachmentParser$$Lambda$827/0x0000000800f10b50
13151:             1             16  org.elasticsearch.xpack.watcher.notification.email.attachment.ReportingAttachmentParser$$Lambda$828/0x0000000800f10d80
13152:             1             16  org.elasticsearch.xpack.watcher.notification.email.attachment.ReportingAttachmentParser$$Lambda$829/0x0000000800f10fb0
13153:             1             16  org.elasticsearch.xpack.watcher.notification.email.attachment.ReportingAttachmentParser$$Lambda$830/0x0000000800f113f0
13154:             1             16  org.elasticsearch.xpack.watcher.notification.email.support.BodyPartSource$$Lambda$3098/0x0000000800f12330
13155:             1             16  org.elasticsearch.xpack.watcher.notification.jira.JiraService$$Lambda$3140/0x00000008015946c0
13156:             1             16  org.elasticsearch.xpack.watcher.notification.jira.JiraService$$Lambda$3141/0x00000008015948f0
13157:             1             16  org.elasticsearch.xpack.watcher.notification.jira.JiraService$$Lambda$3142/0x0000000801594b20
13158:             1             16  org.elasticsearch.xpack.watcher.notification.jira.JiraService$$Lambda$3143/0x0000000801594d50
13159:             1             16  org.elasticsearch.xpack.watcher.notification.jira.JiraService$$Lambda$3144/0x0000000801594f80
13160:             1             16  org.elasticsearch.xpack.watcher.notification.jira.JiraService$$Lambda$810/0x0000000800f0cb28
13161:             1             16  org.elasticsearch.xpack.watcher.notification.jira.JiraService$$Lambda$811/0x0000000800f0cd68
13162:             1             16  org.elasticsearch.xpack.watcher.notification.jira.JiraService$$Lambda$812/0x0000000800f0cfa8
13163:             1             16  org.elasticsearch.xpack.watcher.notification.jira.JiraService$$Lambda$813/0x0000000800f0d1e8
13164:             1             16  org.elasticsearch.xpack.watcher.notification.jira.JiraService$$Lambda$814/0x0000000800f0d428
13165:             1             16  org.elasticsearch.xpack.watcher.notification.pagerduty.PagerDutyService$$Lambda$3148/0x0000000801595840
13166:             1             16  org.elasticsearch.xpack.watcher.notification.pagerduty.PagerDutyService$$Lambda$3149/0x0000000801595a70
13167:             1             16  org.elasticsearch.xpack.watcher.notification.pagerduty.PagerDutyService$$Lambda$3150/0x0000000801595ca0
13168:             1             16  org.elasticsearch.xpack.watcher.notification.pagerduty.PagerDutyService$$Lambda$815/0x0000000800f0d8a0
13169:             1             16  org.elasticsearch.xpack.watcher.notification.pagerduty.PagerDutyService$$Lambda$816/0x0000000800f0dae0
13170:             1             16  org.elasticsearch.xpack.watcher.notification.slack.SlackService$$Lambda$3145/0x00000008015951b0
13171:             1             16  org.elasticsearch.xpack.watcher.notification.slack.SlackService$$Lambda$3146/0x00000008015953e0
13172:             1             16  org.elasticsearch.xpack.watcher.notification.slack.SlackService$$Lambda$3147/0x0000000801595610
13173:             1             16  org.elasticsearch.xpack.watcher.notification.slack.SlackService$$Lambda$791/0x0000000800f08d00
13174:             1             16  org.elasticsearch.xpack.watcher.notification.slack.SlackService$$Lambda$792/0x0000000800f08f40
13175:             1             16  org.elasticsearch.xpack.watcher.transport.actions.ack.TransportAckWatchAction$$Lambda$4125/0x00000008015c5680
13176:             1             16  org.elasticsearch.xpack.watcher.transport.actions.activate.TransportActivateWatchAction$$Lambda$4175/0x00000008015c5f00
13177:             1             16  org.elasticsearch.xpack.watcher.transport.actions.delete.TransportDeleteWatchAction$$Lambda$4107/0x00000008015c5460
13178:             1             16  org.elasticsearch.xpack.watcher.transport.actions.execute.TransportExecuteWatchAction$$Lambda$4164/0x00000008015c58a0
13179:             1             16  org.elasticsearch.xpack.watcher.transport.actions.get.TransportGetWatchAction$$Lambda$4192/0x00000008015c6120
13180:             1             16  org.elasticsearch.xpack.watcher.transport.actions.put.TransportPutWatchAction$$Lambda$4013/0x00000008015c5240
13181:             1             16  org.elasticsearch.xpack.watcher.transport.actions.service.TransportWatcherServiceAction$$Lambda$4282/0x00000008015c6340
13182:             1             16  org.elasticsearch.xpack.watcher.transport.actions.service.TransportWatcherServiceAction$1
13183:             1             16  org.elasticsearch.xpack.watcher.transport.actions.stats.TransportWatcherStatsAction$$Lambda$4173/0x00000008015c5ac0
13184:             1             16  org.elasticsearch.xpack.watcher.transport.actions.stats.TransportWatcherStatsAction$$Lambda$4174/0x00000008015c5ce0
13185:             1             16  org.elasticsearch.xpack.watcher.trigger.TriggerService$GroupedConsumer
13186:             1             16  org.elasticsearch.xpack.watcher.trigger.manual.ManualTriggerEngine
13187:             1             16  org.elasticsearch.xpack.watcher.trigger.schedule.CronSchedule$Parser
13188:             1             16  org.elasticsearch.xpack.watcher.trigger.schedule.DailySchedule$Parser
13189:             1             16  org.elasticsearch.xpack.watcher.trigger.schedule.HourlySchedule$Parser
13190:             1             16  org.elasticsearch.xpack.watcher.trigger.schedule.IntervalSchedule$Parser
13191:             1             16  org.elasticsearch.xpack.watcher.trigger.schedule.MonthlySchedule$Parser
13192:             1             16  org.elasticsearch.xpack.watcher.trigger.schedule.ScheduleRegistry
13193:             1             16  org.elasticsearch.xpack.watcher.trigger.schedule.WeeklySchedule$Parser
13194:             1             16  org.elasticsearch.xpack.watcher.trigger.schedule.YearlySchedule$Parser
13195:             1             16  org.elasticsearch.xpack.wildcard.Wildcard
13196:             1             16  org.elasticsearch.xpack.wildcard.mapper.WildcardFieldMapper$TypeParser
13197:             1             16  org.jcodings.ObjPtr
13198:             1             16  org.joda.time.DateTimeUtils$SystemMillisProvider
13199:             1             16  org.joda.time.UTCDateTimeZone
13200:             1             16  org.joda.time.field.MillisDurationField
13201:             1             16  org.joda.time.field.UnsupportedDurationField
13202:             1             16  org.joni.MatcherFactory$1
13203:             1             16  org.joni.Search$1
13204:             1             16  org.joni.Search$10
13205:             1             16  org.joni.Search$11
13206:             1             16  org.joni.Search$12
13207:             1             16  org.joni.Search$13
13208:             1             16  org.joni.Search$14
13209:             1             16  org.joni.Search$15
13210:             1             16  org.joni.Search$16
13211:             1             16  org.joni.Search$17
13212:             1             16  org.joni.Search$2
13213:             1             16  org.joni.Search$3
13214:             1             16  org.joni.Search$4
13215:             1             16  org.joni.Search$5
13216:             1             16  org.joni.Search$6
13217:             1             16  org.joni.Search$7
13218:             1             16  org.joni.Search$8
13219:             1             16  org.joni.Search$9
13220:             1             16  org.joni.WarnCallback$1
13221:             1             16  org.joni.WarnCallback$2
13222:             1             16  org.locationtech.jts.geom.impl.CoordinateArraySequenceFactory
13223:             1             16  org.locationtech.spatial4j.io.BinaryCodec
13224:             1             16  org.locationtech.spatial4j.io.GeoJSONWriter
13225:             1             16  org.locationtech.spatial4j.io.PolyshapeWriter
13226:             1             16  org.locationtech.spatial4j.io.WKTWriter
13227:             1             16  org.locationtech.spatial4j.io.jts.JtsGeoJSONWriter
13228:             1             16  org.locationtech.spatial4j.io.jts.JtsPolyshapeWriter
13229:             1             16  org.locationtech.spatial4j.io.jts.JtsWKTWriter
13230:             1             16  org.opensaml.core.config.provider.MapBasedConfiguration
13231:             1             16  org.opensaml.core.metrics.impl.DisabledCounter
13232:             1             16  org.opensaml.core.xml.schema.impl.XSBase64BinaryBuilder
13233:             1             16  org.opensaml.core.xml.schema.impl.XSBooleanBuilder
13234:             1             16  org.opensaml.core.xml.schema.impl.XSDateTimeBuilder
13235:             1             16  org.opensaml.core.xml.schema.impl.XSIntegerBuilder
13236:             1             16  org.opensaml.core.xml.schema.impl.XSQNameBuilder
13237:             1             16  org.opensaml.core.xml.schema.impl.XSStringBuilder
13238:             1             16  org.opensaml.core.xml.schema.impl.XSURIBuilder
13239:             1             16  org.opensaml.saml.config.SAMLConfiguration$LowercaseFunction
13240:             1             16  org.opensaml.saml.ext.idpdisco.impl.DiscoveryResponseBuilder
13241:             1             16  org.opensaml.saml.ext.reqattr.impl.RequestedAttributesBuilder
13242:             1             16  org.opensaml.saml.ext.saml1md.impl.SourceIDBuilder
13243:             1             16  org.opensaml.saml.ext.saml2delrestrict.impl.DelegationRestrictionTypeBuilder
13244:             1             16  org.opensaml.saml.ext.saml2mdquery.impl.ActionNamespaceBuilder
13245:             1             16  org.opensaml.saml.ext.saml2mdquery.impl.AttributeQueryDescriptorTypeBuilder
13246:             1             16  org.opensaml.saml.ext.saml2mdquery.impl.AuthnQueryDescriptorTypeBuilder
13247:             1             16  org.opensaml.saml.ext.saml2mdquery.impl.AuthzDecisionQueryDescriptorTypeBuilder
13248:             1             16  org.opensaml.saml.ext.saml2mdreqinit.impl.RequestInitiatorBuilder
13249:             1             16  org.opensaml.saml.ext.saml2mdrpi.impl.RegistrationPolicyBuilder
13250:             1             16  org.opensaml.saml.ext.saml2mdrpi.impl.UsagePolicyBuilder
13251:             1             16  org.opensaml.saml.ext.saml2mdui.impl.DescriptionBuilder
13252:             1             16  org.opensaml.saml.ext.saml2mdui.impl.DisplayNameBuilder
13253:             1             16  org.opensaml.saml.ext.saml2mdui.impl.DomainHintBuilder
13254:             1             16  org.opensaml.saml.ext.saml2mdui.impl.GeolocationHintBuilder
13255:             1             16  org.opensaml.saml.ext.saml2mdui.impl.IPHintBuilder
13256:             1             16  org.opensaml.saml.ext.saml2mdui.impl.InformationURLBuilder
13257:             1             16  org.opensaml.saml.ext.saml2mdui.impl.PrivacyStatementURLBuilder
13258:             1             16  org.opensaml.saml.ext.samlec.impl.EncTypeBuilder
13259:             1             16  org.opensaml.saml.ext.samlpthrpty.impl.RespondToBuilder
13260:             1             16  org.opensaml.saml.metadata.resolver.index.impl.MetadataIndexManager$IdentityExtractionFunction
13261:             1             16  org.opensaml.saml.saml1.binding.artifact.SAML1ArtifactBuilderFactory
13262:             1             16  org.opensaml.saml.saml1.binding.artifact.SAML1ArtifactType0001Builder
13263:             1             16  org.opensaml.saml.saml1.binding.artifact.SAML1ArtifactType0002Builder
13264:             1             16  org.opensaml.saml.saml1.core.impl.AssertionArtifactBuilder
13265:             1             16  org.opensaml.saml.saml1.core.impl.AssertionIDReferenceBuilder
13266:             1             16  org.opensaml.saml.saml1.core.impl.AudienceBuilder
13267:             1             16  org.opensaml.saml.saml1.core.impl.ConfirmationMethodBuilder
13268:             1             16  org.opensaml.saml.saml1.core.impl.RequestBuilder
13269:             1             16  org.opensaml.saml.saml1.core.impl.RespondWithBuilder
13270:             1             16  org.opensaml.saml.saml1.core.impl.ResponseBuilder
13271:             1             16  org.opensaml.saml.saml1.core.impl.StatusMessageBuilder
13272:             1             16  org.opensaml.saml.saml2.binding.artifact.SAML2ArtifactBuilderFactory
13273:             1             16  org.opensaml.saml.saml2.binding.artifact.SAML2ArtifactType0004Builder
13274:             1             16  org.opensaml.saml.saml2.common.IsTimeboundSAMLObjectValidPredicate
13275:             1             16  org.opensaml.saml.saml2.core.impl.ArtifactBuilder
13276:             1             16  org.opensaml.saml.saml2.core.impl.AssertionIDRefBuilder
13277:             1             16  org.opensaml.saml.saml2.core.impl.AssertionURIRefBuilder
13278:             1             16  org.opensaml.saml.saml2.core.impl.AudienceBuilder
13279:             1             16  org.opensaml.saml.saml2.core.impl.AuthenticatingAuthorityBuilder
13280:             1             16  org.opensaml.saml.saml2.core.impl.AuthnContextClassRefBuilder
13281:             1             16  org.opensaml.saml.saml2.core.impl.AuthnContextDeclBuilder
13282:             1             16  org.opensaml.saml.saml2.core.impl.AuthnContextDeclRefBuilder
13283:             1             16  org.opensaml.saml.saml2.core.impl.EncryptedAssertionBuilder
13284:             1             16  org.opensaml.saml.saml2.core.impl.EncryptedAttributeBuilder
13285:             1             16  org.opensaml.saml.saml2.core.impl.EncryptedIDBuilder
13286:             1             16  org.opensaml.saml.saml2.core.impl.GetCompleteBuilder
13287:             1             16  org.opensaml.saml.saml2.core.impl.IssuerBuilder
13288:             1             16  org.opensaml.saml.saml2.core.impl.KeyInfoConfirmationDataTypeBuilder
13289:             1             16  org.opensaml.saml.saml2.core.impl.NewEncryptedIDBuilder
13290:             1             16  org.opensaml.saml.saml2.core.impl.NewIDBuilder
13291:             1             16  org.opensaml.saml.saml2.core.impl.RequesterIDBuilder
13292:             1             16  org.opensaml.saml.saml2.core.impl.ResponseBuilder
13293:             1             16  org.opensaml.saml.saml2.core.impl.SessionIndexBuilder
13294:             1             16  org.opensaml.saml.saml2.core.impl.StatusMessageBuilder
13295:             1             16  org.opensaml.saml.saml2.metadata.impl.AffiliateMemberBuilder
13296:             1             16  org.opensaml.saml.saml2.metadata.impl.ArtifactResolutionServiceBuilder
13297:             1             16  org.opensaml.saml.saml2.metadata.impl.AssertionConsumerServiceBuilder
13298:             1             16  org.opensaml.saml.saml2.metadata.impl.AssertionIDRequestServiceBuilder
13299:             1             16  org.opensaml.saml.saml2.metadata.impl.AttributeProfileBuilder
13300:             1             16  org.opensaml.saml.saml2.metadata.impl.AttributeServiceBuilder
13301:             1             16  org.opensaml.saml.saml2.metadata.impl.AuthnQueryServiceBuilder
13302:             1             16  org.opensaml.saml.saml2.metadata.impl.AuthzServiceBuilder
13303:             1             16  org.opensaml.saml.saml2.metadata.impl.CompanyBuilder
13304:             1             16  org.opensaml.saml.saml2.metadata.impl.EmailAddressBuilder
13305:             1             16  org.opensaml.saml.saml2.metadata.impl.EncryptionMethodBuilder
13306:             1             16  org.opensaml.saml.saml2.metadata.impl.GivenNameBuilder
13307:             1             16  org.opensaml.saml.saml2.metadata.impl.ManageNameIDServiceBuilder
13308:             1             16  org.opensaml.saml.saml2.metadata.impl.NameIDFormatBuilder
13309:             1             16  org.opensaml.saml.saml2.metadata.impl.NameIDMappingServiceBuilder
13310:             1             16  org.opensaml.saml.saml2.metadata.impl.OrganizationDisplayNameBuilder
13311:             1             16  org.opensaml.saml.saml2.metadata.impl.OrganizationNameBuilder
13312:             1             16  org.opensaml.saml.saml2.metadata.impl.OrganizationURLBuilder
13313:             1             16  org.opensaml.saml.saml2.metadata.impl.ServiceDescriptionBuilder
13314:             1             16  org.opensaml.saml.saml2.metadata.impl.ServiceNameBuilder
13315:             1             16  org.opensaml.saml.saml2.metadata.impl.SingleLogoutServiceBuilder
13316:             1             16  org.opensaml.saml.saml2.metadata.impl.SingleSignOnServiceBuilder
13317:             1             16  org.opensaml.saml.saml2.metadata.impl.SurNameBuilder
13318:             1             16  org.opensaml.saml.saml2.metadata.impl.TelephoneNumberBuilder
13319:             1             16  org.opensaml.soap.soap11.impl.BodyBuilder
13320:             1             16  org.opensaml.soap.soap11.impl.DetailBuilder
13321:             1             16  org.opensaml.soap.soap11.impl.EnvelopeBuilder
13322:             1             16  org.opensaml.soap.soap11.impl.FaultActorBuilder
13323:             1             16  org.opensaml.soap.soap11.impl.FaultBuilder
13324:             1             16  org.opensaml.soap.soap11.impl.FaultCodeBuilder
13325:             1             16  org.opensaml.soap.soap11.impl.FaultStringBuilder
13326:             1             16  org.opensaml.soap.soap11.impl.HeaderBuilder
13327:             1             16  org.opensaml.soap.wsaddressing.impl.ActionBuilder
13328:             1             16  org.opensaml.soap.wsaddressing.impl.AddressBuilder
13329:             1             16  org.opensaml.soap.wsaddressing.impl.EndpointReferenceBuilder
13330:             1             16  org.opensaml.soap.wsaddressing.impl.FaultToBuilder
13331:             1             16  org.opensaml.soap.wsaddressing.impl.FromBuilder
13332:             1             16  org.opensaml.soap.wsaddressing.impl.MessageIDBuilder
13333:             1             16  org.opensaml.soap.wsaddressing.impl.MetadataBuilder
13334:             1             16  org.opensaml.soap.wsaddressing.impl.ProblemActionBuilder
13335:             1             16  org.opensaml.soap.wsaddressing.impl.ProblemHeaderQNameBuilder
13336:             1             16  org.opensaml.soap.wsaddressing.impl.ProblemIRIBuilder
13337:             1             16  org.opensaml.soap.wsaddressing.impl.ReferenceParametersBuilder
13338:             1             16  org.opensaml.soap.wsaddressing.impl.RelatesToBuilder
13339:             1             16  org.opensaml.soap.wsaddressing.impl.ReplyToBuilder
13340:             1             16  org.opensaml.soap.wsaddressing.impl.RetryAfterBuilder
13341:             1             16  org.opensaml.soap.wsaddressing.impl.SoapActionBuilder
13342:             1             16  org.opensaml.soap.wsaddressing.impl.ToBuilder
13343:             1             16  org.opensaml.soap.wsfed.impl.AddressBuilder
13344:             1             16  org.opensaml.soap.wsfed.impl.EndPointReferenceBuilder
13345:             1             16  org.opensaml.soap.wsfed.impl.RequestSecurityTokenResponseBuilder
13346:             1             16  org.opensaml.soap.wsfed.impl.RequestedSecurityTokenBuilder
13347:             1             16  org.opensaml.soap.wspolicy.impl.AllBuilder
13348:             1             16  org.opensaml.soap.wspolicy.impl.AppliesToBuilder
13349:             1             16  org.opensaml.soap.wspolicy.impl.ExactlyOneBuilder
13350:             1             16  org.opensaml.soap.wspolicy.impl.PolicyAttachmentBuilder
13351:             1             16  org.opensaml.soap.wspolicy.impl.PolicyBuilder
13352:             1             16  org.opensaml.soap.wspolicy.impl.PolicyReferenceBuilder
13353:             1             16  org.opensaml.soap.wssecurity.impl.BinarySecurityTokenBuilder
13354:             1             16  org.opensaml.soap.wssecurity.impl.CreatedBuilder
13355:             1             16  org.opensaml.soap.wssecurity.impl.EmbeddedBuilder
13356:             1             16  org.opensaml.soap.wssecurity.impl.EncryptedHeaderBuilder
13357:             1             16  org.opensaml.soap.wssecurity.impl.ExpiresBuilder
13358:             1             16  org.opensaml.soap.wssecurity.impl.IterationBuilder
13359:             1             16  org.opensaml.soap.wssecurity.impl.KeyIdentifierBuilder
13360:             1             16  org.opensaml.soap.wssecurity.impl.NonceBuilder
13361:             1             16  org.opensaml.soap.wssecurity.impl.PasswordBuilder
13362:             1             16  org.opensaml.soap.wssecurity.impl.ReferenceBuilder
13363:             1             16  org.opensaml.soap.wssecurity.impl.SaltBuilder
13364:             1             16  org.opensaml.soap.wssecurity.impl.SecurityBuilder
13365:             1             16  org.opensaml.soap.wssecurity.impl.SecurityTokenReferenceBuilder
13366:             1             16  org.opensaml.soap.wssecurity.impl.SignatureConfirmationBuilder
13367:             1             16  org.opensaml.soap.wssecurity.impl.TimestampBuilder
13368:             1             16  org.opensaml.soap.wssecurity.impl.TransformationParametersBuilder
13369:             1             16  org.opensaml.soap.wssecurity.impl.UsernameBuilder
13370:             1             16  org.opensaml.soap.wssecurity.impl.UsernameTokenBuilder
13371:             1             16  org.opensaml.soap.wstrust.impl.AllowPostdatingBuilder
13372:             1             16  org.opensaml.soap.wstrust.impl.AuthenticationTypeBuilder
13373:             1             16  org.opensaml.soap.wstrust.impl.AuthenticatorBuilder
13374:             1             16  org.opensaml.soap.wstrust.impl.BinaryExchangeBuilder
13375:             1             16  org.opensaml.soap.wstrust.impl.BinarySecretBuilder
13376:             1             16  org.opensaml.soap.wstrust.impl.CancelTargetBuilder
13377:             1             16  org.opensaml.soap.wstrust.impl.CanonicalizationAlgorithmBuilder
13378:             1             16  org.opensaml.soap.wstrust.impl.ChallengeBuilder
13379:             1             16  org.opensaml.soap.wstrust.impl.ClaimsBuilder
13380:             1             16  org.opensaml.soap.wstrust.impl.CodeBuilder
13381:             1             16  org.opensaml.soap.wstrust.impl.CombinedHashBuilder
13382:             1             16  org.opensaml.soap.wstrust.impl.ComputedKeyAlgorithmBuilder
13383:             1             16  org.opensaml.soap.wstrust.impl.ComputedKeyBuilder
13384:             1             16  org.opensaml.soap.wstrust.impl.DelegatableBuilder
13385:             1             16  org.opensaml.soap.wstrust.impl.DelegateToBuilder
13386:             1             16  org.opensaml.soap.wstrust.impl.EncryptWithBuilder
13387:             1             16  org.opensaml.soap.wstrust.impl.EncryptionAlgorithmBuilder
13388:             1             16  org.opensaml.soap.wstrust.impl.EncryptionBuilder
13389:             1             16  org.opensaml.soap.wstrust.impl.EntropyBuilder
13390:             1             16  org.opensaml.soap.wstrust.impl.ForwardableBuilder
13391:             1             16  org.opensaml.soap.wstrust.impl.IssuedTokensBuilder
13392:             1             16  org.opensaml.soap.wstrust.impl.IssuerBuilder
13393:             1             16  org.opensaml.soap.wstrust.impl.KeyExchangeTokenBuilder
13394:             1             16  org.opensaml.soap.wstrust.impl.KeySizeBuilder
13395:             1             16  org.opensaml.soap.wstrust.impl.KeyTypeBuilder
13396:             1             16  org.opensaml.soap.wstrust.impl.KeyWrapAlgorithmBuilder
13397:             1             16  org.opensaml.soap.wstrust.impl.LifetimeBuilder
13398:             1             16  org.opensaml.soap.wstrust.impl.OnBehalfOfBuilder
13399:             1             16  org.opensaml.soap.wstrust.impl.ParticipantBuilder
13400:             1             16  org.opensaml.soap.wstrust.impl.ParticipantsBuilder
13401:             1             16  org.opensaml.soap.wstrust.impl.PrimaryBuilder
13402:             1             16  org.opensaml.soap.wstrust.impl.ProofEncryptionBuilder
13403:             1             16  org.opensaml.soap.wstrust.impl.ReasonBuilder
13404:             1             16  org.opensaml.soap.wstrust.impl.RenewTargetBuilder
13405:             1             16  org.opensaml.soap.wstrust.impl.RenewingBuilder
13406:             1             16  org.opensaml.soap.wstrust.impl.RequestKETBuilder
13407:             1             16  org.opensaml.soap.wstrust.impl.RequestSecurityTokenBuilder
13408:             1             16  org.opensaml.soap.wstrust.impl.RequestSecurityTokenCollectionBuilder
13409:             1             16  org.opensaml.soap.wstrust.impl.RequestSecurityTokenResponseBuilder
13410:             1             16  org.opensaml.soap.wstrust.impl.RequestSecurityTokenResponseCollectionBuilder
13411:             1             16  org.opensaml.soap.wstrust.impl.RequestTypeBuilder
13412:             1             16  org.opensaml.soap.wstrust.impl.RequestedAttachedReferenceBuilder
13413:             1             16  org.opensaml.soap.wstrust.impl.RequestedProofTokenBuilder
13414:             1             16  org.opensaml.soap.wstrust.impl.RequestedSecurityTokenBuilder
13415:             1             16  org.opensaml.soap.wstrust.impl.RequestedTokenCancelledBuilder
13416:             1             16  org.opensaml.soap.wstrust.impl.RequestedUnattachedReferenceBuilder
13417:             1             16  org.opensaml.soap.wstrust.impl.SignChallengeBuilder
13418:             1             16  org.opensaml.soap.wstrust.impl.SignChallengeResponseBuilder
13419:             1             16  org.opensaml.soap.wstrust.impl.SignWithBuilder
13420:             1             16  org.opensaml.soap.wstrust.impl.SignatureAlgorithmBuilder
13421:             1             16  org.opensaml.soap.wstrust.impl.StatusBuilder
13422:             1             16  org.opensaml.soap.wstrust.impl.TokenTypeBuilder
13423:             1             16  org.opensaml.soap.wstrust.impl.UseKeyBuilder
13424:             1             16  org.opensaml.soap.wstrust.impl.ValidateTargetBuilder
13425:             1             16  org.opensaml.xmlsec.algorithm.descriptors.BlockEncryptionAES128CBC
13426:             1             16  org.opensaml.xmlsec.algorithm.descriptors.BlockEncryptionAES128GCM
13427:             1             16  org.opensaml.xmlsec.algorithm.descriptors.BlockEncryptionAES192CBC
13428:             1             16  org.opensaml.xmlsec.algorithm.descriptors.BlockEncryptionAES192GCM
13429:             1             16  org.opensaml.xmlsec.algorithm.descriptors.BlockEncryptionAES256CBC
13430:             1             16  org.opensaml.xmlsec.algorithm.descriptors.BlockEncryptionAES256GCM
13431:             1             16  org.opensaml.xmlsec.algorithm.descriptors.BlockEncryptionDESede
13432:             1             16  org.opensaml.xmlsec.algorithm.descriptors.DigestMD5
13433:             1             16  org.opensaml.xmlsec.algorithm.descriptors.DigestRIPEMD160
13434:             1             16  org.opensaml.xmlsec.algorithm.descriptors.DigestSHA1
13435:             1             16  org.opensaml.xmlsec.algorithm.descriptors.DigestSHA224
13436:             1             16  org.opensaml.xmlsec.algorithm.descriptors.DigestSHA256
13437:             1             16  org.opensaml.xmlsec.algorithm.descriptors.DigestSHA384
13438:             1             16  org.opensaml.xmlsec.algorithm.descriptors.DigestSHA512
13439:             1             16  org.opensaml.xmlsec.algorithm.descriptors.HMACMD5
13440:             1             16  org.opensaml.xmlsec.algorithm.descriptors.HMACRIPEMD160
13441:             1             16  org.opensaml.xmlsec.algorithm.descriptors.HMACSHA1
13442:             1             16  org.opensaml.xmlsec.algorithm.descriptors.HMACSHA224
13443:             1             16  org.opensaml.xmlsec.algorithm.descriptors.HMACSHA256
13444:             1             16  org.opensaml.xmlsec.algorithm.descriptors.HMACSHA384
13445:             1             16  org.opensaml.xmlsec.algorithm.descriptors.HMACSHA512
13446:             1             16  org.opensaml.xmlsec.algorithm.descriptors.KeyTransportRSA15
13447:             1             16  org.opensaml.xmlsec.algorithm.descriptors.KeyTransportRSAOAEP
13448:             1             16  org.opensaml.xmlsec.algorithm.descriptors.KeyTransportRSAOAEPMGF1P
13449:             1             16  org.opensaml.xmlsec.algorithm.descriptors.SignatureDSASHA1
13450:             1             16  org.opensaml.xmlsec.algorithm.descriptors.SignatureDSASHA256
13451:             1             16  org.opensaml.xmlsec.algorithm.descriptors.SignatureECDSASHA1
13452:             1             16  org.opensaml.xmlsec.algorithm.descriptors.SignatureECDSASHA224
13453:             1             16  org.opensaml.xmlsec.algorithm.descriptors.SignatureECDSASHA256
13454:             1             16  org.opensaml.xmlsec.algorithm.descriptors.SignatureECDSASHA384
13455:             1             16  org.opensaml.xmlsec.algorithm.descriptors.SignatureECDSASHA512
13456:             1             16  org.opensaml.xmlsec.algorithm.descriptors.SignatureRSAMD5
13457:             1             16  org.opensaml.xmlsec.algorithm.descriptors.SignatureRSARIPEMD160
13458:             1             16  org.opensaml.xmlsec.algorithm.descriptors.SignatureRSASHA1
13459:             1             16  org.opensaml.xmlsec.algorithm.descriptors.SignatureRSASHA224
13460:             1             16  org.opensaml.xmlsec.algorithm.descriptors.SignatureRSASHA256
13461:             1             16  org.opensaml.xmlsec.algorithm.descriptors.SignatureRSASHA384
13462:             1             16  org.opensaml.xmlsec.algorithm.descriptors.SignatureRSASHA512
13463:             1             16  org.opensaml.xmlsec.algorithm.descriptors.SymmetricKeyWrapAES128
13464:             1             16  org.opensaml.xmlsec.algorithm.descriptors.SymmetricKeyWrapAES192
13465:             1             16  org.opensaml.xmlsec.algorithm.descriptors.SymmetricKeyWrapAES256
13466:             1             16  org.opensaml.xmlsec.algorithm.descriptors.SymmetricKeyWrapDESede
13467:             1             16  org.opensaml.xmlsec.config.DecryptionParserPool
13468:             1             16  org.opensaml.xmlsec.encryption.impl.AgreementMethodBuilder
13469:             1             16  org.opensaml.xmlsec.encryption.impl.CarriedKeyNameBuilder
13470:             1             16  org.opensaml.xmlsec.encryption.impl.CipherDataBuilder
13471:             1             16  org.opensaml.xmlsec.encryption.impl.CipherReferenceBuilder
13472:             1             16  org.opensaml.xmlsec.encryption.impl.CipherValueBuilder
13473:             1             16  org.opensaml.xmlsec.encryption.impl.DHKeyValueBuilder
13474:             1             16  org.opensaml.xmlsec.encryption.impl.DataReferenceBuilder
13475:             1             16  org.opensaml.xmlsec.encryption.impl.EncryptedDataBuilder
13476:             1             16  org.opensaml.xmlsec.encryption.impl.EncryptedKeyBuilder
13477:             1             16  org.opensaml.xmlsec.encryption.impl.EncryptionMethodBuilder
13478:             1             16  org.opensaml.xmlsec.encryption.impl.EncryptionPropertiesBuilder
13479:             1             16  org.opensaml.xmlsec.encryption.impl.EncryptionPropertyBuilder
13480:             1             16  org.opensaml.xmlsec.encryption.impl.GeneratorBuilder
13481:             1             16  org.opensaml.xmlsec.encryption.impl.KANonceBuilder
13482:             1             16  org.opensaml.xmlsec.encryption.impl.KeyReferenceBuilder
13483:             1             16  org.opensaml.xmlsec.encryption.impl.KeySizeBuilder
13484:             1             16  org.opensaml.xmlsec.encryption.impl.MGFBuilder
13485:             1             16  org.opensaml.xmlsec.encryption.impl.OAEPparamsBuilder
13486:             1             16  org.opensaml.xmlsec.encryption.impl.OriginatorKeyInfoBuilder
13487:             1             16  org.opensaml.xmlsec.encryption.impl.PBuilder
13488:             1             16  org.opensaml.xmlsec.encryption.impl.PgenCounterBuilder
13489:             1             16  org.opensaml.xmlsec.encryption.impl.PublicBuilder
13490:             1             16  org.opensaml.xmlsec.encryption.impl.QBuilder
13491:             1             16  org.opensaml.xmlsec.encryption.impl.RecipientKeyInfoBuilder
13492:             1             16  org.opensaml.xmlsec.encryption.impl.ReferenceListBuilder
13493:             1             16  org.opensaml.xmlsec.encryption.impl.SeedBuilder
13494:             1             16  org.opensaml.xmlsec.encryption.impl.TransformsBuilder
13495:             1             16  org.opensaml.xmlsec.encryption.support.InlineEncryptedKeyResolver
13496:             1             16  org.opensaml.xmlsec.signature.impl.CryptoBinaryBuilder
13497:             1             16  org.opensaml.xmlsec.signature.impl.DEREncodedKeyValueBuilder
13498:             1             16  org.opensaml.xmlsec.signature.impl.DSAKeyValueBuilder
13499:             1             16  org.opensaml.xmlsec.signature.impl.DigestMethodBuilder
13500:             1             16  org.opensaml.xmlsec.signature.impl.ECKeyValueBuilder
13501:             1             16  org.opensaml.xmlsec.signature.impl.ExponentBuilder
13502:             1             16  org.opensaml.xmlsec.signature.impl.GBuilder
13503:             1             16  org.opensaml.xmlsec.signature.impl.JBuilder
13504:             1             16  org.opensaml.xmlsec.signature.impl.KeyInfoBuilder
13505:             1             16  org.opensaml.xmlsec.signature.impl.KeyInfoReferenceBuilder
13506:             1             16  org.opensaml.xmlsec.signature.impl.KeyNameBuilder
13507:             1             16  org.opensaml.xmlsec.signature.impl.KeyValueBuilder
13508:             1             16  org.opensaml.xmlsec.signature.impl.MgmtDataBuilder
13509:             1             16  org.opensaml.xmlsec.signature.impl.ModulusBuilder
13510:             1             16  org.opensaml.xmlsec.signature.impl.NamedCurveBuilder
13511:             1             16  org.opensaml.xmlsec.signature.impl.PBuilder
13512:             1             16  org.opensaml.xmlsec.signature.impl.PGPDataBuilder
13513:             1             16  org.opensaml.xmlsec.signature.impl.PGPKeyIDBuilder
13514:             1             16  org.opensaml.xmlsec.signature.impl.PGPKeyPacketBuilder
13515:             1             16  org.opensaml.xmlsec.signature.impl.PgenCounterBuilder
13516:             1             16  org.opensaml.xmlsec.signature.impl.PublicKeyBuilder
13517:             1             16  org.opensaml.xmlsec.signature.impl.QBuilder
13518:             1             16  org.opensaml.xmlsec.signature.impl.RSAKeyValueBuilder
13519:             1             16  org.opensaml.xmlsec.signature.impl.RetrievalMethodBuilder
13520:             1             16  org.opensaml.xmlsec.signature.impl.SPKIDataBuilder
13521:             1             16  org.opensaml.xmlsec.signature.impl.SPKISexpBuilder
13522:             1             16  org.opensaml.xmlsec.signature.impl.SeedBuilder
13523:             1             16  org.opensaml.xmlsec.signature.impl.TransformBuilder
13524:             1             16  org.opensaml.xmlsec.signature.impl.TransformsBuilder
13525:             1             16  org.opensaml.xmlsec.signature.impl.X509CRLBuilder
13526:             1             16  org.opensaml.xmlsec.signature.impl.X509CertificateBuilder
13527:             1             16  org.opensaml.xmlsec.signature.impl.X509DataBuilder
13528:             1             16  org.opensaml.xmlsec.signature.impl.X509DigestBuilder
13529:             1             16  org.opensaml.xmlsec.signature.impl.X509IssuerNameBuilder
13530:             1             16  org.opensaml.xmlsec.signature.impl.X509IssuerSerialBuilder
13531:             1             16  org.opensaml.xmlsec.signature.impl.X509SKIBuilder
13532:             1             16  org.opensaml.xmlsec.signature.impl.X509SerialNumberBuilder
13533:             1             16  org.opensaml.xmlsec.signature.impl.X509SubjectNameBuilder
13534:             1             16  org.opensaml.xmlsec.signature.impl.XPathBuilder
13535:             1             16  org.opensaml.xmlsec.signature.impl.YBuilder
13536:             1             16  org.owasp.html.AttributePolicy$1
13537:             1             16  org.owasp.html.AttributePolicy$2
13538:             1             16  org.owasp.html.ElementPolicy$1
13539:             1             16  org.owasp.html.ElementPolicy$2
13540:             1             16  org.owasp.html.FilterUrlByProtocolAttributePolicy
13541:             1             16  org.owasp.html.HtmlElementTables$1
13542:             1             16  org.owasp.html.HtmlElementTables$SparseElementMultitable
13543:             1             16  org.owasp.html.HtmlElementTables$SparseElementToElements
13544:             1             16  org.owasp.html.HtmlElementTables$TextContentModel
13545:             1             16  org.owasp.html.HtmlPolicyBuilder$1
13546:             1             16  org.owasp.html.HtmlPolicyBuilder$2
13547:             1             16  org.owasp.html.HtmlPolicyBuilder$3
13548:             1             16  org.owasp.html.HtmlPolicyBuilder$JoinRelsOnLinksPolicies
13549:             1             16  org.owasp.html.HtmlStreamEventProcessor$Processors$1
13550:             1             16  org.slf4j.helpers.NOPLoggerFactory
13551:             1             16  org.slf4j.helpers.SubstituteLoggerFactory
13552:             1             16  org.slf4j.impl.StaticLoggerBinder
13553:             1             16  org.slf4j.impl.StaticMarkerBinder
13554:             1             16  org.yaml.snakeyaml.external.com.google.gdata.util.common.base.UnicodeEscaper$2
13555:             1             16  sun.management.ClassLoadingImpl (java.management@15.0.1)
13556:             1             16  sun.management.ManagementFactoryHelper$$Lambda$1387/0x000000080107f870 (java.management@15.0.1)
13557:             1             16  sun.misc.Unsafe (jdk.unsupported@15.0.1)
13558:             1             16  sun.net.DefaultProgressMeteringPolicy (java.base@15.0.1)
13559:             1             16  sun.net.spi.DefaultProxySelector (java.base@15.0.1)
13560:             1             16  sun.net.www.protocol.file.Handler (java.base@15.0.1)
13561:             1             16  sun.net.www.protocol.jar.Handler (java.base@15.0.1)
13562:             1             16  sun.net.www.protocol.jar.JarFileFactory (java.base@15.0.1)
13563:             1             16  sun.net.www.protocol.jrt.Handler (java.base@15.0.1)
13564:             1             16  sun.net.www.protocol.jrt.JavaRuntimeURLConnection$$Lambda$333/0x0000000800d583d0 (java.base@15.0.1)
13565:             1             16  sun.nio.ch.DefaultSelectorProvider$$Lambda$4534/0x000000080157d928 (java.base@15.0.1)
13566:             1             16  sun.nio.ch.EPollSelectorProvider (java.base@15.0.1)
13567:             1             16  sun.nio.ch.ExtendedSocketOption$1 (java.base@15.0.1)
13568:             1             16  sun.nio.ch.FileChannelImpl$1 (java.base@15.0.1)
13569:             1             16  sun.nio.ch.FileChannelImpl$2 (java.base@15.0.1)
13570:             1             16  sun.nio.ch.Net$1 (java.base@15.0.1)
13571:             1             16  sun.nio.ch.Util$1 (java.base@15.0.1)
13572:             1             16  sun.nio.fs.LinuxFileSystemProvider (java.base@15.0.1)
13573:             1             16  sun.nio.fs.NativeBuffers$1 (java.base@15.0.1)
13574:             1             16  sun.reflect.generics.tree.BottomSignature (java.base@15.0.1)
13575:             1             16  sun.reflect.generics.tree.ByteSignature (java.base@15.0.1)
13576:             1             16  sun.reflect.generics.tree.CharSignature (java.base@15.0.1)
13577:             1             16  sun.reflect.generics.tree.VoidDescriptor (java.base@15.0.1)
13578:             1             16  sun.security.ec.XDHKeyAgreement$$Lambda$4698/0x000000080140c1e8 (jdk.crypto.ec@15.0.1)
13579:             1             16  sun.security.ec.XDHKeyAgreement$$Lambda$4699/0x000000080140c428 (jdk.crypto.ec@15.0.1)
13580:             1             16  sun.security.ec.XDHKeyAgreement$$Lambda$4700/0x000000080140c668 (jdk.crypto.ec@15.0.1)
13581:             1             16  sun.security.ec.XDHKeyAgreement$$Lambda$4701/0x000000080140c888 (jdk.crypto.ec@15.0.1)
13582:             1             16  sun.security.ec.XDHKeyFactory$$Lambda$4696/0x000000080140bb28 (jdk.crypto.ec@15.0.1)
13583:             1             16  sun.security.ec.XDHKeyFactory$$Lambda$4697/0x000000080140bd68 (jdk.crypto.ec@15.0.1)
13584:             1             16  sun.security.ec.XDHKeyPairGenerator$$Lambda$4691/0x000000080140a7d0 (jdk.crypto.ec@15.0.1)
13585:             1             16  sun.security.jca.ProviderConfig$ProviderLoader (java.base@15.0.1)
13586:             1             16  sun.security.ssl.Alert$AlertConsumer (java.base@15.0.1)
13587:             1             16  sun.security.ssl.AlpnExtension$AlpnStringizer (java.base@15.0.1)
13588:             1             16  sun.security.ssl.AlpnExtension$CHAlpnAbsence (java.base@15.0.1)
13589:             1             16  sun.security.ssl.AlpnExtension$CHAlpnConsumer (java.base@15.0.1)
13590:             1             16  sun.security.ssl.AlpnExtension$CHAlpnProducer (java.base@15.0.1)
13591:             1             16  sun.security.ssl.CertSignAlgsExtension$CHCertSignatureSchemesConsumer (java.base@15.0.1)
13592:             1             16  sun.security.ssl.CertSignAlgsExtension$CHCertSignatureSchemesProducer (java.base@15.0.1)
13593:             1             16  sun.security.ssl.CertSignAlgsExtension$CHCertSignatureSchemesUpdate (java.base@15.0.1)
13594:             1             16  sun.security.ssl.CertSignAlgsExtension$CRCertSignatureSchemesConsumer (java.base@15.0.1)
13595:             1             16  sun.security.ssl.CertSignAlgsExtension$CRCertSignatureSchemesProducer (java.base@15.0.1)
13596:             1             16  sun.security.ssl.CertSignAlgsExtension$CRCertSignatureSchemesUpdate (java.base@15.0.1)
13597:             1             16  sun.security.ssl.CertSignAlgsExtension$CertSignatureSchemesStringizer (java.base@15.0.1)
13598:             1             16  sun.security.ssl.CertStatusExtension$CHCertStatusReqConsumer (java.base@15.0.1)
13599:             1             16  sun.security.ssl.CertStatusExtension$CHCertStatusReqProducer (java.base@15.0.1)
13600:             1             16  sun.security.ssl.CertStatusExtension$CHCertStatusReqV2Consumer (java.base@15.0.1)
13601:             1             16  sun.security.ssl.CertStatusExtension$CHCertStatusReqV2Producer (java.base@15.0.1)
13602:             1             16  sun.security.ssl.CertStatusExtension$CTCertStatusResponseConsumer (java.base@15.0.1)
13603:             1             16  sun.security.ssl.CertStatusExtension$CTCertStatusResponseProducer (java.base@15.0.1)
13604:             1             16  sun.security.ssl.CertStatusExtension$CertStatusRequestSpec (java.base@15.0.1)
13605:             1             16  sun.security.ssl.CertStatusExtension$CertStatusRequestStringizer (java.base@15.0.1)
13606:             1             16  sun.security.ssl.CertStatusExtension$CertStatusRequestV2Spec (java.base@15.0.1)
13607:             1             16  sun.security.ssl.CertStatusExtension$CertStatusRequestsStringizer (java.base@15.0.1)
13608:             1             16  sun.security.ssl.CertStatusExtension$CertStatusRespStringizer (java.base@15.0.1)
13609:             1             16  sun.security.ssl.CertStatusExtension$SHCertStatusReqConsumer (java.base@15.0.1)
13610:             1             16  sun.security.ssl.CertStatusExtension$SHCertStatusReqProducer (java.base@15.0.1)
13611:             1             16  sun.security.ssl.CertStatusExtension$SHCertStatusReqV2Consumer (java.base@15.0.1)
13612:             1             16  sun.security.ssl.CertStatusExtension$SHCertStatusReqV2Producer (java.base@15.0.1)
13613:             1             16  sun.security.ssl.CertificateAuthoritiesExtension$CHCertificateAuthoritiesConsumer (java.base@15.0.1)
13614:             1             16  sun.security.ssl.CertificateAuthoritiesExtension$CHCertificateAuthoritiesProducer (java.base@15.0.1)
13615:             1             16  sun.security.ssl.CertificateAuthoritiesExtension$CRCertificateAuthoritiesConsumer (java.base@15.0.1)
13616:             1             16  sun.security.ssl.CertificateAuthoritiesExtension$CRCertificateAuthoritiesProducer (java.base@15.0.1)
13617:             1             16  sun.security.ssl.CertificateAuthoritiesExtension$CertificateAuthoritiesStringizer (java.base@15.0.1)
13618:             1             16  sun.security.ssl.CertificateMessage$T12CertificateConsumer (java.base@15.0.1)
13619:             1             16  sun.security.ssl.CertificateMessage$T12CertificateProducer (java.base@15.0.1)
13620:             1             16  sun.security.ssl.CertificateMessage$T13CertificateConsumer (java.base@15.0.1)
13621:             1             16  sun.security.ssl.CertificateMessage$T13CertificateProducer (java.base@15.0.1)
13622:             1             16  sun.security.ssl.CertificateRequest$T10CertificateRequestConsumer (java.base@15.0.1)
13623:             1             16  sun.security.ssl.CertificateRequest$T10CertificateRequestProducer (java.base@15.0.1)
13624:             1             16  sun.security.ssl.CertificateRequest$T12CertificateRequestConsumer (java.base@15.0.1)
13625:             1             16  sun.security.ssl.CertificateRequest$T12CertificateRequestProducer (java.base@15.0.1)
13626:             1             16  sun.security.ssl.CertificateRequest$T13CertificateRequestConsumer (java.base@15.0.1)
13627:             1             16  sun.security.ssl.CertificateRequest$T13CertificateRequestProducer (java.base@15.0.1)
13628:             1             16  sun.security.ssl.CertificateStatus$CertificateStatusAbsence (java.base@15.0.1)
13629:             1             16  sun.security.ssl.CertificateStatus$CertificateStatusConsumer (java.base@15.0.1)
13630:             1             16  sun.security.ssl.CertificateStatus$CertificateStatusProducer (java.base@15.0.1)
13631:             1             16  sun.security.ssl.CertificateVerify$S30CertificateVerifyConsumer (java.base@15.0.1)
13632:             1             16  sun.security.ssl.CertificateVerify$S30CertificateVerifyProducer (java.base@15.0.1)
13633:             1             16  sun.security.ssl.CertificateVerify$T10CertificateVerifyConsumer (java.base@15.0.1)
13634:             1             16  sun.security.ssl.CertificateVerify$T10CertificateVerifyProducer (java.base@15.0.1)
13635:             1             16  sun.security.ssl.CertificateVerify$T12CertificateVerifyConsumer (java.base@15.0.1)
13636:             1             16  sun.security.ssl.CertificateVerify$T12CertificateVerifyProducer (java.base@15.0.1)
13637:             1             16  sun.security.ssl.CertificateVerify$T13CertificateVerifyConsumer (java.base@15.0.1)
13638:             1             16  sun.security.ssl.CertificateVerify$T13CertificateVerifyProducer (java.base@15.0.1)
13639:             1             16  sun.security.ssl.ChangeCipherSpec$T10ChangeCipherSpecConsumer (java.base@15.0.1)
13640:             1             16  sun.security.ssl.ChangeCipherSpec$T10ChangeCipherSpecProducer (java.base@15.0.1)
13641:             1             16  sun.security.ssl.ChangeCipherSpec$T13ChangeCipherSpecConsumer (java.base@15.0.1)
13642:             1             16  sun.security.ssl.ClientHello$ClientHelloConsumer (java.base@15.0.1)
13643:             1             16  sun.security.ssl.ClientHello$ClientHelloKickstartProducer (java.base@15.0.1)
13644:             1             16  sun.security.ssl.ClientHello$ClientHelloProducer (java.base@15.0.1)
13645:             1             16  sun.security.ssl.ClientHello$D12ClientHelloConsumer (java.base@15.0.1)
13646:             1             16  sun.security.ssl.ClientHello$D13ClientHelloConsumer (java.base@15.0.1)
13647:             1             16  sun.security.ssl.ClientHello$T12ClientHelloConsumer (java.base@15.0.1)
13648:             1             16  sun.security.ssl.ClientHello$T13ClientHelloConsumer (java.base@15.0.1)
13649:             1             16  sun.security.ssl.ClientKeyExchange$ClientKeyExchangeConsumer (java.base@15.0.1)
13650:             1             16  sun.security.ssl.ClientKeyExchange$ClientKeyExchangeProducer (java.base@15.0.1)
13651:             1             16  sun.security.ssl.CookieExtension$CHCookieConsumer (java.base@15.0.1)
13652:             1             16  sun.security.ssl.CookieExtension$CHCookieProducer (java.base@15.0.1)
13653:             1             16  sun.security.ssl.CookieExtension$CHCookieUpdate (java.base@15.0.1)
13654:             1             16  sun.security.ssl.CookieExtension$CookieStringizer (java.base@15.0.1)
13655:             1             16  sun.security.ssl.CookieExtension$HRRCookieConsumer (java.base@15.0.1)
13656:             1             16  sun.security.ssl.CookieExtension$HRRCookieProducer (java.base@15.0.1)
13657:             1             16  sun.security.ssl.CookieExtension$HRRCookieReproducer (java.base@15.0.1)
13658:             1             16  sun.security.ssl.DummyX509KeyManager (java.base@15.0.1)
13659:             1             16  sun.security.ssl.ECDHClientKeyExchange$ECDHClientKeyExchangeConsumer (java.base@15.0.1)
13660:             1             16  sun.security.ssl.ECDHClientKeyExchange$ECDHClientKeyExchangeProducer (java.base@15.0.1)
13661:             1             16  sun.security.ssl.ECDHClientKeyExchange$ECDHEClientKeyExchangeConsumer (java.base@15.0.1)
13662:             1             16  sun.security.ssl.ECDHClientKeyExchange$ECDHEClientKeyExchangeProducer (java.base@15.0.1)
13663:             1             16  sun.security.ssl.ECDHKeyExchange$ECDHEKAGenerator (java.base@15.0.1)
13664:             1             16  sun.security.ssl.ECDHKeyExchange$ECDHEPossessionGenerator (java.base@15.0.1)
13665:             1             16  sun.security.ssl.ECDHKeyExchange$ECDHEXDHKAGenerator (java.base@15.0.1)
13666:             1             16  sun.security.ssl.ECDHKeyExchange$ECDHKAGenerator (java.base@15.0.1)
13667:             1             16  sun.security.ssl.ECDHServerKeyExchange$ECDHServerKeyExchangeConsumer (java.base@15.0.1)
13668:             1             16  sun.security.ssl.ECDHServerKeyExchange$ECDHServerKeyExchangeProducer (java.base@15.0.1)
13669:             1             16  sun.security.ssl.ECPointFormatsExtension$CHECPointFormatsConsumer (java.base@15.0.1)
13670:             1             16  sun.security.ssl.ECPointFormatsExtension$CHECPointFormatsProducer (java.base@15.0.1)
13671:             1             16  sun.security.ssl.ECPointFormatsExtension$ECPointFormatsSpec (java.base@15.0.1)
13672:             1             16  sun.security.ssl.ECPointFormatsExtension$ECPointFormatsStringizer (java.base@15.0.1)
13673:             1             16  sun.security.ssl.ECPointFormatsExtension$SHECPointFormatsConsumer (java.base@15.0.1)
13674:             1             16  sun.security.ssl.EncryptedExtensions$EncryptedExtensionsConsumer (java.base@15.0.1)
13675:             1             16  sun.security.ssl.EncryptedExtensions$EncryptedExtensionsProducer (java.base@15.0.1)
13676:             1             16  sun.security.ssl.ExtendedMasterSecretExtension$CHExtendedMasterSecretAbsence (java.base@15.0.1)
13677:             1             16  sun.security.ssl.ExtendedMasterSecretExtension$CHExtendedMasterSecretConsumer (java.base@15.0.1)
13678:             1             16  sun.security.ssl.ExtendedMasterSecretExtension$CHExtendedMasterSecretProducer (java.base@15.0.1)
13679:             1             16  sun.security.ssl.ExtendedMasterSecretExtension$ExtendedMasterSecretSpec (java.base@15.0.1)
13680:             1             16  sun.security.ssl.ExtendedMasterSecretExtension$ExtendedMasterSecretStringizer (java.base@15.0.1)
13681:             1             16  sun.security.ssl.ExtendedMasterSecretExtension$SHExtendedMasterSecretAbsence (java.base@15.0.1)
13682:             1             16  sun.security.ssl.ExtendedMasterSecretExtension$SHExtendedMasterSecretConsumer (java.base@15.0.1)
13683:             1             16  sun.security.ssl.ExtendedMasterSecretExtension$SHExtendedMasterSecretProducer (java.base@15.0.1)
13684:             1             16  sun.security.ssl.Finished$S30VerifyDataGenerator (java.base@15.0.1)
13685:             1             16  sun.security.ssl.Finished$T10VerifyDataGenerator (java.base@15.0.1)
13686:             1             16  sun.security.ssl.Finished$T12FinishedConsumer (java.base@15.0.1)
13687:             1             16  sun.security.ssl.Finished$T12FinishedProducer (java.base@15.0.1)
13688:             1             16  sun.security.ssl.Finished$T12VerifyDataGenerator (java.base@15.0.1)
13689:             1             16  sun.security.ssl.Finished$T13FinishedConsumer (java.base@15.0.1)
13690:             1             16  sun.security.ssl.Finished$T13FinishedProducer (java.base@15.0.1)
13691:             1             16  sun.security.ssl.Finished$T13VerifyDataGenerator (java.base@15.0.1)
13692:             1             16  sun.security.ssl.HelloRequest$HelloRequestConsumer (java.base@15.0.1)
13693:             1             16  sun.security.ssl.HelloRequest$HelloRequestKickstartProducer (java.base@15.0.1)
13694:             1             16  sun.security.ssl.HelloRequest$HelloRequestProducer (java.base@15.0.1)
13695:             1             16  sun.security.ssl.HelloVerifyRequest$HelloVerifyRequestConsumer (java.base@15.0.1)
13696:             1             16  sun.security.ssl.HelloVerifyRequest$HelloVerifyRequestProducer (java.base@15.0.1)
13697:             1             16  sun.security.ssl.KeyShareExtension$CHKeyShareConsumer (java.base@15.0.1)
13698:             1             16  sun.security.ssl.KeyShareExtension$CHKeyShareConsumer$$Lambda$4695/0x000000080193da80 (java.base@15.0.1)
13699:             1             16  sun.security.ssl.KeyShareExtension$CHKeyShareOnTradeAbsence (java.base@15.0.1)
13700:             1             16  sun.security.ssl.KeyShareExtension$CHKeyShareProducer (java.base@15.0.1)
13701:             1             16  sun.security.ssl.KeyShareExtension$CHKeyShareStringizer (java.base@15.0.1)
13702:             1             16  sun.security.ssl.KeyShareExtension$HRRKeyShareConsumer (java.base@15.0.1)
13703:             1             16  sun.security.ssl.KeyShareExtension$HRRKeyShareProducer (java.base@15.0.1)
13704:             1             16  sun.security.ssl.KeyShareExtension$HRRKeyShareReproducer (java.base@15.0.1)
13705:             1             16  sun.security.ssl.KeyShareExtension$HRRKeyShareStringizer (java.base@15.0.1)
13706:             1             16  sun.security.ssl.KeyShareExtension$SHKeyShareAbsence (java.base@15.0.1)
13707:             1             16  sun.security.ssl.KeyShareExtension$SHKeyShareConsumer (java.base@15.0.1)
13708:             1             16  sun.security.ssl.KeyShareExtension$SHKeyShareProducer (java.base@15.0.1)
13709:             1             16  sun.security.ssl.KeyShareExtension$SHKeyShareStringizer (java.base@15.0.1)
13710:             1             16  sun.security.ssl.KeyUpdate$KeyUpdateConsumer (java.base@15.0.1)
13711:             1             16  sun.security.ssl.KeyUpdate$KeyUpdateKickstartProducer (java.base@15.0.1)
13712:             1             16  sun.security.ssl.KeyUpdate$KeyUpdateProducer (java.base@15.0.1)
13713:             1             16  sun.security.ssl.MaxFragExtension$CHMaxFragmentLengthConsumer (java.base@15.0.1)
13714:             1             16  sun.security.ssl.MaxFragExtension$CHMaxFragmentLengthProducer (java.base@15.0.1)
13715:             1             16  sun.security.ssl.MaxFragExtension$EEMaxFragmentLengthConsumer (java.base@15.0.1)
13716:             1             16  sun.security.ssl.MaxFragExtension$EEMaxFragmentLengthProducer (java.base@15.0.1)
13717:             1             16  sun.security.ssl.MaxFragExtension$EEMaxFragmentLengthUpdate (java.base@15.0.1)
13718:             1             16  sun.security.ssl.MaxFragExtension$MaxFragLenStringizer (java.base@15.0.1)
13719:             1             16  sun.security.ssl.MaxFragExtension$SHMaxFragmentLengthConsumer (java.base@15.0.1)
13720:             1             16  sun.security.ssl.MaxFragExtension$SHMaxFragmentLengthProducer (java.base@15.0.1)
13721:             1             16  sun.security.ssl.MaxFragExtension$SHMaxFragmentLengthUpdate (java.base@15.0.1)
13722:             1             16  sun.security.ssl.NamedGroup$ECDHEScheme (java.base@15.0.1)
13723:             1             16  sun.security.ssl.NamedGroup$FFDHEScheme (java.base@15.0.1)
13724:             1             16  sun.security.ssl.NamedGroup$XDHScheme (java.base@15.0.1)
13725:             1             16  sun.security.ssl.NewSessionTicket$T12NewSessionTicketConsumer (java.base@15.0.1)
13726:             1             16  sun.security.ssl.NewSessionTicket$T12NewSessionTicketProducer (java.base@15.0.1)
13727:             1             16  sun.security.ssl.NewSessionTicket$T13NewSessionTicketConsumer (java.base@15.0.1)
13728:             1             16  sun.security.ssl.NewSessionTicket$T13NewSessionTicketProducer (java.base@15.0.1)
13729:             1             16  sun.security.ssl.PreSharedKeyExtension$CHPreSharedKeyConsumer (java.base@15.0.1)
13730:             1             16  sun.security.ssl.PreSharedKeyExtension$CHPreSharedKeyOnLoadAbsence (java.base@15.0.1)
13731:             1             16  sun.security.ssl.PreSharedKeyExtension$CHPreSharedKeyOnTradeAbsence (java.base@15.0.1)
13732:             1             16  sun.security.ssl.PreSharedKeyExtension$CHPreSharedKeyProducer (java.base@15.0.1)
13733:             1             16  sun.security.ssl.PreSharedKeyExtension$CHPreSharedKeyStringizer (java.base@15.0.1)
13734:             1             16  sun.security.ssl.PreSharedKeyExtension$CHPreSharedKeyUpdate (java.base@15.0.1)
13735:             1             16  sun.security.ssl.PreSharedKeyExtension$SHPreSharedKeyAbsence (java.base@15.0.1)
13736:             1             16  sun.security.ssl.PreSharedKeyExtension$SHPreSharedKeyConsumer (java.base@15.0.1)
13737:             1             16  sun.security.ssl.PreSharedKeyExtension$SHPreSharedKeyProducer (java.base@15.0.1)
13738:             1             16  sun.security.ssl.PreSharedKeyExtension$SHPreSharedKeyStringizer (java.base@15.0.1)
13739:             1             16  sun.security.ssl.PskKeyExchangeModesExtension$PskKeyExchangeModesConsumer (java.base@15.0.1)
13740:             1             16  sun.security.ssl.PskKeyExchangeModesExtension$PskKeyExchangeModesOnLoadAbsence (java.base@15.0.1)
13741:             1             16  sun.security.ssl.PskKeyExchangeModesExtension$PskKeyExchangeModesOnTradeAbsence (java.base@15.0.1)
13742:             1             16  sun.security.ssl.PskKeyExchangeModesExtension$PskKeyExchangeModesProducer (java.base@15.0.1)
13743:             1             16  sun.security.ssl.PskKeyExchangeModesExtension$PskKeyExchangeModesSpec (java.base@15.0.1)
13744:             1             16  sun.security.ssl.PskKeyExchangeModesExtension$PskKeyExchangeModesStringizer (java.base@15.0.1)
13745:             1             16  sun.security.ssl.RSAKeyExchange$EphemeralRSAPossessionGenerator (java.base@15.0.1)
13746:             1             16  sun.security.ssl.RSAKeyExchange$RSAKAGenerator (java.base@15.0.1)
13747:             1             16  sun.security.ssl.RandomCookie (java.base@15.0.1)
13748:             1             16  sun.security.ssl.RenegoInfoExtension$CHRenegotiationInfoAbsence (java.base@15.0.1)
13749:             1             16  sun.security.ssl.RenegoInfoExtension$CHRenegotiationInfoConsumer (java.base@15.0.1)
13750:             1             16  sun.security.ssl.RenegoInfoExtension$CHRenegotiationInfoProducer (java.base@15.0.1)
13751:             1             16  sun.security.ssl.RenegoInfoExtension$RenegotiationInfoSpec (java.base@15.0.1)
13752:             1             16  sun.security.ssl.RenegoInfoExtension$RenegotiationInfoStringizer (java.base@15.0.1)
13753:             1             16  sun.security.ssl.RenegoInfoExtension$SHRenegotiationInfoAbsence (java.base@15.0.1)
13754:             1             16  sun.security.ssl.RenegoInfoExtension$SHRenegotiationInfoConsumer (java.base@15.0.1)
13755:             1             16  sun.security.ssl.RenegoInfoExtension$SHRenegotiationInfoProducer (java.base@15.0.1)
13756:             1             16  sun.security.ssl.SSLCipher$T12CC20P1305ReadCipherGenerator (java.base@15.0.1)
13757:             1             16  sun.security.ssl.SSLCipher$T12CC20P1305WriteCipherGenerator (java.base@15.0.1)
13758:             1             16  sun.security.ssl.SSLCipher$T13CC20P1305ReadCipherGenerator (java.base@15.0.1)
13759:             1             16  sun.security.ssl.SSLCipher$T13CC20P1305WriteCipherGenerator (java.base@15.0.1)
13760:             1             16  sun.security.ssl.SSLTrafficKeyDerivation$S30TrafficKeyDerivationGenerator (java.base@15.0.1)
13761:             1             16  sun.security.ssl.SSLTrafficKeyDerivation$T10TrafficKeyDerivationGenerator (java.base@15.0.1)
13762:             1             16  sun.security.ssl.SSLTrafficKeyDerivation$T12TrafficKeyDerivationGenerator (java.base@15.0.1)
13763:             1             16  sun.security.ssl.SSLTrafficKeyDerivation$T13TrafficKeyDerivationGenerator (java.base@15.0.1)
13764:             1             16  sun.security.ssl.ServerHello$ServerHelloConsumer (java.base@15.0.1)
13765:             1             16  sun.security.ssl.ServerHello$T12ServerHelloProducer (java.base@15.0.1)
13766:             1             16  sun.security.ssl.ServerHello$T13HelloRetryRequestProducer (java.base@15.0.1)
13767:             1             16  sun.security.ssl.ServerHello$T13HelloRetryRequestReproducer (java.base@15.0.1)
13768:             1             16  sun.security.ssl.ServerHello$T13ServerHelloProducer (java.base@15.0.1)
13769:             1             16  sun.security.ssl.ServerHelloDone$ServerHelloDoneConsumer (java.base@15.0.1)
13770:             1             16  sun.security.ssl.ServerHelloDone$ServerHelloDoneProducer (java.base@15.0.1)
13771:             1             16  sun.security.ssl.ServerKeyExchange$ServerKeyExchangeConsumer (java.base@15.0.1)
13772:             1             16  sun.security.ssl.ServerKeyExchange$ServerKeyExchangeProducer (java.base@15.0.1)
13773:             1             16  sun.security.ssl.ServerNameExtension$CHServerNameConsumer (java.base@15.0.1)
13774:             1             16  sun.security.ssl.ServerNameExtension$CHServerNameProducer (java.base@15.0.1)
13775:             1             16  sun.security.ssl.ServerNameExtension$CHServerNamesStringizer (java.base@15.0.1)
13776:             1             16  sun.security.ssl.ServerNameExtension$EEServerNameConsumer (java.base@15.0.1)
13777:             1             16  sun.security.ssl.ServerNameExtension$EEServerNameProducer (java.base@15.0.1)
13778:             1             16  sun.security.ssl.ServerNameExtension$SHServerNameConsumer (java.base@15.0.1)
13779:             1             16  sun.security.ssl.ServerNameExtension$SHServerNameProducer (java.base@15.0.1)
13780:             1             16  sun.security.ssl.ServerNameExtension$SHServerNamesSpec (java.base@15.0.1)
13781:             1             16  sun.security.ssl.ServerNameExtension$SHServerNamesStringizer (java.base@15.0.1)
13782:             1             16  sun.security.ssl.SessionTicketExtension$SessionTicketStringizer (java.base@15.0.1)
13783:             1             16  sun.security.ssl.SessionTicketExtension$T12CHSessionTicketConsumer (java.base@15.0.1)
13784:             1             16  sun.security.ssl.SessionTicketExtension$T12CHSessionTicketProducer (java.base@15.0.1)
13785:             1             16  sun.security.ssl.SessionTicketExtension$T12SHSessionTicketConsumer (java.base@15.0.1)
13786:             1             16  sun.security.ssl.SessionTicketExtension$T12SHSessionTicketProducer (java.base@15.0.1)
13787:             1             16  sun.security.ssl.SignatureAlgorithmsExtension$CHSignatureSchemesConsumer (java.base@15.0.1)
13788:             1             16  sun.security.ssl.SignatureAlgorithmsExtension$CHSignatureSchemesOnLoadAbsence (java.base@15.0.1)
13789:             1             16  sun.security.ssl.SignatureAlgorithmsExtension$CHSignatureSchemesOnTradeAbsence (java.base@15.0.1)
13790:             1             16  sun.security.ssl.SignatureAlgorithmsExtension$CHSignatureSchemesProducer (java.base@15.0.1)
13791:             1             16  sun.security.ssl.SignatureAlgorithmsExtension$CHSignatureSchemesUpdate (java.base@15.0.1)
13792:             1             16  sun.security.ssl.SignatureAlgorithmsExtension$CRSignatureSchemesAbsence (java.base@15.0.1)
13793:             1             16  sun.security.ssl.SignatureAlgorithmsExtension$CRSignatureSchemesConsumer (java.base@15.0.1)
13794:             1             16  sun.security.ssl.SignatureAlgorithmsExtension$CRSignatureSchemesProducer (java.base@15.0.1)
13795:             1             16  sun.security.ssl.SignatureAlgorithmsExtension$CRSignatureSchemesUpdate (java.base@15.0.1)
13796:             1             16  sun.security.ssl.SignatureAlgorithmsExtension$SignatureSchemesStringizer (java.base@15.0.1)
13797:             1             16  sun.security.ssl.SupportedGroupsExtension$CHSupportedGroupsConsumer (java.base@15.0.1)
13798:             1             16  sun.security.ssl.SupportedGroupsExtension$CHSupportedGroupsOnTradeAbsence (java.base@15.0.1)
13799:             1             16  sun.security.ssl.SupportedGroupsExtension$CHSupportedGroupsProducer (java.base@15.0.1)
13800:             1             16  sun.security.ssl.SupportedGroupsExtension$EESupportedGroupsConsumer (java.base@15.0.1)
13801:             1             16  sun.security.ssl.SupportedGroupsExtension$EESupportedGroupsProducer (java.base@15.0.1)
13802:             1             16  sun.security.ssl.SupportedGroupsExtension$SupportedGroupsStringizer (java.base@15.0.1)
13803:             1             16  sun.security.ssl.SupportedVersionsExtension$CHSupportedVersionsConsumer (java.base@15.0.1)
13804:             1             16  sun.security.ssl.SupportedVersionsExtension$CHSupportedVersionsProducer (java.base@15.0.1)
13805:             1             16  sun.security.ssl.SupportedVersionsExtension$CHSupportedVersionsStringizer (java.base@15.0.1)
13806:             1             16  sun.security.ssl.SupportedVersionsExtension$HRRSupportedVersionsConsumer (java.base@15.0.1)
13807:             1             16  sun.security.ssl.SupportedVersionsExtension$HRRSupportedVersionsProducer (java.base@15.0.1)
13808:             1             16  sun.security.ssl.SupportedVersionsExtension$HRRSupportedVersionsReproducer (java.base@15.0.1)
13809:             1             16  sun.security.ssl.SupportedVersionsExtension$SHSupportedVersionsConsumer (java.base@15.0.1)
13810:             1             16  sun.security.ssl.SupportedVersionsExtension$SHSupportedVersionsProducer (java.base@15.0.1)
13811:             1             16  sun.security.ssl.XDHKeyExchange$XDHEKAGenerator (java.base@15.0.1)
13812:             1             16  sun.security.util.ArrayUtil$$Lambda$198/0x0000000800b84520 (java.base@15.0.1)
13813:             1             16  sun.security.util.ByteArrayLexOrder (java.base@15.0.1)
13814:             1             16  sun.security.util.ByteArrayTagOrder (java.base@15.0.1)
13815:             1             16  sun.security.util.KeyStoreDelegator$$Lambda$2822/0x000000080130be78 (java.base@15.0.1)
13816:             1             16  sun.security.util.KnownOIDs$$Lambda$187/0x0000000800b70fc0 (java.base@15.0.1)
13817:             1             16  sun.security.util.ManifestDigester$$Lambda$1735/0x00000008010c9270 (java.base@15.0.1)
13818:             1             16  sun.security.x509.GeneralSubtrees (java.base@15.0.1)
13819:             1             16  sun.util.calendar.Gregorian (java.base@15.0.1)
13820:             1             16  sun.util.locale.InternalLocaleBuilder$CaseInsensitiveChar (java.base@15.0.1)
13821:             1             16  sun.util.locale.provider.AuxLocaleProviderAdapter$$Lambda$219/0x0000000800c2e7a8 (java.base@15.0.1)
13822:             1             16  sun.util.locale.provider.AuxLocaleProviderAdapter$NullProvider (java.base@15.0.1)
13823:             1             16  sun.util.locale.provider.CalendarDataUtility$CalendarWeekParameterGetter (java.base@15.0.1)
13824:             1             16  sun.util.locale.provider.NumberFormatProviderImpl$$Lambda$249/0x0000000800c9e0c0 (java.base@15.0.1)
13825:             1             16  sun.util.locale.provider.NumberFormatProviderImpl$$Lambda$250/0x0000000800c9e300 (java.base@15.0.1)
13826:             1             16  sun.util.locale.provider.SPILocaleProviderAdapter (java.base@15.0.1)
13827:             1             16  sun.util.locale.provider.SPILocaleProviderAdapter$CalendarDataProviderDelegate (java.base@15.0.1)
13828:             1             16  sun.util.logging.internal.LoggingProviderImpl (java.logging@15.0.1)
13829:             1             16  sun.util.logging.internal.LoggingProviderImpl$JULWrapper (java.logging@15.0.1)
13830:             1             16  sun.util.resources.LocaleData (java.base@15.0.1)
13831:             1             16  sun.util.resources.LocaleData$LocaleDataStrategy (java.base@15.0.1)
Total       2247769      119379096
